=== x1922c5s7b0n0 === (8 NICs)
atu_cache_hit_base_page_size_0:
  cxi0: 941813765
  cxi1: 934707482
  cxi2: 935740710
  cxi3: 932719821
  cxi4: 932590674
  cxi5: 936126126
  cxi6: 934580692
  cxi7: 936763807
  total: 7485043077
atu_cache_miss_0:
  cxi0: 16799285
  cxi1: 9629648
  cxi2: 10085587
  cxi3: 6148889
  cxi4: 5391688
  cxi5: 11096104
  cxi6: 8946915
  cxi7: 13454576
  total: 81552692
ixe_disp_amo_events:
  cxi0: 52852
  cxi1: 30320
  cxi2: 31626
  cxi3: 30466
  cxi4: 49316
  cxi5: 31476
  cxi6: 30473
  cxi7: 31590
  total: 288119
ixe_disp_lpe_amos:
  cxi0: 52852
  cxi1: 30320
  cxi2: 31626
  cxi3: 30466
  cxi4: 49316
  cxi5: 31476
  cxi6: 30473
  cxi7: 31590
  total: 288119
ixe_disp_lpe_amos_ok:
  cxi0: 52852
  cxi1: 30320
  cxi2: 31626
  cxi3: 30466
  cxi4: 49316
  cxi5: 31476
  cxi6: 30473
  cxi7: 31590
  total: 288119
pct_retry_trs_put:
  cxi0: 0
  cxi1: 0
  cxi2: 0
  cxi3: 0
  cxi4: 0
  cxi5: 0
  cxi6: 0
  cxi7: 0
  total: 0
mst_stalled_waiting_put_crdts:
  cxi0: 501
  cxi1: 501
  cxi2: 538
  cxi3: 498
  cxi4: 458
  cxi5: 568
  cxi6: 526
  cxi7: 517
  total: 4107
hni_sts_tx_ok_octets:
  cxi0: 42921621935241
  cxi1: 44310437529772
  cxi2: 24613792203061
  cxi3: 23880824976636
  cxi4: 23951537121359
  cxi5: 24548406048496
  cxi6: 42744061976403
  cxi7: 44382264475741
  total: 271352946266709
hni_sts_rx_ok_octets:
  cxi0: 43744391378226
  cxi1: 45169391726387
  cxi2: 25386303298569
  cxi3: 24678335888387
  cxi4: 24127212915827
  cxi5: 24733765846676
  cxi6: 42900860616371
  cxi7: 44543919096813
  total: 275284180767256
hni_tx_ok_64:
  cxi0: 197665872
  cxi1: 195071207
  cxi2: 195996822
  cxi3: 194535721
  cxi4: 194056382
  cxi5: 195815833
  cxi6: 195239732
  cxi7: 196567470
  total: 1564949039
hni_tx_ok_65_to_127:
  cxi0: 38493
  cxi1: 12011
  cxi2: 12815
  cxi3: 12324
  cxi4: 36969
  cxi5: 14312
  cxi6: 14870
  cxi7: 15488
  total: 157282
hni_tx_ok_128_to_255:
  cxi0: 375
  cxi1: 162
  cxi2: 2320
  cxi3: 2289
  cxi4: 44
  cxi5: 69
  cxi6: 1270
  cxi7: 1309
  total: 7838
hni_tx_ok_256_to_511:
  cxi0: 962
  cxi1: 1122
  cxi2: 43094
  cxi3: 43435
  cxi4: 524
  cxi5: 898
  cxi6: 1495
  cxi7: 1849
  total: 93379
hni_tx_ok_512_to_1023:
  cxi0: 1483
  cxi1: 807
  cxi2: 2395
  cxi3: 1992
  cxi4: 646
  cxi5: 1210
  cxi6: 2248
  cxi7: 2812
  total: 13593
hni_tx_ok_1024_to_2047:
  cxi0: 10526
  cxi1: 6054
  cxi2: 3004
  cxi3: 976
  cxi4: 2417
  cxi5: 6333
  cxi6: 2829
  cxi7: 3846
  total: 35985
hni_tx_ok_4096_to_8191:
  cxi0: 0
  cxi1: 0
  cxi2: 0
  cxi3: 0
  cxi4: 0
  cxi5: 0
  cxi6: 0
  cxi7: 0
  total: 0
hni_tx_ok_8192_to_max:
  cxi0: 0
  cxi1: 0
  cxi2: 0
  cxi3: 0
  cxi4: 0
  cxi5: 0
  cxi6: 0
  cxi7: 0
  total: 0
hni_rx_ok_64:
  cxi0: 189084711
  cxi1: 186770727
  cxi2: 187072088
  cxi3: 186040659
  cxi4: 185837786
  cxi5: 187247782
  cxi6: 186634679
  cxi7: 187687304
  total: 1496375736
hni_rx_ok_65_to_127:
  cxi0: 204118
  cxi1: 175948
  cxi2: 184691
  cxi3: 178875
  cxi4: 191926
  cxi5: 175159
  cxi6: 173476
  cxi7: 177595
  total: 1461788
hni_rx_ok_128_to_255:
  cxi0: 27105
  cxi1: 26057
  cxi2: 30200
  cxi3: 29185
  cxi4: 26136
  cxi5: 27173
  cxi6: 28367
  cxi7: 29393
  total: 223616
hni_rx_ok_256_to_511:
  cxi0: 14415
  cxi1: 14015
  cxi2: 56914
  cxi3: 56767
  cxi4: 13635
  cxi5: 14512
  cxi6: 15039
  cxi7: 15895
  total: 201192
hni_rx_ok_512_to_1023:
  cxi0: 14678
  cxi1: 13735
  cxi2: 15942
  cxi3: 14928
  cxi4: 13576
  cxi5: 14691
  cxi6: 15731
  cxi7: 16316
  total: 119597
hni_rx_ok_1024_to_2047:
  cxi0: 24385
  cxi1: 19532
  cxi2: 17884
  cxi3: 15246
  cxi4: 15739
  cxi5: 19912
  cxi6: 16874
  cxi7: 18773
  total: 148345
hni_rx_ok_4096_to_8191:
  cxi0: 14
  cxi1: 0
  cxi2: 0
  cxi3: 0
  cxi4: 0
  cxi5: 0
  cxi6: 0
  cxi7: 0
  total: 14
hni_rx_ok_8192_to_max:
  cxi0: 76
  cxi1: 0
  cxi2: 0
  cxi3: 0
  cxi4: 0
  cxi5: 0
  cxi6: 0
  cxi7: 0
  total: 76
hni_llr_tx_replay_event:
  cxi0: 0
  cxi1: 0
  cxi2: 0
  cxi3: 0
  cxi4: 0
  cxi5: 0
  cxi6: 0
  cxi7: 0
  total: 0
hni_llr_rx_replay_event:
  cxi0: 0
  cxi1: 0
  cxi2: 0
  cxi3: 0
  cxi4: 0
  cxi5: 0
  cxi6: 0
  cxi7: 0
  total: 0
hni_llr_tx_nack_ctl_os:
  cxi0: 0
  cxi1: 0
  cxi2: 0
  cxi3: 0
  cxi4: 0
  cxi5: 0
  cxi6: 0
  cxi7: 0
  total: 0
hni_llr_rx_nack_ctl_os:
  cxi0: 0
  cxi1: 0
  cxi2: 0
  cxi3: 0
  cxi4: 0
  cxi5: 0
  cxi6: 0
  cxi7: 0
  total: 0
hni_llr_tx_discard:
  cxi0: 0
  cxi1: 0
  cxi2: 0
  cxi3: 0
  cxi4: 0
  cxi5: 0
  cxi6: 0
  cxi7: 0
  total: 0
pct_rsp_err_rcvd:
  cxi0: 0
  cxi1: 0
  cxi2: 11
  cxi3: 13
  cxi4: 0
  cxi5: 0
  cxi6: 14
  cxi7: 14
  total: 52
pct_rsp_dropped_timeout:
  cxi0: 0
  cxi1: 0
  cxi2: 0
  cxi3: 0
  cxi4: 0
  cxi5: 0
  cxi6: 0
  cxi7: 0
  total: 0
pct_rsp_dropped_try:
  cxi0: 0
  cxi1: 0
  cxi2: 0
  cxi3: 0
  cxi4: 0
  cxi5: 0
  cxi6: 0
  cxi7: 0
  total: 0
pct_bad_seq_nacks:
  cxi0: 0
  cxi1: 0
  cxi2: 4
  cxi3: 7
  cxi4: 0
  cxi5: 0
  cxi6: 6
  cxi7: 6
  total: 23
pct_no_trs_nacks:
  cxi0: 0
  cxi1: 0
  cxi2: 0
  cxi3: 0
  cxi4: 0
  cxi5: 0
  cxi6: 0
  cxi7: 0
  total: 0
ixe_rx_pkt_drop_pct:
  cxi0: 0
  cxi1: 0
  cxi2: 0
  cxi3: 0
  cxi4: 0
  cxi5: 0
  cxi6: 0
  cxi7: 0
  total: 0
ixe_rx_pkt_drop_ixe_parser:
  cxi0: 0
  cxi1: 0
  cxi2: 0
  cxi3: 0
  cxi4: 0
  cxi5: 0
  cxi6: 0
  cxi7: 0
  total: 0
pct_req_rsp_latency_0:
  cxi0: 956922
  cxi1: 927655
  cxi2: 191200
  cxi3: 189026
  cxi4: 65743
  cxi5: 61845
  cxi6: 189806
  cxi7: 197639
  total: 2779836
pct_req_rsp_latency_1:
  cxi0: 952437
  cxi1: 980514
  cxi2: 494082
  cxi3: 492090
  cxi4: 288369
  cxi5: 312030
  cxi6: 564113
  cxi7: 575294
  total: 4658929
pct_req_rsp_latency_2:
  cxi0: 1635732
  cxi1: 1679879
  cxi2: 1311437
  cxi3: 1316308
  cxi4: 1139850
  cxi5: 1208082
  cxi6: 1335373
  cxi7: 1353847
  total: 10980508
pct_req_rsp_latency_3:
  cxi0: 4242838
  cxi1: 4223436
  cxi2: 4252830
  cxi3: 4254044
  cxi4: 4152559
  cxi5: 4136383
  cxi6: 4184289
  cxi7: 4180982
  total: 33627361
pct_req_rsp_latency_4:
  cxi0: 5605885
  cxi1: 5567024
  cxi2: 5719259
  cxi3: 5702383
  cxi4: 5694671
  cxi5: 5603279
  cxi6: 5701099
  cxi7: 5673842
  total: 45267442
pct_req_rsp_latency_5:
  cxi0: 5132343
  cxi1: 5077446
  cxi2: 5156214
  cxi3: 5141905
  cxi4: 5119504
  cxi5: 5079503
  cxi6: 5165961
  cxi7: 5123434
  total: 40996310
pct_req_rsp_latency_6:
  cxi0: 5050766
  cxi1: 4960909
  cxi2: 5011021
  cxi3: 4985835
  cxi4: 4967146
  cxi5: 4974219
  cxi6: 5040085
  cxi7: 4998261
  total: 39988242
pct_req_rsp_latency_7:
  cxi0: 5404622
  cxi1: 5140192
  cxi2: 5278106
  cxi3: 5127923
  cxi4: 5074739
  cxi5: 5202243
  cxi6: 5225961
  cxi7: 5250874
  total: 41704660
pct_req_rsp_latency_8:
  cxi0: 5417221
  cxi1: 5289445
  cxi2: 5394537
  cxi3: 5281393
  cxi4: 5257290
  cxi5: 5365819
  cxi6: 5396532
  cxi7: 5396474
  total: 42798711
pct_req_rsp_latency_9:
  cxi0: 5506821
  cxi1: 5440512
  cxi2: 5527099
  cxi3: 5452677
  cxi4: 5442622
  cxi5: 5490218
  cxi6: 5532001
  cxi7: 5554985
  total: 43946935
pct_req_rsp_latency_10:
  cxi0: 5701849
  cxi1: 5632661
  cxi2: 5708885
  cxi3: 5661425
  cxi4: 5651283
  cxi5: 5688897
  cxi6: 5719177
  cxi7: 5731387
  total: 45495564
pct_req_rsp_latency_11:
  cxi0: 5918458
  cxi1: 5847704
  cxi2: 5907931
  cxi3: 5866654
  cxi4: 5875235
  cxi5: 5900559
  cxi6: 5925621
  cxi7: 5929213
  total: 47171375
pct_req_rsp_latency_12:
  cxi0: 6124411
  cxi1: 6048721
  cxi2: 6116163
  cxi3: 6070269
  cxi4: 6099363
  cxi5: 6116878
  cxi6: 6128716
  cxi7: 6167753
  total: 48872274
pct_req_rsp_latency_13:
  cxi0: 6309885
  cxi1: 6231905
  cxi2: 6296497
  cxi3: 6260578
  cxi4: 6290572
  cxi5: 6308259
  cxi6: 6319188
  cxi7: 6317004
  total: 50333888
pct_req_rsp_latency_14:
  cxi0: 6463032
  cxi1: 6372868
  cxi2: 6447005
  cxi3: 6406857
  cxi4: 6444285
  cxi5: 6458535
  cxi6: 6467623
  cxi7: 6445298
  total: 51505503
pct_req_rsp_latency_15:
  cxi0: 6554767
  cxi1: 6480738
  cxi2: 6560272
  cxi3: 6528783
  cxi4: 6562890
  cxi5: 6580240
  cxi6: 6583442
  cxi7: 6559185
  total: 52410317
pct_req_rsp_latency_16:
  cxi0: 6615338
  cxi1: 6538211
  cxi2: 6634943
  cxi3: 6613196
  cxi4: 6620765
  cxi5: 6644787
  cxi6: 6654761
  cxi7: 6645610
  total: 52967611
pct_req_rsp_latency_17:
  cxi0: 6677143
  cxi1: 6588989
  cxi2: 6679886
  cxi3: 6676027
  cxi4: 6651474
  cxi5: 6679319
  cxi6: 6695819
  cxi7: 6712896
  total: 53361553
pct_req_rsp_latency_18:
  cxi0: 6661979
  cxi1: 6544659
  cxi2: 6659899
  cxi3: 6651394
  cxi4: 6620500
  cxi5: 6644382
  cxi6: 6646627
  cxi7: 6695043
  total: 53124483
pct_req_rsp_latency_19:
  cxi0: 6505605
  cxi1: 6404737
  cxi2: 6537939
  cxi3: 6527329
  cxi4: 6518268
  cxi5: 6533265
  cxi6: 6523697
  cxi7: 6563471
  total: 52114311
pct_req_rsp_latency_20:
  cxi0: 6313436
  cxi1: 6222449
  cxi2: 6371958
  cxi3: 6345218
  cxi4: 6369712
  cxi5: 6366766
  cxi6: 6346042
  cxi7: 6402530
  total: 50738111
pct_req_rsp_latency_21:
  cxi0: 6084662
  cxi1: 6001211
  cxi2: 6143267
  cxi3: 6114096
  cxi4: 6145335
  cxi5: 6151506
  cxi6: 6116489
  cxi7: 6174483
  total: 48931049
pct_req_rsp_latency_22:
  cxi0: 5839248
  cxi1: 5771967
  cxi2: 5905006
  cxi3: 5869323
  cxi4: 5909062
  cxi5: 5918042
  cxi6: 5869698
  cxi7: 5913404
  total: 46995750
pct_req_rsp_latency_23:
  cxi0: 5581053
  cxi1: 5522590
  cxi2: 5642943
  cxi3: 5602817
  cxi4: 5644918
  cxi5: 5659532
  cxi6: 5602634
  cxi7: 5635719
  total: 44892206
pct_req_rsp_latency_24:
  cxi0: 5301224
  cxi1: 5249553
  cxi2: 5358198
  cxi3: 5321781
  cxi4: 5363215
  cxi5: 5380844
  cxi6: 5316416
  cxi7: 5344974
  total: 42636205
pct_req_rsp_latency_25:
  cxi0: 4996940
  cxi1: 4955403
  cxi2: 5048733
  cxi3: 5009020
  cxi4: 5050812
  cxi5: 5070926
  cxi6: 5010541
  cxi7: 5033711
  total: 40176086
pct_req_rsp_latency_26:
  cxi0: 4678523
  cxi1: 4639385
  cxi2: 4725821
  cxi3: 4688555
  cxi4: 4729902
  cxi5: 4749848
  cxi6: 4680528
  cxi7: 4711566
  total: 37604128
pct_req_rsp_latency_27:
  cxi0: 4349494
  cxi1: 4310930
  cxi2: 4393667
  cxi3: 4356390
  cxi4: 4401787
  cxi5: 4419400
  cxi6: 4342191
  cxi7: 4388854
  total: 34962713
pct_req_rsp_latency_28:
  cxi0: 4019206
  cxi1: 3989470
  cxi2: 4052706
  cxi3: 4036657
  cxi4: 4069345
  cxi5: 4097647
  cxi6: 4021120
  cxi7: 4051693
  total: 32337844
pct_req_rsp_latency_29:
  cxi0: 3710547
  cxi1: 3688650
  cxi2: 3734795
  cxi3: 3722247
  cxi4: 3747842
  cxi5: 3788444
  cxi6: 3705671
  cxi7: 3740597
  total: 29838793
pct_req_rsp_latency_30:
  cxi0: 3418060
  cxi1: 3406757
  cxi2: 3432883
  cxi3: 3429946
  cxi4: 3444447
  cxi5: 3482531
  cxi6: 3412764
  cxi7: 3457997
  total: 27485385
pct_req_rsp_latency_31:
  cxi0: 31342817
  cxi1: 31091410
  cxi2: 30342173
  cxi3: 30191018
  cxi4: 30379852
  cxi5: 31185284
  cxi6: 30251728
  cxi7: 30756946
  total: 245541228
