=== x1922c5s6b0n0 === (8 NICs)
atu_cache_hit_base_page_size_0:
  cxi0: 954749207
  cxi1: 950542456
  cxi2: 954854160
  cxi3: 949369433
  cxi4: 953456374
  cxi5: 954088298
  cxi6: 951124232
  cxi7: 954383211
  total: 7622567371
atu_cache_miss_0:
  cxi0: 24286354
  cxi1: 18788808
  cxi2: 22591513
  cxi3: 14980047
  cxi4: 15361247
  cxi5: 15532857
  cxi6: 14953627
  cxi7: 18350008
  total: 144844461
ixe_disp_amo_events:
  cxi0: 28058
  cxi1: 3940
  cxi2: 3946
  cxi3: 3798
  cxi4: 24936
  cxi5: 4084
  cxi6: 3802
  cxi7: 3940
  total: 76504
ixe_disp_lpe_amos:
  cxi0: 28058
  cxi1: 3940
  cxi2: 3946
  cxi3: 3798
  cxi4: 24936
  cxi5: 4084
  cxi6: 3802
  cxi7: 3940
  total: 76504
ixe_disp_lpe_amos_ok:
  cxi0: 28058
  cxi1: 3940
  cxi2: 3946
  cxi3: 3798
  cxi4: 24936
  cxi5: 4084
  cxi6: 3802
  cxi7: 3940
  total: 76504
pct_retry_trs_put:
  cxi0: 0
  cxi1: 0
  cxi2: 0
  cxi3: 0
  cxi4: 0
  cxi5: 0
  cxi6: 0
  cxi7: 0
  total: 0
mst_stalled_waiting_put_crdts:
  cxi0: 0
  cxi1: 0
  cxi2: 0
  cxi3: 0
  cxi4: 0
  cxi5: 0
  cxi6: 0
  cxi7: 0
  total: 0
hni_sts_tx_ok_octets:
  cxi0: 58916462517038
  cxi1: 58321344754123
  cxi2: 34555541435711
  cxi3: 32059022185262
  cxi4: 32032821052051
  cxi5: 34094011513931
  cxi6: 57571447626085
  cxi7: 59853681253350
  total: 367404332337551
hni_sts_rx_ok_octets:
  cxi0: 59731402898602
  cxi1: 59098993303809
  cxi2: 35308517908454
  cxi3: 32731695761822
  cxi4: 32158701314463
  cxi5: 34238952785948
  cxi6: 57650292946834
  cxi7: 59875074608662
  total: 370793631528594
hni_tx_ok_64:
  cxi0: 188207410
  cxi1: 186852386
  cxi2: 188156565
  cxi3: 186201125
  cxi4: 186754537
  cxi5: 186697582
  cxi6: 186600309
  cxi7: 187517565
  total: 1496987479
hni_tx_ok_65_to_127:
  cxi0: 166710
  cxi1: 132984
  cxi2: 133435
  cxi3: 128439
  cxi4: 158552
  cxi5: 138039
  cxi6: 128238
  cxi7: 133277
  total: 1119674
hni_tx_ok_128_to_255:
  cxi0: 28328
  cxi1: 27160
  cxi2: 29792
  cxi3: 28763
  cxi4: 27047
  cxi5: 28069
  cxi6: 26815
  cxi7: 27854
  total: 223828
hni_tx_ok_256_to_511:
  cxi0: 15011
  cxi1: 14706
  cxi2: 16111
  cxi3: 15849
  cxi4: 13939
  cxi5: 15116
  cxi6: 54991
  cxi7: 56126
  total: 201849
hni_tx_ok_512_to_1023:
  cxi0: 15107
  cxi1: 14153
  cxi2: 15794
  cxi3: 14760
  cxi4: 14252
  cxi5: 15056
  cxi6: 15853
  cxi7: 17028
  total: 122003
hni_tx_ok_1024_to_2047:
  cxi0: 24558
  cxi1: 19650
  cxi2: 21600
  cxi3: 16634
  cxi4: 16462
  cxi5: 16983
  cxi6: 16751
  cxi7: 19249
  total: 151887
hni_tx_ok_4096_to_8191:
  cxi0: 0
  cxi1: 0
  cxi2: 0
  cxi3: 0
  cxi4: 0
  cxi5: 0
  cxi6: 0
  cxi7: 9
  total: 9
hni_tx_ok_8192_to_max:
  cxi0: 0
  cxi1: 0
  cxi2: 0
  cxi3: 0
  cxi4: 0
  cxi5: 0
  cxi6: 0
  cxi7: 48
  total: 48
hni_rx_ok_64:
  cxi0: 197067127
  cxi1: 195353354
  cxi2: 196708600
  cxi3: 194501095
  cxi4: 195316851
  cxi5: 195495110
  cxi6: 194804575
  cxi7: 195968975
  total: 1565215687
hni_rx_ok_65_to_127:
  cxi0: 81919
  cxi1: 56130
  cxi2: 56618
  cxi3: 56031
  cxi4: 77816
  cxi5: 54138
  cxi6: 52213
  cxi7: 51674
  total: 486539
hni_rx_ok_128_to_255:
  cxi0: 101
  cxi1: 64
  cxi2: 2686
  cxi3: 2662
  cxi4: 139
  cxi5: 172
  cxi6: 888
  cxi7: 939
  total: 7651
hni_rx_ok_256_to_511:
  cxi0: 982
  cxi1: 1115
  cxi2: 2457
  cxi3: 2687
  cxi4: 542
  cxi5: 1224
  cxi6: 42027
  cxi7: 42684
  total: 93718
hni_rx_ok_512_to_1023:
  cxi0: 847
  cxi1: 865
  cxi2: 2215
  cxi3: 1562
  cxi4: 632
  cxi5: 921
  cxi6: 2801
  cxi7: 3184
  total: 13027
hni_rx_ok_1024_to_2047:
  cxi0: 10847
  cxi1: 6291
  cxi2: 8374
  cxi3: 4170
  cxi4: 3469
  cxi5: 3595
  cxi6: 4100
  cxi7: 6390
  total: 47236
hni_rx_ok_4096_to_8191:
  cxi0: 2
  cxi1: 0
  cxi2: 0
  cxi3: 0
  cxi4: 0
  cxi5: 0
  cxi6: 0
  cxi7: 0
  total: 2
hni_rx_ok_8192_to_max:
  cxi0: 26
  cxi1: 0
  cxi2: 0
  cxi3: 0
  cxi4: 0
  cxi5: 0
  cxi6: 0
  cxi7: 0
  total: 26
hni_llr_tx_replay_event:
  cxi0: 0
  cxi1: 0
  cxi2: 0
  cxi3: 0
  cxi4: 0
  cxi5: 0
  cxi6: 0
  cxi7: 0
  total: 0
hni_llr_rx_replay_event:
  cxi0: 0
  cxi1: 0
  cxi2: 0
  cxi3: 0
  cxi4: 0
  cxi5: 0
  cxi6: 0
  cxi7: 0
  total: 0
hni_llr_tx_nack_ctl_os:
  cxi0: 0
  cxi1: 0
  cxi2: 0
  cxi3: 0
  cxi4: 0
  cxi5: 0
  cxi6: 0
  cxi7: 0
  total: 0
hni_llr_rx_nack_ctl_os:
  cxi0: 0
  cxi1: 0
  cxi2: 0
  cxi3: 0
  cxi4: 0
  cxi5: 0
  cxi6: 0
  cxi7: 0
  total: 0
hni_llr_tx_discard:
  cxi0: 0
  cxi1: 0
  cxi2: 0
  cxi3: 0
  cxi4: 0
  cxi5: 0
  cxi6: 0
  cxi7: 0
  total: 0
pct_rsp_err_rcvd:
  cxi0: 0
  cxi1: 0
  cxi2: 6
  cxi3: 9
  cxi4: 0
  cxi5: 0
  cxi6: 19
  cxi7: 15
  total: 49
pct_rsp_dropped_timeout:
  cxi0: 0
  cxi1: 0
  cxi2: 0
  cxi3: 0
  cxi4: 0
  cxi5: 0
  cxi6: 0
  cxi7: 0
  total: 0
pct_rsp_dropped_try:
  cxi0: 0
  cxi1: 0
  cxi2: 0
  cxi3: 0
  cxi4: 0
  cxi5: 0
  cxi6: 0
  cxi7: 0
  total: 0
pct_bad_seq_nacks:
  cxi0: 0
  cxi1: 0
  cxi2: 1
  cxi3: 5
  cxi4: 0
  cxi5: 0
  cxi6: 8
  cxi7: 7
  total: 21
pct_no_trs_nacks:
  cxi0: 0
  cxi1: 0
  cxi2: 0
  cxi3: 0
  cxi4: 0
  cxi5: 0
  cxi6: 0
  cxi7: 0
  total: 0
ixe_rx_pkt_drop_pct:
  cxi0: 0
  cxi1: 0
  cxi2: 0
  cxi3: 0
  cxi4: 0
  cxi5: 0
  cxi6: 0
  cxi7: 0
  total: 0
ixe_rx_pkt_drop_ixe_parser:
  cxi0: 0
  cxi1: 0
  cxi2: 0
  cxi3: 0
  cxi4: 0
  cxi5: 0
  cxi6: 0
  cxi7: 0
  total: 0
pct_req_rsp_latency_0:
  cxi0: 506621
  cxi1: 476884
  cxi2: 717649
  cxi3: 682015
  cxi4: 272524
  cxi5: 267679
  cxi6: 544029
  cxi7: 565377
  total: 4032778
pct_req_rsp_latency_1:
  cxi0: 1481540
  cxi1: 1409749
  cxi2: 1732644
  cxi3: 1764335
  cxi4: 843006
  cxi5: 814003
  cxi6: 1103072
  cxi7: 1091950
  total: 10240299
pct_req_rsp_latency_2:
  cxi0: 3728365
  cxi1: 3736846
  cxi2: 4003744
  cxi3: 3990749
  cxi4: 3037643
  cxi5: 3084072
  cxi6: 3299518
  cxi7: 3333871
  total: 28214808
pct_req_rsp_latency_3:
  cxi0: 5555510
  cxi1: 5515760
  cxi2: 5743969
  cxi3: 5629747
  cxi4: 4690422
  cxi5: 4776494
  cxi6: 4885893
  cxi7: 4881241
  total: 41679036
pct_req_rsp_latency_4:
  cxi0: 7094877
  cxi1: 6907831
  cxi2: 7111003
  cxi3: 6981978
  cxi4: 6560902
  cxi5: 6618488
  cxi6: 6779801
  cxi7: 6676308
  total: 54731188
pct_req_rsp_latency_5:
  cxi0: 6405434
  cxi1: 6268689
  cxi2: 6394699
  cxi3: 6345644
  cxi4: 6356503
  cxi5: 6478002
  cxi6: 6448523
  cxi7: 6447008
  total: 51144502
pct_req_rsp_latency_6:
  cxi0: 6306493
  cxi1: 6150914
  cxi2: 6256537
  cxi3: 6209128
  cxi4: 6377538
  cxi5: 6531560
  cxi6: 6419343
  cxi7: 6523818
  total: 50775331
pct_req_rsp_latency_7:
  cxi0: 6452395
  cxi1: 6228245
  cxi2: 6433804
  cxi3: 6253419
  cxi4: 6448293
  cxi5: 6633433
  cxi6: 6485390
  cxi7: 6750899
  total: 51685878
pct_req_rsp_latency_8:
  cxi0: 6045277
  cxi1: 5979198
  cxi2: 6071285
  cxi3: 5995696
  cxi4: 6066499
  cxi5: 6221658
  cxi6: 6104286
  cxi7: 6304557
  total: 48788456
pct_req_rsp_latency_9:
  cxi0: 5785921
  cxi1: 5773564
  cxi2: 5835491
  cxi3: 5780789
  cxi4: 5759459
  cxi5: 5825364
  cxi6: 5828115
  cxi7: 5903510
  total: 46492213
pct_req_rsp_latency_10:
  cxi0: 5878216
  cxi1: 5866299
  cxi2: 5909932
  cxi3: 5869497
  cxi4: 5822281
  cxi5: 5865510
  cxi6: 5911070
  cxi7: 5918383
  total: 47041188
pct_req_rsp_latency_11:
  cxi0: 6029308
  cxi1: 5991450
  cxi2: 6042473
  cxi3: 5996930
  cxi4: 5942900
  cxi5: 5978246
  cxi6: 6020901
  cxi7: 6027352
  total: 48029560
pct_req_rsp_latency_12:
  cxi0: 6224910
  cxi1: 6179009
  cxi2: 6212339
  cxi3: 6171084
  cxi4: 6125918
  cxi5: 6156094
  cxi6: 6200894
  cxi7: 6216668
  total: 49486916
pct_req_rsp_latency_13:
  cxi0: 6426437
  cxi1: 6360605
  cxi2: 6377350
  cxi3: 6336547
  cxi4: 6318884
  cxi5: 6331341
  cxi6: 6376109
  cxi7: 6395395
  total: 50922668
pct_req_rsp_latency_14:
  cxi0: 6603787
  cxi1: 6492489
  cxi2: 6501773
  cxi3: 6466812
  cxi4: 6478215
  cxi5: 6469294
  cxi6: 6510827
  cxi7: 6532219
  total: 52055416
pct_req_rsp_latency_15:
  cxi0: 6697497
  cxi1: 6603723
  cxi2: 6607654
  cxi3: 6585525
  cxi4: 6612454
  cxi5: 6591804
  cxi6: 6614627
  cxi7: 6642315
  total: 52955599
pct_req_rsp_latency_16:
  cxi0: 6749971
  cxi1: 6668854
  cxi2: 6668401
  cxi3: 6643904
  cxi4: 6683085
  cxi5: 6668385
  cxi6: 6683514
  cxi7: 6711432
  total: 53477546
pct_req_rsp_latency_17:
  cxi0: 6812714
  cxi1: 6700944
  cxi2: 6712431
  cxi3: 6671535
  cxi4: 6714677
  cxi5: 6703236
  cxi6: 6718285
  cxi7: 6755204
  total: 53789026
pct_req_rsp_latency_18:
  cxi0: 6776885
  cxi1: 6645918
  cxi2: 6681476
  cxi3: 6612183
  cxi4: 6678219
  cxi5: 6663179
  cxi6: 6673119
  cxi7: 6718401
  total: 53449380
pct_req_rsp_latency_19:
  cxi0: 6622782
  cxi1: 6515614
  cxi2: 6551002
  cxi3: 6492715
  cxi4: 6573063
  cxi5: 6549262
  cxi6: 6545273
  cxi7: 6582468
  total: 52432179
pct_req_rsp_latency_20:
  cxi0: 6426230
  cxi1: 6333853
  cxi2: 6364264
  cxi3: 6314687
  cxi4: 6402086
  cxi5: 6373682
  cxi6: 6362890
  cxi7: 6403161
  total: 50980853
pct_req_rsp_latency_21:
  cxi0: 6181282
  cxi1: 6109393
  cxi2: 6123123
  cxi3: 6085820
  cxi4: 6173003
  cxi5: 6152941
  cxi6: 6140728
  cxi7: 6172882
  total: 49139172
pct_req_rsp_latency_22:
  cxi0: 5918154
  cxi1: 5858453
  cxi2: 5863939
  cxi3: 5832536
  cxi4: 5931166
  cxi5: 5904741
  cxi6: 5892278
  cxi7: 5919971
  total: 47121238
pct_req_rsp_latency_23:
  cxi0: 5626417
  cxi1: 5593667
  cxi2: 5578297
  cxi3: 5559256
  cxi4: 5653043
  cxi5: 5634642
  cxi6: 5623247
  cxi7: 5632071
  total: 44900640
pct_req_rsp_latency_24:
  cxi0: 5324118
  cxi1: 5295547
  cxi2: 5277535
  cxi3: 5255307
  cxi4: 5362682
  cxi5: 5339143
  cxi6: 5322223
  cxi7: 5342445
  total: 42519000
pct_req_rsp_latency_25:
  cxi0: 5005123
  cxi1: 4976876
  cxi2: 4955220
  cxi3: 4929043
  cxi4: 5039415
  cxi5: 5020574
  cxi6: 5001218
  cxi7: 5022176
  total: 39949645
pct_req_rsp_latency_26:
  cxi0: 4668602
  cxi1: 4641944
  cxi2: 4614744
  cxi3: 4593335
  cxi4: 4712889
  cxi5: 4689226
  cxi6: 4662617
  cxi7: 4684364
  total: 37267721
pct_req_rsp_latency_27:
  cxi0: 4326386
  cxi1: 4298057
  cxi2: 4268452
  cxi3: 4247452
  cxi4: 4383736
  cxi5: 4350294
  cxi6: 4316106
  cxi7: 4337151
  total: 34527634
pct_req_rsp_latency_28:
  cxi0: 3981330
  cxi1: 3968723
  cxi2: 3927776
  cxi3: 3911040
  cxi4: 4052384
  cxi5: 4027268
  cxi6: 3979586
  cxi7: 3994063
  total: 31842170
pct_req_rsp_latency_29:
  cxi0: 3653389
  cxi1: 3655093
  cxi2: 3601986
  cxi3: 3589152
  cxi4: 3727504
  cxi5: 3712514
  cxi6: 3652705
  cxi7: 3668551
  total: 29260894
pct_req_rsp_latency_30:
  cxi0: 3340037
  cxi1: 3356753
  cxi2: 3303370
  cxi3: 3284357
  cxi4: 3425117
  cxi5: 3409885
  cxi6: 3344797
  cxi7: 3359074
  total: 26823390
pct_req_rsp_latency_31:
  cxi0: 28303777
  cxi1: 28745813
  cxi2: 28152754
  cxi3: 27243577
  cxi4: 29956424
  cxi5: 29622625
  cxi6: 28207900
  cxi7: 28374662
  total: 228607532
