=== x1921c1s1b0n0 === (8 NICs)
atu_cache_hit_base_page_size_0:
  cxi0: 8327514577
  cxi1: 5804250956
  cxi2: 8117748135
  cxi3: 5764553049
  cxi4: 5850342474
  cxi5: 8086762501
  cxi6: 5761051884
  cxi7: 8312876463
  total: 56025100039
atu_cache_miss_0:
  cxi0: 253582734
  cxi1: 295522058
  cxi2: 379718269
  cxi3: 175647765
  cxi4: 311076647
  cxi5: 367813881
  cxi6: 191419209
  cxi7: 264776271
  total: 2239556834
ixe_disp_amo_events:
  cxi0: 46419
  cxi1: 7047
  cxi2: 7047
  cxi3: 6786
  cxi4: 41382
  cxi5: 7308
  cxi6: 6786
  cxi7: 7047
  total: 129822
ixe_disp_lpe_amos:
  cxi0: 46419
  cxi1: 7047
  cxi2: 7047
  cxi3: 6786
  cxi4: 41382
  cxi5: 7308
  cxi6: 6786
  cxi7: 7047
  total: 129822
ixe_disp_lpe_amos_ok:
  cxi0: 46419
  cxi1: 7047
  cxi2: 7047
  cxi3: 6786
  cxi4: 41382
  cxi5: 7308
  cxi6: 6786
  cxi7: 7047
  total: 129822
pct_retry_trs_put:
  cxi0: 0
  cxi1: 0
  cxi2: 0
  cxi3: 0
  cxi4: 0
  cxi5: 0
  cxi6: 0
  cxi7: 0
  total: 0
mst_stalled_waiting_put_crdts:
  cxi0: 2429761
  cxi1: 22403
  cxi2: 2433445
  cxi3: 17071
  cxi4: 79758
  cxi5: 2448407
  cxi6: 16038
  cxi7: 2419681
  total: 9866564
hni_sts_tx_ok_octets:
  cxi0: 17205676941383
  cxi1: 16411850396979
  cxi2: 11466751059806
  cxi3: 10602147542412
  cxi4: 9984537448171
  cxi5: 10740998216585
  cxi6: 15747047956297
  cxi7: 16613215284958
  total: 108772224846591
hni_sts_rx_ok_octets:
  cxi0: 16560445189431
  cxi1: 15652256385518
  cxi2: 10666742070432
  cxi3: 9901030223060
  cxi4: 9868578687233
  cxi5: 10609224636832
  cxi6: 15689410880637
  cxi7: 16557451309099
  total: 105505139382242
hni_tx_ok_64:
  cxi0: 1614359460
  cxi1: 1155795798
  cxi2: 1558077511
  cxi3: 1170826786
  cxi4: 1170352179
  cxi5: 1545242445
  cxi6: 1179627899
  cxi7: 1618033040
  total: 11012315118
hni_tx_ok_65_to_127:
  cxi0: 4060601
  cxi1: 153959
  cxi2: 3657237
  cxi3: 174491
  cxi4: 192709
  cxi5: 3678941
  cxi6: 360317
  cxi7: 4178020
  total: 16456275
hni_tx_ok_128_to_255:
  cxi0: 761924
  cxi1: 27971
  cxi2: 743219
  cxi3: 36523
  cxi4: 27706
  cxi5: 739266
  cxi6: 63503
  cxi7: 798523
  total: 3198635
hni_tx_ok_256_to_511:
  cxi0: 1809139
  cxi1: 760343
  cxi2: 1902728
  cxi3: 838205
  cxi4: 765316
  cxi5: 1789009
  cxi6: 881789
  cxi7: 1957845
  total: 10704374
hni_tx_ok_512_to_1023:
  cxi0: 3230042
  cxi1: 1212023
  cxi2: 2982266
  cxi3: 1456859
  cxi4: 1420461
  cxi5: 2786748
  cxi6: 1671883
  cxi7: 3442011
  total: 18202293
hni_tx_ok_1024_to_2047:
  cxi0: 3203271
  cxi1: 14969
  cxi2: 3084824
  cxi3: 15014
  cxi4: 16933
  cxi5: 3025462
  cxi6: 19614
  cxi7: 3285384
  total: 12665471
hni_tx_ok_4096_to_8191:
  cxi0: 3
  cxi1: 0
  cxi2: 0
  cxi3: 0
  cxi4: 0
  cxi5: 0
  cxi6: 0
  cxi7: 349
  total: 352
hni_tx_ok_8192_to_max:
  cxi0: 0
  cxi1: 0
  cxi2: 0
  cxi3: 0
  cxi4: 0
  cxi5: 0
  cxi6: 0
  cxi7: 754
  total: 754
hni_rx_ok_64:
  cxi0: 1627757531
  cxi1: 1220345767
  cxi2: 1621499340
  cxi3: 1184810346
  cxi4: 1229937122
  cxi5: 1612497316
  cxi6: 1187132836
  cxi7: 1624845824
  total: 11308826082
hni_rx_ok_65_to_127:
  cxi0: 5022573
  cxi1: 1722130
  cxi2: 5280442
  cxi3: 1148964
  cxi4: 1872867
  cxi5: 5112093
  cxi6: 1155173
  cxi7: 5004881
  total: 26319123
hni_rx_ok_128_to_255:
  cxi0: 1085035
  cxi1: 421301
  cxi2: 1132153
  cxi3: 421389
  cxi4: 428525
  cxi5: 1085621
  cxi6: 610148
  cxi7: 1296906
  total: 6481078
hni_rx_ok_256_to_511:
  cxi0: 2819619
  cxi1: 1521358
  cxi2: 2727627
  cxi3: 1823999
  cxi4: 1727957
  cxi5: 2439613
  cxi6: 1990938
  cxi7: 3088312
  total: 18139423
hni_rx_ok_512_to_1023:
  cxi0: 1655765
  cxi1: 1581
  cxi2: 1640952
  cxi3: 51425
  cxi4: 1558
  cxi5: 1590242
  cxi6: 143106
  cxi7: 1794208
  total: 6878837
hni_rx_ok_1024_to_2047:
  cxi0: 3266601
  cxi1: 2548
  cxi2: 2992736
  cxi3: 4462
  cxi4: 4277
  cxi5: 3040316
  cxi6: 11395
  cxi7: 3176435
  total: 12498770
hni_rx_ok_4096_to_8191:
  cxi0: 244
  cxi1: 0
  cxi2: 0
  cxi3: 0
  cxi4: 0
  cxi5: 0
  cxi6: 0
  cxi7: 2
  total: 246
hni_rx_ok_8192_to_max:
  cxi0: 527
  cxi1: 0
  cxi2: 0
  cxi3: 0
  cxi4: 0
  cxi5: 0
  cxi6: 0
  cxi7: 0
  total: 527
hni_llr_tx_replay_event:
  cxi0: 0
  cxi1: 0
  cxi2: 0
  cxi3: 0
  cxi4: 0
  cxi5: 0
  cxi6: 0
  cxi7: 0
  total: 0
hni_llr_rx_replay_event:
  cxi0: 0
  cxi1: 0
  cxi2: 0
  cxi3: 0
  cxi4: 0
  cxi5: 0
  cxi6: 0
  cxi7: 0
  total: 0
hni_llr_tx_nack_ctl_os:
  cxi0: 0
  cxi1: 0
  cxi2: 0
  cxi3: 0
  cxi4: 0
  cxi5: 0
  cxi6: 0
  cxi7: 0
  total: 0
hni_llr_rx_nack_ctl_os:
  cxi0: 0
  cxi1: 0
  cxi2: 0
  cxi3: 0
  cxi4: 0
  cxi5: 0
  cxi6: 0
  cxi7: 0
  total: 0
hni_llr_tx_discard:
  cxi0: 0
  cxi1: 0
  cxi2: 0
  cxi3: 0
  cxi4: 0
  cxi5: 0
  cxi6: 0
  cxi7: 0
  total: 0
pct_rsp_err_rcvd:
  cxi0: 0
  cxi1: 18
  cxi2: 49
  cxi3: 31
  cxi4: 0
  cxi5: 0
  cxi6: 36
  cxi7: 0
  total: 134
pct_rsp_dropped_timeout:
  cxi0: 0
  cxi1: 0
  cxi2: 0
  cxi3: 0
  cxi4: 0
  cxi5: 0
  cxi6: 0
  cxi7: 0
  total: 0
pct_rsp_dropped_try:
  cxi0: 0
  cxi1: 0
  cxi2: 0
  cxi3: 0
  cxi4: 0
  cxi5: 0
  cxi6: 0
  cxi7: 0
  total: 0
pct_bad_seq_nacks:
  cxi0: 237881
  cxi1: 6888
  cxi2: 253389
  cxi3: 7337
  cxi4: 7402
  cxi5: 244672
  cxi6: 6866
  cxi7: 247917
  total: 1012352
pct_no_trs_nacks:
  cxi0: 53705
  cxi1: 1579
  cxi2: 56161
  cxi3: 1556
  cxi4: 1693
  cxi5: 55135
  cxi6: 1641
  cxi7: 54731
  total: 226201
ixe_rx_pkt_drop_pct:
  cxi0: 383221
  cxi1: 8467
  cxi2: 312300
  cxi3: 8948
  cxi4: 100080
  cxi5: 301070
  cxi6: 8507
  cxi7: 304811
  total: 1427404
ixe_rx_pkt_drop_ixe_parser:
  cxi0: 0
  cxi1: 0
  cxi2: 0
  cxi3: 0
  cxi4: 0
  cxi5: 0
  cxi6: 0
  cxi7: 0
  total: 0
pct_req_rsp_latency_0:
  cxi0: 7464195
  cxi1: 1369301
  cxi2: 6997227
  cxi3: 2311440
  cxi4: 1007935
  cxi5: 5519811
  cxi6: 4823970
  cxi7: 9658768
  total: 39152647
pct_req_rsp_latency_1:
  cxi0: 15524542
  cxi1: 4343642
  cxi2: 16186764
  cxi3: 5782127
  cxi4: 3722120
  cxi5: 14050781
  cxi6: 6309709
  cxi7: 16926913
  total: 82846598
pct_req_rsp_latency_2:
  cxi0: 32357220
  cxi1: 11348612
  cxi2: 31755872
  cxi3: 12376418
  cxi4: 10612417
  cxi5: 29119595
  cxi6: 11305751
  cxi7: 30133031
  total: 169008916
pct_req_rsp_latency_3:
  cxi0: 58630665
  cxi1: 28668709
  cxi2: 54681232
  cxi3: 29651775
  cxi4: 27791688
  cxi5: 52703811
  cxi6: 27995025
  cxi7: 57627328
  total: 337750233
pct_req_rsp_latency_4:
  cxi0: 142292607
  cxi1: 39024732
  cxi2: 118603334
  cxi3: 39688262
  cxi4: 38774517
  cxi5: 115033422
  cxi6: 38694766
  cxi7: 140721883
  total: 672833523
pct_req_rsp_latency_5:
  cxi0: 121602059
  cxi1: 35654456
  cxi2: 117054376
  cxi3: 36036191
  cxi4: 35608752
  cxi5: 119582739
  cxi6: 35534717
  cxi7: 123729031
  total: 624802321
pct_req_rsp_latency_6:
  cxi0: 78087294
  cxi1: 32902691
  cxi2: 80666800
  cxi3: 33292594
  cxi4: 32719951
  cxi5: 79950383
  cxi6: 33237384
  cxi7: 78634571
  total: 449491668
pct_req_rsp_latency_7:
  cxi0: 71590430
  cxi1: 31688418
  cxi2: 67670799
  cxi3: 32210456
  cxi4: 31440744
  cxi5: 68085916
  cxi6: 33458870
  cxi7: 71942109
  total: 408087742
pct_req_rsp_latency_8:
  cxi0: 55371750
  cxi1: 31724228
  cxi2: 54360670
  cxi3: 32286091
  cxi4: 31609952
  cxi5: 55187849
  cxi6: 33802784
  cxi7: 58286438
  total: 352629762
pct_req_rsp_latency_9:
  cxi0: 43536747
  cxi1: 32351152
  cxi2: 44303518
  cxi3: 32741138
  cxi4: 32336451
  cxi5: 44273378
  cxi6: 33525039
  cxi7: 46092663
  total: 309160086
pct_req_rsp_latency_10:
  cxi0: 38038392
  cxi1: 33476430
  cxi2: 38746262
  cxi3: 33645171
  cxi4: 33468445
  cxi5: 38504809
  cxi6: 33967304
  cxi7: 39858414
  total: 289705227
pct_req_rsp_latency_11:
  cxi0: 37262362
  cxi1: 34638571
  cxi2: 37657868
  cxi3: 34717967
  cxi4: 34631249
  cxi5: 37191012
  cxi6: 34875406
  cxi7: 38293866
  total: 289268301
pct_req_rsp_latency_12:
  cxi0: 38416984
  cxi1: 35801425
  cxi2: 38444693
  cxi3: 35829310
  cxi4: 35818375
  cxi5: 37673239
  cxi6: 35905753
  cxi7: 38482838
  total: 296372617
pct_req_rsp_latency_13:
  cxi0: 38902627
  cxi1: 36840486
  cxi2: 38956844
  cxi3: 36882804
  cxi4: 36880288
  cxi5: 38458412
  cxi6: 36883626
  cxi7: 38969689
  total: 302774776
pct_req_rsp_latency_14:
  cxi0: 38995355
  cxi1: 37665627
  cxi2: 39206492
  cxi3: 37702674
  cxi4: 37720614
  cxi5: 39107829
  cxi6: 37653893
  cxi7: 39376301
  total: 307428785
pct_req_rsp_latency_15:
  cxi0: 39395274
  cxi1: 38299437
  cxi2: 39573894
  cxi3: 38329409
  cxi4: 38384766
  cxi5: 39619088
  cxi6: 38245366
  cxi7: 39717446
  total: 311564680
pct_req_rsp_latency_16:
  cxi0: 39621998
  cxi1: 38675441
  cxi2: 39763874
  cxi3: 38693536
  cxi4: 38779552
  cxi5: 39848089
  cxi6: 38584726
  cxi7: 39838049
  total: 313805265
pct_req_rsp_latency_17:
  cxi0: 39657683
  cxi1: 38852366
  cxi2: 39762492
  cxi3: 38862984
  cxi4: 38942086
  cxi5: 39918468
  cxi6: 38749617
  cxi7: 39781493
  total: 314527189
pct_req_rsp_latency_18:
  cxi0: 39227532
  cxi1: 38636090
  cxi2: 39285265
  cxi3: 38625774
  cxi4: 38671804
  cxi5: 39480432
  cxi6: 38500278
  cxi7: 39240881
  total: 311668056
pct_req_rsp_latency_19:
  cxi0: 38607253
  cxi1: 38049749
  cxi2: 38633882
  cxi3: 38007598
  cxi4: 38069489
  cxi5: 38703317
  cxi6: 37823096
  cxi7: 38518490
  total: 306412874
pct_req_rsp_latency_20:
  cxi0: 38412832
  cxi1: 37107381
  cxi2: 38422322
  cxi3: 37059689
  cxi4: 37079345
  cxi5: 37895431
  cxi6: 36870457
  cxi7: 38277589
  total: 301125046
pct_req_rsp_latency_21:
  cxi0: 38382474
  cxi1: 35793200
  cxi2: 38162001
  cxi3: 35715030
  cxi4: 35830105
  cxi5: 36863900
  cxi6: 35545044
  cxi7: 37728716
  total: 294020470
pct_req_rsp_latency_22:
  cxi0: 35218451
  cxi1: 34360239
  cxi2: 35134447
  cxi3: 34256473
  cxi4: 34422447
  cxi5: 35045452
  cxi6: 34137960
  cxi7: 34965108
  total: 277540577
pct_req_rsp_latency_23:
  cxi0: 33097626
  cxi1: 32747483
  cxi2: 33025332
  cxi3: 32635054
  cxi4: 32861908
  cxi5: 33348815
  cxi6: 32561323
  cxi7: 32968649
  total: 263246190
pct_req_rsp_latency_24:
  cxi0: 31256787
  cxi1: 31081697
  cxi2: 31149690
  cxi3: 30924471
  cxi4: 31156701
  cxi5: 31701845
  cxi6: 30888722
  cxi7: 31182511
  total: 249342424
pct_req_rsp_latency_25:
  cxi0: 29359080
  cxi1: 29216313
  cxi2: 29203294
  cxi3: 29033811
  cxi4: 29301494
  cxi5: 29860892
  cxi6: 29067412
  cxi7: 29321087
  total: 234363383
pct_req_rsp_latency_26:
  cxi0: 27388374
  cxi1: 27270026
  cxi2: 27208916
  cxi3: 27076237
  cxi4: 27353634
  cxi5: 27876556
  cxi6: 27141563
  cxi7: 27360277
  total: 218675583
pct_req_rsp_latency_27:
  cxi0: 25404960
  cxi1: 25261426
  cxi2: 25179179
  cxi3: 25059141
  cxi4: 25353927
  cxi5: 25787419
  cxi6: 25172272
  cxi7: 25316846
  total: 202535170
pct_req_rsp_latency_28:
  cxi0: 23541182
  cxi1: 23279644
  cxi2: 23255352
  cxi3: 23062250
  cxi4: 23430121
  cxi5: 23729405
  cxi6: 23219229
  cxi7: 23344089
  total: 186861272
pct_req_rsp_latency_29:
  cxi0: 21767347
  cxi1: 21397816
  cxi2: 21397202
  cxi3: 21179550
  cxi4: 21570677
  cxi5: 21777966
  cxi6: 21354128
  cxi7: 21442440
  total: 171887126
pct_req_rsp_latency_30:
  cxi0: 19940015
  cxi1: 19613642
  cxi2: 19628716
  cxi3: 19402078
  cxi4: 19815529
  cxi5: 19968303
  cxi6: 19605391
  cxi7: 19676769
  total: 157650443
pct_req_rsp_latency_31:
  cxi0: 168840035
  cxi1: 166339722
  cxi2: 164577020
  cxi3: 161861455
  cxi4: 168746284
  cxi5: 172068659
  cxi6: 167465073
  cxi7: 168389510
  total: 1338287758
