=== x1921c1s1b0n0 === (8 NICs)
atu_cache_hit_base_page_size_0:
  cxi0: 8327499656
  cxi1: 5804242144
  cxi2: 8117739846
  cxi3: 5764544394
  cxi4: 5850329399
  cxi5: 8086754984
  cxi6: 5761044590
  cxi7: 8312867881
  total: 56025022894
atu_cache_miss_0:
  cxi0: 253562168
  cxi1: 295501866
  cxi2: 379696608
  cxi3: 175628771
  cxi4: 311058698
  cxi5: 367796106
  cxi6: 191403069
  cxi7: 264758497
  total: 2239405783
ixe_disp_amo_events:
  cxi0: 38349
  cxi1: 5591
  cxi2: 5591
  cxi3: 5442
  cxi4: 33908
  cxi5: 5852
  cxi6: 5442
  cxi7: 5591
  total: 105766
ixe_disp_lpe_amos:
  cxi0: 38349
  cxi1: 5591
  cxi2: 5591
  cxi3: 5442
  cxi4: 33908
  cxi5: 5852
  cxi6: 5442
  cxi7: 5591
  total: 105766
ixe_disp_lpe_amos_ok:
  cxi0: 38349
  cxi1: 5591
  cxi2: 5591
  cxi3: 5442
  cxi4: 33908
  cxi5: 5852
  cxi6: 5442
  cxi7: 5591
  total: 105766
pct_retry_trs_put:
  cxi0: 0
  cxi1: 0
  cxi2: 0
  cxi3: 0
  cxi4: 0
  cxi5: 0
  cxi6: 0
  cxi7: 0
  total: 0
mst_stalled_waiting_put_crdts:
  cxi0: 2429761
  cxi1: 22403
  cxi2: 2433445
  cxi3: 17071
  cxi4: 79758
  cxi5: 2448407
  cxi6: 16038
  cxi7: 2419681
  total: 9866564
hni_sts_tx_ok_octets:
  cxi0: 17205666201460
  cxi1: 16411841003501
  cxi2: 11466741238439
  cxi3: 10602138494912
  cxi4: 9984529098248
  cxi5: 10740991081571
  cxi6: 15747041297238
  cxi7: 16613207737162
  total: 108772156152531
hni_sts_rx_ok_octets:
  cxi0: 16560436761695
  cxi1: 15652249281020
  cxi2: 10666734560389
  cxi3: 9901023531659
  cxi4: 9868568080770
  cxi5: 10609215205134
  cxi6: 15689401880069
  cxi7: 16557441455083
  total: 105505070755819
hni_tx_ok_64:
  cxi0: 1614337590
  cxi1: 1155786223
  cxi2: 1558067587
  cxi3: 1170817581
  cxi4: 1170329983
  cxi5: 1545231459
  cxi6: 1179617958
  cxi7: 1618021848
  total: 11012210229
hni_tx_ok_65_to_127:
  cxi0: 4050650
  cxi1: 150863
  cxi2: 3654143
  cxi3: 171635
  cxi4: 183358
  cxi5: 3675839
  cxi6: 357452
  cxi7: 4174914
  total: 16418854
hni_tx_ok_128_to_255:
  cxi0: 761912
  cxi1: 27959
  cxi2: 743207
  cxi3: 36509
  cxi4: 27706
  cxi5: 739266
  cxi6: 63502
  cxi7: 798523
  total: 3198584
hni_tx_ok_256_to_511:
  cxi0: 1809115
  cxi1: 760283
  cxi2: 1902702
  cxi3: 838139
  cxi4: 765316
  cxi5: 1788955
  cxi6: 881784
  cxi7: 1957792
  total: 10704086
hni_tx_ok_512_to_1023:
  cxi0: 3229985
  cxi1: 1211966
  cxi2: 2982167
  cxi3: 1456769
  cxi4: 1420413
  cxi5: 2786700
  cxi6: 1671811
  cxi7: 3441931
  total: 18201742
hni_tx_ok_1024_to_2047:
  cxi0: 3203269
  cxi1: 14969
  cxi2: 3084824
  cxi3: 15013
  cxi4: 16933
  cxi5: 3025462
  cxi6: 19614
  cxi7: 3285383
  total: 12665467
hni_tx_ok_4096_to_8191:
  cxi0: 3
  cxi1: 0
  cxi2: 0
  cxi3: 0
  cxi4: 0
  cxi5: 0
  cxi6: 0
  cxi7: 348
  total: 351
hni_tx_ok_8192_to_max:
  cxi0: 0
  cxi1: 0
  cxi2: 0
  cxi3: 0
  cxi4: 0
  cxi5: 0
  cxi6: 0
  cxi7: 750
  total: 750
hni_rx_ok_64:
  cxi0: 1627734796
  cxi1: 1220335207
  cxi2: 1621487950
  cxi3: 1184800185
  cxi4: 1229916350
  cxi5: 1612487350
  cxi6: 1187123920
  cxi7: 1624835590
  total: 11308721348
hni_rx_ok_65_to_127:
  cxi0: 5012750
  cxi1: 1718988
  cxi2: 5277300
  cxi3: 1146061
  cxi4: 1863636
  cxi5: 5108958
  cxi6: 1152281
  cxi7: 5001744
  total: 26281718
hni_rx_ok_128_to_255:
  cxi0: 1085035
  cxi1: 421301
  cxi2: 1132153
  cxi3: 421389
  cxi4: 428513
  cxi5: 1085609
  cxi6: 610136
  cxi7: 1296891
  total: 6481027
hni_rx_ok_256_to_511:
  cxi0: 2819619
  cxi1: 1521322
  cxi2: 2727625
  cxi3: 1823959
  cxi4: 1727933
  cxi5: 2439535
  cxi6: 1990911
  cxi7: 3088237
  total: 18139141
hni_rx_ok_512_to_1023:
  cxi0: 1655717
  cxi1: 1533
  cxi2: 1640863
  cxi3: 51341
  cxi4: 1501
  cxi5: 1590185
  cxi6: 143023
  cxi7: 1794120
  total: 6878283
hni_rx_ok_1024_to_2047:
  cxi0: 3266600
  cxi1: 2548
  cxi2: 2992735
  cxi3: 4462
  cxi4: 4277
  cxi5: 3040315
  cxi6: 11395
  cxi7: 3176433
  total: 12498765
hni_rx_ok_4096_to_8191:
  cxi0: 244
  cxi1: 0
  cxi2: 0
  cxi3: 0
  cxi4: 0
  cxi5: 0
  cxi6: 0
  cxi7: 2
  total: 246
hni_rx_ok_8192_to_max:
  cxi0: 527
  cxi1: 0
  cxi2: 0
  cxi3: 0
  cxi4: 0
  cxi5: 0
  cxi6: 0
  cxi7: 0
  total: 527
hni_llr_tx_replay_event:
  cxi0: 0
  cxi1: 0
  cxi2: 0
  cxi3: 0
  cxi4: 0
  cxi5: 0
  cxi6: 0
  cxi7: 0
  total: 0
hni_llr_rx_replay_event:
  cxi0: 0
  cxi1: 0
  cxi2: 0
  cxi3: 0
  cxi4: 0
  cxi5: 0
  cxi6: 0
  cxi7: 0
  total: 0
hni_llr_tx_nack_ctl_os:
  cxi0: 0
  cxi1: 0
  cxi2: 0
  cxi3: 0
  cxi4: 0
  cxi5: 0
  cxi6: 0
  cxi7: 0
  total: 0
hni_llr_rx_nack_ctl_os:
  cxi0: 0
  cxi1: 0
  cxi2: 0
  cxi3: 0
  cxi4: 0
  cxi5: 0
  cxi6: 0
  cxi7: 0
  total: 0
hni_llr_tx_discard:
  cxi0: 0
  cxi1: 0
  cxi2: 0
  cxi3: 0
  cxi4: 0
  cxi5: 0
  cxi6: 0
  cxi7: 0
  total: 0
pct_rsp_err_rcvd:
  cxi0: 0
  cxi1: 18
  cxi2: 49
  cxi3: 31
  cxi4: 0
  cxi5: 0
  cxi6: 36
  cxi7: 0
  total: 134
pct_rsp_dropped_timeout:
  cxi0: 0
  cxi1: 0
  cxi2: 0
  cxi3: 0
  cxi4: 0
  cxi5: 0
  cxi6: 0
  cxi7: 0
  total: 0
pct_rsp_dropped_try:
  cxi0: 0
  cxi1: 0
  cxi2: 0
  cxi3: 0
  cxi4: 0
  cxi5: 0
  cxi6: 0
  cxi7: 0
  total: 0
pct_bad_seq_nacks:
  cxi0: 237881
  cxi1: 6888
  cxi2: 253389
  cxi3: 7337
  cxi4: 7402
  cxi5: 244672
  cxi6: 6866
  cxi7: 247917
  total: 1012352
pct_no_trs_nacks:
  cxi0: 53705
  cxi1: 1579
  cxi2: 56161
  cxi3: 1556
  cxi4: 1693
  cxi5: 55135
  cxi6: 1641
  cxi7: 54731
  total: 226201
ixe_rx_pkt_drop_pct:
  cxi0: 383221
  cxi1: 8467
  cxi2: 312300
  cxi3: 8948
  cxi4: 100080
  cxi5: 301070
  cxi6: 8507
  cxi7: 304811
  total: 1427404
ixe_rx_pkt_drop_ixe_parser:
  cxi0: 0
  cxi1: 0
  cxi2: 0
  cxi3: 0
  cxi4: 0
  cxi5: 0
  cxi6: 0
  cxi7: 0
  total: 0
pct_req_rsp_latency_0:
  cxi0: 7458871
  cxi1: 1367084
  cxi2: 6995632
  cxi3: 2309962
  cxi4: 1003165
  cxi5: 5517875
  cxi6: 4822526
  cxi7: 9657155
  total: 39132270
pct_req_rsp_latency_1:
  cxi0: 15521898
  cxi1: 4343509
  cxi2: 16186685
  cxi3: 5781868
  cxi4: 3719867
  cxi5: 14050659
  cxi6: 6309517
  cxi7: 16926794
  total: 82840797
pct_req_rsp_latency_2:
  cxi0: 32355388
  cxi1: 11348366
  cxi2: 31755734
  cxi3: 12375955
  cxi4: 10610415
  cxi5: 29119257
  cxi6: 11305534
  cxi7: 30132836
  total: 169003485
pct_req_rsp_latency_3:
  cxi0: 58630380
  cxi1: 28668209
  cxi2: 54680917
  cxi3: 29651097
  cxi4: 27791267
  cxi5: 52703445
  cxi6: 27994663
  cxi7: 57626837
  total: 337746815
pct_req_rsp_latency_4:
  cxi0: 142292409
  cxi1: 39024410
  cxi2: 118602810
  cxi3: 39688018
  cxi4: 38774296
  cxi5: 115033031
  cxi6: 38694245
  cxi7: 140721465
  total: 672830684
pct_req_rsp_latency_5:
  cxi0: 121601749
  cxi1: 35654191
  cxi2: 117053652
  cxi3: 36035958
  cxi4: 35608442
  cxi5: 119582282
  cxi6: 35534206
  cxi7: 123728572
  total: 624799052
pct_req_rsp_latency_6:
  cxi0: 78086911
  cxi1: 32902427
  cxi2: 80666222
  cxi3: 33292343
  cxi4: 32719686
  cxi5: 79949897
  cxi6: 33236936
  cxi7: 78634071
  total: 449488493
pct_req_rsp_latency_7:
  cxi0: 71589746
  cxi1: 31687847
  cxi2: 67670053
  cxi3: 32209903
  cxi4: 31440467
  cxi5: 68085580
  cxi6: 33458622
  cxi7: 71941650
  total: 408083868
pct_req_rsp_latency_8:
  cxi0: 55371440
  cxi1: 31723863
  cxi2: 54360353
  cxi3: 32285849
  cxi4: 31609676
  cxi5: 55187577
  cxi6: 33802587
  cxi7: 58285973
  total: 352627318
pct_req_rsp_latency_9:
  cxi0: 43536486
  cxi1: 32350907
  cxi2: 44303366
  cxi3: 32740951
  cxi4: 32336161
  cxi5: 44273078
  cxi6: 33524837
  cxi7: 46092375
  total: 309158161
pct_req_rsp_latency_10:
  cxi0: 38038264
  cxi1: 33476298
  cxi2: 38746163
  cxi3: 33644996
  cxi4: 33468091
  cxi5: 38504508
  cxi6: 33967055
  cxi7: 39858216
  total: 289703591
pct_req_rsp_latency_11:
  cxi0: 37262283
  cxi1: 34638460
  cxi2: 37657717
  cxi3: 34717855
  cxi4: 34630972
  cxi5: 37190688
  cxi6: 34875139
  cxi7: 38293674
  total: 289266788
pct_req_rsp_latency_12:
  cxi0: 38416858
  cxi1: 35801327
  cxi2: 38444559
  cxi3: 35829067
  cxi4: 35818059
  cxi5: 37672840
  cxi6: 35905539
  cxi7: 38482552
  total: 296370801
pct_req_rsp_latency_13:
  cxi0: 38902440
  cxi1: 36840420
  cxi2: 38956765
  cxi3: 36882683
  cxi4: 36880009
  cxi5: 38458086
  cxi6: 36883276
  cxi7: 38969385
  total: 302773064
pct_req_rsp_latency_14:
  cxi0: 38995276
  cxi1: 37665561
  cxi2: 39206385
  cxi3: 37702587
  cxi4: 37720259
  cxi5: 39107609
  cxi6: 37653768
  cxi7: 39375961
  total: 307427406
pct_req_rsp_latency_15:
  cxi0: 39395240
  cxi1: 38299375
  cxi2: 39573808
  cxi3: 38329351
  cxi4: 38384559
  cxi5: 39618950
  cxi6: 38245133
  cxi7: 39717187
  total: 311563603
pct_req_rsp_latency_16:
  cxi0: 39621978
  cxi1: 38675407
  cxi2: 39763844
  cxi3: 38693501
  cxi4: 38779441
  cxi5: 39848014
  cxi6: 38584563
  cxi7: 39837877
  total: 313804625
pct_req_rsp_latency_17:
  cxi0: 39657643
  cxi1: 38852299
  cxi2: 39762451
  cxi3: 38862939
  cxi4: 38942002
  cxi5: 39918426
  cxi6: 38749557
  cxi7: 39781330
  total: 314526647
pct_req_rsp_latency_18:
  cxi0: 39227520
  cxi1: 38636018
  cxi2: 39285247
  cxi3: 38625748
  cxi4: 38671754
  cxi5: 39480394
  cxi6: 38500248
  cxi7: 39240802
  total: 311667731
pct_req_rsp_latency_19:
  cxi0: 38607240
  cxi1: 38049696
  cxi2: 38633828
  cxi3: 38007583
  cxi4: 38069450
  cxi5: 38703308
  cxi6: 37823026
  cxi7: 38518406
  total: 306412537
pct_req_rsp_latency_20:
  cxi0: 38412823
  cxi1: 37107338
  cxi2: 38422290
  cxi3: 37059650
  cxi4: 37079292
  cxi5: 37895426
  cxi6: 36870411
  cxi7: 38277548
  total: 301124778
pct_req_rsp_latency_21:
  cxi0: 38382457
  cxi1: 35793182
  cxi2: 38161989
  cxi3: 35714978
  cxi4: 35830068
  cxi5: 36863890
  cxi6: 35544935
  cxi7: 37728649
  total: 294020148
pct_req_rsp_latency_22:
  cxi0: 35218440
  cxi1: 34360207
  cxi2: 35134437
  cxi3: 34256452
  cxi4: 34422409
  cxi5: 35045443
  cxi6: 34137901
  cxi7: 34965090
  total: 277540379
pct_req_rsp_latency_23:
  cxi0: 33097626
  cxi1: 32747428
  cxi2: 33025319
  cxi3: 32635044
  cxi4: 32861887
  cxi5: 33348774
  cxi6: 32561278
  cxi7: 32968638
  total: 263245994
pct_req_rsp_latency_24:
  cxi0: 31256785
  cxi1: 31081687
  cxi2: 31149680
  cxi3: 30924471
  cxi4: 31156665
  cxi5: 31701785
  cxi6: 30888686
  cxi7: 31182510
  total: 249342269
pct_req_rsp_latency_25:
  cxi0: 29359072
  cxi1: 29216297
  cxi2: 29203269
  cxi3: 29033809
  cxi4: 29301483
  cxi5: 29860870
  cxi6: 29067399
  cxi7: 29321075
  total: 234363274
pct_req_rsp_latency_26:
  cxi0: 27388373
  cxi1: 27270004
  cxi2: 27208892
  cxi3: 27076229
  cxi4: 27353613
  cxi5: 27876546
  cxi6: 27141553
  cxi7: 27360263
  total: 218675473
pct_req_rsp_latency_27:
  cxi0: 25404958
  cxi1: 25261424
  cxi2: 25179122
  cxi3: 25059118
  cxi4: 25353924
  cxi5: 25787404
  cxi6: 25172250
  cxi7: 25316811
  total: 202535011
pct_req_rsp_latency_28:
  cxi0: 23541182
  cxi1: 23279639
  cxi2: 23255343
  cxi3: 23062244
  cxi4: 23430116
  cxi5: 23729367
  cxi6: 23219206
  cxi7: 23344062
  total: 186861159
pct_req_rsp_latency_29:
  cxi0: 21767347
  cxi1: 21397810
  cxi2: 21397198
  cxi3: 21179530
  cxi4: 21570669
  cxi5: 21777954
  cxi6: 21354095
  cxi7: 21442436
  total: 171887039
pct_req_rsp_latency_30:
  cxi0: 19940015
  cxi1: 19613616
  cxi2: 19628694
  cxi3: 19402061
  cxi4: 19815527
  cxi5: 19968295
  cxi6: 19605353
  cxi7: 19676754
  total: 157650315
pct_req_rsp_latency_31:
  cxi0: 168840023
  cxi1: 166339648
  cxi2: 164576863
  cxi3: 161861354
  cxi4: 168746253
  cxi5: 172068516
  cxi6: 167464808
  cxi7: 168389373
  total: 1338286838
