=== x1922c5s7b0n0 === (8 NICs)
atu_cache_hit_base_page_size_0:
  cxi0: 941797498
  cxi1: 934691368
  cxi2: 935724707
  cxi3: 932704790
  cxi4: 932576522
  cxi5: 936111965
  cxi6: 934567497
  cxi7: 936749643
  total: 7484923990
atu_cache_miss_0:
  cxi0: 16799056
  cxi1: 9629426
  cxi2: 10085307
  cxi3: 6148583
  cxi4: 5391465
  cxi5: 11095873
  cxi6: 8946698
  cxi7: 13454364
  total: 81550772
ixe_disp_amo_events:
  cxi0: 46308
  cxi1: 23772
  cxi2: 25070
  cxi3: 24416
  cxi4: 42772
  cxi5: 24920
  cxi6: 24418
  cxi7: 25052
  total: 236728
ixe_disp_lpe_amos:
  cxi0: 46308
  cxi1: 23772
  cxi2: 25070
  cxi3: 24416
  cxi4: 42772
  cxi5: 24920
  cxi6: 24418
  cxi7: 25052
  total: 236728
ixe_disp_lpe_amos_ok:
  cxi0: 46308
  cxi1: 23772
  cxi2: 25070
  cxi3: 24416
  cxi4: 42772
  cxi5: 24920
  cxi6: 24418
  cxi7: 25052
  total: 236728
pct_retry_trs_put:
  cxi0: 0
  cxi1: 0
  cxi2: 0
  cxi3: 0
  cxi4: 0
  cxi5: 0
  cxi6: 0
  cxi7: 0
  total: 0
mst_stalled_waiting_put_crdts:
  cxi0: 501
  cxi1: 501
  cxi2: 538
  cxi3: 498
  cxi4: 458
  cxi5: 568
  cxi6: 526
  cxi7: 517
  total: 4107
hni_sts_tx_ok_octets:
  cxi0: 42921620777574
  cxi1: 44310436386190
  cxi2: 24613790995155
  cxi3: 23880823835115
  cxi4: 23951535946476
  cxi5: 24548404871691
  cxi6: 42744060780272
  cxi7: 44382263194337
  total: 271352936786810
hni_sts_rx_ok_octets:
  cxi0: 43744389775783
  cxi1: 45169390240011
  cxi2: 25386301738502
  cxi3: 24678334248722
  cxi4: 24127211484893
  cxi5: 24733764412618
  cxi6: 42900859190331
  cxi7: 44543917554057
  total: 275284168644917
hni_tx_ok_64:
  cxi0: 197649082
  cxi1: 195054594
  cxi2: 195980077
  cxi3: 194519946
  cxi4: 194041435
  cxi5: 195800863
  cxi6: 195225312
  cxi7: 196551944
  total: 1564823253
hni_tx_ok_65_to_127:
  cxi0: 37419
  cxi1: 10945
  cxi2: 11741
  cxi3: 11264
  cxi4: 34064
  cxi5: 11401
  cxi6: 11846
  cxi7: 12353
  total: 141033
hni_tx_ok_128_to_255:
  cxi0: 369
  cxi1: 162
  cxi2: 2318
  cxi3: 2284
  cxi4: 44
  cxi5: 69
  cxi6: 1268
  cxi7: 1308
  total: 7822
hni_tx_ok_256_to_511:
  cxi0: 960
  cxi1: 1122
  cxi2: 43064
  cxi3: 43417
  cxi4: 524
  cxi5: 898
  cxi6: 1416
  cxi7: 1811
  total: 93212
hni_tx_ok_512_to_1023:
  cxi0: 1483
  cxi1: 807
  cxi2: 2365
  cxi3: 1960
  cxi4: 646
  cxi5: 1210
  cxi6: 2236
  cxi7: 2764
  total: 13471
hni_tx_ok_1024_to_2047:
  cxi0: 10526
  cxi1: 6054
  cxi2: 3004
  cxi3: 976
  cxi4: 2417
  cxi5: 6333
  cxi6: 2829
  cxi7: 3846
  total: 35985
hni_tx_ok_4096_to_8191:
  cxi0: 0
  cxi1: 0
  cxi2: 0
  cxi3: 0
  cxi4: 0
  cxi5: 0
  cxi6: 0
  cxi7: 0
  total: 0
hni_tx_ok_8192_to_max:
  cxi0: 0
  cxi1: 0
  cxi2: 0
  cxi3: 0
  cxi4: 0
  cxi5: 0
  cxi6: 0
  cxi7: 0
  total: 0
hni_rx_ok_64:
  cxi0: 189075652
  cxi1: 186761917
  cxi2: 187062869
  cxi3: 186032202
  cxi4: 185827546
  cxi5: 187237510
  cxi6: 186624430
  cxi7: 187676442
  total: 1496298568
hni_rx_ok_65_to_127:
  cxi0: 194463
  cxi1: 166426
  cxi2: 175274
  cxi3: 169976
  cxi4: 184363
  cxi5: 167583
  cxi6: 166393
  cxi7: 170031
  total: 1394509
hni_rx_ok_128_to_255:
  cxi0: 27105
  cxi1: 26057
  cxi2: 30198
  cxi3: 29183
  cxi4: 26136
  cxi5: 27173
  cxi6: 28367
  cxi7: 29393
  total: 223612
hni_rx_ok_256_to_511:
  cxi0: 14411
  cxi1: 14015
  cxi2: 56894
  cxi3: 56757
  cxi4: 13635
  cxi5: 14512
  cxi6: 14973
  cxi7: 15864
  total: 201061
hni_rx_ok_512_to_1023:
  cxi0: 14674
  cxi1: 13735
  cxi2: 15926
  cxi3: 14912
  cxi4: 13576
  cxi5: 14691
  cxi6: 15714
  cxi7: 16304
  total: 119532
hni_rx_ok_1024_to_2047:
  cxi0: 24385
  cxi1: 19532
  cxi2: 17860
  cxi3: 15222
  cxi4: 15739
  cxi5: 19912
  cxi6: 16866
  cxi7: 18730
  total: 148246
hni_rx_ok_4096_to_8191:
  cxi0: 12
  cxi1: 0
  cxi2: 0
  cxi3: 0
  cxi4: 0
  cxi5: 0
  cxi6: 0
  cxi7: 0
  total: 12
hni_rx_ok_8192_to_max:
  cxi0: 68
  cxi1: 0
  cxi2: 0
  cxi3: 0
  cxi4: 0
  cxi5: 0
  cxi6: 0
  cxi7: 0
  total: 68
hni_llr_tx_replay_event:
  cxi0: 0
  cxi1: 0
  cxi2: 0
  cxi3: 0
  cxi4: 0
  cxi5: 0
  cxi6: 0
  cxi7: 0
  total: 0
hni_llr_rx_replay_event:
  cxi0: 0
  cxi1: 0
  cxi2: 0
  cxi3: 0
  cxi4: 0
  cxi5: 0
  cxi6: 0
  cxi7: 0
  total: 0
hni_llr_tx_nack_ctl_os:
  cxi0: 0
  cxi1: 0
  cxi2: 0
  cxi3: 0
  cxi4: 0
  cxi5: 0
  cxi6: 0
  cxi7: 0
  total: 0
hni_llr_rx_nack_ctl_os:
  cxi0: 0
  cxi1: 0
  cxi2: 0
  cxi3: 0
  cxi4: 0
  cxi5: 0
  cxi6: 0
  cxi7: 0
  total: 0
hni_llr_tx_discard:
  cxi0: 0
  cxi1: 0
  cxi2: 0
  cxi3: 0
  cxi4: 0
  cxi5: 0
  cxi6: 0
  cxi7: 0
  total: 0
pct_rsp_err_rcvd:
  cxi0: 0
  cxi1: 0
  cxi2: 11
  cxi3: 13
  cxi4: 0
  cxi5: 0
  cxi6: 14
  cxi7: 14
  total: 52
pct_rsp_dropped_timeout:
  cxi0: 0
  cxi1: 0
  cxi2: 0
  cxi3: 0
  cxi4: 0
  cxi5: 0
  cxi6: 0
  cxi7: 0
  total: 0
pct_rsp_dropped_try:
  cxi0: 0
  cxi1: 0
  cxi2: 0
  cxi3: 0
  cxi4: 0
  cxi5: 0
  cxi6: 0
  cxi7: 0
  total: 0
pct_bad_seq_nacks:
  cxi0: 0
  cxi1: 0
  cxi2: 4
  cxi3: 7
  cxi4: 0
  cxi5: 0
  cxi6: 6
  cxi7: 6
  total: 23
pct_no_trs_nacks:
  cxi0: 0
  cxi1: 0
  cxi2: 0
  cxi3: 0
  cxi4: 0
  cxi5: 0
  cxi6: 0
  cxi7: 0
  total: 0
ixe_rx_pkt_drop_pct:
  cxi0: 0
  cxi1: 0
  cxi2: 0
  cxi3: 0
  cxi4: 0
  cxi5: 0
  cxi6: 0
  cxi7: 0
  total: 0
ixe_rx_pkt_drop_ixe_parser:
  cxi0: 0
  cxi1: 0
  cxi2: 0
  cxi3: 0
  cxi4: 0
  cxi5: 0
  cxi6: 0
  cxi7: 0
  total: 0
pct_req_rsp_latency_0:
  cxi0: 956664
  cxi1: 927277
  cxi2: 190837
  cxi3: 188698
  cxi4: 65393
  cxi5: 61581
  cxi6: 189524
  cxi7: 197233
  total: 2777207
pct_req_rsp_latency_1:
  cxi0: 951699
  cxi1: 979888
  cxi2: 493448
  cxi3: 491421
  cxi4: 287664
  cxi5: 311230
  cxi6: 563339
  cxi7: 574569
  total: 4653258
pct_req_rsp_latency_2:
  cxi0: 1635643
  cxi1: 1679783
  cxi2: 1311339
  cxi3: 1316223
  cxi4: 1138075
  cxi5: 1206295
  cxi6: 1333516
  cxi7: 1351923
  total: 10972797
pct_req_rsp_latency_3:
  cxi0: 4242825
  cxi1: 4223431
  cxi2: 4252807
  cxi3: 4254026
  cxi4: 4152482
  cxi5: 4136323
  cxi6: 4184173
  cxi7: 4180886
  total: 33626953
pct_req_rsp_latency_4:
  cxi0: 5605878
  cxi1: 5567024
  cxi2: 5719225
  cxi3: 5702365
  cxi4: 5694662
  cxi5: 5603269
  cxi6: 5701044
  cxi7: 5673788
  total: 45267255
pct_req_rsp_latency_5:
  cxi0: 5132341
  cxi1: 5077443
  cxi2: 5156192
  cxi3: 5141872
  cxi4: 5119473
  cxi5: 5079472
  cxi6: 5165914
  cxi7: 5123376
  total: 40996083
pct_req_rsp_latency_6:
  cxi0: 5050765
  cxi1: 4960909
  cxi2: 5011021
  cxi3: 4985832
  cxi4: 4967146
  cxi5: 4974218
  cxi6: 5040085
  cxi7: 4998260
  total: 39988236
pct_req_rsp_latency_7:
  cxi0: 5404622
  cxi1: 5140192
  cxi2: 5278100
  cxi3: 5127908
  cxi4: 5074739
  cxi5: 5202243
  cxi6: 5225961
  cxi7: 5250874
  total: 41704639
pct_req_rsp_latency_8:
  cxi0: 5417221
  cxi1: 5289445
  cxi2: 5394537
  cxi3: 5281378
  cxi4: 5257290
  cxi5: 5365819
  cxi6: 5396532
  cxi7: 5396474
  total: 42798696
pct_req_rsp_latency_9:
  cxi0: 5506821
  cxi1: 5440512
  cxi2: 5527099
  cxi3: 5452647
  cxi4: 5442622
  cxi5: 5490218
  cxi6: 5532001
  cxi7: 5554985
  total: 43946905
pct_req_rsp_latency_10:
  cxi0: 5701849
  cxi1: 5632661
  cxi2: 5708885
  cxi3: 5661400
  cxi4: 5651283
  cxi5: 5688897
  cxi6: 5719177
  cxi7: 5731387
  total: 45495539
pct_req_rsp_latency_11:
  cxi0: 5918458
  cxi1: 5847704
  cxi2: 5907931
  cxi3: 5866648
  cxi4: 5875235
  cxi5: 5900559
  cxi6: 5925621
  cxi7: 5929213
  total: 47171369
pct_req_rsp_latency_12:
  cxi0: 6124411
  cxi1: 6048721
  cxi2: 6116163
  cxi3: 6070269
  cxi4: 6099363
  cxi5: 6116878
  cxi6: 6128716
  cxi7: 6167753
  total: 48872274
pct_req_rsp_latency_13:
  cxi0: 6309885
  cxi1: 6231905
  cxi2: 6296497
  cxi3: 6260578
  cxi4: 6290572
  cxi5: 6308259
  cxi6: 6319188
  cxi7: 6317004
  total: 50333888
pct_req_rsp_latency_14:
  cxi0: 6463032
  cxi1: 6372868
  cxi2: 6447005
  cxi3: 6406857
  cxi4: 6444285
  cxi5: 6458535
  cxi6: 6467623
  cxi7: 6445298
  total: 51505503
pct_req_rsp_latency_15:
  cxi0: 6554767
  cxi1: 6480738
  cxi2: 6560272
  cxi3: 6528783
  cxi4: 6562890
  cxi5: 6580240
  cxi6: 6583442
  cxi7: 6559185
  total: 52410317
pct_req_rsp_latency_16:
  cxi0: 6615338
  cxi1: 6538211
  cxi2: 6634943
  cxi3: 6613196
  cxi4: 6620765
  cxi5: 6644787
  cxi6: 6654761
  cxi7: 6645610
  total: 52967611
pct_req_rsp_latency_17:
  cxi0: 6677143
  cxi1: 6588989
  cxi2: 6679886
  cxi3: 6676027
  cxi4: 6651474
  cxi5: 6679319
  cxi6: 6695819
  cxi7: 6712896
  total: 53361553
pct_req_rsp_latency_18:
  cxi0: 6661979
  cxi1: 6544659
  cxi2: 6659899
  cxi3: 6651394
  cxi4: 6620500
  cxi5: 6644382
  cxi6: 6646627
  cxi7: 6695043
  total: 53124483
pct_req_rsp_latency_19:
  cxi0: 6505605
  cxi1: 6404737
  cxi2: 6537939
  cxi3: 6527329
  cxi4: 6518268
  cxi5: 6533265
  cxi6: 6523697
  cxi7: 6563471
  total: 52114311
pct_req_rsp_latency_20:
  cxi0: 6313436
  cxi1: 6222449
  cxi2: 6371958
  cxi3: 6345218
  cxi4: 6369712
  cxi5: 6366766
  cxi6: 6346042
  cxi7: 6402530
  total: 50738111
pct_req_rsp_latency_21:
  cxi0: 6084662
  cxi1: 6001211
  cxi2: 6143267
  cxi3: 6114096
  cxi4: 6145335
  cxi5: 6151506
  cxi6: 6116489
  cxi7: 6174483
  total: 48931049
pct_req_rsp_latency_22:
  cxi0: 5839248
  cxi1: 5771967
  cxi2: 5905006
  cxi3: 5869323
  cxi4: 5909062
  cxi5: 5918042
  cxi6: 5869698
  cxi7: 5913404
  total: 46995750
pct_req_rsp_latency_23:
  cxi0: 5581053
  cxi1: 5522590
  cxi2: 5642943
  cxi3: 5602817
  cxi4: 5644918
  cxi5: 5659532
  cxi6: 5602634
  cxi7: 5635719
  total: 44892206
pct_req_rsp_latency_24:
  cxi0: 5301224
  cxi1: 5249553
  cxi2: 5358198
  cxi3: 5321781
  cxi4: 5363215
  cxi5: 5380844
  cxi6: 5316416
  cxi7: 5344974
  total: 42636205
pct_req_rsp_latency_25:
  cxi0: 4996940
  cxi1: 4955403
  cxi2: 5048733
  cxi3: 5009020
  cxi4: 5050812
  cxi5: 5070926
  cxi6: 5010541
  cxi7: 5033711
  total: 40176086
pct_req_rsp_latency_26:
  cxi0: 4678523
  cxi1: 4639385
  cxi2: 4725821
  cxi3: 4688555
  cxi4: 4729902
  cxi5: 4749848
  cxi6: 4680528
  cxi7: 4711566
  total: 37604128
pct_req_rsp_latency_27:
  cxi0: 4349494
  cxi1: 4310930
  cxi2: 4393667
  cxi3: 4356390
  cxi4: 4401787
  cxi5: 4419400
  cxi6: 4342191
  cxi7: 4388854
  total: 34962713
pct_req_rsp_latency_28:
  cxi0: 4019206
  cxi1: 3989470
  cxi2: 4052706
  cxi3: 4036657
  cxi4: 4069345
  cxi5: 4097647
  cxi6: 4021120
  cxi7: 4051693
  total: 32337844
pct_req_rsp_latency_29:
  cxi0: 3710547
  cxi1: 3688650
  cxi2: 3734795
  cxi3: 3722247
  cxi4: 3747842
  cxi5: 3788444
  cxi6: 3705671
  cxi7: 3740597
  total: 29838793
pct_req_rsp_latency_30:
  cxi0: 3418060
  cxi1: 3406757
  cxi2: 3432883
  cxi3: 3429946
  cxi4: 3444447
  cxi5: 3482531
  cxi6: 3412764
  cxi7: 3457997
  total: 27485385
pct_req_rsp_latency_31:
  cxi0: 31342817
  cxi1: 31091410
  cxi2: 30342173
  cxi3: 30191018
  cxi4: 30379852
  cxi5: 31185284
  cxi6: 30251728
  cxi7: 30756946
  total: 245541228
