=== x1922c5s6b0n0 === (8 NICs)
atu_cache_hit_base_page_size_0:
  cxi0: 954728640
  cxi1: 950522991
  cxi2: 954834692
  cxi3: 949350981
  cxi4: 953437078
  cxi5: 954067985
  cxi6: 951105934
  cxi7: 954363850
  total: 7622412151
atu_cache_miss_0:
  cxi0: 24286178
  cxi1: 18788648
  cxi2: 22591359
  cxi3: 14979895
  cxi4: 15361092
  cxi5: 15532695
  cxi6: 14953430
  cxi7: 18349792
  total: 144843089
ixe_disp_amo_events:
  cxi0: 28010
  cxi1: 3904
  cxi2: 3912
  cxi3: 3760
  cxi4: 24904
  cxi5: 4056
  cxi6: 3762
  cxi7: 3892
  total: 76200
ixe_disp_lpe_amos:
  cxi0: 28010
  cxi1: 3904
  cxi2: 3912
  cxi3: 3760
  cxi4: 24904
  cxi5: 4056
  cxi6: 3762
  cxi7: 3892
  total: 76200
ixe_disp_lpe_amos_ok:
  cxi0: 28010
  cxi1: 3904
  cxi2: 3912
  cxi3: 3760
  cxi4: 24904
  cxi5: 4056
  cxi6: 3762
  cxi7: 3892
  total: 76200
pct_retry_trs_put:
  cxi0: 0
  cxi1: 0
  cxi2: 0
  cxi3: 0
  cxi4: 0
  cxi5: 0
  cxi6: 0
  cxi7: 0
  total: 0
mst_stalled_waiting_put_crdts:
  cxi0: 0
  cxi1: 0
  cxi2: 0
  cxi3: 0
  cxi4: 0
  cxi5: 0
  cxi6: 0
  cxi7: 0
  total: 0
hni_sts_tx_ok_octets:
  cxi0: 58916460670660
  cxi1: 58321343006935
  cxi2: 34555539563510
  cxi3: 32059020403921
  cxi4: 32032819297063
  cxi5: 34094009681589
  cxi6: 57571445818319
  cxi7: 59853679249182
  total: 367404317691179
hni_sts_rx_ok_octets:
  cxi0: 59731401536945
  cxi1: 59098992021046
  cxi2: 35308516487793
  cxi3: 32731694399407
  cxi4: 32158700038744
  cxi5: 34238951442525
  cxi6: 57650291595151
  cxi7: 59875073182284
  total: 370793620703895
hni_tx_ok_64:
  cxi0: 188195630
  cxi1: 186841180
  cxi2: 188144677
  cxi3: 186189829
  cxi4: 186743406
  cxi5: 186686109
  cxi6: 186589187
  cxi7: 187505723
  total: 1496895741
hni_tx_ok_65_to_127:
  cxi0: 156502
  cxi1: 123308
  cxi2: 123747
  cxi3: 119265
  cxi4: 148708
  cxi5: 127669
  cxi6: 118908
  cxi7: 123427
  total: 1041534
hni_tx_ok_128_to_255:
  cxi0: 28328
  cxi1: 27160
  cxi2: 29791
  cxi3: 28762
  cxi4: 27047
  cxi5: 28069
  cxi6: 26811
  cxi7: 27846
  total: 223814
hni_tx_ok_256_to_511:
  cxi0: 15008
  cxi1: 14706
  cxi2: 16055
  cxi3: 15795
  cxi4: 13939
  cxi5: 15116
  cxi6: 54911
  cxi7: 56045
  total: 201575
hni_tx_ok_512_to_1023:
  cxi0: 15103
  cxi1: 14153
  cxi2: 15715
  cxi3: 14676
  cxi4: 14252
  cxi5: 15056
  cxi6: 15783
  cxi7: 16957
  total: 121695
hni_tx_ok_1024_to_2047:
  cxi0: 24557
  cxi1: 19650
  cxi2: 21599
  cxi3: 16634
  cxi4: 16462
  cxi5: 16983
  cxi6: 16751
  cxi7: 19247
  total: 151883
hni_tx_ok_4096_to_8191:
  cxi0: 0
  cxi1: 0
  cxi2: 0
  cxi3: 0
  cxi4: 0
  cxi5: 0
  cxi6: 0
  cxi7: 7
  total: 7
hni_tx_ok_8192_to_max:
  cxi0: 0
  cxi1: 0
  cxi2: 0
  cxi3: 0
  cxi4: 0
  cxi5: 0
  cxi6: 0
  cxi7: 40
  total: 40
hni_rx_ok_64:
  cxi0: 197046383
  cxi1: 195333722
  cxi2: 196688451
  cxi3: 194481969
  cxi4: 195297127
  cxi5: 195474337
  cxi6: 194785239
  cxi7: 195948585
  total: 1565055813
hni_rx_ok_65_to_127:
  cxi0: 81517
  cxi1: 55783
  cxi2: 56273
  cxi3: 55694
  cxi4: 77641
  cxi5: 53955
  cxi6: 52028
  cxi7: 51460
  total: 484351
hni_rx_ok_128_to_255:
  cxi0: 101
  cxi1: 64
  cxi2: 2686
  cxi3: 2662
  cxi4: 139
  cxi5: 172
  cxi6: 888
  cxi7: 933
  total: 7645
hni_rx_ok_256_to_511:
  cxi0: 975
  cxi1: 1115
  cxi2: 2404
  cxi3: 2638
  cxi4: 542
  cxi5: 1224
  cxi6: 41953
  cxi7: 42609
  total: 93460
hni_rx_ok_512_to_1023:
  cxi0: 846
  cxi1: 865
  cxi2: 2182
  cxi3: 1531
  cxi4: 632
  cxi5: 921
  cxi6: 2763
  cxi7: 3154
  total: 12894
hni_rx_ok_1024_to_2047:
  cxi0: 10847
  cxi1: 6291
  cxi2: 8324
  cxi3: 4112
  cxi4: 3469
  cxi5: 3595
  cxi6: 4062
  cxi7: 6346
  total: 47046
hni_rx_ok_4096_to_8191:
  cxi0: 2
  cxi1: 0
  cxi2: 0
  cxi3: 0
  cxi4: 0
  cxi5: 0
  cxi6: 0
  cxi7: 0
  total: 2
hni_rx_ok_8192_to_max:
  cxi0: 26
  cxi1: 0
  cxi2: 0
  cxi3: 0
  cxi4: 0
  cxi5: 0
  cxi6: 0
  cxi7: 0
  total: 26
hni_llr_tx_replay_event:
  cxi0: 0
  cxi1: 0
  cxi2: 0
  cxi3: 0
  cxi4: 0
  cxi5: 0
  cxi6: 0
  cxi7: 0
  total: 0
hni_llr_rx_replay_event:
  cxi0: 0
  cxi1: 0
  cxi2: 0
  cxi3: 0
  cxi4: 0
  cxi5: 0
  cxi6: 0
  cxi7: 0
  total: 0
hni_llr_tx_nack_ctl_os:
  cxi0: 0
  cxi1: 0
  cxi2: 0
  cxi3: 0
  cxi4: 0
  cxi5: 0
  cxi6: 0
  cxi7: 0
  total: 0
hni_llr_rx_nack_ctl_os:
  cxi0: 0
  cxi1: 0
  cxi2: 0
  cxi3: 0
  cxi4: 0
  cxi5: 0
  cxi6: 0
  cxi7: 0
  total: 0
hni_llr_tx_discard:
  cxi0: 0
  cxi1: 0
  cxi2: 0
  cxi3: 0
  cxi4: 0
  cxi5: 0
  cxi6: 0
  cxi7: 0
  total: 0
pct_rsp_err_rcvd:
  cxi0: 0
  cxi1: 0
  cxi2: 6
  cxi3: 9
  cxi4: 0
  cxi5: 0
  cxi6: 19
  cxi7: 15
  total: 49
pct_rsp_dropped_timeout:
  cxi0: 0
  cxi1: 0
  cxi2: 0
  cxi3: 0
  cxi4: 0
  cxi5: 0
  cxi6: 0
  cxi7: 0
  total: 0
pct_rsp_dropped_try:
  cxi0: 0
  cxi1: 0
  cxi2: 0
  cxi3: 0
  cxi4: 0
  cxi5: 0
  cxi6: 0
  cxi7: 0
  total: 0
pct_bad_seq_nacks:
  cxi0: 0
  cxi1: 0
  cxi2: 1
  cxi3: 5
  cxi4: 0
  cxi5: 0
  cxi6: 8
  cxi7: 7
  total: 21
pct_no_trs_nacks:
  cxi0: 0
  cxi1: 0
  cxi2: 0
  cxi3: 0
  cxi4: 0
  cxi5: 0
  cxi6: 0
  cxi7: 0
  total: 0
ixe_rx_pkt_drop_pct:
  cxi0: 0
  cxi1: 0
  cxi2: 0
  cxi3: 0
  cxi4: 0
  cxi5: 0
  cxi6: 0
  cxi7: 0
  total: 0
ixe_rx_pkt_drop_ixe_parser:
  cxi0: 0
  cxi1: 0
  cxi2: 0
  cxi3: 0
  cxi4: 0
  cxi5: 0
  cxi6: 0
  cxi7: 0
  total: 0
pct_req_rsp_latency_0:
  cxi0: 486599
  cxi1: 457847
  cxi2: 698622
  cxi3: 663985
  cxi4: 253481
  cxi5: 247650
  cxi6: 525955
  cxi7: 546301
  total: 3880440
pct_req_rsp_latency_1:
  cxi0: 1481466
  cxi1: 1409692
  cxi2: 1732581
  cxi3: 1764282
  cxi4: 842924
  cxi5: 813897
  cxi6: 1103016
  cxi7: 1091885
  total: 10239743
pct_req_rsp_latency_2:
  cxi0: 3728214
  cxi1: 3736704
  cxi2: 4003597
  cxi3: 3990601
  cxi4: 3037406
  cxi5: 3083796
  cxi6: 3299292
  cxi7: 3333626
  total: 28213236
pct_req_rsp_latency_3:
  cxi0: 5555491
  cxi1: 5515754
  cxi2: 5743912
  cxi3: 5629705
  cxi4: 4690395
  cxi5: 4776486
  cxi6: 4885833
  cxi7: 4881197
  total: 41678773
pct_req_rsp_latency_4:
  cxi0: 7094876
  cxi1: 6907830
  cxi2: 7110943
  cxi3: 6981920
  cxi4: 6560900
  cxi5: 6618486
  cxi6: 6779731
  cxi7: 6676245
  total: 54730931
pct_req_rsp_latency_5:
  cxi0: 6405427
  cxi1: 6268680
  cxi2: 6394652
  cxi3: 6345591
  cxi4: 6356474
  cxi5: 6477974
  cxi6: 6448457
  cxi7: 6446932
  total: 51144187
pct_req_rsp_latency_6:
  cxi0: 6306493
  cxi1: 6150914
  cxi2: 6256537
  cxi3: 6209127
  cxi4: 6377538
  cxi5: 6531559
  cxi6: 6419341
  cxi7: 6523816
  total: 50775325
pct_req_rsp_latency_7:
  cxi0: 6452395
  cxi1: 6228245
  cxi2: 6433804
  cxi3: 6253419
  cxi4: 6448293
  cxi5: 6633433
  cxi6: 6485390
  cxi7: 6750899
  total: 51685878
pct_req_rsp_latency_8:
  cxi0: 6045277
  cxi1: 5979198
  cxi2: 6071285
  cxi3: 5995696
  cxi4: 6066499
  cxi5: 6221658
  cxi6: 6104286
  cxi7: 6304557
  total: 48788456
pct_req_rsp_latency_9:
  cxi0: 5785921
  cxi1: 5773564
  cxi2: 5835491
  cxi3: 5780789
  cxi4: 5759459
  cxi5: 5825364
  cxi6: 5828115
  cxi7: 5903510
  total: 46492213
pct_req_rsp_latency_10:
  cxi0: 5878216
  cxi1: 5866299
  cxi2: 5909932
  cxi3: 5869497
  cxi4: 5822281
  cxi5: 5865510
  cxi6: 5911070
  cxi7: 5918383
  total: 47041188
pct_req_rsp_latency_11:
  cxi0: 6029308
  cxi1: 5991450
  cxi2: 6042473
  cxi3: 5996930
  cxi4: 5942900
  cxi5: 5978246
  cxi6: 6020901
  cxi7: 6027352
  total: 48029560
pct_req_rsp_latency_12:
  cxi0: 6224910
  cxi1: 6179009
  cxi2: 6212339
  cxi3: 6171084
  cxi4: 6125918
  cxi5: 6156094
  cxi6: 6200894
  cxi7: 6216668
  total: 49486916
pct_req_rsp_latency_13:
  cxi0: 6426437
  cxi1: 6360605
  cxi2: 6377350
  cxi3: 6336547
  cxi4: 6318884
  cxi5: 6331341
  cxi6: 6376109
  cxi7: 6395395
  total: 50922668
pct_req_rsp_latency_14:
  cxi0: 6603787
  cxi1: 6492489
  cxi2: 6501773
  cxi3: 6466812
  cxi4: 6478215
  cxi5: 6469294
  cxi6: 6510827
  cxi7: 6532219
  total: 52055416
pct_req_rsp_latency_15:
  cxi0: 6697497
  cxi1: 6603723
  cxi2: 6607654
  cxi3: 6585525
  cxi4: 6612454
  cxi5: 6591804
  cxi6: 6614627
  cxi7: 6642315
  total: 52955599
pct_req_rsp_latency_16:
  cxi0: 6749971
  cxi1: 6668854
  cxi2: 6668401
  cxi3: 6643904
  cxi4: 6683085
  cxi5: 6668385
  cxi6: 6683514
  cxi7: 6711432
  total: 53477546
pct_req_rsp_latency_17:
  cxi0: 6812714
  cxi1: 6700944
  cxi2: 6712431
  cxi3: 6671535
  cxi4: 6714677
  cxi5: 6703236
  cxi6: 6718285
  cxi7: 6755204
  total: 53789026
pct_req_rsp_latency_18:
  cxi0: 6776885
  cxi1: 6645918
  cxi2: 6681476
  cxi3: 6612183
  cxi4: 6678219
  cxi5: 6663179
  cxi6: 6673119
  cxi7: 6718401
  total: 53449380
pct_req_rsp_latency_19:
  cxi0: 6622782
  cxi1: 6515614
  cxi2: 6551002
  cxi3: 6492715
  cxi4: 6573063
  cxi5: 6549262
  cxi6: 6545273
  cxi7: 6582468
  total: 52432179
pct_req_rsp_latency_20:
  cxi0: 6426230
  cxi1: 6333853
  cxi2: 6364264
  cxi3: 6314687
  cxi4: 6402086
  cxi5: 6373682
  cxi6: 6362890
  cxi7: 6403161
  total: 50980853
pct_req_rsp_latency_21:
  cxi0: 6181282
  cxi1: 6109393
  cxi2: 6123123
  cxi3: 6085820
  cxi4: 6173003
  cxi5: 6152941
  cxi6: 6140728
  cxi7: 6172882
  total: 49139172
pct_req_rsp_latency_22:
  cxi0: 5918154
  cxi1: 5858453
  cxi2: 5863939
  cxi3: 5832536
  cxi4: 5931166
  cxi5: 5904741
  cxi6: 5892278
  cxi7: 5919971
  total: 47121238
pct_req_rsp_latency_23:
  cxi0: 5626417
  cxi1: 5593667
  cxi2: 5578297
  cxi3: 5559256
  cxi4: 5653043
  cxi5: 5634642
  cxi6: 5623247
  cxi7: 5632071
  total: 44900640
pct_req_rsp_latency_24:
  cxi0: 5324118
  cxi1: 5295547
  cxi2: 5277535
  cxi3: 5255307
  cxi4: 5362682
  cxi5: 5339143
  cxi6: 5322223
  cxi7: 5342445
  total: 42519000
pct_req_rsp_latency_25:
  cxi0: 5005123
  cxi1: 4976876
  cxi2: 4955220
  cxi3: 4929043
  cxi4: 5039415
  cxi5: 5020574
  cxi6: 5001218
  cxi7: 5022176
  total: 39949645
pct_req_rsp_latency_26:
  cxi0: 4668602
  cxi1: 4641944
  cxi2: 4614744
  cxi3: 4593335
  cxi4: 4712889
  cxi5: 4689226
  cxi6: 4662617
  cxi7: 4684364
  total: 37267721
pct_req_rsp_latency_27:
  cxi0: 4326386
  cxi1: 4298057
  cxi2: 4268452
  cxi3: 4247452
  cxi4: 4383736
  cxi5: 4350294
  cxi6: 4316106
  cxi7: 4337151
  total: 34527634
pct_req_rsp_latency_28:
  cxi0: 3981330
  cxi1: 3968723
  cxi2: 3927776
  cxi3: 3911040
  cxi4: 4052384
  cxi5: 4027268
  cxi6: 3979586
  cxi7: 3994063
  total: 31842170
pct_req_rsp_latency_29:
  cxi0: 3653389
  cxi1: 3655093
  cxi2: 3601986
  cxi3: 3589152
  cxi4: 3727504
  cxi5: 3712514
  cxi6: 3652705
  cxi7: 3668551
  total: 29260894
pct_req_rsp_latency_30:
  cxi0: 3340037
  cxi1: 3356753
  cxi2: 3303370
  cxi3: 3284357
  cxi4: 3425117
  cxi5: 3409885
  cxi6: 3344797
  cxi7: 3359074
  total: 26823390
pct_req_rsp_latency_31:
  cxi0: 28303777
  cxi1: 28745813
  cxi2: 28152754
  cxi3: 27243577
  cxi4: 29956424
  cxi5: 29622625
  cxi6: 28207900
  cxi7: 28374662
  total: 228607532
