=== x1922c5s6b0n0 === (8 NICs)
atu_cache_hit_base_page_size_0:
  cxi0: 954735854
  cxi1: 950529148
  cxi2: 954840855
  cxi3: 949357139
  cxi4: 953443184
  cxi5: 954075108
  cxi6: 951112045
  cxi7: 954369984
  total: 7622463317
atu_cache_miss_0:
  cxi0: 24286255
  cxi1: 18788713
  cxi2: 22591421
  cxi3: 14979959
  cxi4: 15361155
  cxi5: 15532765
  cxi6: 14953515
  cxi7: 18349877
  total: 144843660
ixe_disp_amo_events:
  cxi0: 28024
  cxi1: 3916
  cxi2: 3926
  cxi3: 3772
  cxi4: 24916
  cxi5: 4064
  cxi6: 3774
  cxi7: 3908
  total: 76300
ixe_disp_lpe_amos:
  cxi0: 28024
  cxi1: 3916
  cxi2: 3926
  cxi3: 3772
  cxi4: 24916
  cxi5: 4064
  cxi6: 3774
  cxi7: 3908
  total: 76300
ixe_disp_lpe_amos_ok:
  cxi0: 28024
  cxi1: 3916
  cxi2: 3926
  cxi3: 3772
  cxi4: 24916
  cxi5: 4064
  cxi6: 3774
  cxi7: 3908
  total: 76300
pct_retry_trs_put:
  cxi0: 0
  cxi1: 0
  cxi2: 0
  cxi3: 0
  cxi4: 0
  cxi5: 0
  cxi6: 0
  cxi7: 0
  total: 0
mst_stalled_waiting_put_crdts:
  cxi0: 0
  cxi1: 0
  cxi2: 0
  cxi3: 0
  cxi4: 0
  cxi5: 0
  cxi6: 0
  cxi7: 0
  total: 0
hni_sts_tx_ok_octets:
  cxi0: 58916461338076
  cxi1: 58321343587697
  cxi2: 34555540178211
  cxi3: 32059021025117
  cxi4: 32032819881043
  cxi5: 34094010341833
  cxi6: 57571446448570
  cxi7: 59853679935368
  total: 367404322735915
hni_sts_rx_ok_octets:
  cxi0: 59731402015463
  cxi1: 59098992428484
  cxi2: 35308516944550
  cxi3: 32731694854613
  cxi4: 32158700443621
  cxi5: 34238951914274
  cxi6: 57650292047717
  cxi7: 59875073644390
  total: 370793624293112
hni_tx_ok_64:
  cxi0: 188200080
  cxi1: 186845174
  cxi2: 188148740
  cxi3: 186194015
  cxi4: 186747387
  cxi5: 186690422
  cxi6: 186593249
  cxi7: 187509945
  total: 1496929012
hni_tx_ok_65_to_127:
  cxi0: 160079
  cxi1: 126362
  cxi2: 126807
  cxi3: 122325
  cxi4: 151816
  cxi5: 131297
  cxi6: 122016
  cxi7: 126538
  total: 1067240
hni_tx_ok_128_to_255:
  cxi0: 28328
  cxi1: 27160
  cxi2: 29791
  cxi3: 28762
  cxi4: 27047
  cxi5: 28069
  cxi6: 26814
  cxi7: 27848
  total: 223819
hni_tx_ok_256_to_511:
  cxi0: 15011
  cxi1: 14706
  cxi2: 16075
  cxi3: 15816
  cxi4: 13939
  cxi5: 15116
  cxi6: 54942
  cxi7: 56072
  total: 201677
hni_tx_ok_512_to_1023:
  cxi0: 15104
  cxi1: 14153
  cxi2: 15743
  cxi3: 14703
  cxi4: 14252
  cxi5: 15056
  cxi6: 15805
  cxi7: 16986
  total: 121802
hni_tx_ok_1024_to_2047:
  cxi0: 24557
  cxi1: 19650
  cxi2: 21600
  cxi3: 16634
  cxi4: 16462
  cxi5: 16983
  cxi6: 16751
  cxi7: 19247
  total: 151884
hni_tx_ok_4096_to_8191:
  cxi0: 0
  cxi1: 0
  cxi2: 0
  cxi3: 0
  cxi4: 0
  cxi5: 0
  cxi6: 0
  cxi7: 8
  total: 8
hni_tx_ok_8192_to_max:
  cxi0: 0
  cxi1: 0
  cxi2: 0
  cxi3: 0
  cxi4: 0
  cxi5: 0
  cxi6: 0
  cxi7: 44
  total: 44
hni_rx_ok_64:
  cxi0: 197053676
  cxi1: 195339959
  cxi2: 196694869
  cxi3: 194488373
  cxi4: 195303386
  cxi5: 195481632
  cxi6: 194791725
  cxi7: 195955085
  total: 1565108705
hni_rx_ok_65_to_127:
  cxi0: 81656
  cxi1: 55892
  cxi2: 56384
  cxi3: 55803
  cxi4: 77697
  cxi5: 54019
  cxi6: 52090
  cxi7: 51530
  total: 485071
hni_rx_ok_128_to_255:
  cxi0: 101
  cxi1: 64
  cxi2: 2686
  cxi3: 2662
  cxi4: 139
  cxi5: 172
  cxi6: 888
  cxi7: 936
  total: 7648
hni_rx_ok_256_to_511:
  cxi0: 979
  cxi1: 1115
  cxi2: 2424
  cxi3: 2657
  cxi4: 542
  cxi5: 1224
  cxi6: 41981
  cxi7: 42634
  total: 93556
hni_rx_ok_512_to_1023:
  cxi0: 846
  cxi1: 865
  cxi2: 2193
  cxi3: 1542
  cxi4: 632
  cxi5: 921
  cxi6: 2778
  cxi7: 3164
  total: 12941
hni_rx_ok_1024_to_2047:
  cxi0: 10847
  cxi1: 6291
  cxi2: 8342
  cxi3: 4130
  cxi4: 3469
  cxi5: 3595
  cxi6: 4072
  cxi7: 6365
  total: 47111
hni_rx_ok_4096_to_8191:
  cxi0: 2
  cxi1: 0
  cxi2: 0
  cxi3: 0
  cxi4: 0
  cxi5: 0
  cxi6: 0
  cxi7: 0
  total: 2
hni_rx_ok_8192_to_max:
  cxi0: 26
  cxi1: 0
  cxi2: 0
  cxi3: 0
  cxi4: 0
  cxi5: 0
  cxi6: 0
  cxi7: 0
  total: 26
hni_llr_tx_replay_event:
  cxi0: 0
  cxi1: 0
  cxi2: 0
  cxi3: 0
  cxi4: 0
  cxi5: 0
  cxi6: 0
  cxi7: 0
  total: 0
hni_llr_rx_replay_event:
  cxi0: 0
  cxi1: 0
  cxi2: 0
  cxi3: 0
  cxi4: 0
  cxi5: 0
  cxi6: 0
  cxi7: 0
  total: 0
hni_llr_tx_nack_ctl_os:
  cxi0: 0
  cxi1: 0
  cxi2: 0
  cxi3: 0
  cxi4: 0
  cxi5: 0
  cxi6: 0
  cxi7: 0
  total: 0
hni_llr_rx_nack_ctl_os:
  cxi0: 0
  cxi1: 0
  cxi2: 0
  cxi3: 0
  cxi4: 0
  cxi5: 0
  cxi6: 0
  cxi7: 0
  total: 0
hni_llr_tx_discard:
  cxi0: 0
  cxi1: 0
  cxi2: 0
  cxi3: 0
  cxi4: 0
  cxi5: 0
  cxi6: 0
  cxi7: 0
  total: 0
pct_rsp_err_rcvd:
  cxi0: 0
  cxi1: 0
  cxi2: 6
  cxi3: 9
  cxi4: 0
  cxi5: 0
  cxi6: 19
  cxi7: 15
  total: 49
pct_rsp_dropped_timeout:
  cxi0: 0
  cxi1: 0
  cxi2: 0
  cxi3: 0
  cxi4: 0
  cxi5: 0
  cxi6: 0
  cxi7: 0
  total: 0
pct_rsp_dropped_try:
  cxi0: 0
  cxi1: 0
  cxi2: 0
  cxi3: 0
  cxi4: 0
  cxi5: 0
  cxi6: 0
  cxi7: 0
  total: 0
pct_bad_seq_nacks:
  cxi0: 0
  cxi1: 0
  cxi2: 1
  cxi3: 5
  cxi4: 0
  cxi5: 0
  cxi6: 8
  cxi7: 7
  total: 21
pct_no_trs_nacks:
  cxi0: 0
  cxi1: 0
  cxi2: 0
  cxi3: 0
  cxi4: 0
  cxi5: 0
  cxi6: 0
  cxi7: 0
  total: 0
ixe_rx_pkt_drop_pct:
  cxi0: 0
  cxi1: 0
  cxi2: 0
  cxi3: 0
  cxi4: 0
  cxi5: 0
  cxi6: 0
  cxi7: 0
  total: 0
ixe_rx_pkt_drop_ixe_parser:
  cxi0: 0
  cxi1: 0
  cxi2: 0
  cxi3: 0
  cxi4: 0
  cxi5: 0
  cxi6: 0
  cxi7: 0
  total: 0
pct_req_rsp_latency_0:
  cxi0: 493593
  cxi1: 463856
  cxi2: 704631
  cxi3: 669991
  cxi4: 259500
  cxi5: 254648
  cxi6: 531981
  cxi7: 552322
  total: 3930522
pct_req_rsp_latency_1:
  cxi0: 1481509
  cxi1: 1409710
  cxi2: 1732601
  cxi3: 1764305
  cxi4: 842951
  cxi5: 813944
  cxi6: 1103033
  cxi7: 1091910
  total: 10239963
pct_req_rsp_latency_2:
  cxi0: 3728263
  cxi1: 3736746
  cxi2: 4003641
  cxi3: 3990649
  cxi4: 3037478
  cxi5: 3083894
  cxi6: 3299367
  cxi7: 3333702
  total: 28213740
pct_req_rsp_latency_3:
  cxi0: 5555498
  cxi1: 5515757
  cxi2: 5743935
  cxi3: 5629720
  cxi4: 4690402
  cxi5: 4776491
  cxi6: 4885856
  cxi7: 4881210
  total: 41678869
pct_req_rsp_latency_4:
  cxi0: 7094876
  cxi1: 6907830
  cxi2: 7110966
  cxi3: 6981943
  cxi4: 6560900
  cxi5: 6618486
  cxi6: 6779756
  cxi7: 6676267
  total: 54731024
pct_req_rsp_latency_5:
  cxi0: 6405432
  cxi1: 6268686
  cxi2: 6394666
  cxi3: 6345607
  cxi4: 6356481
  cxi5: 6477981
  cxi6: 6448477
  cxi7: 6446959
  total: 51144289
pct_req_rsp_latency_6:
  cxi0: 6306493
  cxi1: 6150914
  cxi2: 6256537
  cxi3: 6209128
  cxi4: 6377538
  cxi5: 6531560
  cxi6: 6419342
  cxi7: 6523817
  total: 50775329
pct_req_rsp_latency_7:
  cxi0: 6452395
  cxi1: 6228245
  cxi2: 6433804
  cxi3: 6253419
  cxi4: 6448293
  cxi5: 6633433
  cxi6: 6485390
  cxi7: 6750899
  total: 51685878
pct_req_rsp_latency_8:
  cxi0: 6045277
  cxi1: 5979198
  cxi2: 6071285
  cxi3: 5995696
  cxi4: 6066499
  cxi5: 6221658
  cxi6: 6104286
  cxi7: 6304557
  total: 48788456
pct_req_rsp_latency_9:
  cxi0: 5785921
  cxi1: 5773564
  cxi2: 5835491
  cxi3: 5780789
  cxi4: 5759459
  cxi5: 5825364
  cxi6: 5828115
  cxi7: 5903510
  total: 46492213
pct_req_rsp_latency_10:
  cxi0: 5878216
  cxi1: 5866299
  cxi2: 5909932
  cxi3: 5869497
  cxi4: 5822281
  cxi5: 5865510
  cxi6: 5911070
  cxi7: 5918383
  total: 47041188
pct_req_rsp_latency_11:
  cxi0: 6029308
  cxi1: 5991450
  cxi2: 6042473
  cxi3: 5996930
  cxi4: 5942900
  cxi5: 5978246
  cxi6: 6020901
  cxi7: 6027352
  total: 48029560
pct_req_rsp_latency_12:
  cxi0: 6224910
  cxi1: 6179009
  cxi2: 6212339
  cxi3: 6171084
  cxi4: 6125918
  cxi5: 6156094
  cxi6: 6200894
  cxi7: 6216668
  total: 49486916
pct_req_rsp_latency_13:
  cxi0: 6426437
  cxi1: 6360605
  cxi2: 6377350
  cxi3: 6336547
  cxi4: 6318884
  cxi5: 6331341
  cxi6: 6376109
  cxi7: 6395395
  total: 50922668
pct_req_rsp_latency_14:
  cxi0: 6603787
  cxi1: 6492489
  cxi2: 6501773
  cxi3: 6466812
  cxi4: 6478215
  cxi5: 6469294
  cxi6: 6510827
  cxi7: 6532219
  total: 52055416
pct_req_rsp_latency_15:
  cxi0: 6697497
  cxi1: 6603723
  cxi2: 6607654
  cxi3: 6585525
  cxi4: 6612454
  cxi5: 6591804
  cxi6: 6614627
  cxi7: 6642315
  total: 52955599
pct_req_rsp_latency_16:
  cxi0: 6749971
  cxi1: 6668854
  cxi2: 6668401
  cxi3: 6643904
  cxi4: 6683085
  cxi5: 6668385
  cxi6: 6683514
  cxi7: 6711432
  total: 53477546
pct_req_rsp_latency_17:
  cxi0: 6812714
  cxi1: 6700944
  cxi2: 6712431
  cxi3: 6671535
  cxi4: 6714677
  cxi5: 6703236
  cxi6: 6718285
  cxi7: 6755204
  total: 53789026
pct_req_rsp_latency_18:
  cxi0: 6776885
  cxi1: 6645918
  cxi2: 6681476
  cxi3: 6612183
  cxi4: 6678219
  cxi5: 6663179
  cxi6: 6673119
  cxi7: 6718401
  total: 53449380
pct_req_rsp_latency_19:
  cxi0: 6622782
  cxi1: 6515614
  cxi2: 6551002
  cxi3: 6492715
  cxi4: 6573063
  cxi5: 6549262
  cxi6: 6545273
  cxi7: 6582468
  total: 52432179
pct_req_rsp_latency_20:
  cxi0: 6426230
  cxi1: 6333853
  cxi2: 6364264
  cxi3: 6314687
  cxi4: 6402086
  cxi5: 6373682
  cxi6: 6362890
  cxi7: 6403161
  total: 50980853
pct_req_rsp_latency_21:
  cxi0: 6181282
  cxi1: 6109393
  cxi2: 6123123
  cxi3: 6085820
  cxi4: 6173003
  cxi5: 6152941
  cxi6: 6140728
  cxi7: 6172882
  total: 49139172
pct_req_rsp_latency_22:
  cxi0: 5918154
  cxi1: 5858453
  cxi2: 5863939
  cxi3: 5832536
  cxi4: 5931166
  cxi5: 5904741
  cxi6: 5892278
  cxi7: 5919971
  total: 47121238
pct_req_rsp_latency_23:
  cxi0: 5626417
  cxi1: 5593667
  cxi2: 5578297
  cxi3: 5559256
  cxi4: 5653043
  cxi5: 5634642
  cxi6: 5623247
  cxi7: 5632071
  total: 44900640
pct_req_rsp_latency_24:
  cxi0: 5324118
  cxi1: 5295547
  cxi2: 5277535
  cxi3: 5255307
  cxi4: 5362682
  cxi5: 5339143
  cxi6: 5322223
  cxi7: 5342445
  total: 42519000
pct_req_rsp_latency_25:
  cxi0: 5005123
  cxi1: 4976876
  cxi2: 4955220
  cxi3: 4929043
  cxi4: 5039415
  cxi5: 5020574
  cxi6: 5001218
  cxi7: 5022176
  total: 39949645
pct_req_rsp_latency_26:
  cxi0: 4668602
  cxi1: 4641944
  cxi2: 4614744
  cxi3: 4593335
  cxi4: 4712889
  cxi5: 4689226
  cxi6: 4662617
  cxi7: 4684364
  total: 37267721
pct_req_rsp_latency_27:
  cxi0: 4326386
  cxi1: 4298057
  cxi2: 4268452
  cxi3: 4247452
  cxi4: 4383736
  cxi5: 4350294
  cxi6: 4316106
  cxi7: 4337151
  total: 34527634
pct_req_rsp_latency_28:
  cxi0: 3981330
  cxi1: 3968723
  cxi2: 3927776
  cxi3: 3911040
  cxi4: 4052384
  cxi5: 4027268
  cxi6: 3979586
  cxi7: 3994063
  total: 31842170
pct_req_rsp_latency_29:
  cxi0: 3653389
  cxi1: 3655093
  cxi2: 3601986
  cxi3: 3589152
  cxi4: 3727504
  cxi5: 3712514
  cxi6: 3652705
  cxi7: 3668551
  total: 29260894
pct_req_rsp_latency_30:
  cxi0: 3340037
  cxi1: 3356753
  cxi2: 3303370
  cxi3: 3284357
  cxi4: 3425117
  cxi5: 3409885
  cxi6: 3344797
  cxi7: 3359074
  total: 26823390
pct_req_rsp_latency_31:
  cxi0: 28303777
  cxi1: 28745813
  cxi2: 28152754
  cxi3: 27243577
  cxi4: 29956424
  cxi5: 29622625
  cxi6: 28207900
  cxi7: 28374662
  total: 228607532
