=== x1922c5s7b0n0 === (8 NICs)
atu_cache_hit_base_page_size_0:
  cxi0: 935045624
  cxi1: 928207424
  cxi2: 928786116
  cxi3: 926034672
  cxi4: 926104537
  cxi5: 929297896
  cxi6: 927905166
  cxi7: 929720877
  total: 7431102312
atu_cache_miss_0:
  cxi0: 15002337
  cxi1: 7889776
  cxi2: 8170512
  cxi3: 4281360
  cxi4: 3636840
  cxi5: 9374935
  cxi6: 7077092
  cxi7: 11634487
  total: 67067339
ixe_disp_amo_events:
  cxi0: 30248
  cxi1: 16042
  cxi2: 17276
  cxi3: 16659
  cxi4: 28107
  cxi5: 16659
  cxi6: 16659
  cxi7: 17276
  total: 158926
ixe_disp_lpe_amos:
  cxi0: 30248
  cxi1: 16042
  cxi2: 17276
  cxi3: 16659
  cxi4: 28107
  cxi5: 16659
  cxi6: 16659
  cxi7: 17276
  total: 158926
ixe_disp_lpe_amos_ok:
  cxi0: 30248
  cxi1: 16042
  cxi2: 17276
  cxi3: 16659
  cxi4: 28107
  cxi5: 16659
  cxi6: 16659
  cxi7: 17276
  total: 158926
pct_retry_trs_put:
  cxi0: 0
  cxi1: 0
  cxi2: 0
  cxi3: 0
  cxi4: 0
  cxi5: 0
  cxi6: 0
  cxi7: 0
  total: 0
mst_stalled_waiting_put_crdts:
  cxi0: 0
  cxi1: 0
  cxi2: 0
  cxi3: 0
  cxi4: 0
  cxi5: 0
  cxi6: 0
  cxi7: 0
  total: 0
hni_sts_tx_ok_octets:
  cxi0: 42921059551036
  cxi1: 44309898283916
  cxi2: 24613211742342
  cxi3: 23880265450623
  cxi4: 23950998405840
  cxi5: 24547849025846
  cxi6: 42743505354302
  cxi7: 44381686859424
  total: 271348474673329
hni_sts_rx_ok_octets:
  cxi0: 43726965942745
  cxi1: 45152614153039
  cxi2: 25368235111202
  cxi3: 24660913165732
  cxi4: 24110430489565
  cxi5: 24716340446847
  cxi6: 42883435584238
  cxi7: 44525848377527
  total: 275144783270895
hni_tx_ok_64:
  cxi0: 189108508
  cxi1: 186855846
  cxi2: 187150797
  cxi3: 186005519
  cxi4: 185818614
  cxi5: 187285540
  cxi6: 186709999
  cxi7: 187721770
  total: 1496656593
hni_tx_ok_65_to_127:
  cxi0: 21747
  cxi1: 6972
  cxi2: 7472
  cxi3: 7141
  cxi4: 19633
  cxi5: 7118
  cxi6: 7560
  cxi7: 7932
  total: 85575
hni_tx_ok_128_to_255:
  cxi0: 326
  cxi1: 134
  cxi2: 2280
  cxi3: 2248
  cxi4: 44
  cxi5: 69
  cxi6: 1264
  cxi7: 1299
  total: 7664
hni_tx_ok_256_to_511:
  cxi0: 890
  cxi1: 964
  cxi2: 42921
  cxi3: 43182
  cxi4: 449
  cxi5: 784
  cxi6: 1193
  cxi7: 1555
  total: 91938
hni_tx_ok_512_to_1023:
  cxi0: 1398
  cxi1: 726
  cxi2: 2094
  cxi3: 1700
  cxi4: 574
  cxi5: 1138
  cxi6: 2022
  cxi7: 2539
  total: 12191
hni_tx_ok_1024_to_2047:
  cxi0: 10522
  cxi1: 6054
  cxi2: 3004
  cxi3: 976
  cxi4: 2417
  cxi5: 6333
  cxi6: 2829
  cxi7: 3846
  total: 35981
hni_tx_ok_4096_to_8191:
  cxi0: 0
  cxi1: 0
  cxi2: 0
  cxi3: 0
  cxi4: 0
  cxi5: 0
  cxi6: 0
  cxi7: 0
  total: 0
hni_tx_ok_8192_to_max:
  cxi0: 0
  cxi1: 0
  cxi2: 0
  cxi3: 0
  cxi4: 0
  cxi5: 0
  cxi6: 0
  cxi7: 0
  total: 0
hni_rx_ok_64:
  cxi0: 188992158
  cxi1: 186705439
  cxi2: 187002786
  cxi3: 185973729
  cxi4: 185749551
  cxi5: 187182477
  cxi6: 186568937
  cxi7: 187618492
  total: 1495793569
hni_rx_ok_65_to_127:
  cxi0: 91968
  cxi1: 76697
  cxi2: 79195
  cxi3: 77078
  cxi4: 86652
  cxi5: 74317
  cxi6: 73627
  cxi7: 74118
  total: 633652
hni_rx_ok_128_to_255:
  cxi0: 104
  cxi1: 57
  cxi2: 2195
  cxi3: 2178
  cxi4: 108
  cxi5: 145
  cxi6: 1337
  cxi7: 1363
  total: 7487
hni_rx_ok_256_to_511:
  cxi0: 874
  cxi1: 892
  cxi2: 42805
  cxi3: 43074
  cxi4: 525
  cxi5: 863
  cxi6: 1231
  cxi7: 1582
  total: 91846
hni_rx_ok_512_to_1023:
  cxi0: 1091
  cxi1: 663
  cxi2: 1737
  cxi3: 1232
  cxi4: 495
  cxi5: 1110
  cxi6: 2056
  cxi7: 2135
  total: 10519
hni_rx_ok_1024_to_2047:
  cxi0: 10881
  cxi1: 6532
  cxi2: 3768
  cxi3: 1634
  cxi4: 2739
  cxi5: 6410
  cxi6: 3285
  cxi7: 4656
  total: 39905
hni_rx_ok_4096_to_8191:
  cxi0: 8
  cxi1: 0
  cxi2: 0
  cxi3: 0
  cxi4: 0
  cxi5: 0
  cxi6: 0
  cxi7: 0
  total: 8
hni_rx_ok_8192_to_max:
  cxi0: 48
  cxi1: 0
  cxi2: 0
  cxi3: 0
  cxi4: 0
  cxi5: 0
  cxi6: 0
  cxi7: 0
  total: 48
hni_llr_tx_replay_event:
  cxi0: 0
  cxi1: 0
  cxi2: 0
  cxi3: 0
  cxi4: 0
  cxi5: 0
  cxi6: 0
  cxi7: 0
  total: 0
hni_llr_rx_replay_event:
  cxi0: 0
  cxi1: 0
  cxi2: 0
  cxi3: 0
  cxi4: 0
  cxi5: 0
  cxi6: 0
  cxi7: 0
  total: 0
hni_llr_tx_nack_ctl_os:
  cxi0: 0
  cxi1: 0
  cxi2: 0
  cxi3: 0
  cxi4: 0
  cxi5: 0
  cxi6: 0
  cxi7: 0
  total: 0
hni_llr_rx_nack_ctl_os:
  cxi0: 0
  cxi1: 0
  cxi2: 0
  cxi3: 0
  cxi4: 0
  cxi5: 0
  cxi6: 0
  cxi7: 0
  total: 0
hni_llr_tx_discard:
  cxi0: 0
  cxi1: 0
  cxi2: 0
  cxi3: 0
  cxi4: 0
  cxi5: 0
  cxi6: 0
  cxi7: 0
  total: 0
pct_rsp_err_rcvd:
  cxi0: 0
  cxi1: 0
  cxi2: 11
  cxi3: 13
  cxi4: 0
  cxi5: 0
  cxi6: 14
  cxi7: 14
  total: 52
pct_rsp_dropped_timeout:
  cxi0: 0
  cxi1: 0
  cxi2: 0
  cxi3: 0
  cxi4: 0
  cxi5: 0
  cxi6: 0
  cxi7: 0
  total: 0
pct_rsp_dropped_try:
  cxi0: 0
  cxi1: 0
  cxi2: 0
  cxi3: 0
  cxi4: 0
  cxi5: 0
  cxi6: 0
  cxi7: 0
  total: 0
pct_bad_seq_nacks:
  cxi0: 0
  cxi1: 0
  cxi2: 4
  cxi3: 7
  cxi4: 0
  cxi5: 0
  cxi6: 6
  cxi7: 6
  total: 23
pct_no_trs_nacks:
  cxi0: 0
  cxi1: 0
  cxi2: 0
  cxi3: 0
  cxi4: 0
  cxi5: 0
  cxi6: 0
  cxi7: 0
  total: 0
ixe_rx_pkt_drop_pct:
  cxi0: 0
  cxi1: 0
  cxi2: 0
  cxi3: 0
  cxi4: 0
  cxi5: 0
  cxi6: 0
  cxi7: 0
  total: 0
ixe_rx_pkt_drop_ixe_parser:
  cxi0: 0
  cxi1: 0
  cxi2: 0
  cxi3: 0
  cxi4: 0
  cxi5: 0
  cxi6: 0
  cxi7: 0
  total: 0
pct_req_rsp_latency_0:
  cxi0: 946654
  cxi1: 924395
  cxi2: 188864
  cxi3: 186828
  cxi4: 56391
  cxi5: 58864
  cxi6: 187535
  cxi7: 195084
  total: 2744615
pct_req_rsp_latency_1:
  cxi0: 950120
  cxi1: 979514
  cxi2: 492834
  cxi3: 490743
  cxi4: 286104
  cxi5: 310964
  cxi6: 562605
  cxi7: 574025
  total: 4646909
pct_req_rsp_latency_2:
  cxi0: 1634022
  cxi1: 1679421
  cxi2: 1310666
  cxi3: 1315501
  cxi4: 1136426
  cxi5: 1205919
  cxi6: 1332601
  cxi7: 1351233
  total: 10965789
pct_req_rsp_latency_3:
  cxi0: 4241965
  cxi1: 4223152
  cxi2: 4252282
  cxi3: 4253630
  cxi4: 4151425
  cxi5: 4135976
  cxi6: 4183526
  cxi7: 4180490
  total: 33622446
pct_req_rsp_latency_4:
  cxi0: 5605295
  cxi1: 5566825
  cxi2: 5718780
  cxi3: 5702006
  cxi4: 5693854
  cxi5: 5602910
  cxi6: 5700453
  cxi7: 5673246
  total: 45263369
pct_req_rsp_latency_5:
  cxi0: 5131784
  cxi1: 5077205
  cxi2: 5155778
  cxi3: 5141539
  cxi4: 5118645
  cxi5: 5079092
  cxi6: 5165310
  cxi7: 5122802
  total: 40992155
pct_req_rsp_latency_6:
  cxi0: 5050321
  cxi1: 4960688
  cxi2: 5010591
  cxi3: 4985538
  cxi4: 4966531
  cxi5: 4973718
  cxi6: 5039630
  cxi7: 4997748
  total: 39984765
pct_req_rsp_latency_7:
  cxi0: 5403975
  cxi1: 5139751
  cxi2: 5277488
  cxi3: 5127471
  cxi4: 5074076
  cxi5: 5201808
  cxi6: 5225598
  cxi7: 5250405
  total: 41700572
pct_req_rsp_latency_8:
  cxi0: 5416618
  cxi1: 5289143
  cxi2: 5393974
  cxi3: 5280788
  cxi4: 5256811
  cxi5: 5365469
  cxi6: 5396204
  cxi7: 5395982
  total: 42794989
pct_req_rsp_latency_9:
  cxi0: 5506308
  cxi1: 5440212
  cxi2: 5526722
  cxi3: 5452160
  cxi4: 5442253
  cxi5: 5489903
  cxi6: 5531642
  cxi7: 5554708
  total: 43943908
pct_req_rsp_latency_10:
  cxi0: 5701493
  cxi1: 5632369
  cxi2: 5708599
  cxi3: 5661144
  cxi4: 5650973
  cxi5: 5688473
  cxi6: 5718777
  cxi7: 5731047
  total: 45492875
pct_req_rsp_latency_11:
  cxi0: 5918221
  cxi1: 5847517
  cxi2: 5907637
  cxi3: 5866343
  cxi4: 5874805
  cxi5: 5900233
  cxi6: 5925188
  cxi7: 5928773
  total: 47168717
pct_req_rsp_latency_12:
  cxi0: 6124097
  cxi1: 6048462
  cxi2: 6115862
  cxi3: 6069980
  cxi4: 6098973
  cxi5: 6116500
  cxi6: 6128268
  cxi7: 6167275
  total: 48869417
pct_req_rsp_latency_13:
  cxi0: 6309691
  cxi1: 6231654
  cxi2: 6296223
  cxi3: 6260375
  cxi4: 6290153
  cxi5: 6307948
  cxi6: 6318919
  cxi7: 6316669
  total: 50331632
pct_req_rsp_latency_14:
  cxi0: 6462763
  cxi1: 6372669
  cxi2: 6446738
  cxi3: 6406656
  cxi4: 6444027
  cxi5: 6458237
  cxi6: 6467500
  cxi7: 6445018
  total: 51503608
pct_req_rsp_latency_15:
  cxi0: 6554637
  cxi1: 6480588
  cxi2: 6560123
  cxi3: 6528673
  cxi4: 6562668
  cxi5: 6579944
  cxi6: 6583222
  cxi7: 6559002
  total: 52408857
pct_req_rsp_latency_16:
  cxi0: 6615220
  cxi1: 6538039
  cxi2: 6634803
  cxi3: 6613034
  cxi4: 6620623
  cxi5: 6644358
  cxi6: 6654562
  cxi7: 6645355
  total: 52965994
pct_req_rsp_latency_17:
  cxi0: 6677041
  cxi1: 6588795
  cxi2: 6679740
  cxi3: 6675887
  cxi4: 6651339
  cxi5: 6679035
  cxi6: 6695661
  cxi7: 6712694
  total: 53360192
pct_req_rsp_latency_18:
  cxi0: 6661833
  cxi1: 6544479
  cxi2: 6659763
  cxi3: 6651247
  cxi4: 6620378
  cxi5: 6644231
  cxi6: 6646482
  cxi7: 6694906
  total: 53123319
pct_req_rsp_latency_19:
  cxi0: 6505536
  cxi1: 6404628
  cxi2: 6537805
  cxi3: 6527241
  cxi4: 6518145
  cxi5: 6533085
  cxi6: 6523499
  cxi7: 6563322
  total: 52113261
pct_req_rsp_latency_20:
  cxi0: 6313339
  cxi1: 6222363
  cxi2: 6371838
  cxi3: 6345181
  cxi4: 6369530
  cxi5: 6366614
  cxi6: 6345932
  cxi7: 6402422
  total: 50737219
pct_req_rsp_latency_21:
  cxi0: 6084494
  cxi1: 6001086
  cxi2: 6143199
  cxi3: 6114054
  cxi4: 6145246
  cxi5: 6151368
  cxi6: 6116383
  cxi7: 6174374
  total: 48930204
pct_req_rsp_latency_22:
  cxi0: 5839180
  cxi1: 5771859
  cxi2: 5904952
  cxi3: 5869265
  cxi4: 5908979
  cxi5: 5917902
  cxi6: 5869631
  cxi7: 5913265
  total: 46995033
pct_req_rsp_latency_23:
  cxi0: 5580983
  cxi1: 5522524
  cxi2: 5642861
  cxi3: 5602771
  cxi4: 5644864
  cxi5: 5659429
  cxi6: 5602516
  cxi7: 5635580
  total: 44891528
pct_req_rsp_latency_24:
  cxi0: 5301172
  cxi1: 5249530
  cxi2: 5358156
  cxi3: 5321707
  cxi4: 5363085
  cxi5: 5380760
  cxi6: 5316335
  cxi7: 5344837
  total: 42635582
pct_req_rsp_latency_25:
  cxi0: 4996886
  cxi1: 4955363
  cxi2: 5048678
  cxi3: 5008962
  cxi4: 5050755
  cxi5: 5070849
  cxi6: 5010483
  cxi7: 5033520
  total: 40175496
pct_req_rsp_latency_26:
  cxi0: 4678438
  cxi1: 4639336
  cxi2: 4725755
  cxi3: 4688532
  cxi4: 4729849
  cxi5: 4749786
  cxi6: 4680471
  cxi7: 4711464
  total: 37603631
pct_req_rsp_latency_27:
  cxi0: 4349406
  cxi1: 4310882
  cxi2: 4393617
  cxi3: 4356312
  cxi4: 4401720
  cxi5: 4419331
  cxi6: 4342135
  cxi7: 4388778
  total: 34962181
pct_req_rsp_latency_28:
  cxi0: 4019150
  cxi1: 3989424
  cxi2: 4052678
  cxi3: 4036611
  cxi4: 4069297
  cxi5: 4097538
  cxi6: 4021036
  cxi7: 4051600
  total: 32337334
pct_req_rsp_latency_29:
  cxi0: 3710478
  cxi1: 3688623
  cxi2: 3734772
  cxi3: 3722217
  cxi4: 3747822
  cxi5: 3788337
  cxi6: 3705628
  cxi7: 3740556
  total: 29838433
pct_req_rsp_latency_30:
  cxi0: 3418035
  cxi1: 3406703
  cxi2: 3432859
  cxi3: 3429925
  cxi4: 3444383
  cxi5: 3482483
  cxi6: 3412703
  cxi7: 3457932
  total: 27485023
pct_req_rsp_latency_31:
  cxi0: 31342097
  cxi1: 31090507
  cxi2: 30341575
  cxi3: 30190046
  cxi4: 30379515
  cxi5: 31184669
  cxi6: 30251330
  cxi7: 30756214
  total: 245535953
