=== x1922c5s6b0n0 === (8 NICs)
atu_cache_hit_base_page_size_0:
  cxi0: 931721139
  cxi1: 928309720
  cxi2: 932110338
  cxi3: 926888006
  cxi4: 929003675
  cxi5: 928019282
  cxi6: 927162580
  cxi7: 928717568
  total: 7431932308
atu_cache_miss_0:
  cxi0: 12444894
  cxi1: 7406298
  cxi2: 11718685
  cxi3: 5090237
  cxi4: 6195088
  cxi5: 6746646
  cxi6: 6549381
  cxi7: 10403136
  total: 66554365
ixe_disp_amo_events:
  cxi0: 18419
  cxi1: 3159
  cxi2: 3159
  cxi3: 3042
  cxi4: 16494
  cxi5: 3276
  cxi6: 3042
  cxi7: 3159
  total: 53750
ixe_disp_lpe_amos:
  cxi0: 18419
  cxi1: 3159
  cxi2: 3159
  cxi3: 3042
  cxi4: 16494
  cxi5: 3276
  cxi6: 3042
  cxi7: 3159
  total: 53750
ixe_disp_lpe_amos_ok:
  cxi0: 18419
  cxi1: 3159
  cxi2: 3159
  cxi3: 3042
  cxi4: 16494
  cxi5: 3276
  cxi6: 3042
  cxi7: 3159
  total: 53750
pct_retry_trs_put:
  cxi0: 0
  cxi1: 0
  cxi2: 0
  cxi3: 0
  cxi4: 0
  cxi5: 0
  cxi6: 0
  cxi7: 0
  total: 0
mst_stalled_waiting_put_crdts:
  cxi0: 0
  cxi1: 0
  cxi2: 0
  cxi3: 0
  cxi4: 0
  cxi5: 0
  cxi6: 0
  cxi7: 0
  total: 0
hni_sts_tx_ok_octets:
  cxi0: 58898389613420
  cxi1: 58303919939265
  cxi2: 34538115849692
  cxi3: 32042242042648
  cxi4: 32015396511503
  cxi5: 34075944286738
  cxi6: 57554670339620
  cxi7: 59836258090135
  total: 367264936673021
hni_sts_rx_ok_octets:
  cxi0: 59730814172244
  cxi1: 59098428655875
  cxi2: 35307952228244
  cxi3: 32731151501360
  cxi4: 32158133214888
  cxi5: 34238365806806
  cxi6: 57649747516122
  cxi7: 59874508220816
  total: 370789101316355
hni_tx_ok_64:
  cxi0: 188111242
  cxi1: 186788010
  cxi2: 188091305
  cxi3: 186136178
  cxi4: 186662710
  cxi5: 186630221
  cxi6: 186535274
  cxi7: 187450988
  total: 1496405928
hni_tx_ok_65_to_127:
  cxi0: 51565
  cxi1: 34243
  cxi2: 34683
  cxi3: 33349
  cxi4: 48233
  cxi5: 35368
  cxi6: 32895
  cxi7: 34247
  total: 304583
hni_tx_ok_128_to_255:
  cxi0: 300
  cxi1: 132
  cxi2: 2758
  cxi3: 2729
  cxi4: 47
  cxi5: 69
  cxi6: 796
  cxi7: 831
  total: 7662
hni_tx_ok_256_to_511:
  cxi0: 946
  cxi1: 1048
  cxi2: 2442
  cxi3: 2593
  cxi4: 412
  cxi5: 954
  cxi6: 41831
  cxi7: 42315
  total: 92541
hni_tx_ok_512_to_1023:
  cxi0: 1017
  cxi1: 572
  cxi2: 2031
  cxi3: 1488
  cxi4: 680
  cxi5: 984
  cxi6: 2584
  cxi7: 3260
  total: 12616
hni_tx_ok_1024_to_2047:
  cxi0: 10553
  cxi1: 6150
  cxi2: 8099
  cxi3: 3634
  cxi4: 2962
  cxi5: 2983
  cxi6: 3751
  cxi7: 5741
  total: 43873
hni_tx_ok_4096_to_8191:
  cxi0: 0
  cxi1: 0
  cxi2: 0
  cxi3: 0
  cxi4: 0
  cxi5: 0
  cxi6: 0
  cxi7: 4
  total: 4
hni_tx_ok_8192_to_max:
  cxi0: 0
  cxi1: 0
  cxi2: 0
  cxi3: 0
  cxi4: 0
  cxi5: 0
  cxi6: 0
  cxi7: 24
  total: 24
hni_rx_ok_64:
  cxi0: 188051505
  cxi1: 186695860
  cxi2: 188048934
  cxi3: 186166195
  cxi4: 186661227
  cxi5: 186539674
  cxi6: 186492595
  cxi7: 187341974
  total: 1495997964
hni_rx_ok_65_to_127:
  cxi0: 66708
  cxi1: 50994
  cxi2: 51480
  cxi3: 51080
  cxi4: 64041
  cxi5: 49083
  cxi6: 47501
  cxi7: 46758
  total: 427645
hni_rx_ok_128_to_255:
  cxi0: 101
  cxi1: 64
  cxi2: 2682
  cxi3: 2658
  cxi4: 111
  cxi5: 144
  cxi6: 858
  cxi7: 890
  total: 7508
hni_rx_ok_256_to_511:
  cxi0: 945
  cxi1: 992
  cxi2: 2343
  cxi3: 2483
  cxi4: 480
  cxi5: 1027
  cxi6: 41852
  cxi7: 42354
  total: 92476
hni_rx_ok_512_to_1023:
  cxi0: 771
  cxi1: 793
  cxi2: 2011
  cxi3: 1366
  cxi4: 551
  cxi5: 840
  cxi6: 2574
  cxi7: 2969
  total: 11875
hni_rx_ok_1024_to_2047:
  cxi0: 10846
  cxi1: 6291
  cxi2: 8303
  cxi3: 4086
  cxi4: 3469
  cxi5: 3593
  cxi6: 4029
  cxi7: 6318
  total: 46935
hni_rx_ok_4096_to_8191:
  cxi0: 2
  cxi1: 0
  cxi2: 0
  cxi3: 0
  cxi4: 0
  cxi5: 0
  cxi6: 0
  cxi7: 0
  total: 2
hni_rx_ok_8192_to_max:
  cxi0: 26
  cxi1: 0
  cxi2: 0
  cxi3: 0
  cxi4: 0
  cxi5: 0
  cxi6: 0
  cxi7: 0
  total: 26
hni_llr_tx_replay_event:
  cxi0: 0
  cxi1: 0
  cxi2: 0
  cxi3: 0
  cxi4: 0
  cxi5: 0
  cxi6: 0
  cxi7: 0
  total: 0
hni_llr_rx_replay_event:
  cxi0: 0
  cxi1: 0
  cxi2: 0
  cxi3: 0
  cxi4: 0
  cxi5: 0
  cxi6: 0
  cxi7: 0
  total: 0
hni_llr_tx_nack_ctl_os:
  cxi0: 0
  cxi1: 0
  cxi2: 0
  cxi3: 0
  cxi4: 0
  cxi5: 0
  cxi6: 0
  cxi7: 0
  total: 0
hni_llr_rx_nack_ctl_os:
  cxi0: 0
  cxi1: 0
  cxi2: 0
  cxi3: 0
  cxi4: 0
  cxi5: 0
  cxi6: 0
  cxi7: 0
  total: 0
hni_llr_tx_discard:
  cxi0: 0
  cxi1: 0
  cxi2: 0
  cxi3: 0
  cxi4: 0
  cxi5: 0
  cxi6: 0
  cxi7: 0
  total: 0
pct_rsp_err_rcvd:
  cxi0: 0
  cxi1: 0
  cxi2: 6
  cxi3: 9
  cxi4: 0
  cxi5: 0
  cxi6: 19
  cxi7: 15
  total: 49
pct_rsp_dropped_timeout:
  cxi0: 0
  cxi1: 0
  cxi2: 0
  cxi3: 0
  cxi4: 0
  cxi5: 0
  cxi6: 0
  cxi7: 0
  total: 0
pct_rsp_dropped_try:
  cxi0: 0
  cxi1: 0
  cxi2: 0
  cxi3: 0
  cxi4: 0
  cxi5: 0
  cxi6: 0
  cxi7: 0
  total: 0
pct_bad_seq_nacks:
  cxi0: 0
  cxi1: 0
  cxi2: 1
  cxi3: 5
  cxi4: 0
  cxi5: 0
  cxi6: 8
  cxi7: 7
  total: 21
pct_no_trs_nacks:
  cxi0: 0
  cxi1: 0
  cxi2: 0
  cxi3: 0
  cxi4: 0
  cxi5: 0
  cxi6: 0
  cxi7: 0
  total: 0
ixe_rx_pkt_drop_pct:
  cxi0: 0
  cxi1: 0
  cxi2: 0
  cxi3: 0
  cxi4: 0
  cxi5: 0
  cxi6: 0
  cxi7: 0
  total: 0
ixe_rx_pkt_drop_ixe_parser:
  cxi0: 0
  cxi1: 0
  cxi2: 0
  cxi3: 0
  cxi4: 0
  cxi5: 0
  cxi6: 0
  cxi7: 0
  total: 0
pct_req_rsp_latency_0:
  cxi0: 225711
  cxi1: 214783
  cxi2: 460010
  cxi3: 437575
  cxi4: 91190
  cxi5: 84391
  cxi6: 380936
  cxi7: 396988
  total: 2291584
pct_req_rsp_latency_1:
  cxi0: 716727
  cxi1: 702810
  cxi2: 1081216
  cxi3: 1080901
  cxi4: 352970
  cxi5: 344635
  cxi6: 672707
  cxi7: 665005
  total: 5616971
pct_req_rsp_latency_2:
  cxi0: 1808114
  cxi1: 1782351
  cxi2: 2035872
  cxi3: 2033847
  cxi4: 1274548
  cxi5: 1306860
  cxi6: 1498895
  cxi7: 1504548
  total: 13245035
pct_req_rsp_latency_3:
  cxi0: 4783301
  cxi1: 4722628
  cxi2: 4995297
  cxi3: 4996987
  cxi4: 4316326
  cxi5: 4356174
  cxi6: 4478397
  cxi7: 4472887
  total: 37121997
pct_req_rsp_latency_4:
  cxi0: 6091031
  cxi1: 6018826
  cxi2: 6161963
  cxi3: 6204960
  cxi4: 5839487
  cxi5: 5903779
  cxi6: 6064358
  cxi7: 6030919
  total: 48315323
pct_req_rsp_latency_5:
  cxi0: 5376677
  cxi1: 5317170
  cxi2: 5395790
  cxi3: 5410797
  cxi4: 5214695
  cxi5: 5266488
  cxi6: 5381253
  cxi7: 5356781
  total: 42719651
pct_req_rsp_latency_6:
  cxi0: 5206186
  cxi1: 5127174
  cxi2: 5202234
  cxi3: 5180842
  cxi4: 5043180
  cxi5: 5102876
  cxi6: 5172230
  cxi7: 5185813
  total: 41220535
pct_req_rsp_latency_7:
  cxi0: 5448853
  cxi1: 5259432
  cxi2: 5468020
  cxi3: 5267965
  cxi4: 5181653
  cxi5: 5308524
  cxi6: 5295112
  cxi7: 5460277
  total: 42689836
pct_req_rsp_latency_8:
  cxi0: 5472878
  cxi1: 5410815
  cxi2: 5542722
  cxi3: 5428202
  cxi4: 5313368
  cxi5: 5432359
  cxi6: 5404992
  cxi7: 5526491
  total: 43531827
pct_req_rsp_latency_9:
  cxi0: 5586360
  cxi1: 5571135
  cxi2: 5640133
  cxi3: 5578166
  cxi4: 5506747
  cxi5: 5555854
  cxi6: 5585483
  cxi7: 5610770
  total: 44634648
pct_req_rsp_latency_10:
  cxi0: 5783135
  cxi1: 5770930
  cxi2: 5819003
  cxi3: 5775066
  cxi4: 5692462
  cxi5: 5735746
  cxi6: 5789631
  cxi7: 5786470
  total: 46152443
pct_req_rsp_latency_11:
  cxi0: 5996639
  cxi1: 5958880
  cxi2: 6010079
  cxi3: 5965872
  cxi4: 5903069
  cxi5: 5939549
  cxi6: 5984897
  cxi7: 5985852
  total: 47744837
pct_req_rsp_latency_12:
  cxi0: 6209162
  cxi1: 6162236
  cxi2: 6196254
  cxi3: 6155833
  cxi4: 6108355
  cxi5: 6139692
  cxi6: 6184334
  cxi7: 6198495
  total: 49354361
pct_req_rsp_latency_13:
  cxi0: 6415340
  cxi1: 6349175
  cxi2: 6365530
  cxi3: 6326384
  cxi4: 6307735
  cxi5: 6320556
  cxi6: 6364736
  cxi7: 6384293
  total: 50833749
pct_req_rsp_latency_14:
  cxi0: 6595666
  cxi1: 6484094
  cxi2: 6493128
  cxi3: 6459196
  cxi4: 6470498
  cxi5: 6461590
  cxi6: 6502675
  cxi7: 6523992
  total: 51990839
pct_req_rsp_latency_15:
  cxi0: 6690537
  cxi1: 6596984
  cxi2: 6600519
  cxi3: 6579308
  cxi4: 6605601
  cxi5: 6585161
  cxi6: 6607981
  cxi7: 6634629
  total: 52900720
pct_req_rsp_latency_16:
  cxi0: 6744128
  cxi1: 6663208
  cxi2: 6661648
  cxi3: 6638137
  cxi4: 6676100
  cxi5: 6662128
  cxi6: 6677117
  cxi7: 6704184
  total: 53426650
pct_req_rsp_latency_17:
  cxi0: 6808173
  cxi1: 6696634
  cxi2: 6707218
  cxi3: 6667496
  cxi4: 6708895
  cxi5: 6697961
  cxi6: 6712751
  cxi7: 6749735
  total: 53748863
pct_req_rsp_latency_18:
  cxi0: 6773730
  cxi1: 6642608
  cxi2: 6678062
  cxi3: 6609200
  cxi4: 6674206
  cxi5: 6658774
  cxi6: 6668839
  cxi7: 6714477
  total: 53419896
pct_req_rsp_latency_19:
  cxi0: 6620728
  cxi1: 6513682
  cxi2: 6548934
  cxi3: 6491224
  cxi4: 6570303
  cxi5: 6546166
  cxi6: 6542556
  cxi7: 6579978
  total: 52413571
pct_req_rsp_latency_20:
  cxi0: 6425089
  cxi1: 6333070
  cxi2: 6363144
  cxi3: 6314039
  cxi4: 6400007
  cxi5: 6372229
  cxi6: 6361185
  cxi7: 6401916
  total: 50970679
pct_req_rsp_latency_21:
  cxi0: 6180620
  cxi1: 6109027
  cxi2: 6122219
  cxi3: 6085408
  cxi4: 6171803
  cxi5: 6152108
  cxi6: 6139433
  cxi7: 6172112
  total: 49132730
pct_req_rsp_latency_22:
  cxi0: 5917754
  cxi1: 5858073
  cxi2: 5863261
  cxi3: 5832273
  cxi4: 5930337
  cxi5: 5904190
  cxi6: 5891377
  cxi7: 5919348
  total: 47116613
pct_req_rsp_latency_23:
  cxi0: 5626143
  cxi1: 5593438
  cxi2: 5577713
  cxi3: 5558989
  cxi4: 5652258
  cxi5: 5634189
  cxi6: 5622540
  cxi7: 5631603
  total: 44896873
pct_req_rsp_latency_24:
  cxi0: 5323808
  cxi1: 5295367
  cxi2: 5276983
  cxi3: 5255114
  cxi4: 5362087
  cxi5: 5338825
  cxi6: 5321631
  cxi7: 5341993
  total: 42515808
pct_req_rsp_latency_25:
  cxi0: 5004833
  cxi1: 4976704
  cxi2: 4954768
  cxi3: 4928904
  cxi4: 5038837
  cxi5: 5020319
  cxi6: 5000635
  cxi7: 5021747
  total: 39946747
pct_req_rsp_latency_26:
  cxi0: 4668377
  cxi1: 4641753
  cxi2: 4614405
  cxi3: 4593258
  cxi4: 4712441
  cxi5: 4688716
  cxi6: 4661973
  cxi7: 4684167
  total: 37265090
pct_req_rsp_latency_27:
  cxi0: 4326187
  cxi1: 4297881
  cxi2: 4268122
  cxi3: 4247293
  cxi4: 4383223
  cxi5: 4349890
  cxi6: 4315525
  cxi7: 4336904
  total: 34525025
pct_req_rsp_latency_28:
  cxi0: 3981009
  cxi1: 3968526
  cxi2: 3927492
  cxi3: 3910868
  cxi4: 4051973
  cxi5: 4026855
  cxi6: 3979175
  cxi7: 3993897
  total: 31839795
pct_req_rsp_latency_29:
  cxi0: 3653014
  cxi1: 3654859
  cxi2: 3601664
  cxi3: 3588892
  cxi4: 3727187
  cxi5: 3712234
  cxi6: 3652338
  cxi7: 3668339
  total: 29258527
pct_req_rsp_latency_30:
  cxi0: 3339685
  cxi1: 3356647
  cxi2: 3302995
  cxi3: 3284116
  cxi4: 3424817
  cxi5: 3409575
  cxi6: 3344498
  cxi7: 3358941
  total: 26821274
pct_req_rsp_latency_31:
  cxi0: 28297727
  cxi1: 28741355
  cxi2: 28145702
  cxi3: 27239031
  cxi4: 29948393
  cxi5: 29614874
  cxi6: 28197732
  cxi7: 28368738
  total: 228553552
