=== x1922c5s6b0n0 === (8 NICs)
atu_cache_hit_base_page_size_0:
  cxi0: 931652246
  cxi1: 928256658
  cxi2: 932057962
  cxi3: 926835620
  cxi4: 928940937
  cxi5: 927966985
  cxi6: 927113587
  cxi7: 928666363
  total: 7431490358
atu_cache_miss_0:
  cxi0: 12380578
  cxi1: 7344133
  cxi2: 11653209
  cxi3: 5029882
  cxi4: 6139408
  cxi5: 6689008
  cxi6: 6495578
  cxi7: 10344566
  total: 66076362
ixe_disp_amo_events:
  cxi0: 0
  cxi1: 0
  cxi2: 0
  cxi3: 0
  cxi4: 0
  cxi5: 0
  cxi6: 0
  cxi7: 0
  total: 0
ixe_disp_lpe_amos:
  cxi0: 0
  cxi1: 0
  cxi2: 0
  cxi3: 0
  cxi4: 0
  cxi5: 0
  cxi6: 0
  cxi7: 0
  total: 0
ixe_disp_lpe_amos_ok:
  cxi0: 0
  cxi1: 0
  cxi2: 0
  cxi3: 0
  cxi4: 0
  cxi5: 0
  cxi6: 0
  cxi7: 0
  total: 0
pct_retry_trs_put:
  cxi0: 0
  cxi1: 0
  cxi2: 0
  cxi3: 0
  cxi4: 0
  cxi5: 0
  cxi6: 0
  cxi7: 0
  total: 0
mst_stalled_waiting_put_crdts:
  cxi0: 0
  cxi1: 0
  cxi2: 0
  cxi3: 0
  cxi4: 0
  cxi5: 0
  cxi6: 0
  cxi7: 0
  total: 0
hni_sts_tx_ok_octets:
  cxi0: 58898354046976
  cxi1: 58303888444203
  cxi2: 34538083109224
  cxi3: 32042210847421
  cxi4: 32015367826383
  cxi5: 34075917419840
  cxi6: 57554644854927
  cxi7: 59836230625081
  total: 367264697174055
hni_sts_rx_ok_octets:
  cxi0: 59730785782619
  cxi1: 59098404102624
  cxi2: 35307926053199
  cxi3: 32731127308788
  cxi4: 32158100348316
  cxi5: 34238334727686
  cxi6: 57649716609496
  cxi7: 59874476655207
  total: 370788871587935
hni_tx_ok_64:
  cxi0: 188042801
  cxi1: 186750457
  cxi2: 188053038
  cxi3: 186098387
  cxi4: 186595833
  cxi5: 186587748
  cxi6: 186494969
  cxi7: 187408688
  total: 1496031921
hni_tx_ok_65_to_127:
  cxi0: 337
  cxi1: 267
  cxi2: 712
  cxi3: 636
  cxi4: 131
  cxi5: 138
  cxi6: 174
  cxi7: 252
  total: 2647
hni_tx_ok_128_to_255:
  cxi0: 244
  cxi1: 76
  cxi2: 2694
  cxi3: 2667
  cxi4: 47
  cxi5: 69
  cxi6: 780
  cxi7: 821
  total: 7398
hni_tx_ok_256_to_511:
  cxi0: 822
  cxi1: 732
  cxi2: 2270
  cxi3: 2237
  cxi4: 358
  cxi5: 630
  cxi6: 41736
  cxi7: 41943
  total: 90728
hni_tx_ok_512_to_1023:
  cxi0: 851
  cxi1: 410
  cxi2: 1720
  cxi3: 1194
  cxi4: 536
  cxi5: 840
  cxi6: 2293
  cxi7: 2942
  total: 10786
hni_tx_ok_1024_to_2047:
  cxi0: 10547
  cxi1: 6150
  cxi2: 8099
  cxi3: 3633
  cxi4: 2962
  cxi5: 2983
  cxi6: 3750
  cxi7: 5734
  total: 43858
hni_tx_ok_4096_to_8191:
  cxi0: 0
  cxi1: 0
  cxi2: 0
  cxi3: 0
  cxi4: 0
  cxi5: 0
  cxi6: 0
  cxi7: 0
  total: 0
hni_tx_ok_8192_to_max:
  cxi0: 0
  cxi1: 0
  cxi2: 0
  cxi3: 0
  cxi4: 0
  cxi5: 0
  cxi6: 0
  cxi7: 0
  total: 0
hni_rx_ok_64:
  cxi0: 187965126
  cxi1: 186638988
  cxi2: 187991921
  cxi3: 186110770
  cxi4: 186581513
  cxi5: 186483310
  cxi6: 186440546
  cxi7: 187286341
  total: 1495498515
hni_rx_ok_65_to_127:
  cxi0: 43950
  cxi1: 43868
  cxi2: 44350
  cxi3: 44213
  cxi4: 43308
  cxi5: 41692
  cxi6: 40638
  cxi7: 39611
  total: 341630
hni_rx_ok_128_to_255:
  cxi0: 101
  cxi1: 64
  cxi2: 2677
  cxi3: 2653
  cxi4: 55
  cxi5: 88
  cxi6: 796
  cxi7: 814
  total: 7248
hni_rx_ok_256_to_511:
  cxi0: 891
  cxi1: 746
  cxi2: 2262
  cxi3: 2217
  cxi4: 356
  cxi5: 633
  cxi6: 41707
  cxi7: 41927
  total: 90739
hni_rx_ok_512_to_1023:
  cxi0: 623
  cxi1: 649
  cxi2: 1705
  cxi3: 1074
  cxi4: 389
  cxi5: 678
  cxi6: 2251
  cxi7: 2632
  total: 10001
hni_rx_ok_1024_to_2047:
  cxi0: 10844
  cxi1: 6291
  cxi2: 8296
  cxi3: 4082
  cxi4: 3469
  cxi5: 3589
  cxi6: 4023
  cxi7: 6308
  total: 46902
hni_rx_ok_4096_to_8191:
  cxi0: 2
  cxi1: 0
  cxi2: 0
  cxi3: 0
  cxi4: 0
  cxi5: 0
  cxi6: 0
  cxi7: 0
  total: 2
hni_rx_ok_8192_to_max:
  cxi0: 26
  cxi1: 0
  cxi2: 0
  cxi3: 0
  cxi4: 0
  cxi5: 0
  cxi6: 0
  cxi7: 0
  total: 26
hni_llr_tx_replay_event:
  cxi0: 0
  cxi1: 0
  cxi2: 0
  cxi3: 0
  cxi4: 0
  cxi5: 0
  cxi6: 0
  cxi7: 0
  total: 0
hni_llr_rx_replay_event:
  cxi0: 0
  cxi1: 0
  cxi2: 0
  cxi3: 0
  cxi4: 0
  cxi5: 0
  cxi6: 0
  cxi7: 0
  total: 0
hni_llr_tx_nack_ctl_os:
  cxi0: 0
  cxi1: 0
  cxi2: 0
  cxi3: 0
  cxi4: 0
  cxi5: 0
  cxi6: 0
  cxi7: 0
  total: 0
hni_llr_rx_nack_ctl_os:
  cxi0: 0
  cxi1: 0
  cxi2: 0
  cxi3: 0
  cxi4: 0
  cxi5: 0
  cxi6: 0
  cxi7: 0
  total: 0
hni_llr_tx_discard:
  cxi0: 0
  cxi1: 0
  cxi2: 0
  cxi3: 0
  cxi4: 0
  cxi5: 0
  cxi6: 0
  cxi7: 0
  total: 0
pct_rsp_err_rcvd:
  cxi0: 0
  cxi1: 0
  cxi2: 6
  cxi3: 9
  cxi4: 0
  cxi5: 0
  cxi6: 19
  cxi7: 15
  total: 49
pct_rsp_dropped_timeout:
  cxi0: 0
  cxi1: 0
  cxi2: 0
  cxi3: 0
  cxi4: 0
  cxi5: 0
  cxi6: 0
  cxi7: 0
  total: 0
pct_rsp_dropped_try:
  cxi0: 0
  cxi1: 0
  cxi2: 0
  cxi3: 0
  cxi4: 0
  cxi5: 0
  cxi6: 0
  cxi7: 0
  total: 0
pct_bad_seq_nacks:
  cxi0: 0
  cxi1: 0
  cxi2: 1
  cxi3: 5
  cxi4: 0
  cxi5: 0
  cxi6: 8
  cxi7: 7
  total: 21
pct_no_trs_nacks:
  cxi0: 0
  cxi1: 0
  cxi2: 0
  cxi3: 0
  cxi4: 0
  cxi5: 0
  cxi6: 0
  cxi7: 0
  total: 0
ixe_rx_pkt_drop_pct:
  cxi0: 0
  cxi1: 0
  cxi2: 0
  cxi3: 0
  cxi4: 0
  cxi5: 0
  cxi6: 0
  cxi7: 0
  total: 0
ixe_rx_pkt_drop_ixe_parser:
  cxi0: 0
  cxi1: 0
  cxi2: 0
  cxi3: 0
  cxi4: 0
  cxi5: 0
  cxi6: 0
  cxi7: 0
  total: 0
pct_req_rsp_latency_0:
  cxi0: 194379
  cxi1: 192054
  cxi2: 438890
  cxi3: 417035
  cxi4: 62405
  cxi5: 61441
  cxi6: 360691
  cxi7: 375750
  total: 2102645
pct_req_rsp_latency_1:
  cxi0: 701326
  cxi1: 693610
  cxi2: 1071629
  cxi3: 1071380
  cxi4: 337937
  cxi5: 334632
  cxi6: 663732
  cxi7: 655311
  total: 5529557
pct_req_rsp_latency_2:
  cxi0: 1803955
  cxi1: 1780920
  cxi2: 2035277
  cxi3: 2032168
  cxi4: 1270791
  cxi5: 1305750
  cxi6: 1497559
  cxi7: 1503494
  total: 13229914
pct_req_rsp_latency_3:
  cxi0: 4782558
  cxi1: 4721451
  cxi2: 4994682
  cxi3: 4995478
  cxi4: 4315318
  cxi5: 4355055
  cxi6: 4477418
  cxi7: 4471570
  total: 37113530
pct_req_rsp_latency_4:
  cxi0: 6090489
  cxi1: 6018267
  cxi2: 6160589
  cxi3: 6204422
  cxi4: 5838778
  cxi5: 5902755
  cxi6: 6063066
  cxi7: 6029939
  total: 48308305
pct_req_rsp_latency_5:
  cxi0: 5376033
  cxi1: 5316654
  cxi2: 5394245
  cxi3: 5410140
  cxi4: 5213906
  cxi5: 5265336
  cxi6: 5379930
  cxi7: 5355730
  total: 42711974
pct_req_rsp_latency_6:
  cxi0: 5205449
  cxi1: 5126447
  cxi2: 5200992
  cxi3: 5180258
  cxi4: 5042520
  cxi5: 5101711
  cxi6: 5171176
  cxi7: 5184668
  total: 41213221
pct_req_rsp_latency_7:
  cxi0: 5447603
  cxi1: 5258115
  cxi2: 5466811
  cxi3: 5266720
  cxi4: 5180588
  cxi5: 5307462
  cxi6: 5294047
  cxi7: 5459225
  total: 42680571
pct_req_rsp_latency_8:
  cxi0: 5471887
  cxi1: 5409819
  cxi2: 5542084
  cxi3: 5427595
  cxi4: 5312529
  cxi5: 5431407
  cxi6: 5404019
  cxi7: 5525563
  total: 43524903
pct_req_rsp_latency_9:
  cxi0: 5585556
  cxi1: 5570444
  cxi2: 5639533
  cxi3: 5577503
  cxi4: 5506159
  cxi5: 5555249
  cxi6: 5584512
  cxi7: 5609961
  total: 44628917
pct_req_rsp_latency_10:
  cxi0: 5782475
  cxi1: 5770279
  cxi2: 5818210
  cxi3: 5774578
  cxi4: 5691865
  cxi5: 5735025
  cxi6: 5788897
  cxi7: 5785604
  total: 46146933
pct_req_rsp_latency_11:
  cxi0: 5996144
  cxi1: 5958508
  cxi2: 6009414
  cxi3: 5965496
  cxi4: 5902323
  cxi5: 5938854
  cxi6: 5984247
  cxi7: 5984921
  total: 47739907
pct_req_rsp_latency_12:
  cxi0: 6208753
  cxi1: 6161849
  cxi2: 6195817
  cxi3: 6155502
  cxi4: 6107535
  cxi5: 6138762
  cxi6: 6183622
  cxi7: 6197669
  total: 49349509
pct_req_rsp_latency_13:
  cxi0: 6414949
  cxi1: 6348864
  cxi2: 6365153
  cxi3: 6326094
  cxi4: 6306966
  cxi5: 6319828
  cxi6: 6364180
  cxi7: 6383626
  total: 50829660
pct_req_rsp_latency_14:
  cxi0: 6595287
  cxi1: 6483753
  cxi2: 6492831
  cxi3: 6458872
  cxi4: 6469832
  cxi5: 6461001
  cxi6: 6502136
  cxi7: 6523354
  total: 51987066
pct_req_rsp_latency_15:
  cxi0: 6690283
  cxi1: 6596712
  cxi2: 6600193
  cxi3: 6578903
  cxi4: 6605190
  cxi5: 6584772
  cxi6: 6607500
  cxi7: 6634079
  total: 52897632
pct_req_rsp_latency_16:
  cxi0: 6743971
  cxi1: 6663032
  cxi2: 6661345
  cxi3: 6637819
  cxi4: 6675688
  cxi5: 6661683
  cxi6: 6676696
  cxi7: 6703791
  total: 53424025
pct_req_rsp_latency_17:
  cxi0: 6808015
  cxi1: 6696457
  cxi2: 6706950
  cxi3: 6667302
  cxi4: 6708540
  cxi5: 6697642
  cxi6: 6712398
  cxi7: 6749462
  total: 53746766
pct_req_rsp_latency_18:
  cxi0: 6773503
  cxi1: 6642349
  cxi2: 6677724
  cxi3: 6609064
  cxi4: 6673944
  cxi5: 6658483
  cxi6: 6668481
  cxi7: 6714215
  total: 53417763
pct_req_rsp_latency_19:
  cxi0: 6620554
  cxi1: 6513482
  cxi2: 6548689
  cxi3: 6491050
  cxi4: 6570105
  cxi5: 6545937
  cxi6: 6542289
  cxi7: 6579819
  total: 52411925
pct_req_rsp_latency_20:
  cxi0: 6424979
  cxi1: 6332901
  cxi2: 6362903
  cxi3: 6313795
  cxi4: 6399846
  cxi5: 6372030
  cxi6: 6360996
  cxi7: 6401683
  total: 50969133
pct_req_rsp_latency_21:
  cxi0: 6180522
  cxi1: 6108829
  cxi2: 6122128
  cxi3: 6085242
  cxi4: 6171693
  cxi5: 6151898
  cxi6: 6139290
  cxi7: 6171856
  total: 49131458
pct_req_rsp_latency_22:
  cxi0: 5917634
  cxi1: 5857905
  cxi2: 5863170
  cxi3: 5832173
  cxi4: 5930250
  cxi5: 5904005
  cxi6: 5891205
  cxi7: 5919130
  total: 47115472
pct_req_rsp_latency_23:
  cxi0: 5626055
  cxi1: 5593342
  cxi2: 5577594
  cxi3: 5558866
  cxi4: 5652154
  cxi5: 5634064
  cxi6: 5622421
  cxi7: 5631473
  total: 44895969
pct_req_rsp_latency_24:
  cxi0: 5323753
  cxi1: 5295276
  cxi2: 5276911
  cxi3: 5255010
  cxi4: 5361954
  cxi5: 5338749
  cxi6: 5321535
  cxi7: 5341927
  total: 42515115
pct_req_rsp_latency_25:
  cxi0: 5004775
  cxi1: 4976612
  cxi2: 4954655
  cxi3: 4928852
  cxi4: 5038742
  cxi5: 5020255
  cxi6: 5000475
  cxi7: 5021686
  total: 39946052
pct_req_rsp_latency_26:
  cxi0: 4668342
  cxi1: 4641704
  cxi2: 4614333
  cxi3: 4593218
  cxi4: 4712332
  cxi5: 4688672
  cxi6: 4661868
  cxi7: 4684092
  total: 37264561
pct_req_rsp_latency_27:
  cxi0: 4326166
  cxi1: 4297852
  cxi2: 4268049
  cxi3: 4247196
  cxi4: 4383056
  cxi5: 4349836
  cxi6: 4315465
  cxi7: 4336774
  total: 34524394
pct_req_rsp_latency_28:
  cxi0: 3980998
  cxi1: 3968497
  cxi2: 3927424
  cxi3: 3910791
  cxi4: 4051858
  cxi5: 4026778
  cxi6: 3979107
  cxi7: 3993777
  total: 31839230
pct_req_rsp_latency_29:
  cxi0: 3652971
  cxi1: 3654809
  cxi2: 3601527
  cxi3: 3588815
  cxi4: 3727079
  cxi5: 3712191
  cxi6: 3652298
  cxi7: 3668166
  total: 29257856
pct_req_rsp_latency_30:
  cxi0: 3339614
  cxi1: 3356571
  cxi2: 3302941
  cxi3: 3284084
  cxi4: 3424731
  cxi5: 3409493
  cxi6: 3344445
  cxi7: 3358829
  total: 26820708
pct_req_rsp_latency_31:
  cxi0: 28296662
  cxi1: 28740609
  cxi2: 28144455
  cxi3: 27237723
  cxi4: 29947523
  cxi5: 29614103
  cxi6: 28196397
  cxi7: 28367568
  total: 228545040
