=== x1922c5s6b0n0 === (8 NICs)
atu_cache_hit_base_page_size_0:
  cxi0: 931662329
  cxi1: 928266480
  cxi2: 932067651
  cxi3: 926845324
  cxi4: 928950664
  cxi5: 927976601
  cxi6: 927123240
  cxi7: 928676111
  total: 7431568400
atu_cache_miss_0:
  cxi0: 12387746
  cxi1: 7351412
  cxi2: 11660590
  cxi3: 5037247
  cxi4: 6146929
  cxi5: 6696491
  cxi6: 6503422
  cxi7: 10352038
  total: 66135875
ixe_disp_amo_events:
  cxi0: 341
  cxi1: 40
  cxi2: 40
  cxi3: 40
  cxi4: 310
  cxi5: 40
  cxi6: 40
  cxi7: 40
  total: 891
ixe_disp_lpe_amos:
  cxi0: 341
  cxi1: 40
  cxi2: 40
  cxi3: 40
  cxi4: 310
  cxi5: 40
  cxi6: 40
  cxi7: 40
  total: 891
ixe_disp_lpe_amos_ok:
  cxi0: 341
  cxi1: 40
  cxi2: 40
  cxi3: 40
  cxi4: 310
  cxi5: 40
  cxi6: 40
  cxi7: 40
  total: 891
pct_retry_trs_put:
  cxi0: 0
  cxi1: 0
  cxi2: 0
  cxi3: 0
  cxi4: 0
  cxi5: 0
  cxi6: 0
  cxi7: 0
  total: 0
mst_stalled_waiting_put_crdts:
  cxi0: 0
  cxi1: 0
  cxi2: 0
  cxi3: 0
  cxi4: 0
  cxi5: 0
  cxi6: 0
  cxi7: 0
  total: 0
hni_sts_tx_ok_octets:
  cxi0: 58898357931963
  cxi1: 58303892255978
  cxi2: 34538086945284
  cxi3: 32042214690939
  cxi4: 32015371699720
  cxi5: 34075921226815
  cxi6: 57554648723154
  cxi7: 59836234531784
  total: 367264728005637
hni_sts_rx_ok_octets:
  cxi0: 59730789203957
  cxi1: 59098407455247
  cxi2: 35307929762098
  cxi3: 32731130770116
  cxi4: 32158103766380
  cxi5: 34238338082544
  cxi6: 57649721146309
  cxi7: 59874480068014
  total: 370788900254665
hni_tx_ok_64:
  cxi0: 188049803
  cxi1: 186756622
  cxi2: 188059375
  cxi3: 186104694
  cxi4: 186602749
  cxi5: 186593894
  cxi6: 186501734
  cxi7: 187415095
  total: 1496083966
hni_tx_ok_65_to_127:
  cxi0: 8889
  cxi1: 8423
  cxi2: 8870
  cxi3: 8794
  cxi4: 8645
  cxi5: 8290
  cxi6: 8329
  cxi7: 8407
  total: 68647
hni_tx_ok_128_to_255:
  cxi0: 248
  cxi1: 80
  cxi2: 2701
  cxi3: 2673
  cxi4: 47
  cxi5: 69
  cxi6: 782
  cxi7: 822
  total: 7422
hni_tx_ok_256_to_511:
  cxi0: 830
  cxi1: 779
  cxi2: 2287
  cxi3: 2281
  cxi4: 361
  cxi5: 669
  cxi6: 41748
  cxi7: 42006
  total: 90961
hni_tx_ok_512_to_1023:
  cxi0: 876
  cxi1: 434
  cxi2: 1772
  cxi3: 1246
  cxi4: 560
  cxi5: 864
  cxi6: 2353
  cxi7: 3008
  total: 11113
hni_tx_ok_1024_to_2047:
  cxi0: 10547
  cxi1: 6150
  cxi2: 8099
  cxi3: 3633
  cxi4: 2962
  cxi5: 2983
  cxi6: 3750
  cxi7: 5735
  total: 43859
hni_tx_ok_4096_to_8191:
  cxi0: 0
  cxi1: 0
  cxi2: 0
  cxi3: 0
  cxi4: 0
  cxi5: 0
  cxi6: 0
  cxi7: 1
  total: 1
hni_tx_ok_8192_to_max:
  cxi0: 0
  cxi1: 0
  cxi2: 0
  cxi3: 0
  cxi4: 0
  cxi5: 0
  cxi6: 0
  cxi7: 4
  total: 4
hni_rx_ok_64:
  cxi0: 187976113
  cxi1: 186649145
  cxi2: 188002083
  cxi3: 186121025
  cxi4: 186592426
  cxi5: 186493447
  cxi6: 186450745
  cxi7: 187296738
  total: 1495581722
hni_rx_ok_65_to_127:
  cxi0: 44445
  cxi1: 44036
  cxi2: 44519
  cxi3: 44382
  cxi4: 43781
  cxi5: 41863
  cxi6: 40810
  cxi7: 39787
  total: 343623
hni_rx_ok_128_to_255:
  cxi0: 101
  cxi1: 64
  cxi2: 2680
  cxi3: 2656
  cxi4: 59
  cxi5: 92
  cxi6: 803
  cxi7: 821
  total: 7276
hni_rx_ok_256_to_511:
  cxi0: 891
  cxi1: 785
  cxi2: 2263
  cxi3: 2244
  cxi4: 367
  cxi5: 680
  cxi6: 41723
  cxi7: 41992
  total: 90945
hni_rx_ok_512_to_1023:
  cxi0: 648
  cxi1: 673
  cxi2: 1762
  cxi3: 1133
  cxi4: 413
  cxi5: 702
  cxi6: 2314
  cxi7: 2703
  total: 10348
hni_rx_ok_1024_to_2047:
  cxi0: 10844
  cxi1: 6291
  cxi2: 8298
  cxi3: 4083
  cxi4: 3469
  cxi5: 3589
  cxi6: 4024
  cxi7: 6308
  total: 46906
hni_rx_ok_4096_to_8191:
  cxi0: 2
  cxi1: 0
  cxi2: 0
  cxi3: 0
  cxi4: 0
  cxi5: 0
  cxi6: 0
  cxi7: 0
  total: 2
hni_rx_ok_8192_to_max:
  cxi0: 26
  cxi1: 0
  cxi2: 0
  cxi3: 0
  cxi4: 0
  cxi5: 0
  cxi6: 0
  cxi7: 0
  total: 26
hni_llr_tx_replay_event:
  cxi0: 0
  cxi1: 0
  cxi2: 0
  cxi3: 0
  cxi4: 0
  cxi5: 0
  cxi6: 0
  cxi7: 0
  total: 0
hni_llr_rx_replay_event:
  cxi0: 0
  cxi1: 0
  cxi2: 0
  cxi3: 0
  cxi4: 0
  cxi5: 0
  cxi6: 0
  cxi7: 0
  total: 0
hni_llr_tx_nack_ctl_os:
  cxi0: 0
  cxi1: 0
  cxi2: 0
  cxi3: 0
  cxi4: 0
  cxi5: 0
  cxi6: 0
  cxi7: 0
  total: 0
hni_llr_rx_nack_ctl_os:
  cxi0: 0
  cxi1: 0
  cxi2: 0
  cxi3: 0
  cxi4: 0
  cxi5: 0
  cxi6: 0
  cxi7: 0
  total: 0
hni_llr_tx_discard:
  cxi0: 0
  cxi1: 0
  cxi2: 0
  cxi3: 0
  cxi4: 0
  cxi5: 0
  cxi6: 0
  cxi7: 0
  total: 0
pct_rsp_err_rcvd:
  cxi0: 0
  cxi1: 0
  cxi2: 6
  cxi3: 9
  cxi4: 0
  cxi5: 0
  cxi6: 19
  cxi7: 15
  total: 49
pct_rsp_dropped_timeout:
  cxi0: 0
  cxi1: 0
  cxi2: 0
  cxi3: 0
  cxi4: 0
  cxi5: 0
  cxi6: 0
  cxi7: 0
  total: 0
pct_rsp_dropped_try:
  cxi0: 0
  cxi1: 0
  cxi2: 0
  cxi3: 0
  cxi4: 0
  cxi5: 0
  cxi6: 0
  cxi7: 0
  total: 0
pct_bad_seq_nacks:
  cxi0: 0
  cxi1: 0
  cxi2: 1
  cxi3: 5
  cxi4: 0
  cxi5: 0
  cxi6: 8
  cxi7: 7
  total: 21
pct_no_trs_nacks:
  cxi0: 0
  cxi1: 0
  cxi2: 0
  cxi3: 0
  cxi4: 0
  cxi5: 0
  cxi6: 0
  cxi7: 0
  total: 0
ixe_rx_pkt_drop_pct:
  cxi0: 0
  cxi1: 0
  cxi2: 0
  cxi3: 0
  cxi4: 0
  cxi5: 0
  cxi6: 0
  cxi7: 0
  total: 0
ixe_rx_pkt_drop_ixe_parser:
  cxi0: 0
  cxi1: 0
  cxi2: 0
  cxi3: 0
  cxi4: 0
  cxi5: 0
  cxi6: 0
  cxi7: 0
  total: 0
pct_req_rsp_latency_0:
  cxi0: 202807
  cxi1: 200202
  cxi2: 446983
  cxi3: 425129
  cxi4: 70791
  cxi5: 69620
  cxi6: 368789
  cxi7: 383888
  total: 2168209
pct_req_rsp_latency_1:
  cxi0: 701412
  cxi1: 693634
  cxi2: 1071670
  cxi3: 1071419
  cxi4: 338023
  cxi5: 334648
  cxi6: 663774
  cxi7: 655365
  total: 5529945
pct_req_rsp_latency_2:
  cxi0: 1804003
  cxi1: 1780979
  cxi2: 2035310
  cxi3: 2032226
  cxi4: 1270862
  cxi5: 1305820
  cxi6: 1497590
  cxi7: 1503532
  total: 13230322
pct_req_rsp_latency_3:
  cxi0: 4782578
  cxi1: 4721470
  cxi2: 4994709
  cxi3: 4995522
  cxi4: 4315349
  cxi5: 4355067
  cxi6: 4477434
  cxi7: 4471595
  total: 37113724
pct_req_rsp_latency_4:
  cxi0: 6090514
  cxi1: 6018288
  cxi2: 6160609
  cxi3: 6204445
  cxi4: 5838848
  cxi5: 5902762
  cxi6: 6063092
  cxi7: 6029994
  total: 48308552
pct_req_rsp_latency_5:
  cxi0: 5376053
  cxi1: 5316656
  cxi2: 5394263
  cxi3: 5410162
  cxi4: 5214029
  cxi5: 5265356
  cxi6: 5379960
  cxi7: 5355776
  total: 42712255
pct_req_rsp_latency_6:
  cxi0: 5205474
  cxi1: 5126458
  cxi2: 5201016
  cxi3: 5180276
  cxi4: 5042600
  cxi5: 5101737
  cxi6: 5171219
  cxi7: 5184774
  total: 41213554
pct_req_rsp_latency_7:
  cxi0: 5447696
  cxi1: 5258259
  cxi2: 5466894
  cxi3: 5266768
  cxi4: 5180707
  cxi5: 5307511
  cxi6: 5294226
  cxi7: 5459338
  total: 42681399
pct_req_rsp_latency_8:
  cxi0: 5471980
  cxi1: 5409945
  cxi2: 5542144
  cxi3: 5427649
  cxi4: 5312592
  cxi5: 5431446
  cxi6: 5404233
  cxi7: 5525604
  total: 43525593
pct_req_rsp_latency_9:
  cxi0: 5585657
  cxi1: 5570533
  cxi2: 5639606
  cxi3: 5577604
  cxi4: 5506205
  cxi5: 5555271
  cxi6: 5584708
  cxi7: 5610029
  total: 44629613
pct_req_rsp_latency_10:
  cxi0: 5782548
  cxi1: 5770340
  cxi2: 5818349
  cxi3: 5774630
  cxi4: 5691906
  cxi5: 5735128
  cxi6: 5788997
  cxi7: 5785727
  total: 46147625
pct_req_rsp_latency_11:
  cxi0: 5996235
  cxi1: 5958546
  cxi2: 6009503
  cxi3: 5965550
  cxi4: 5902365
  cxi5: 5938915
  cxi6: 5984276
  cxi7: 5984953
  total: 47740343
pct_req_rsp_latency_12:
  cxi0: 6208810
  cxi1: 6161947
  cxi2: 6195891
  cxi3: 6155576
  cxi4: 6107588
  cxi5: 6138816
  cxi6: 6183646
  cxi7: 6197681
  total: 49349955
pct_req_rsp_latency_13:
  cxi0: 6415062
  cxi1: 6348940
  cxi2: 6365192
  cxi3: 6326147
  cxi4: 6306989
  cxi5: 6319899
  cxi6: 6364186
  cxi7: 6383666
  total: 50830081
pct_req_rsp_latency_14:
  cxi0: 6595333
  cxi1: 6483844
  cxi2: 6492884
  cxi3: 6458946
  cxi4: 6469851
  cxi5: 6461080
  cxi6: 6502161
  cxi7: 6523395
  total: 51987494
pct_req_rsp_latency_15:
  cxi0: 6690298
  cxi1: 6596811
  cxi2: 6600280
  cxi3: 6578957
  cxi4: 6605276
  cxi5: 6584822
  cxi6: 6607550
  cxi7: 6634122
  total: 52898116
pct_req_rsp_latency_16:
  cxi0: 6744013
  cxi1: 6663064
  cxi2: 6661363
  cxi3: 6637905
  cxi4: 6675780
  cxi5: 6661749
  cxi6: 6676725
  cxi7: 6703824
  total: 53424423
pct_req_rsp_latency_17:
  cxi0: 6808024
  cxi1: 6696535
  cxi2: 6706968
  cxi3: 6667398
  cxi4: 6708592
  cxi5: 6697668
  cxi6: 6712431
  cxi7: 6749509
  total: 53747125
pct_req_rsp_latency_18:
  cxi0: 6773559
  cxi1: 6642390
  cxi2: 6677820
  cxi3: 6609088
  cxi4: 6673964
  cxi5: 6658542
  cxi6: 6668544
  cxi7: 6714269
  total: 53418176
pct_req_rsp_latency_19:
  cxi0: 6620565
  cxi1: 6513518
  cxi2: 6548718
  cxi3: 6491062
  cxi4: 6570132
  cxi5: 6546021
  cxi6: 6542380
  cxi7: 6579849
  total: 52412245
pct_req_rsp_latency_20:
  cxi0: 6424985
  cxi1: 6332912
  cxi2: 6362928
  cxi3: 6313817
  cxi4: 6399876
  cxi5: 6372067
  cxi6: 6361062
  cxi7: 6401741
  total: 50969388
pct_req_rsp_latency_21:
  cxi0: 6180530
  cxi1: 6108842
  cxi2: 6122141
  cxi3: 6085264
  cxi4: 6171705
  cxi5: 6151942
  cxi6: 6139332
  cxi7: 6171869
  total: 49131625
pct_req_rsp_latency_22:
  cxi0: 5917640
  cxi1: 5857932
  cxi2: 5863200
  cxi3: 5832208
  cxi4: 5930264
  cxi5: 5904035
  cxi6: 5891280
  cxi7: 5919134
  total: 47115693
pct_req_rsp_latency_23:
  cxi0: 5626070
  cxi1: 5593353
  cxi2: 5577609
  cxi3: 5558897
  cxi4: 5652167
  cxi5: 5634125
  cxi6: 5622490
  cxi7: 5631474
  total: 44896185
pct_req_rsp_latency_24:
  cxi0: 5323775
  cxi1: 5295290
  cxi2: 5276931
  cxi3: 5255030
  cxi4: 5361983
  cxi5: 5338770
  cxi6: 5321583
  cxi7: 5341932
  total: 42515294
pct_req_rsp_latency_25:
  cxi0: 5004821
  cxi1: 4976632
  cxi2: 4954704
  cxi3: 4928857
  cxi4: 5038745
  cxi5: 5020273
  cxi6: 5000535
  cxi7: 5021686
  total: 39946253
pct_req_rsp_latency_26:
  cxi0: 4668371
  cxi1: 4641717
  cxi2: 4614343
  cxi3: 4593237
  cxi4: 4712364
  cxi5: 4688684
  cxi6: 4661897
  cxi7: 4684093
  total: 37264706
pct_req_rsp_latency_27:
  cxi0: 4326173
  cxi1: 4297868
  cxi2: 4268081
  cxi3: 4247240
  cxi4: 4383081
  cxi5: 4349860
  cxi6: 4315479
  cxi7: 4336780
  total: 34524562
pct_req_rsp_latency_28:
  cxi0: 3981007
  cxi1: 3968505
  cxi2: 3927463
  cxi3: 3910826
  cxi4: 4051875
  cxi5: 4026813
  cxi6: 3979128
  cxi7: 3993781
  total: 31839398
pct_req_rsp_latency_29:
  cxi0: 3652987
  cxi1: 3654810
  cxi2: 3601614
  cxi3: 3588834
  cxi4: 3727095
  cxi5: 3712206
  cxi6: 3652318
  cxi7: 3668196
  total: 29258060
pct_req_rsp_latency_30:
  cxi0: 3339637
  cxi1: 3356575
  cxi2: 3302958
  cxi3: 3284091
  cxi4: 3424742
  cxi5: 3409517
  cxi6: 3344459
  cxi7: 3358859
  total: 26820838
pct_req_rsp_latency_31:
  cxi0: 28296896
  cxi1: 28740689
  cxi2: 28144678
  cxi3: 27237960
  cxi4: 29947612
  cxi5: 29614184
  cxi6: 28196677
  cxi7: 28367835
  total: 228546531
