=== x1922c5s7b0n0 === (8 NICs)
atu_cache_hit_base_page_size_0:
  cxi0: 941816076
  cxi1: 934709414
  cxi2: 935742646
  cxi3: 932721752
  cxi4: 932591572
  cxi5: 936127258
  cxi6: 934581725
  cxi7: 936764827
  total: 7485055270
atu_cache_miss_0:
  cxi0: 16799349
  cxi1: 9629704
  cxi2: 10085665
  cxi3: 6148968
  cxi4: 5391744
  cxi5: 11096166
  cxi6: 8946972
  cxi7: 13454633
  total: 81553201
ixe_disp_amo_events:
  cxi0: 52870
  cxi1: 30338
  cxi2: 31647
  cxi3: 30484
  cxi4: 49334
  cxi5: 31488
  cxi6: 30491
  cxi7: 31614
  total: 288266
ixe_disp_lpe_amos:
  cxi0: 52870
  cxi1: 30338
  cxi2: 31647
  cxi3: 30484
  cxi4: 49334
  cxi5: 31488
  cxi6: 30491
  cxi7: 31614
  total: 288266
ixe_disp_lpe_amos_ok:
  cxi0: 52870
  cxi1: 30338
  cxi2: 31647
  cxi3: 30484
  cxi4: 49334
  cxi5: 31488
  cxi6: 30491
  cxi7: 31614
  total: 288266
pct_retry_trs_put:
  cxi0: 0
  cxi1: 0
  cxi2: 0
  cxi3: 0
  cxi4: 0
  cxi5: 0
  cxi6: 0
  cxi7: 0
  total: 0
mst_stalled_waiting_put_crdts:
  cxi0: 501
  cxi1: 501
  cxi2: 538
  cxi3: 498
  cxi4: 458
  cxi5: 568
  cxi6: 526
  cxi7: 517
  total: 4107
hni_sts_tx_ok_octets:
  cxi0: 42921622201841
  cxi1: 44310437750617
  cxi2: 24613792456558
  cxi3: 23880825229123
  cxi4: 23951537365237
  cxi5: 24548406341026
  cxi6: 42744062229666
  cxi7: 44382264729759
  total: 271352948303827
hni_sts_rx_ok_octets:
  cxi0: 43744391718672
  cxi1: 45169391971683
  cxi2: 25386303557280
  cxi3: 24678336143079
  cxi4: 24127213137402
  cxi5: 24733766107595
  cxi6: 42900860860744
  cxi7: 44543919339459
  total: 275284182835914
hni_tx_ok_64:
  cxi0: 197668776
  cxi1: 195073691
  cxi2: 195999377
  cxi3: 194538276
  cxi4: 194058013
  cxi5: 195817816
  cxi6: 195241384
  cxi7: 196569169
  total: 1564966502
hni_tx_ok_65_to_127:
  cxi0: 39553
  cxi1: 12834
  cxi2: 13753
  cxi3: 13262
  cxi4: 38827
  cxi5: 16518
  cxi6: 16738
  cxi7: 17346
  total: 168831
hni_tx_ok_128_to_255:
  cxi0: 378
  cxi1: 162
  cxi2: 2321
  cxi3: 2290
  cxi4: 44
  cxi5: 69
  cxi6: 1274
  cxi7: 1311
  total: 7849
hni_tx_ok_256_to_511:
  cxi0: 963
  cxi1: 1122
  cxi2: 43109
  cxi3: 43448
  cxi4: 524
  cxi5: 898
  cxi6: 1504
  cxi7: 1855
  total: 93423
hni_tx_ok_512_to_1023:
  cxi0: 1483
  cxi1: 807
  cxi2: 2399
  cxi3: 1996
  cxi4: 646
  cxi5: 1210
  cxi6: 2252
  cxi7: 2816
  total: 13609
hni_tx_ok_1024_to_2047:
  cxi0: 10526
  cxi1: 6054
  cxi2: 3004
  cxi3: 976
  cxi4: 2417
  cxi5: 6333
  cxi6: 2829
  cxi7: 3846
  total: 35985
hni_tx_ok_4096_to_8191:
  cxi0: 0
  cxi1: 0
  cxi2: 0
  cxi3: 0
  cxi4: 0
  cxi5: 0
  cxi6: 0
  cxi7: 0
  total: 0
hni_tx_ok_8192_to_max:
  cxi0: 0
  cxi1: 0
  cxi2: 0
  cxi3: 0
  cxi4: 0
  cxi5: 0
  cxi6: 0
  cxi7: 0
  total: 0
hni_rx_ok_64:
  cxi0: 189086737
  cxi1: 186772379
  cxi2: 187073804
  cxi3: 186042331
  cxi4: 185840279
  cxi5: 187250628
  cxi6: 186637261
  cxi7: 187689865
  total: 1496393284
hni_rx_ok_65_to_127:
  cxi0: 206331
  cxi1: 177807
  cxi2: 186554
  cxi3: 180735
  cxi4: 192751
  cxi5: 176208
  cxi6: 174423
  cxi7: 178541
  total: 1473350
hni_rx_ok_128_to_255:
  cxi0: 27106
  cxi1: 26057
  cxi2: 30200
  cxi3: 29185
  cxi4: 26136
  cxi5: 27173
  cxi6: 28369
  cxi7: 29395
  total: 223621
hni_rx_ok_256_to_511:
  cxi0: 14417
  cxi1: 14015
  cxi2: 56926
  cxi3: 56777
  cxi4: 13635
  cxi5: 14512
  cxi6: 15045
  cxi7: 15899
  total: 201226
hni_rx_ok_512_to_1023:
  cxi0: 14679
  cxi1: 13735
  cxi2: 15949
  cxi3: 14935
  cxi4: 13576
  cxi5: 14691
  cxi6: 15738
  cxi7: 16319
  total: 119622
hni_rx_ok_1024_to_2047:
  cxi0: 24385
  cxi1: 19532
  cxi2: 17884
  cxi3: 15246
  cxi4: 15739
  cxi5: 19912
  cxi6: 16874
  cxi7: 18776
  total: 148348
hni_rx_ok_4096_to_8191:
  cxi0: 15
  cxi1: 0
  cxi2: 0
  cxi3: 0
  cxi4: 0
  cxi5: 0
  cxi6: 0
  cxi7: 0
  total: 15
hni_rx_ok_8192_to_max:
  cxi0: 80
  cxi1: 0
  cxi2: 0
  cxi3: 0
  cxi4: 0
  cxi5: 0
  cxi6: 0
  cxi7: 0
  total: 80
hni_llr_tx_replay_event:
  cxi0: 0
  cxi1: 0
  cxi2: 0
  cxi3: 0
  cxi4: 0
  cxi5: 0
  cxi6: 0
  cxi7: 0
  total: 0
hni_llr_rx_replay_event:
  cxi0: 0
  cxi1: 0
  cxi2: 0
  cxi3: 0
  cxi4: 0
  cxi5: 0
  cxi6: 0
  cxi7: 0
  total: 0
hni_llr_tx_nack_ctl_os:
  cxi0: 0
  cxi1: 0
  cxi2: 0
  cxi3: 0
  cxi4: 0
  cxi5: 0
  cxi6: 0
  cxi7: 0
  total: 0
hni_llr_rx_nack_ctl_os:
  cxi0: 0
  cxi1: 0
  cxi2: 0
  cxi3: 0
  cxi4: 0
  cxi5: 0
  cxi6: 0
  cxi7: 0
  total: 0
hni_llr_tx_discard:
  cxi0: 0
  cxi1: 0
  cxi2: 0
  cxi3: 0
  cxi4: 0
  cxi5: 0
  cxi6: 0
  cxi7: 0
  total: 0
pct_rsp_err_rcvd:
  cxi0: 0
  cxi1: 0
  cxi2: 11
  cxi3: 13
  cxi4: 0
  cxi5: 0
  cxi6: 14
  cxi7: 14
  total: 52
pct_rsp_dropped_timeout:
  cxi0: 0
  cxi1: 0
  cxi2: 0
  cxi3: 0
  cxi4: 0
  cxi5: 0
  cxi6: 0
  cxi7: 0
  total: 0
pct_rsp_dropped_try:
  cxi0: 0
  cxi1: 0
  cxi2: 0
  cxi3: 0
  cxi4: 0
  cxi5: 0
  cxi6: 0
  cxi7: 0
  total: 0
pct_bad_seq_nacks:
  cxi0: 0
  cxi1: 0
  cxi2: 4
  cxi3: 7
  cxi4: 0
  cxi5: 0
  cxi6: 6
  cxi7: 6
  total: 23
pct_no_trs_nacks:
  cxi0: 0
  cxi1: 0
  cxi2: 0
  cxi3: 0
  cxi4: 0
  cxi5: 0
  cxi6: 0
  cxi7: 0
  total: 0
ixe_rx_pkt_drop_pct:
  cxi0: 0
  cxi1: 0
  cxi2: 0
  cxi3: 0
  cxi4: 0
  cxi5: 0
  cxi6: 0
  cxi7: 0
  total: 0
ixe_rx_pkt_drop_ixe_parser:
  cxi0: 0
  cxi1: 0
  cxi2: 0
  cxi3: 0
  cxi4: 0
  cxi5: 0
  cxi6: 0
  cxi7: 0
  total: 0
pct_req_rsp_latency_0:
  cxi0: 956940
  cxi1: 927681
  cxi2: 191219
  cxi3: 189050
  cxi4: 65765
  cxi5: 61880
  cxi6: 189834
  cxi7: 197672
  total: 2780041
pct_req_rsp_latency_1:
  cxi0: 952486
  cxi1: 980551
  cxi2: 494106
  cxi3: 492105
  cxi4: 288499
  cxi5: 312084
  cxi6: 564222
  cxi7: 575336
  total: 4659389
pct_req_rsp_latency_2:
  cxi0: 1636699
  cxi1: 1680629
  cxi2: 1312317
  cxi3: 1317179
  cxi4: 1141499
  cxi5: 1210129
  cxi6: 1337043
  cxi7: 1355575
  total: 10991070
pct_req_rsp_latency_3:
  cxi0: 4242864
  cxi1: 4223452
  cxi2: 4252850
  cxi3: 4254077
  cxi4: 4152614
  cxi5: 4136443
  cxi6: 4184338
  cxi7: 4181035
  total: 33627673
pct_req_rsp_latency_4:
  cxi0: 5605888
  cxi1: 5567025
  cxi2: 5719268
  cxi3: 5702394
  cxi4: 5694671
  cxi5: 5603285
  cxi6: 5701106
  cxi7: 5673849
  total: 45267486
pct_req_rsp_latency_5:
  cxi0: 5132344
  cxi1: 5077446
  cxi2: 5156226
  cxi3: 5141914
  cxi4: 5119514
  cxi5: 5079516
  cxi6: 5165976
  cxi7: 5123446
  total: 40996382
pct_req_rsp_latency_6:
  cxi0: 5050767
  cxi1: 4960910
  cxi2: 5011021
  cxi3: 4985835
  cxi4: 4967146
  cxi5: 4974219
  cxi6: 5040085
  cxi7: 4998261
  total: 39988244
pct_req_rsp_latency_7:
  cxi0: 5404625
  cxi1: 5140195
  cxi2: 5278108
  cxi3: 5127925
  cxi4: 5074739
  cxi5: 5202243
  cxi6: 5225961
  cxi7: 5250874
  total: 41704670
pct_req_rsp_latency_8:
  cxi0: 5417221
  cxi1: 5289445
  cxi2: 5394538
  cxi3: 5281393
  cxi4: 5257290
  cxi5: 5365819
  cxi6: 5396532
  cxi7: 5396474
  total: 42798712
pct_req_rsp_latency_9:
  cxi0: 5506822
  cxi1: 5440513
  cxi2: 5527101
  cxi3: 5452679
  cxi4: 5442623
  cxi5: 5490220
  cxi6: 5532003
  cxi7: 5554986
  total: 43946947
pct_req_rsp_latency_10:
  cxi0: 5701850
  cxi1: 5632661
  cxi2: 5708885
  cxi3: 5661425
  cxi4: 5651285
  cxi5: 5688898
  cxi6: 5719177
  cxi7: 5731387
  total: 45495568
pct_req_rsp_latency_11:
  cxi0: 5918458
  cxi1: 5847704
  cxi2: 5907931
  cxi3: 5866654
  cxi4: 5875236
  cxi5: 5900561
  cxi6: 5925624
  cxi7: 5929218
  total: 47171386
pct_req_rsp_latency_12:
  cxi0: 6124411
  cxi1: 6048721
  cxi2: 6116163
  cxi3: 6070269
  cxi4: 6099363
  cxi5: 6116878
  cxi6: 6128716
  cxi7: 6167753
  total: 48872274
pct_req_rsp_latency_13:
  cxi0: 6309885
  cxi1: 6231905
  cxi2: 6296497
  cxi3: 6260578
  cxi4: 6290572
  cxi5: 6308259
  cxi6: 6319188
  cxi7: 6317005
  total: 50333889
pct_req_rsp_latency_14:
  cxi0: 6463032
  cxi1: 6372868
  cxi2: 6447005
  cxi3: 6406857
  cxi4: 6444285
  cxi5: 6458535
  cxi6: 6467623
  cxi7: 6445298
  total: 51505503
pct_req_rsp_latency_15:
  cxi0: 6554767
  cxi1: 6480738
  cxi2: 6560272
  cxi3: 6528783
  cxi4: 6562890
  cxi5: 6580240
  cxi6: 6583442
  cxi7: 6559185
  total: 52410317
pct_req_rsp_latency_16:
  cxi0: 6615338
  cxi1: 6538211
  cxi2: 6634943
  cxi3: 6613196
  cxi4: 6620765
  cxi5: 6644787
  cxi6: 6654761
  cxi7: 6645610
  total: 52967611
pct_req_rsp_latency_17:
  cxi0: 6677143
  cxi1: 6588989
  cxi2: 6679886
  cxi3: 6676027
  cxi4: 6651474
  cxi5: 6679319
  cxi6: 6695819
  cxi7: 6712896
  total: 53361553
pct_req_rsp_latency_18:
  cxi0: 6661979
  cxi1: 6544659
  cxi2: 6659899
  cxi3: 6651394
  cxi4: 6620500
  cxi5: 6644382
  cxi6: 6646627
  cxi7: 6695043
  total: 53124483
pct_req_rsp_latency_19:
  cxi0: 6505605
  cxi1: 6404737
  cxi2: 6537939
  cxi3: 6527329
  cxi4: 6518268
  cxi5: 6533265
  cxi6: 6523697
  cxi7: 6563471
  total: 52114311
pct_req_rsp_latency_20:
  cxi0: 6313436
  cxi1: 6222449
  cxi2: 6371958
  cxi3: 6345218
  cxi4: 6369712
  cxi5: 6366766
  cxi6: 6346042
  cxi7: 6402530
  total: 50738111
pct_req_rsp_latency_21:
  cxi0: 6084662
  cxi1: 6001211
  cxi2: 6143267
  cxi3: 6114096
  cxi4: 6145335
  cxi5: 6151506
  cxi6: 6116489
  cxi7: 6174483
  total: 48931049
pct_req_rsp_latency_22:
  cxi0: 5839248
  cxi1: 5771967
  cxi2: 5905006
  cxi3: 5869323
  cxi4: 5909062
  cxi5: 5918042
  cxi6: 5869698
  cxi7: 5913404
  total: 46995750
pct_req_rsp_latency_23:
  cxi0: 5581053
  cxi1: 5522590
  cxi2: 5642943
  cxi3: 5602817
  cxi4: 5644918
  cxi5: 5659532
  cxi6: 5602634
  cxi7: 5635719
  total: 44892206
pct_req_rsp_latency_24:
  cxi0: 5301224
  cxi1: 5249553
  cxi2: 5358198
  cxi3: 5321781
  cxi4: 5363215
  cxi5: 5380844
  cxi6: 5316416
  cxi7: 5344974
  total: 42636205
pct_req_rsp_latency_25:
  cxi0: 4996940
  cxi1: 4955403
  cxi2: 5048733
  cxi3: 5009020
  cxi4: 5050812
  cxi5: 5070926
  cxi6: 5010541
  cxi7: 5033711
  total: 40176086
pct_req_rsp_latency_26:
  cxi0: 4678523
  cxi1: 4639385
  cxi2: 4725821
  cxi3: 4688555
  cxi4: 4729902
  cxi5: 4749848
  cxi6: 4680528
  cxi7: 4711566
  total: 37604128
pct_req_rsp_latency_27:
  cxi0: 4349494
  cxi1: 4310930
  cxi2: 4393667
  cxi3: 4356390
  cxi4: 4401787
  cxi5: 4419400
  cxi6: 4342191
  cxi7: 4388854
  total: 34962713
pct_req_rsp_latency_28:
  cxi0: 4019206
  cxi1: 3989470
  cxi2: 4052706
  cxi3: 4036657
  cxi4: 4069345
  cxi5: 4097647
  cxi6: 4021120
  cxi7: 4051693
  total: 32337844
pct_req_rsp_latency_29:
  cxi0: 3710547
  cxi1: 3688650
  cxi2: 3734795
  cxi3: 3722247
  cxi4: 3747842
  cxi5: 3788444
  cxi6: 3705671
  cxi7: 3740597
  total: 29838793
pct_req_rsp_latency_30:
  cxi0: 3418060
  cxi1: 3406757
  cxi2: 3432883
  cxi3: 3429946
  cxi4: 3444447
  cxi5: 3482531
  cxi6: 3412764
  cxi7: 3457997
  total: 27485385
pct_req_rsp_latency_31:
  cxi0: 31342817
  cxi1: 31091410
  cxi2: 30342173
  cxi3: 30191018
  cxi4: 30379852
  cxi5: 31185284
  cxi6: 30251728
  cxi7: 30756946
  total: 245541228
