=== x1921c1s2b0n0 === (8 NICs)
atu_cache_hit_base_page_size_0:
  cxi0: 7256732788
  cxi1: 4794853240
  cxi2: 7056148517
  cxi3: 4747319923
  cxi4: 4789763868
  cxi5: 7038282493
  cxi6: 4724789218
  cxi7: 7273761106
  total: 47681651153
atu_cache_miss_0:
  cxi0: 228960827
  cxi1: 311655982
  cxi2: 364371012
  cxi3: 186694970
  cxi4: 299588345
  cxi5: 376147684
  cxi6: 194534636
  cxi7: 278160340
  total: 2240113796
ixe_disp_amo_events:
  cxi0: 92304
  cxi1: 47716
  cxi2: 50376
  cxi3: 48532
  cxi4: 85660
  cxi5: 49504
  cxi6: 48588
  cxi7: 50292
  total: 472972
ixe_disp_lpe_amos:
  cxi0: 92304
  cxi1: 47716
  cxi2: 50376
  cxi3: 48532
  cxi4: 85660
  cxi5: 49504
  cxi6: 48588
  cxi7: 50292
  total: 472972
ixe_disp_lpe_amos_ok:
  cxi0: 92304
  cxi1: 47716
  cxi2: 50376
  cxi3: 48532
  cxi4: 85660
  cxi5: 49504
  cxi6: 48588
  cxi7: 50292
  total: 472972
pct_retry_trs_put:
  cxi0: 0
  cxi1: 0
  cxi2: 0
  cxi3: 0
  cxi4: 0
  cxi5: 0
  cxi6: 0
  cxi7: 0
  total: 0
mst_stalled_waiting_put_crdts:
  cxi0: 2407363
  cxi1: 345986
  cxi2: 2584112
  cxi3: 623275
  cxi4: 286258
  cxi5: 2434426
  cxi6: 17019
  cxi7: 2409951
  total: 11108390
hni_sts_tx_ok_octets:
  cxi0: 82456426500804
  cxi1: 81204303870077
  cxi2: 53512410395640
  cxi3: 52159687895659
  cxi4: 51844973579177
  cxi5: 51788938179943
  cxi6: 81554286180447
  cxi7: 82254362827637
  total: 536775389429384
hni_sts_rx_ok_octets:
  cxi0: 81972681710175
  cxi1: 80598103255401
  cxi2: 52724013686778
  cxi3: 51441197309546
  cxi4: 51833759118798
  cxi5: 51848691174143
  cxi6: 80638191900268
  cxi7: 82278033700176
  total: 533334671855285
hni_tx_ok_64:
  cxi0: 1421408530
  cxi1: 984708365
  cxi2: 1369326425
  cxi3: 998321250
  cxi4: 979819388
  cxi5: 1366464666
  cxi6: 1001622833
  cxi7: 1440045280
  total: 9561716737
hni_tx_ok_65_to_127:
  cxi0: 3935677
  cxi1: 27594
  cxi2: 3554296
  cxi3: 76337
  cxi4: 79315
  cxi5: 3556686
  cxi6: 312314
  cxi7: 4125473
  total: 15667692
hni_tx_ok_128_to_255:
  cxi0: 734773
  cxi1: 965
  cxi2: 715799
  cxi3: 11556
  cxi4: 678
  cxi5: 714102
  cxi6: 45752
  cxi7: 781671
  total: 3005296
hni_tx_ok_256_to_511:
  cxi0: 1791617
  cxi1: 752196
  cxi2: 1904577
  cxi3: 845313
  cxi4: 748353
  cxi5: 1783156
  cxi6: 896520
  cxi7: 1971577
  total: 10693309
hni_tx_ok_512_to_1023:
  cxi0: 3056774
  cxi1: 1361832
  cxi2: 2871079
  cxi3: 1588756
  cxi4: 1291071
  cxi5: 2795553
  cxi6: 1751903
  cxi7: 3482908
  total: 18199876
hni_tx_ok_1024_to_2047:
  cxi0: 3185825
  cxi1: 5128
  cxi2: 3063662
  cxi3: 5710
  cxi4: 6157
  cxi5: 3011717
  cxi6: 7521
  cxi7: 3293887
  total: 12579607
hni_tx_ok_4096_to_8191:
  cxi0: 1
  cxi1: 0
  cxi2: 0
  cxi3: 0
  cxi4: 0
  cxi5: 0
  cxi6: 0
  cxi7: 300
  total: 301
hni_tx_ok_8192_to_max:
  cxi0: 0
  cxi1: 0
  cxi2: 0
  cxi3: 0
  cxi4: 0
  cxi5: 0
  cxi6: 0
  cxi7: 718
  total: 718
hni_rx_ok_64:
  cxi0: 1404110125
  cxi1: 1012102394
  cxi2: 1399922348
  cxi3: 974942249
  cxi4: 1009798499
  cxi5: 1397603070
  cxi6: 973333647
  cxi7: 1410167431
  total: 9581979763
hni_rx_ok_65_to_127:
  cxi0: 5216177
  cxi1: 2098615
  cxi2: 5497061
  cxi3: 1509052
  cxi4: 2082587
  cxi5: 5424894
  cxi6: 1461969
  cxi7: 5320120
  total: 28610475
hni_rx_ok_128_to_255:
  cxi0: 1148857
  cxi1: 505403
  cxi2: 1205295
  cxi3: 525215
  cxi4: 506471
  cxi5: 1154185
  cxi6: 761150
  cxi7: 1443307
  total: 7249883
hni_rx_ok_256_to_511:
  cxi0: 2741836
  cxi1: 1710810
  cxi2: 2631190
  cxi3: 1998359
  cxi4: 1634987
  cxi5: 2539735
  cxi6: 2140046
  cxi7: 3246593
  total: 18643556
hni_rx_ok_512_to_1023:
  cxi0: 1706401
  cxi1: 41790
  cxi2: 1691283
  cxi3: 105395
  cxi4: 41610
  cxi5: 1617675
  cxi6: 181027
  cxi7: 1817537
  total: 7202718
hni_rx_ok_1024_to_2047:
  cxi0: 3300517
  cxi1: 45343
  cxi2: 3039955
  cxi3: 48402
  cxi4: 45747
  cxi5: 3080655
  cxi6: 50913
  cxi7: 3226106
  total: 12837638
hni_rx_ok_4096_to_8191:
  cxi0: 268
  cxi1: 0
  cxi2: 0
  cxi3: 0
  cxi4: 0
  cxi5: 0
  cxi6: 0
  cxi7: 0
  total: 268
hni_rx_ok_8192_to_max:
  cxi0: 636
  cxi1: 0
  cxi2: 0
  cxi3: 0
  cxi4: 0
  cxi5: 0
  cxi6: 0
  cxi7: 0
  total: 636
hni_llr_tx_replay_event:
  cxi0: 0
  cxi1: 0
  cxi2: 0
  cxi3: 0
  cxi4: 0
  cxi5: 0
  cxi6: 0
  cxi7: 0
  total: 0
hni_llr_rx_replay_event:
  cxi0: 0
  cxi1: 0
  cxi2: 0
  cxi3: 0
  cxi4: 0
  cxi5: 0
  cxi6: 0
  cxi7: 0
  total: 0
hni_llr_tx_nack_ctl_os:
  cxi0: 0
  cxi1: 0
  cxi2: 0
  cxi3: 0
  cxi4: 0
  cxi5: 0
  cxi6: 0
  cxi7: 0
  total: 0
hni_llr_rx_nack_ctl_os:
  cxi0: 0
  cxi1: 0
  cxi2: 0
  cxi3: 0
  cxi4: 0
  cxi5: 0
  cxi6: 0
  cxi7: 0
  total: 0
hni_llr_tx_discard:
  cxi0: 0
  cxi1: 0
  cxi2: 0
  cxi3: 0
  cxi4: 0
  cxi5: 0
  cxi6: 0
  cxi7: 0
  total: 0
pct_rsp_err_rcvd:
  cxi0: 27
  cxi1: 0
  cxi2: 26
  cxi3: 19
  cxi4: 18
  cxi5: 0
  cxi6: 27
  cxi7: 32
  total: 149
pct_rsp_dropped_timeout:
  cxi0: 0
  cxi1: 0
  cxi2: 0
  cxi3: 0
  cxi4: 0
  cxi5: 0
  cxi6: 0
  cxi7: 0
  total: 0
pct_rsp_dropped_try:
  cxi0: 0
  cxi1: 0
  cxi2: 0
  cxi3: 0
  cxi4: 0
  cxi5: 0
  cxi6: 0
  cxi7: 0
  total: 0
pct_bad_seq_nacks:
  cxi0: 229350
  cxi1: 7830
  cxi2: 224648
  cxi3: 7993
  cxi4: 7597
  cxi5: 228288
  cxi6: 7862
  cxi7: 224054
  total: 937622
pct_no_trs_nacks:
  cxi0: 50994
  cxi1: 1833
  cxi2: 46815
  cxi3: 1855
  cxi4: 1825
  cxi5: 50710
  cxi6: 1894
  cxi7: 48506
  total: 204432
ixe_rx_pkt_drop_pct:
  cxi0: 282727
  cxi1: 70202
  cxi2: 272381
  cxi3: 101953
  cxi4: 9422
  cxi5: 280085
  cxi6: 9747
  cxi7: 275489
  total: 1302006
ixe_rx_pkt_drop_ixe_parser:
  cxi0: 0
  cxi1: 0
  cxi2: 0
  cxi3: 0
  cxi4: 0
  cxi5: 0
  cxi6: 0
  cxi7: 0
  total: 0
pct_req_rsp_latency_0:
  cxi0: 8495312
  cxi1: 2621282
  cxi2: 4882710
  cxi3: 272943
  cxi4: 1560761
  cxi5: 6113213
  cxi6: 1463128
  cxi7: 6385671
  total: 31795020
pct_req_rsp_latency_1:
  cxi0: 19005992
  cxi1: 4053556
  cxi2: 14466214
  cxi3: 1292235
  cxi4: 2619918
  cxi5: 15211045
  cxi6: 2909502
  cxi7: 16104812
  total: 75663274
pct_req_rsp_latency_2:
  cxi0: 53992380
  cxi1: 7104865
  cxi2: 49648968
  cxi3: 5504628
  cxi4: 6330025
  cxi5: 47993727
  cxi6: 6846071
  cxi7: 51214791
  total: 228635455
pct_req_rsp_latency_3:
  cxi0: 64083418
  cxi1: 21090484
  cxi2: 60735395
  cxi3: 20032049
  cxi4: 20219655
  cxi5: 63115794
  cxi6: 20962019
  cxi7: 64405219
  total: 334644033
pct_req_rsp_latency_4:
  cxi0: 130700339
  cxi1: 29458714
  cxi2: 108281427
  cxi3: 28567785
  cxi4: 28932017
  cxi5: 107741991
  cxi6: 29276905
  cxi7: 129464989
  total: 592424167
pct_req_rsp_latency_5:
  cxi0: 115858214
  cxi1: 27461027
  cxi2: 110381735
  cxi3: 26948054
  cxi4: 27292212
  cxi5: 112076419
  cxi6: 27486149
  cxi7: 118256207
  total: 565760017
pct_req_rsp_latency_6:
  cxi0: 68899538
  cxi1: 25134648
  cxi2: 68972709
  cxi3: 24911813
  cxi4: 25009660
  cxi5: 69161649
  cxi6: 25731640
  cxi7: 68651439
  total: 376473096
pct_req_rsp_latency_7:
  cxi0: 48414928
  cxi1: 24088549
  cxi2: 44193487
  cxi3: 24328557
  cxi4: 24107901
  cxi5: 44457944
  cxi6: 26404796
  cxi7: 50027118
  total: 286023280
pct_req_rsp_latency_8:
  cxi0: 33304288
  cxi1: 24543196
  cxi2: 32535586
  cxi3: 24912129
  cxi4: 24522052
  cxi5: 33149025
  cxi6: 27225133
  cxi7: 37770488
  total: 237961897
pct_req_rsp_latency_9:
  cxi0: 28882324
  cxi1: 25430375
  cxi2: 29374246
  cxi3: 25625388
  cxi4: 25384260
  cxi5: 29577743
  cxi6: 27010678
  cxi7: 31996168
  total: 223281182
pct_req_rsp_latency_10:
  cxi0: 28682447
  cxi1: 26409189
  cxi2: 29108381
  cxi3: 26518323
  cxi4: 26424030
  cxi5: 29122171
  cxi6: 27265579
  cxi7: 30721634
  total: 224251754
pct_req_rsp_latency_11:
  cxi0: 29442670
  cxi1: 27410681
  cxi2: 29781616
  cxi3: 27504711
  cxi4: 27497189
  cxi5: 29571586
  cxi6: 27999370
  cxi7: 30817749
  total: 230025572
pct_req_rsp_latency_12:
  cxi0: 30558552
  cxi1: 28398250
  cxi2: 30769061
  cxi3: 28522050
  cxi4: 28479979
  cxi5: 30210373
  cxi6: 28871615
  cxi7: 31154188
  total: 236964068
pct_req_rsp_latency_13:
  cxi0: 31061462
  cxi1: 29257158
  cxi2: 31317080
  cxi3: 29398379
  cxi4: 29345514
  cxi5: 30816225
  cxi6: 29650684
  cxi7: 31535117
  total: 242381619
pct_req_rsp_latency_14:
  cxi0: 31029191
  cxi1: 29950575
  cxi2: 31497181
  cxi3: 30118944
  cxi4: 30049426
  cxi5: 31348467
  cxi6: 30297654
  cxi7: 31848267
  total: 246139705
pct_req_rsp_latency_15:
  cxi0: 31302970
  cxi1: 30401854
  cxi2: 31717145
  cxi3: 30605165
  cxi4: 30531504
  cxi5: 31667041
  cxi6: 30715595
  cxi7: 32045717
  total: 248986991
pct_req_rsp_latency_16:
  cxi0: 31420119
  cxi1: 30654682
  cxi2: 31817940
  cxi3: 30890863
  cxi4: 30813678
  cxi5: 31785386
  cxi6: 30945205
  cxi7: 32072445
  total: 250400318
pct_req_rsp_latency_17:
  cxi0: 31388888
  cxi1: 30713439
  cxi2: 31742806
  cxi3: 30978144
  cxi4: 30907901
  cxi5: 31669600
  cxi6: 30996696
  cxi7: 31951041
  total: 250348515
pct_req_rsp_latency_18:
  cxi0: 31090386
  cxi1: 30579840
  cxi2: 31432371
  cxi3: 30842379
  cxi4: 30765273
  cxi5: 31319675
  cxi6: 30792861
  cxi7: 31560544
  total: 248383329
pct_req_rsp_latency_19:
  cxi0: 30657750
  cxi1: 30132206
  cxi2: 30973452
  cxi3: 30402277
  cxi4: 30321397
  cxi5: 30757189
  cxi6: 30271328
  cxi7: 30995148
  total: 244510747
pct_req_rsp_latency_20:
  cxi0: 30767681
  cxi1: 29443940
  cxi2: 30967835
  cxi3: 29725079
  cxi4: 29619976
  cxi5: 30181563
  cxi6: 29539260
  cxi7: 30934595
  total: 241179929
pct_req_rsp_latency_21:
  cxi0: 30465020
  cxi1: 28495711
  cxi2: 30464609
  cxi3: 28780065
  cxi4: 28623264
  cxi5: 29374982
  cxi6: 28579188
  cxi7: 30241883
  total: 235024722
pct_req_rsp_latency_22:
  cxi0: 28034093
  cxi1: 27343374
  cxi2: 28329892
  cxi3: 27641003
  cxi4: 27523888
  cxi5: 27994825
  cxi6: 27423341
  cxi7: 28136448
  total: 222426864
pct_req_rsp_latency_23:
  cxi0: 26428158
  cxi1: 26098006
  cxi2: 26747593
  cxi3: 26411667
  cxi4: 26316055
  cxi5: 26722143
  cxi6: 26187563
  cxi7: 26566327
  total: 211477512
pct_req_rsp_latency_24:
  cxi0: 25116007
  cxi1: 24794183
  cxi2: 25423008
  cxi3: 25097621
  cxi4: 25011446
  cxi5: 25454427
  cxi6: 24870919
  cxi7: 25259443
  total: 201027054
pct_req_rsp_latency_25:
  cxi0: 23773179
  cxi1: 23439506
  cxi2: 24065242
  cxi3: 23764638
  cxi4: 23648283
  cxi5: 24129916
  cxi6: 23530572
  cxi7: 23886148
  total: 190237484
pct_req_rsp_latency_26:
  cxi0: 22317108
  cxi1: 21974203
  cxi2: 22604849
  cxi3: 22318630
  cxi4: 22181373
  cxi5: 22623457
  cxi6: 22057211
  cxi7: 22382858
  total: 178459689
pct_req_rsp_latency_27:
  cxi0: 20867531
  cxi1: 20491142
  cxi2: 21113242
  cxi3: 20841256
  cxi4: 20676240
  cxi5: 21058508
  cxi6: 20578357
  cxi7: 20814593
  total: 166440869
pct_req_rsp_latency_28:
  cxi0: 19373912
  cxi1: 18976562
  cxi2: 19603669
  cxi3: 19310191
  cxi4: 19159358
  cxi5: 19451192
  cxi6: 19054030
  cxi7: 19233331
  total: 154162245
pct_req_rsp_latency_29:
  cxi0: 17967217
  cxi1: 17506609
  cxi2: 18133927
  cxi3: 17833088
  cxi4: 17710623
  cxi5: 17903205
  cxi6: 17565576
  cxi7: 17734685
  total: 142354930
pct_req_rsp_latency_30:
  cxi0: 16484253
  cxi1: 16140982
  cxi2: 16703986
  cxi3: 16461256
  cxi4: 16326848
  cxi5: 16479031
  cxi6: 16190674
  cxi7: 16321449
  total: 131108479
pct_req_rsp_latency_31:
  cxi0: 151078084
  cxi1: 148302230
  cxi2: 156063293
  cxi3: 154086184
  cxi4: 150492452
  cxi5: 153381441
  cxi6: 149592316
  cxi7: 150095294
  total: 1213091294
