=== x1921c1s1b0n0 === (8 NICs)
atu_cache_hit_base_page_size_0:
  cxi0: 8366233041
  cxi1: 5841599693
  cxi2: 8154727296
  cxi3: 5801982128
  cxi4: 5884980260
  cxi5: 8122688445
  cxi6: 5796880773
  cxi7: 8347806711
  total: 56316898347
atu_cache_miss_0:
  cxi0: 284412046
  cxi1: 325227731
  cxi2: 409795298
  cxi3: 202790996
  cxi4: 343490295
  cxi5: 401414353
  cxi6: 220150923
  cxi7: 296891540
  total: 2484173182
ixe_disp_amo_events:
  cxi0: 56812
  cxi1: 8504
  cxi2: 8588
  cxi3: 8244
  cxi4: 50448
  cxi5: 8792
  cxi6: 8300
  cxi7: 8504
  total: 158192
ixe_disp_lpe_amos:
  cxi0: 56812
  cxi1: 8504
  cxi2: 8588
  cxi3: 8244
  cxi4: 50448
  cxi5: 8792
  cxi6: 8300
  cxi7: 8504
  total: 158192
ixe_disp_lpe_amos_ok:
  cxi0: 56812
  cxi1: 8504
  cxi2: 8588
  cxi3: 8244
  cxi4: 50448
  cxi5: 8792
  cxi6: 8300
  cxi7: 8504
  total: 158192
pct_retry_trs_put:
  cxi0: 0
  cxi1: 0
  cxi2: 0
  cxi3: 0
  cxi4: 0
  cxi5: 0
  cxi6: 0
  cxi7: 0
  total: 0
mst_stalled_waiting_put_crdts:
  cxi0: 2429761
  cxi1: 22403
  cxi2: 2433445
  cxi3: 17071
  cxi4: 79758
  cxi5: 2448407
  cxi6: 16038
  cxi7: 2419681
  total: 9866564
hni_sts_tx_ok_octets:
  cxi0: 17241780371340
  cxi1: 16446661749906
  cxi2: 11501563337407
  cxi3: 10635670359704
  cxi4: 10019348673339
  cxi5: 10777096184464
  cxi6: 15780567898766
  cxi7: 16648025360526
  total: 109050713935452
hni_sts_rx_ok_octets:
  cxi0: 16561600268099
  cxi1: 15653367052979
  cxi2: 10667854463173
  cxi3: 9902101087713
  cxi4: 9869696722537
  cxi5: 10610381154173
  cxi6: 15690486227568
  cxi7: 16558568246236
  total: 105514055222478
hni_tx_ok_64:
  cxi0: 1614541204
  cxi1: 1155942601
  cxi2: 1558225551
  cxi3: 1170970564
  cxi4: 1170521517
  cxi5: 1545391614
  cxi6: 1179768139
  cxi7: 1618178566
  total: 11013539756
hni_tx_ok_65_to_127:
  cxi0: 4223313
  cxi1: 298335
  cxi2: 3801914
  cxi3: 313695
  cxi4: 354812
  cxi5: 3835494
  cxi6: 505775
  cxi7: 4329137
  total: 17662475
hni_tx_ok_128_to_255:
  cxi0: 817952
  cxi1: 81999
  cxi2: 797285
  cxi3: 88581
  cxi4: 81706
  cxi5: 795266
  cxi6: 115522
  cxi7: 852539
  total: 3630850
hni_tx_ok_256_to_511:
  cxi0: 1823210
  cxi1: 774001
  cxi2: 1916386
  cxi3: 851452
  cxi4: 778843
  cxi5: 1803171
  cxi6: 894925
  cxi7: 1971638
  total: 10813626
hni_tx_ok_512_to_1023:
  cxi0: 3258146
  cxi1: 1239104
  cxi2: 3009463
  cxi3: 1483058
  cxi4: 1447533
  cxi5: 2814820
  cxi6: 1698057
  cxi7: 3469220
  total: 18419401
hni_tx_ok_1024_to_2047:
  cxi0: 3231280
  cxi1: 41969
  cxi2: 3111838
  cxi3: 41029
  cxi4: 43933
  cxi5: 3053462
  cxi6: 45616
  cxi7: 3312392
  total: 12881519
hni_tx_ok_4096_to_8191:
  cxi0: 3
  cxi1: 0
  cxi2: 0
  cxi3: 0
  cxi4: 0
  cxi5: 0
  cxi6: 0
  cxi7: 360
  total: 363
hni_tx_ok_8192_to_max:
  cxi0: 0
  cxi1: 0
  cxi2: 0
  cxi3: 0
  cxi4: 0
  cxi5: 0
  cxi6: 0
  cxi7: 802
  total: 802
hni_rx_ok_64:
  cxi0: 1645607763
  cxi1: 1237521335
  cxi2: 1638682864
  cxi3: 1201361415
  cxi4: 1247179449
  cxi5: 1630345341
  cxi6: 1203720129
  cxi7: 1642069968
  total: 11446488264
hni_rx_ok_65_to_127:
  cxi0: 5050067
  cxi1: 1738698
  cxi2: 5296960
  cxi3: 1164957
  cxi4: 1891732
  cxi5: 5122576
  cxi6: 1165100
  cxi7: 5015238
  total: 26445328
hni_rx_ok_128_to_255:
  cxi0: 1085035
  cxi1: 421301
  cxi2: 1132167
  cxi3: 421404
  cxi4: 428553
  cxi5: 1085649
  cxi6: 610176
  cxi7: 1296970
  total: 6481255
hni_rx_ok_256_to_511:
  cxi0: 2819676
  cxi1: 1521481
  cxi2: 2727709
  cxi3: 1824187
  cxi4: 1728019
  cxi5: 2439810
  cxi6: 1991084
  cxi7: 3088600
  total: 18140566
hni_rx_ok_512_to_1023:
  cxi0: 1655845
  cxi1: 1653
  cxi2: 1641184
  cxi3: 51639
  cxi4: 1639
  cxi5: 1590323
  cxi6: 143304
  cxi7: 1794428
  total: 6880015
hni_rx_ok_1024_to_2047:
  cxi0: 3266602
  cxi1: 2548
  cxi2: 2992747
  cxi3: 4477
  cxi4: 4277
  cxi5: 3040318
  cxi6: 11407
  cxi7: 3176451
  total: 12498827
hni_rx_ok_4096_to_8191:
  cxi0: 244
  cxi1: 0
  cxi2: 0
  cxi3: 0
  cxi4: 0
  cxi5: 0
  cxi6: 0
  cxi7: 2
  total: 246
hni_rx_ok_8192_to_max:
  cxi0: 527
  cxi1: 0
  cxi2: 0
  cxi3: 0
  cxi4: 0
  cxi5: 0
  cxi6: 0
  cxi7: 0
  total: 527
hni_llr_tx_replay_event:
  cxi0: 0
  cxi1: 0
  cxi2: 0
  cxi3: 0
  cxi4: 0
  cxi5: 0
  cxi6: 0
  cxi7: 0
  total: 0
hni_llr_rx_replay_event:
  cxi0: 0
  cxi1: 0
  cxi2: 0
  cxi3: 0
  cxi4: 0
  cxi5: 0
  cxi6: 0
  cxi7: 0
  total: 0
hni_llr_tx_nack_ctl_os:
  cxi0: 0
  cxi1: 0
  cxi2: 0
  cxi3: 0
  cxi4: 0
  cxi5: 0
  cxi6: 0
  cxi7: 0
  total: 0
hni_llr_rx_nack_ctl_os:
  cxi0: 0
  cxi1: 0
  cxi2: 0
  cxi3: 0
  cxi4: 0
  cxi5: 0
  cxi6: 0
  cxi7: 0
  total: 0
hni_llr_tx_discard:
  cxi0: 0
  cxi1: 0
  cxi2: 0
  cxi3: 0
  cxi4: 0
  cxi5: 0
  cxi6: 0
  cxi7: 0
  total: 0
pct_rsp_err_rcvd:
  cxi0: 0
  cxi1: 18
  cxi2: 49
  cxi3: 31
  cxi4: 0
  cxi5: 0
  cxi6: 36
  cxi7: 0
  total: 134
pct_rsp_dropped_timeout:
  cxi0: 0
  cxi1: 0
  cxi2: 0
  cxi3: 0
  cxi4: 0
  cxi5: 0
  cxi6: 0
  cxi7: 0
  total: 0
pct_rsp_dropped_try:
  cxi0: 0
  cxi1: 0
  cxi2: 0
  cxi3: 0
  cxi4: 0
  cxi5: 0
  cxi6: 0
  cxi7: 0
  total: 0
pct_bad_seq_nacks:
  cxi0: 237881
  cxi1: 6888
  cxi2: 253389
  cxi3: 7337
  cxi4: 7402
  cxi5: 244672
  cxi6: 6866
  cxi7: 247917
  total: 1012352
pct_no_trs_nacks:
  cxi0: 53705
  cxi1: 1579
  cxi2: 56161
  cxi3: 1556
  cxi4: 1693
  cxi5: 55135
  cxi6: 1641
  cxi7: 54731
  total: 226201
ixe_rx_pkt_drop_pct:
  cxi0: 383221
  cxi1: 8467
  cxi2: 312300
  cxi3: 8948
  cxi4: 100080
  cxi5: 301070
  cxi6: 8507
  cxi7: 304811
  total: 1427404
ixe_rx_pkt_drop_ixe_parser:
  cxi0: 0
  cxi1: 0
  cxi2: 0
  cxi3: 0
  cxi4: 0
  cxi5: 0
  cxi6: 0
  cxi7: 0
  total: 0
pct_req_rsp_latency_0:
  cxi0: 7997616
  cxi1: 1879425
  cxi2: 7488590
  cxi3: 2796711
  cxi4: 1534081
  cxi5: 6050897
  cxi6: 5318865
  cxi7: 10144045
  total: 43210230
pct_req_rsp_latency_1:
  cxi0: 16256525
  cxi1: 4932987
  cxi2: 16711600
  cxi3: 6295994
  cxi4: 4343499
  cxi5: 14826869
  cxi6: 6868001
  cxi7: 17489311
  total: 87724786
pct_req_rsp_latency_2:
  cxi0: 40614869
  cxi1: 19520449
  cxi2: 39758769
  cxi3: 20169289
  cxi4: 18826648
  cxi5: 37621008
  cxi6: 19226359
  cxi7: 38242171
  total: 233979562
pct_req_rsp_latency_3:
  cxi0: 60233684
  cxi1: 30279386
  cxi2: 56543909
  cxi3: 31291153
  cxi4: 29604280
  cxi5: 54441617
  cxi6: 29671449
  cxi7: 59587731
  total: 351653209
pct_req_rsp_latency_4:
  cxi0: 143232048
  cxi1: 39945545
  cxi2: 119584649
  cxi3: 40576154
  cxi4: 39832778
  cxi5: 116113714
  cxi6: 39599208
  cxi7: 141804140
  total: 680688236
pct_req_rsp_latency_5:
  cxi0: 122881620
  cxi1: 36792833
  cxi2: 118240310
  cxi3: 37138418
  cxi4: 36743739
  cxi5: 120800205
  cxi6: 36631013
  cxi7: 124881881
  total: 634110019
pct_req_rsp_latency_6:
  cxi0: 79492028
  cxi1: 34175368
  cxi2: 81954717
  cxi3: 34546827
  cxi4: 33883964
  cxi5: 81210289
  cxi6: 34436466
  cxi7: 79821310
  total: 459520969
pct_req_rsp_latency_7:
  cxi0: 72889418
  cxi1: 32916151
  cxi2: 68880417
  cxi3: 33416059
  cxi4: 32533724
  cxi5: 69218360
  cxi6: 34599449
  cxi7: 73045364
  total: 417498942
pct_req_rsp_latency_8:
  cxi0: 56156156
  cxi1: 32487567
  cxi2: 55064695
  cxi3: 33014318
  cxi4: 32278276
  cxi5: 55858010
  cxi6: 34463375
  cxi7: 58929920
  total: 358252317
pct_req_rsp_latency_9:
  cxi0: 43832159
  cxi1: 32638610
  cxi2: 44559240
  cxi3: 33009851
  cxi4: 32578627
  cxi5: 44518705
  cxi6: 33765276
  cxi7: 46327968
  total: 311230436
pct_req_rsp_latency_10:
  cxi0: 38189245
  cxi1: 33619005
  cxi2: 38880498
  cxi3: 33778588
  cxi4: 33596285
  cxi5: 38631911
  cxi6: 34090112
  cxi7: 39979786
  total: 290765430
pct_req_rsp_latency_11:
  cxi0: 37322779
  cxi1: 34697908
  cxi2: 37710203
  cxi3: 34770462
  cxi4: 34685527
  cxi5: 37246545
  cxi6: 34928577
  cxi7: 38345577
  total: 289707578
pct_req_rsp_latency_12:
  cxi0: 38454593
  cxi1: 35838621
  cxi2: 38479085
  cxi3: 35862335
  cxi4: 35857319
  cxi5: 37712725
  cxi6: 35942396
  cxi7: 38518652
  total: 296665726
pct_req_rsp_latency_13:
  cxi0: 38936680
  cxi1: 36873403
  cxi2: 38988758
  cxi3: 36913605
  cxi4: 36924947
  cxi5: 38502279
  cxi6: 36923703
  cxi7: 39011716
  total: 303075091
pct_req_rsp_latency_14:
  cxi0: 39037717
  cxi1: 37708979
  cxi2: 39249340
  cxi3: 37743056
  cxi4: 37771238
  cxi5: 39159608
  cxi6: 37701451
  cxi7: 39427191
  total: 307798580
pct_req_rsp_latency_15:
  cxi0: 39463778
  cxi1: 38371004
  cxi2: 39649208
  cxi3: 38400359
  cxi4: 38435022
  cxi5: 39671414
  cxi6: 38295964
  cxi7: 39769395
  total: 312056144
pct_req_rsp_latency_16:
  cxi0: 39683865
  cxi1: 38734640
  cxi2: 39826670
  cxi3: 38756733
  cxi4: 38823362
  cxi5: 39891369
  cxi6: 38632615
  cxi7: 39884647
  total: 314233901
pct_req_rsp_latency_17:
  cxi0: 39689259
  cxi1: 38879861
  cxi2: 39790093
  cxi3: 38895474
  cxi4: 38973543
  cxi5: 39948958
  cxi6: 38785045
  cxi7: 39815085
  total: 314777318
pct_req_rsp_latency_18:
  cxi0: 39242221
  cxi1: 38649695
  cxi2: 39298296
  cxi3: 38641616
  cxi4: 38692490
  cxi5: 39499122
  cxi6: 38522232
  cxi7: 39262731
  total: 311808403
pct_req_rsp_latency_19:
  cxi0: 38614457
  cxi1: 38059463
  cxi2: 38643272
  cxi3: 38017562
  cxi4: 38081437
  cxi5: 38715460
  cxi6: 37836187
  cxi7: 38532466
  total: 306500304
pct_req_rsp_latency_20:
  cxi0: 38417194
  cxi1: 37114491
  cxi2: 38429845
  cxi3: 37067805
  cxi4: 37085865
  cxi5: 37902491
  cxi6: 36878056
  cxi7: 38285769
  total: 301181516
pct_req_rsp_latency_21:
  cxi0: 38384939
  cxi1: 35798133
  cxi2: 38167106
  cxi3: 35720311
  cxi4: 35833712
  cxi5: 36868025
  cxi6: 35550155
  cxi7: 37734003
  total: 294056384
pct_req_rsp_latency_22:
  cxi0: 35219819
  cxi1: 34362599
  cxi2: 35137184
  cxi3: 34259135
  cxi4: 34424814
  cxi5: 35048466
  cxi6: 34141732
  cxi7: 34968538
  total: 277562287
pct_req_rsp_latency_23:
  cxi0: 33098463
  cxi1: 32748405
  cxi2: 33026615
  cxi3: 32636078
  cxi4: 32863518
  cxi5: 33350718
  cxi6: 32563966
  cxi7: 32971024
  total: 263258787
pct_req_rsp_latency_24:
  cxi0: 31257615
  cxi1: 31082267
  cxi2: 31150347
  cxi3: 30924891
  cxi4: 31157815
  cxi5: 31703433
  cxi6: 30890791
  cxi7: 31184129
  total: 249351288
pct_req_rsp_latency_25:
  cxi0: 29359948
  cxi1: 29216926
  cxi2: 29203784
  cxi3: 29034102
  cxi4: 29302491
  cxi5: 29862148
  cxi6: 29068747
  cxi7: 29322621
  total: 234370767
pct_req_rsp_latency_26:
  cxi0: 27389386
  cxi1: 27270803
  cxi2: 27209507
  cxi3: 27076715
  cxi4: 27354570
  cxi5: 27877504
  cxi6: 27142772
  cxi7: 27361577
  total: 218682834
pct_req_rsp_latency_27:
  cxi0: 25406052
  cxi1: 25262311
  cxi2: 25180091
  cxi3: 25059537
  cxi4: 25354814
  cxi5: 25788333
  cxi6: 25173544
  cxi7: 25317957
  total: 202542639
pct_req_rsp_latency_28:
  cxi0: 23542318
  cxi1: 23280720
  cxi2: 23256192
  cxi3: 23062771
  cxi4: 23431234
  cxi5: 23730274
  cxi6: 23220529
  cxi7: 23345074
  total: 186869112
pct_req_rsp_latency_29:
  cxi0: 21768319
  cxi1: 21398802
  cxi2: 21398153
  cxi3: 21180038
  cxi4: 21571555
  cxi5: 21778593
  cxi6: 21355073
  cxi7: 21443318
  total: 171893851
pct_req_rsp_latency_30:
  cxi0: 19940891
  cxi1: 19614424
  cxi2: 19629454
  cxi3: 19402588
  cxi4: 19816172
  cxi5: 19969012
  cxi6: 19606094
  cxi7: 19677363
  total: 157655998
pct_req_rsp_latency_31:
  cxi0: 168843137
  cxi1: 166343154
  cxi2: 164579760
  cxi3: 161864688
  cxi4: 168748634
  cxi5: 172070959
  cxi6: 167467965
  cxi7: 168393605
  total: 1338311902
