=== x1921c1s2b0n0 === (8 NICs)
atu_cache_hit_base_page_size_0:
  cxi0: 7252802761
  cxi1: 4791025255
  cxi2: 7052368700
  cxi3: 4743556678
  cxi4: 4785900974
  cxi5: 7034366803
  cxi6: 4721029135
  cxi7: 7269984291
  total: 47651034597
atu_cache_miss_0:
  cxi0: 224080069
  cxi1: 306988114
  cxi2: 359654793
  cxi3: 182276769
  cxi4: 294956708
  cxi5: 371254153
  cxi6: 190114495
  cxi7: 273442415
  total: 2202767516
ixe_disp_amo_events:
  cxi0: 91706
  cxi1: 47118
  cxi2: 49709
  cxi3: 47911
  cxi4: 85108
  cxi5: 48906
  cxi6: 47921
  cxi7: 49694
  total: 468073
ixe_disp_lpe_amos:
  cxi0: 91706
  cxi1: 47118
  cxi2: 49709
  cxi3: 47911
  cxi4: 85108
  cxi5: 48906
  cxi6: 47921
  cxi7: 49694
  total: 468073
ixe_disp_lpe_amos_ok:
  cxi0: 91706
  cxi1: 47118
  cxi2: 49709
  cxi3: 47911
  cxi4: 85108
  cxi5: 48906
  cxi6: 47921
  cxi7: 49694
  total: 468073
pct_retry_trs_put:
  cxi0: 0
  cxi1: 0
  cxi2: 0
  cxi3: 0
  cxi4: 0
  cxi5: 0
  cxi6: 0
  cxi7: 0
  total: 0
mst_stalled_waiting_put_crdts:
  cxi0: 2407363
  cxi1: 345986
  cxi2: 2584112
  cxi3: 623275
  cxi4: 286258
  cxi5: 2434426
  cxi6: 17019
  cxi7: 2409951
  total: 11108390
hni_sts_tx_ok_octets:
  cxi0: 82455862194334
  cxi1: 81203759755930
  cxi2: 53511866109367
  cxi3: 52159163764221
  cxi4: 51844429427594
  cxi5: 51788373864451
  cxi6: 81553761937195
  cxi7: 82253818421880
  total: 536771035474972
hni_sts_rx_ok_octets:
  cxi0: 81954651703374
  cxi1: 80580717351654
  cxi2: 52706627603844
  cxi3: 51424454970367
  cxi4: 51816373284372
  cxi5: 51830661418099
  cxi6: 80621449694693
  cxi7: 82260647575692
  total: 533195583602095
hni_tx_ok_64:
  cxi0: 1412593224
  cxi1: 976208404
  cxi2: 1360825791
  cxi3: 990135380
  cxi4: 971320253
  cxi5: 1357650631
  cxi6: 993437117
  cxi7: 1431544745
  total: 9493715545
hni_tx_ok_65_to_127:
  cxi0: 3934097
  cxi1: 26105
  cxi2: 3552750
  cxi3: 74868
  cxi4: 76622
  cxi5: 3553858
  cxi6: 309672
  cxi7: 4122697
  total: 15650669
hni_tx_ok_128_to_255:
  cxi0: 734764
  cxi1: 965
  cxi2: 715793
  cxi3: 11550
  cxi4: 678
  cxi5: 714102
  cxi6: 45750
  cxi7: 781669
  total: 3005271
hni_tx_ok_256_to_511:
  cxi0: 1791614
  cxi1: 752196
  cxi2: 1904541
  cxi3: 845282
  cxi4: 748353
  cxi5: 1783156
  cxi6: 896369
  cxi7: 1971415
  total: 10692926
hni_tx_ok_512_to_1023:
  cxi0: 3056774
  cxi1: 1361832
  cxi2: 2870974
  cxi3: 1588651
  cxi4: 1291071
  cxi5: 2795553
  cxi6: 1751786
  cxi7: 3482792
  total: 18199433
hni_tx_ok_1024_to_2047:
  cxi0: 3185825
  cxi1: 5128
  cxi2: 3063659
  cxi3: 5708
  cxi4: 6157
  cxi5: 3011717
  cxi6: 7521
  cxi7: 3293887
  total: 12579602
hni_tx_ok_4096_to_8191:
  cxi0: 1
  cxi1: 0
  cxi2: 0
  cxi3: 0
  cxi4: 0
  cxi5: 0
  cxi6: 0
  cxi7: 300
  total: 301
hni_tx_ok_8192_to_max:
  cxi0: 0
  cxi1: 0
  cxi2: 0
  cxi3: 0
  cxi4: 0
  cxi5: 0
  cxi6: 0
  cxi7: 718
  total: 718
hni_rx_ok_64:
  cxi0: 1404031452
  cxi1: 1012027013
  cxi2: 1399846328
  cxi3: 974869050
  cxi4: 1009722699
  cxi5: 1397524495
  cxi6: 973259222
  cxi7: 1410090291
  total: 9581370550
hni_rx_ok_65_to_127:
  cxi0: 5171189
  cxi1: 2055414
  cxi2: 5453816
  cxi3: 1467410
  cxi4: 2040663
  cxi5: 5381368
  cxi6: 1421430
  cxi7: 5278073
  total: 28269363
hni_rx_ok_128_to_255:
  cxi0: 1120856
  cxi1: 478403
  cxi2: 1178292
  cxi3: 499210
  cxi4: 479471
  cxi5: 1126185
  cxi6: 735150
  cxi7: 1416307
  total: 7033874
hni_rx_ok_256_to_511:
  cxi0: 2741830
  cxi1: 1710810
  cxi2: 2631164
  cxi3: 1998335
  cxi4: 1634987
  cxi5: 2539735
  cxi6: 2139900
  cxi7: 3246443
  total: 18643204
hni_rx_ok_512_to_1023:
  cxi0: 1692396
  cxi1: 28290
  cxi2: 1677734
  cxi3: 92332
  cxi4: 28110
  cxi5: 1603675
  cxi6: 167987
  cxi7: 1803995
  total: 7094519
hni_rx_ok_1024_to_2047:
  cxi0: 3286517
  cxi1: 31843
  cxi2: 3026386
  cxi3: 35351
  cxi4: 32247
  cxi5: 3066655
  cxi6: 37831
  cxi7: 3212520
  total: 12729350
hni_rx_ok_4096_to_8191:
  cxi0: 265
  cxi1: 0
  cxi2: 0
  cxi3: 0
  cxi4: 0
  cxi5: 0
  cxi6: 0
  cxi7: 0
  total: 265
hni_rx_ok_8192_to_max:
  cxi0: 624
  cxi1: 0
  cxi2: 0
  cxi3: 0
  cxi4: 0
  cxi5: 0
  cxi6: 0
  cxi7: 0
  total: 624
hni_llr_tx_replay_event:
  cxi0: 0
  cxi1: 0
  cxi2: 0
  cxi3: 0
  cxi4: 0
  cxi5: 0
  cxi6: 0
  cxi7: 0
  total: 0
hni_llr_rx_replay_event:
  cxi0: 0
  cxi1: 0
  cxi2: 0
  cxi3: 0
  cxi4: 0
  cxi5: 0
  cxi6: 0
  cxi7: 0
  total: 0
hni_llr_tx_nack_ctl_os:
  cxi0: 0
  cxi1: 0
  cxi2: 0
  cxi3: 0
  cxi4: 0
  cxi5: 0
  cxi6: 0
  cxi7: 0
  total: 0
hni_llr_rx_nack_ctl_os:
  cxi0: 0
  cxi1: 0
  cxi2: 0
  cxi3: 0
  cxi4: 0
  cxi5: 0
  cxi6: 0
  cxi7: 0
  total: 0
hni_llr_tx_discard:
  cxi0: 0
  cxi1: 0
  cxi2: 0
  cxi3: 0
  cxi4: 0
  cxi5: 0
  cxi6: 0
  cxi7: 0
  total: 0
pct_rsp_err_rcvd:
  cxi0: 27
  cxi1: 0
  cxi2: 26
  cxi3: 19
  cxi4: 18
  cxi5: 0
  cxi6: 27
  cxi7: 32
  total: 149
pct_rsp_dropped_timeout:
  cxi0: 0
  cxi1: 0
  cxi2: 0
  cxi3: 0
  cxi4: 0
  cxi5: 0
  cxi6: 0
  cxi7: 0
  total: 0
pct_rsp_dropped_try:
  cxi0: 0
  cxi1: 0
  cxi2: 0
  cxi3: 0
  cxi4: 0
  cxi5: 0
  cxi6: 0
  cxi7: 0
  total: 0
pct_bad_seq_nacks:
  cxi0: 229350
  cxi1: 7830
  cxi2: 224648
  cxi3: 7993
  cxi4: 7597
  cxi5: 228288
  cxi6: 7862
  cxi7: 224054
  total: 937622
pct_no_trs_nacks:
  cxi0: 50994
  cxi1: 1833
  cxi2: 46815
  cxi3: 1855
  cxi4: 1825
  cxi5: 50710
  cxi6: 1894
  cxi7: 48506
  total: 204432
ixe_rx_pkt_drop_pct:
  cxi0: 282727
  cxi1: 70202
  cxi2: 272381
  cxi3: 101953
  cxi4: 9422
  cxi5: 280085
  cxi6: 9747
  cxi7: 275489
  total: 1302006
ixe_rx_pkt_drop_ixe_parser:
  cxi0: 0
  cxi1: 0
  cxi2: 0
  cxi3: 0
  cxi4: 0
  cxi5: 0
  cxi6: 0
  cxi7: 0
  total: 0
pct_req_rsp_latency_0:
  cxi0: 8494420
  cxi1: 2620037
  cxi2: 4881796
  cxi3: 271714
  cxi4: 1559946
  cxi5: 6111930
  cxi6: 1462243
  cxi7: 6384478
  total: 31786564
pct_req_rsp_latency_1:
  cxi0: 19005614
  cxi1: 4053220
  cxi2: 14465800
  cxi3: 1291917
  cxi4: 2619497
  cxi5: 15210646
  cxi6: 2909141
  cxi7: 16104390
  total: 75660225
pct_req_rsp_latency_2:
  cxi0: 53991288
  cxi1: 7104076
  cxi2: 49647954
  cxi3: 5503841
  cxi4: 6327999
  cxi5: 47991858
  cxi6: 6844079
  cxi7: 51212948
  total: 228624043
pct_req_rsp_latency_3:
  cxi0: 64083184
  cxi1: 21090331
  cxi2: 60735174
  cxi3: 20031873
  cxi4: 20219344
  cxi5: 63115550
  cxi6: 20961676
  cxi7: 64404955
  total: 334642087
pct_req_rsp_latency_4:
  cxi0: 130700234
  cxi1: 29458621
  cxi2: 108281288
  cxi3: 28567665
  cxi4: 28931867
  cxi5: 107741846
  cxi6: 29276654
  cxi7: 129464746
  total: 592422921
pct_req_rsp_latency_5:
  cxi0: 115858158
  cxi1: 27460979
  cxi2: 110381600
  cxi3: 26947955
  cxi4: 27292095
  cxi5: 112076303
  cxi6: 27485946
  cxi7: 118255995
  total: 565759031
pct_req_rsp_latency_6:
  cxi0: 68899514
  cxi1: 25134625
  cxi2: 68972675
  cxi3: 24911783
  cxi4: 25009612
  cxi5: 69161618
  cxi6: 25731601
  cxi7: 68651396
  total: 376472824
pct_req_rsp_latency_7:
  cxi0: 48414913
  cxi1: 24088534
  cxi2: 44193472
  cxi3: 24328524
  cxi4: 24107889
  cxi5: 44457931
  cxi6: 26404783
  cxi7: 50027105
  total: 286023151
pct_req_rsp_latency_8:
  cxi0: 33304283
  cxi1: 24543187
  cxi2: 32535574
  cxi3: 24912084
  cxi4: 24522037
  cxi5: 33149021
  cxi6: 27225121
  cxi7: 37770482
  total: 237961789
pct_req_rsp_latency_9:
  cxi0: 28882313
  cxi1: 25430368
  cxi2: 29374237
  cxi3: 25625357
  cxi4: 25384251
  cxi5: 29577743
  cxi6: 27010673
  cxi7: 31996160
  total: 223281102
pct_req_rsp_latency_10:
  cxi0: 28682441
  cxi1: 26409185
  cxi2: 29108375
  cxi3: 26518310
  cxi4: 26424027
  cxi5: 29122163
  cxi6: 27265577
  cxi7: 30721629
  total: 224251707
pct_req_rsp_latency_11:
  cxi0: 29442662
  cxi1: 27410678
  cxi2: 29781614
  cxi3: 27504708
  cxi4: 27497185
  cxi5: 29571583
  cxi6: 27999369
  cxi7: 30817746
  total: 230025545
pct_req_rsp_latency_12:
  cxi0: 30558548
  cxi1: 28398245
  cxi2: 30769052
  cxi3: 28522050
  cxi4: 28479978
  cxi5: 30210372
  cxi6: 28871615
  cxi7: 31154185
  total: 236964045
pct_req_rsp_latency_13:
  cxi0: 31061458
  cxi1: 29257157
  cxi2: 31317079
  cxi3: 29398379
  cxi4: 29345514
  cxi5: 30816225
  cxi6: 29650684
  cxi7: 31535116
  total: 242381612
pct_req_rsp_latency_14:
  cxi0: 31029190
  cxi1: 29950575
  cxi2: 31497180
  cxi3: 30118944
  cxi4: 30049424
  cxi5: 31348467
  cxi6: 30297654
  cxi7: 31848267
  total: 246139701
pct_req_rsp_latency_15:
  cxi0: 31302970
  cxi1: 30401854
  cxi2: 31717142
  cxi3: 30605162
  cxi4: 30531503
  cxi5: 31667041
  cxi6: 30715595
  cxi7: 32045717
  total: 248986984
pct_req_rsp_latency_16:
  cxi0: 31420117
  cxi1: 30654682
  cxi2: 31817934
  cxi3: 30890863
  cxi4: 30813678
  cxi5: 31785386
  cxi6: 30945205
  cxi7: 32072445
  total: 250400310
pct_req_rsp_latency_17:
  cxi0: 31388886
  cxi1: 30713439
  cxi2: 31742806
  cxi3: 30978143
  cxi4: 30907901
  cxi5: 31669600
  cxi6: 30996696
  cxi7: 31951041
  total: 250348512
pct_req_rsp_latency_18:
  cxi0: 31090386
  cxi1: 30579840
  cxi2: 31432370
  cxi3: 30842379
  cxi4: 30765273
  cxi5: 31319675
  cxi6: 30792861
  cxi7: 31560544
  total: 248383328
pct_req_rsp_latency_19:
  cxi0: 30657750
  cxi1: 30132206
  cxi2: 30973451
  cxi3: 30402277
  cxi4: 30321397
  cxi5: 30757189
  cxi6: 30271327
  cxi7: 30995148
  total: 244510745
pct_req_rsp_latency_20:
  cxi0: 30767681
  cxi1: 29443940
  cxi2: 30967835
  cxi3: 29725079
  cxi4: 29619976
  cxi5: 30181563
  cxi6: 29539260
  cxi7: 30934595
  total: 241179929
pct_req_rsp_latency_21:
  cxi0: 30465020
  cxi1: 28495711
  cxi2: 30464609
  cxi3: 28780065
  cxi4: 28623264
  cxi5: 29374982
  cxi6: 28579188
  cxi7: 30241883
  total: 235024722
pct_req_rsp_latency_22:
  cxi0: 28034093
  cxi1: 27343374
  cxi2: 28329892
  cxi3: 27641003
  cxi4: 27523888
  cxi5: 27994825
  cxi6: 27423341
  cxi7: 28136448
  total: 222426864
pct_req_rsp_latency_23:
  cxi0: 26428153
  cxi1: 26098006
  cxi2: 26747593
  cxi3: 26411667
  cxi4: 26316055
  cxi5: 26722143
  cxi6: 26187563
  cxi7: 26566327
  total: 211477507
pct_req_rsp_latency_24:
  cxi0: 25116003
  cxi1: 24794183
  cxi2: 25423008
  cxi3: 25097621
  cxi4: 25011446
  cxi5: 25454427
  cxi6: 24870919
  cxi7: 25259443
  total: 201027050
pct_req_rsp_latency_25:
  cxi0: 23773175
  cxi1: 23439506
  cxi2: 24065242
  cxi3: 23764636
  cxi4: 23648283
  cxi5: 24129916
  cxi6: 23530572
  cxi7: 23886148
  total: 190237478
pct_req_rsp_latency_26:
  cxi0: 22317108
  cxi1: 21974203
  cxi2: 22604849
  cxi3: 22318629
  cxi4: 22181373
  cxi5: 22623457
  cxi6: 22057211
  cxi7: 22382858
  total: 178459688
pct_req_rsp_latency_27:
  cxi0: 20867531
  cxi1: 20491142
  cxi2: 21113242
  cxi3: 20841256
  cxi4: 20676240
  cxi5: 21058508
  cxi6: 20578357
  cxi7: 20814593
  total: 166440869
pct_req_rsp_latency_28:
  cxi0: 19373912
  cxi1: 18976562
  cxi2: 19603669
  cxi3: 19310191
  cxi4: 19159358
  cxi5: 19451192
  cxi6: 19054030
  cxi7: 19233331
  total: 154162245
pct_req_rsp_latency_29:
  cxi0: 17967217
  cxi1: 17506609
  cxi2: 18133927
  cxi3: 17833088
  cxi4: 17710623
  cxi5: 17903205
  cxi6: 17565576
  cxi7: 17734685
  total: 142354930
pct_req_rsp_latency_30:
  cxi0: 16484253
  cxi1: 16140982
  cxi2: 16703986
  cxi3: 16461256
  cxi4: 16326848
  cxi5: 16479031
  cxi6: 16190674
  cxi7: 16321449
  total: 131108479
pct_req_rsp_latency_31:
  cxi0: 151078080
  cxi1: 148302230
  cxi2: 156063293
  cxi3: 154086173
  cxi4: 150492452
  cxi5: 153381441
  cxi6: 149592316
  cxi7: 150095294
  total: 1213091279
