=== x1921c1s2b0n0 === (8 NICs)
atu_cache_hit_base_page_size_0:
  cxi0: 7252779881
  cxi1: 4791003081
  cxi2: 7052346628
  cxi3: 4743535810
  cxi4: 4785883970
  cxi5: 7034349556
  cxi6: 4721013123
  cxi7: 7269966941
  total: 47650878990
atu_cache_miss_0:
  cxi0: 224079700
  cxi1: 306987742
  cxi2: 359654328
  cxi3: 182276280
  cxi4: 294956355
  cxi5: 371253787
  cxi6: 190114148
  cxi7: 273442060
  total: 2202764400
ixe_disp_amo_events:
  cxi0: 85096
  cxi1: 40516
  cxi2: 43102
  cxi3: 41804
  cxi4: 78516
  cxi5: 42308
  cxi6: 41806
  cxi7: 43084
  total: 416232
ixe_disp_lpe_amos:
  cxi0: 85096
  cxi1: 40516
  cxi2: 43102
  cxi3: 41804
  cxi4: 78516
  cxi5: 42308
  cxi6: 41806
  cxi7: 43084
  total: 416232
ixe_disp_lpe_amos_ok:
  cxi0: 85096
  cxi1: 40516
  cxi2: 43102
  cxi3: 41804
  cxi4: 78516
  cxi5: 42308
  cxi6: 41806
  cxi7: 43084
  total: 416232
pct_retry_trs_put:
  cxi0: 0
  cxi1: 0
  cxi2: 0
  cxi3: 0
  cxi4: 0
  cxi5: 0
  cxi6: 0
  cxi7: 0
  total: 0
mst_stalled_waiting_put_crdts:
  cxi0: 2407363
  cxi1: 345986
  cxi2: 2584112
  cxi3: 623275
  cxi4: 286258
  cxi5: 2434426
  cxi6: 17019
  cxi7: 2409951
  total: 11108390
hni_sts_tx_ok_octets:
  cxi0: 82455860311805
  cxi1: 81203757943450
  cxi2: 53511864196795
  cxi3: 52159161941487
  cxi4: 51844427525225
  cxi5: 51788371893859
  cxi6: 81553760089393
  cxi7: 82253816443160
  total: 536771020345174
hni_sts_rx_ok_octets:
  cxi0: 81954649204259
  cxi1: 80580715132987
  cxi2: 52706625332163
  cxi3: 51424452625425
  cxi4: 51816371188682
  cxi5: 51830659270293
  cxi6: 80621447641296
  cxi7: 82260645387064
  total: 533195565782169
hni_tx_ok_64:
  cxi0: 1412568598
  cxi1: 976184513
  cxi2: 1360801797
  cxi3: 990112539
  cxi4: 971300886
  cxi5: 1357630748
  cxi6: 993418758
  cxi7: 1431524916
  total: 9493542755
hni_tx_ok_65_to_127:
  cxi0: 3930080
  cxi1: 22337
  cxi2: 3548744
  cxi3: 71109
  cxi4: 67795
  cxi5: 3544562
  cxi6: 300977
  cxi7: 4113600
  total: 15599204
hni_tx_ok_128_to_255:
  cxi0: 734752
  cxi1: 965
  cxi2: 715787
  cxi3: 11541
  cxi4: 678
  cxi5: 714102
  cxi6: 45748
  cxi7: 781663
  total: 3005236
hni_tx_ok_256_to_511:
  cxi0: 1791610
  cxi1: 752196
  cxi2: 1904491
  cxi3: 845228
  cxi4: 748353
  cxi5: 1783156
  cxi6: 896352
  cxi7: 1971383
  total: 10692769
hni_tx_ok_512_to_1023:
  cxi0: 3056774
  cxi1: 1361832
  cxi2: 2870964
  cxi3: 1588640
  cxi4: 1291071
  cxi5: 2795553
  cxi6: 1751768
  cxi7: 3482777
  total: 18199379
hni_tx_ok_1024_to_2047:
  cxi0: 3185825
  cxi1: 5128
  cxi2: 3063655
  cxi3: 5703
  cxi4: 6157
  cxi5: 3011717
  cxi6: 7521
  cxi7: 3293887
  total: 12579593
hni_tx_ok_4096_to_8191:
  cxi0: 1
  cxi1: 0
  cxi2: 0
  cxi3: 0
  cxi4: 0
  cxi5: 0
  cxi6: 0
  cxi7: 300
  total: 301
hni_tx_ok_8192_to_max:
  cxi0: 0
  cxi1: 0
  cxi2: 0
  cxi3: 0
  cxi4: 0
  cxi5: 0
  cxi6: 0
  cxi7: 718
  total: 718
hni_rx_ok_64:
  cxi0: 1404017303
  cxi1: 1012013703
  cxi2: 1399832686
  cxi3: 974856104
  cxi4: 1009705233
  cxi5: 1397506492
  cxi6: 973242014
  cxi7: 1410072224
  total: 9581245759
hni_rx_ok_65_to_127:
  cxi0: 5155126
  cxi1: 2039974
  cxi2: 5438482
  cxi3: 1452817
  cxi4: 2030408
  cxi5: 5370877
  cxi6: 1411657
  cxi7: 5267535
  total: 28166876
hni_rx_ok_128_to_255:
  cxi0: 1120855
  cxi1: 478403
  cxi2: 1178288
  cxi3: 499206
  cxi4: 479471
  cxi5: 1126185
  cxi6: 735150
  cxi7: 1416307
  total: 7033865
hni_rx_ok_256_to_511:
  cxi0: 2741822
  cxi1: 1710810
  cxi2: 2631128
  cxi3: 1998296
  cxi4: 1634987
  cxi5: 2539735
  cxi6: 2139890
  cxi7: 3246429
  total: 18643097
hni_rx_ok_512_to_1023:
  cxi0: 1692389
  cxi1: 28290
  cxi2: 1677706
  cxi3: 92302
  cxi4: 28110
  cxi5: 1603675
  cxi6: 167972
  cxi7: 1803967
  total: 7094411
hni_rx_ok_1024_to_2047:
  cxi0: 3286517
  cxi1: 31843
  cxi2: 3026386
  cxi3: 35350
  cxi4: 32247
  cxi5: 3066655
  cxi6: 37821
  cxi7: 3212515
  total: 12729334
hni_rx_ok_4096_to_8191:
  cxi0: 261
  cxi1: 0
  cxi2: 0
  cxi3: 0
  cxi4: 0
  cxi5: 0
  cxi6: 0
  cxi7: 0
  total: 261
hni_rx_ok_8192_to_max:
  cxi0: 608
  cxi1: 0
  cxi2: 0
  cxi3: 0
  cxi4: 0
  cxi5: 0
  cxi6: 0
  cxi7: 0
  total: 608
hni_llr_tx_replay_event:
  cxi0: 0
  cxi1: 0
  cxi2: 0
  cxi3: 0
  cxi4: 0
  cxi5: 0
  cxi6: 0
  cxi7: 0
  total: 0
hni_llr_rx_replay_event:
  cxi0: 0
  cxi1: 0
  cxi2: 0
  cxi3: 0
  cxi4: 0
  cxi5: 0
  cxi6: 0
  cxi7: 0
  total: 0
hni_llr_tx_nack_ctl_os:
  cxi0: 0
  cxi1: 0
  cxi2: 0
  cxi3: 0
  cxi4: 0
  cxi5: 0
  cxi6: 0
  cxi7: 0
  total: 0
hni_llr_rx_nack_ctl_os:
  cxi0: 0
  cxi1: 0
  cxi2: 0
  cxi3: 0
  cxi4: 0
  cxi5: 0
  cxi6: 0
  cxi7: 0
  total: 0
hni_llr_tx_discard:
  cxi0: 0
  cxi1: 0
  cxi2: 0
  cxi3: 0
  cxi4: 0
  cxi5: 0
  cxi6: 0
  cxi7: 0
  total: 0
pct_rsp_err_rcvd:
  cxi0: 27
  cxi1: 0
  cxi2: 26
  cxi3: 19
  cxi4: 18
  cxi5: 0
  cxi6: 27
  cxi7: 32
  total: 149
pct_rsp_dropped_timeout:
  cxi0: 0
  cxi1: 0
  cxi2: 0
  cxi3: 0
  cxi4: 0
  cxi5: 0
  cxi6: 0
  cxi7: 0
  total: 0
pct_rsp_dropped_try:
  cxi0: 0
  cxi1: 0
  cxi2: 0
  cxi3: 0
  cxi4: 0
  cxi5: 0
  cxi6: 0
  cxi7: 0
  total: 0
pct_bad_seq_nacks:
  cxi0: 229350
  cxi1: 7830
  cxi2: 224648
  cxi3: 7993
  cxi4: 7597
  cxi5: 228288
  cxi6: 7862
  cxi7: 224054
  total: 937622
pct_no_trs_nacks:
  cxi0: 50994
  cxi1: 1833
  cxi2: 46815
  cxi3: 1855
  cxi4: 1825
  cxi5: 50710
  cxi6: 1894
  cxi7: 48506
  total: 204432
ixe_rx_pkt_drop_pct:
  cxi0: 282727
  cxi1: 70202
  cxi2: 272381
  cxi3: 101953
  cxi4: 9422
  cxi5: 280085
  cxi6: 9747
  cxi7: 275489
  total: 1302006
ixe_rx_pkt_drop_ixe_parser:
  cxi0: 0
  cxi1: 0
  cxi2: 0
  cxi3: 0
  cxi4: 0
  cxi5: 0
  cxi6: 0
  cxi7: 0
  total: 0
pct_req_rsp_latency_0:
  cxi0: 8494062
  cxi1: 2619499
  cxi2: 4881339
  cxi3: 271365
  cxi4: 1559610
  cxi5: 6111384
  cxi6: 1461853
  cxi7: 6384091
  total: 31783203
pct_req_rsp_latency_1:
  cxi0: 19004834
  cxi1: 4052644
  cxi2: 14465113
  cxi3: 1291146
  cxi4: 2618630
  cxi5: 15209992
  cxi6: 2908306
  cxi7: 16103560
  total: 75654225
pct_req_rsp_latency_2:
  cxi0: 53988530
  cxi1: 7101469
  cxi2: 49645207
  cxi3: 5501278
  cxi4: 6320767
  cxi5: 47984181
  cxi6: 6836905
  cxi7: 51205536
  total: 228583873
pct_req_rsp_latency_3:
  cxi0: 64083017
  cxi1: 21090225
  cxi2: 60734976
  cxi3: 20031713
  cxi4: 20218978
  cxi5: 63115157
  cxi6: 20961376
  cxi7: 64404538
  total: 334639980
pct_req_rsp_latency_4:
  cxi0: 130700231
  cxi1: 29458616
  cxi2: 108281249
  cxi3: 28567633
  cxi4: 28931828
  cxi5: 107741814
  cxi6: 29276610
  cxi7: 129464694
  total: 592422675
pct_req_rsp_latency_5:
  cxi0: 115858147
  cxi1: 27460972
  cxi2: 110381578
  cxi3: 26947929
  cxi4: 27292032
  cxi5: 112076229
  cxi6: 27485883
  cxi7: 118255919
  total: 565758689
pct_req_rsp_latency_6:
  cxi0: 68899513
  cxi1: 25134624
  cxi2: 68972675
  cxi3: 24911774
  cxi4: 25009609
  cxi5: 69161616
  cxi6: 25731599
  cxi7: 68651396
  total: 376472806
pct_req_rsp_latency_7:
  cxi0: 48414913
  cxi1: 24088534
  cxi2: 44193469
  cxi3: 24328495
  cxi4: 24107889
  cxi5: 44457931
  cxi6: 26404783
  cxi7: 50027105
  total: 286023119
pct_req_rsp_latency_8:
  cxi0: 33304283
  cxi1: 24543187
  cxi2: 32535573
  cxi3: 24912043
  cxi4: 24522037
  cxi5: 33149021
  cxi6: 27225121
  cxi7: 37770482
  total: 237961747
pct_req_rsp_latency_9:
  cxi0: 28882313
  cxi1: 25430368
  cxi2: 29374235
  cxi3: 25625345
  cxi4: 25384251
  cxi5: 29577743
  cxi6: 27010673
  cxi7: 31996160
  total: 223281088
pct_req_rsp_latency_10:
  cxi0: 28682441
  cxi1: 26409183
  cxi2: 29108375
  cxi3: 26518306
  cxi4: 26424027
  cxi5: 29122163
  cxi6: 27265577
  cxi7: 30721629
  total: 224251701
pct_req_rsp_latency_11:
  cxi0: 29442662
  cxi1: 27410672
  cxi2: 29781614
  cxi3: 27504704
  cxi4: 27497185
  cxi5: 29571583
  cxi6: 27999369
  cxi7: 30817746
  total: 230025535
pct_req_rsp_latency_12:
  cxi0: 30558548
  cxi1: 28398245
  cxi2: 30769052
  cxi3: 28522049
  cxi4: 28479978
  cxi5: 30210372
  cxi6: 28871615
  cxi7: 31154185
  total: 236964044
pct_req_rsp_latency_13:
  cxi0: 31061456
  cxi1: 29257157
  cxi2: 31317079
  cxi3: 29398379
  cxi4: 29345514
  cxi5: 30816225
  cxi6: 29650684
  cxi7: 31535116
  total: 242381610
pct_req_rsp_latency_14:
  cxi0: 31029189
  cxi1: 29950575
  cxi2: 31497180
  cxi3: 30118944
  cxi4: 30049424
  cxi5: 31348467
  cxi6: 30297654
  cxi7: 31848267
  total: 246139700
pct_req_rsp_latency_15:
  cxi0: 31302968
  cxi1: 30401854
  cxi2: 31717142
  cxi3: 30605162
  cxi4: 30531502
  cxi5: 31667041
  cxi6: 30715595
  cxi7: 32045717
  total: 248986981
pct_req_rsp_latency_16:
  cxi0: 31420117
  cxi1: 30654682
  cxi2: 31817934
  cxi3: 30890863
  cxi4: 30813678
  cxi5: 31785386
  cxi6: 30945205
  cxi7: 32072445
  total: 250400310
pct_req_rsp_latency_17:
  cxi0: 31388886
  cxi1: 30713439
  cxi2: 31742806
  cxi3: 30978143
  cxi4: 30907901
  cxi5: 31669600
  cxi6: 30996696
  cxi7: 31951041
  total: 250348512
pct_req_rsp_latency_18:
  cxi0: 31090386
  cxi1: 30579840
  cxi2: 31432370
  cxi3: 30842379
  cxi4: 30765273
  cxi5: 31319675
  cxi6: 30792861
  cxi7: 31560544
  total: 248383328
pct_req_rsp_latency_19:
  cxi0: 30657750
  cxi1: 30132206
  cxi2: 30973451
  cxi3: 30402277
  cxi4: 30321397
  cxi5: 30757189
  cxi6: 30271327
  cxi7: 30995148
  total: 244510745
pct_req_rsp_latency_20:
  cxi0: 30767681
  cxi1: 29443940
  cxi2: 30967835
  cxi3: 29725079
  cxi4: 29619976
  cxi5: 30181563
  cxi6: 29539260
  cxi7: 30934595
  total: 241179929
pct_req_rsp_latency_21:
  cxi0: 30465020
  cxi1: 28495711
  cxi2: 30464609
  cxi3: 28780065
  cxi4: 28623264
  cxi5: 29374982
  cxi6: 28579188
  cxi7: 30241883
  total: 235024722
pct_req_rsp_latency_22:
  cxi0: 28034093
  cxi1: 27343374
  cxi2: 28329892
  cxi3: 27641003
  cxi4: 27523888
  cxi5: 27994825
  cxi6: 27423341
  cxi7: 28136448
  total: 222426864
pct_req_rsp_latency_23:
  cxi0: 26428153
  cxi1: 26098006
  cxi2: 26747593
  cxi3: 26411667
  cxi4: 26316055
  cxi5: 26722143
  cxi6: 26187563
  cxi7: 26566327
  total: 211477507
pct_req_rsp_latency_24:
  cxi0: 25116003
  cxi1: 24794183
  cxi2: 25423008
  cxi3: 25097621
  cxi4: 25011446
  cxi5: 25454427
  cxi6: 24870919
  cxi7: 25259443
  total: 201027050
pct_req_rsp_latency_25:
  cxi0: 23773175
  cxi1: 23439506
  cxi2: 24065242
  cxi3: 23764636
  cxi4: 23648283
  cxi5: 24129916
  cxi6: 23530572
  cxi7: 23886148
  total: 190237478
pct_req_rsp_latency_26:
  cxi0: 22317108
  cxi1: 21974203
  cxi2: 22604849
  cxi3: 22318629
  cxi4: 22181373
  cxi5: 22623457
  cxi6: 22057211
  cxi7: 22382858
  total: 178459688
pct_req_rsp_latency_27:
  cxi0: 20867531
  cxi1: 20491142
  cxi2: 21113242
  cxi3: 20841256
  cxi4: 20676240
  cxi5: 21058508
  cxi6: 20578357
  cxi7: 20814593
  total: 166440869
pct_req_rsp_latency_28:
  cxi0: 19373912
  cxi1: 18976562
  cxi2: 19603669
  cxi3: 19310191
  cxi4: 19159358
  cxi5: 19451192
  cxi6: 19054030
  cxi7: 19233331
  total: 154162245
pct_req_rsp_latency_29:
  cxi0: 17967217
  cxi1: 17506609
  cxi2: 18133927
  cxi3: 17833088
  cxi4: 17710623
  cxi5: 17903205
  cxi6: 17565576
  cxi7: 17734685
  total: 142354930
pct_req_rsp_latency_30:
  cxi0: 16484253
  cxi1: 16140982
  cxi2: 16703986
  cxi3: 16461256
  cxi4: 16326848
  cxi5: 16479031
  cxi6: 16190674
  cxi7: 16321449
  total: 131108479
pct_req_rsp_latency_31:
  cxi0: 151078080
  cxi1: 148302230
  cxi2: 156063293
  cxi3: 154086173
  cxi4: 150492452
  cxi5: 153381441
  cxi6: 149592316
  cxi7: 150095294
  total: 1213091279
