=== x1921c1s2b0n0 === (8 NICs)
atu_cache_hit_base_page_size_0:
  cxi0: 7246089666
  cxi1: 4784440797
  cxi2: 7045260553
  cxi3: 4736827863
  cxi4: 4779308529
  cxi5: 7027682888
  cxi6: 4714359484
  cxi7: 7263007694
  total: 47596977474
atu_cache_miss_0:
  cxi0: 222090755
  cxi1: 305212340
  cxi2: 357767257
  cxi3: 180332683
  cxi4: 293188837
  cxi5: 369277413
  cxi6: 188132020
  cxi7: 271442324
  total: 2187443629
ixe_disp_amo_events:
  cxi0: 38788
  cxi1: 16744
  cxi2: 18032
  cxi3: 17388
  cxi4: 35744
  cxi5: 17388
  cxi6: 17388
  cxi7: 18032
  total: 179504
ixe_disp_lpe_amos:
  cxi0: 38788
  cxi1: 16744
  cxi2: 18032
  cxi3: 17388
  cxi4: 35744
  cxi5: 17388
  cxi6: 17388
  cxi7: 18032
  total: 179504
ixe_disp_lpe_amos_ok:
  cxi0: 38788
  cxi1: 16744
  cxi2: 18032
  cxi3: 17388
  cxi4: 35744
  cxi5: 17388
  cxi6: 17388
  cxi7: 18032
  total: 179504
pct_retry_trs_put:
  cxi0: 0
  cxi1: 0
  cxi2: 0
  cxi3: 0
  cxi4: 0
  cxi5: 0
  cxi6: 0
  cxi7: 0
  total: 0
mst_stalled_waiting_put_crdts:
  cxi0: 2406826
  cxi1: 345468
  cxi2: 2583535
  cxi3: 622737
  cxi4: 285722
  cxi5: 2433938
  cxi6: 16437
  cxi7: 2409389
  total: 11104052
hni_sts_tx_ok_octets:
  cxi0: 82455265298742
  cxi1: 81203189814172
  cxi2: 53511253390594
  cxi3: 52158573507072
  cxi4: 51843863011389
  cxi5: 51787790768798
  cxi6: 81553180263192
  cxi7: 82253213998997
  total: 536766330052956
hni_sts_rx_ok_octets:
  cxi0: 81937195909186
  cxi1: 80563913585267
  cxi2: 52688530249044
  cxi3: 51407005961172
  cxi4: 51799556506597
  cxi5: 51813203275897
  cxi6: 80603992736918
  cxi7: 82242543139572
  total: 533055941363653
hni_tx_ok_64:
  cxi0: 1403946346
  cxi1: 967933290
  cxi2: 1351916607
  cxi3: 981543648
  cxi4: 962998841
  cxi5: 1349058039
  cxi6: 984845335
  cxi7: 1422633781
  total: 9424875887
hni_tx_ok_65_to_127:
  cxi0: 3893004
  cxi1: 11642
  cxi2: 3537245
  cxi3: 60021
  cxi4: 33846
  cxi5: 3533303
  cxi6: 289738
  cxi7: 4101930
  total: 15460729
hni_tx_ok_128_to_255:
  cxi0: 734635
  cxi1: 881
  cxi2: 715680
  cxi3: 11436
  cxi4: 678
  cxi5: 714102
  cxi6: 45739
  cxi7: 781656
  total: 3004807
hni_tx_ok_256_to_511:
  cxi0: 1791404
  cxi1: 751722
  cxi2: 1904222
  cxi3: 844689
  cxi4: 748128
  cxi5: 1782814
  cxi6: 895768
  cxi7: 1970662
  total: 10689409
hni_tx_ok_512_to_1023:
  cxi0: 3056519
  cxi1: 1361589
  cxi2: 2870308
  cxi3: 1587999
  cxi4: 1290855
  cxi5: 2795337
  cxi6: 1751199
  cxi7: 3482169
  total: 18195975
hni_tx_ok_1024_to_2047:
  cxi0: 3185813
  cxi1: 5128
  cxi2: 3063647
  cxi3: 5694
  cxi4: 6157
  cxi5: 3011717
  cxi6: 7521
  cxi7: 3293887
  total: 12579564
hni_tx_ok_4096_to_8191:
  cxi0: 1
  cxi1: 0
  cxi2: 0
  cxi3: 0
  cxi4: 0
  cxi5: 0
  cxi6: 0
  cxi7: 300
  total: 301
hni_tx_ok_8192_to_max:
  cxi0: 0
  cxi1: 0
  cxi2: 0
  cxi3: 0
  cxi4: 0
  cxi5: 0
  cxi6: 0
  cxi7: 718
  total: 718
hni_rx_ok_64:
  cxi0: 1403870001
  cxi1: 1011922030
  cxi2: 1399736421
  cxi3: 974762071
  cxi4: 1009569376
  cxi5: 1397417038
  cxi6: 973150945
  cxi7: 1409976408
  total: 9580404290
hni_rx_ok_65_to_127:
  cxi0: 5004602
  cxi1: 1917362
  cxi2: 5306996
  cxi3: 1325774
  cxi4: 1887487
  cxi5: 5243462
  cxi6: 1284771
  cxi7: 5136211
  total: 27106665
hni_rx_ok_128_to_255:
  cxi0: 1093854
  cxi1: 452403
  cxi2: 1150271
  cxi3: 472194
  cxi4: 453387
  cxi5: 1099101
  cxi6: 708066
  cxi7: 1388223
  total: 6817499
hni_rx_ok_256_to_511:
  cxi0: 2728219
  cxi1: 1697441
  cxi2: 2617003
  cxi3: 1984406
  cxi4: 1621657
  cxi5: 2525788
  cxi6: 2125725
  cxi7: 3231634
  total: 18531873
hni_rx_ok_512_to_1023:
  cxi0: 1678646
  cxi1: 15074
  cxi2: 1663208
  cxi3: 78296
  cxi4: 14867
  cxi5: 1589932
  cxi6: 154012
  cxi7: 1789463
  total: 6983498
hni_rx_ok_1024_to_2047:
  cxi0: 3273005
  cxi1: 18843
  cxi2: 3012208
  cxi3: 21689
  cxi4: 19247
  cxi5: 3053149
  cxi6: 24161
  cxi7: 3198353
  total: 12620655
hni_rx_ok_4096_to_8191:
  cxi0: 253
  cxi1: 0
  cxi2: 0
  cxi3: 0
  cxi4: 0
  cxi5: 0
  cxi6: 0
  cxi7: 0
  total: 253
hni_rx_ok_8192_to_max:
  cxi0: 564
  cxi1: 0
  cxi2: 0
  cxi3: 0
  cxi4: 0
  cxi5: 0
  cxi6: 0
  cxi7: 0
  total: 564
hni_llr_tx_replay_event:
  cxi0: 0
  cxi1: 0
  cxi2: 0
  cxi3: 0
  cxi4: 0
  cxi5: 0
  cxi6: 0
  cxi7: 0
  total: 0
hni_llr_rx_replay_event:
  cxi0: 0
  cxi1: 0
  cxi2: 0
  cxi3: 0
  cxi4: 0
  cxi5: 0
  cxi6: 0
  cxi7: 0
  total: 0
hni_llr_tx_nack_ctl_os:
  cxi0: 0
  cxi1: 0
  cxi2: 0
  cxi3: 0
  cxi4: 0
  cxi5: 0
  cxi6: 0
  cxi7: 0
  total: 0
hni_llr_rx_nack_ctl_os:
  cxi0: 0
  cxi1: 0
  cxi2: 0
  cxi3: 0
  cxi4: 0
  cxi5: 0
  cxi6: 0
  cxi7: 0
  total: 0
hni_llr_tx_discard:
  cxi0: 0
  cxi1: 0
  cxi2: 0
  cxi3: 0
  cxi4: 0
  cxi5: 0
  cxi6: 0
  cxi7: 0
  total: 0
pct_rsp_err_rcvd:
  cxi0: 27
  cxi1: 0
  cxi2: 26
  cxi3: 19
  cxi4: 18
  cxi5: 0
  cxi6: 27
  cxi7: 32
  total: 149
pct_rsp_dropped_timeout:
  cxi0: 0
  cxi1: 0
  cxi2: 0
  cxi3: 0
  cxi4: 0
  cxi5: 0
  cxi6: 0
  cxi7: 0
  total: 0
pct_rsp_dropped_try:
  cxi0: 0
  cxi1: 0
  cxi2: 0
  cxi3: 0
  cxi4: 0
  cxi5: 0
  cxi6: 0
  cxi7: 0
  total: 0
pct_bad_seq_nacks:
  cxi0: 229350
  cxi1: 7830
  cxi2: 224648
  cxi3: 7993
  cxi4: 7597
  cxi5: 228288
  cxi6: 7862
  cxi7: 224054
  total: 937622
pct_no_trs_nacks:
  cxi0: 50994
  cxi1: 1833
  cxi2: 46815
  cxi3: 1855
  cxi4: 1825
  cxi5: 50710
  cxi6: 1894
  cxi7: 48506
  total: 204432
ixe_rx_pkt_drop_pct:
  cxi0: 282727
  cxi1: 70202
  cxi2: 272381
  cxi3: 101953
  cxi4: 9422
  cxi5: 280085
  cxi6: 9747
  cxi7: 275489
  total: 1302006
ixe_rx_pkt_drop_ixe_parser:
  cxi0: 0
  cxi1: 0
  cxi2: 0
  cxi3: 0
  cxi4: 0
  cxi5: 0
  cxi6: 0
  cxi7: 0
  total: 0
pct_req_rsp_latency_0:
  cxi0: 8472188
  cxi1: 2610758
  cxi2: 4875379
  cxi3: 265556
  cxi4: 1539304
  cxi5: 6102952
  cxi6: 1456275
  cxi7: 6377995
  total: 31700407
pct_req_rsp_latency_1:
  cxi0: 18998473
  cxi1: 4051899
  cxi2: 14464170
  cxi3: 1289836
  cxi4: 2612829
  cxi5: 15209158
  cxi6: 2907257
  cxi7: 16102581
  total: 75636203
pct_req_rsp_latency_2:
  cxi0: 53982187
  cxi1: 7100667
  cxi2: 49644050
  cxi3: 5499473
  cxi4: 6315129
  cxi5: 47983137
  cxi6: 6835255
  cxi7: 51204045
  total: 228563943
pct_req_rsp_latency_3:
  cxi0: 64080954
  cxi1: 21089067
  cxi2: 60733683
  cxi3: 20029409
  cxi4: 20217001
  cxi5: 63113631
  cxi6: 20959656
  cxi7: 64402020
  total: 334625421
pct_req_rsp_latency_4:
  cxi0: 130698945
  cxi1: 29457802
  cxi2: 108279049
  cxi3: 28566390
  cxi4: 28930341
  cxi5: 107740484
  cxi6: 29273901
  cxi7: 129462730
  total: 592409642
pct_req_rsp_latency_5:
  cxi0: 115856768
  cxi1: 27460312
  cxi2: 110379647
  cxi3: 26946741
  cxi4: 27290483
  cxi5: 112074934
  cxi6: 27483532
  cxi7: 118254173
  total: 565746590
pct_req_rsp_latency_6:
  cxi0: 68898245
  cxi1: 25133785
  cxi2: 68970885
  cxi3: 24910639
  cxi4: 25008350
  cxi5: 69160155
  cxi6: 25730069
  cxi7: 68649732
  total: 376461860
pct_req_rsp_latency_7:
  cxi0: 48413208
  cxi1: 24086967
  cxi2: 44191380
  cxi3: 24326709
  cxi4: 24106548
  cxi5: 44456437
  cxi6: 26403418
  cxi7: 50025435
  total: 286010102
pct_req_rsp_latency_8:
  cxi0: 33302713
  cxi1: 24542076
  cxi2: 32534192
  cxi3: 24910935
  cxi4: 24520947
  cxi5: 33147710
  cxi6: 27223915
  cxi7: 37769193
  total: 237951681
pct_req_rsp_latency_9:
  cxi0: 28881241
  cxi1: 25429349
  cxi2: 29373115
  cxi3: 25624368
  cxi4: 25383170
  cxi5: 29576462
  cxi6: 27009747
  cxi7: 31994949
  total: 223272401
pct_req_rsp_latency_10:
  cxi0: 28681468
  cxi1: 26408206
  cxi2: 29107303
  cxi3: 26517350
  cxi4: 26422902
  cxi5: 29120881
  cxi6: 27264602
  cxi7: 30720453
  total: 224243165
pct_req_rsp_latency_11:
  cxi0: 29441826
  cxi1: 27409712
  cxi2: 29780735
  cxi3: 27503893
  cxi4: 27495948
  cxi5: 29570539
  cxi6: 27998455
  cxi7: 30816600
  total: 230017708
pct_req_rsp_latency_12:
  cxi0: 30557780
  cxi1: 28397552
  cxi2: 30768188
  cxi3: 28521350
  cxi4: 28478744
  cxi5: 30209193
  cxi6: 28870703
  cxi7: 31152813
  total: 236956323
pct_req_rsp_latency_13:
  cxi0: 31060866
  cxi1: 29256517
  cxi2: 31316339
  cxi3: 29397807
  cxi4: 29344467
  cxi5: 30815159
  cxi6: 29649678
  cxi7: 31534106
  total: 242374939
pct_req_rsp_latency_14:
  cxi0: 31028746
  cxi1: 29949891
  cxi2: 31496539
  cxi3: 30118277
  cxi4: 30048310
  cxi5: 31347496
  cxi6: 30296685
  cxi7: 31847322
  total: 246133266
pct_req_rsp_latency_15:
  cxi0: 31302527
  cxi1: 30401372
  cxi2: 31716601
  cxi3: 30604637
  cxi4: 30530847
  cxi5: 31666149
  cxi6: 30714746
  cxi7: 32044757
  total: 248981636
pct_req_rsp_latency_16:
  cxi0: 31419814
  cxi1: 30654273
  cxi2: 31817412
  cxi3: 30890431
  cxi4: 30813178
  cxi5: 31784706
  cxi6: 30944578
  cxi7: 32071776
  total: 250396168
pct_req_rsp_latency_17:
  cxi0: 31388586
  cxi1: 30713047
  cxi2: 31742389
  cxi3: 30977830
  cxi4: 30907505
  cxi5: 31669019
  cxi6: 30996012
  cxi7: 31950582
  total: 250344970
pct_req_rsp_latency_18:
  cxi0: 31090083
  cxi1: 30579513
  cxi2: 31431856
  cxi3: 30842017
  cxi4: 30764672
  cxi5: 31319245
  cxi6: 30792409
  cxi7: 31560124
  total: 248379919
pct_req_rsp_latency_19:
  cxi0: 30657449
  cxi1: 30131891
  cxi2: 30973129
  cxi3: 30402077
  cxi4: 30320961
  cxi5: 30756719
  cxi6: 30270841
  cxi7: 30994714
  total: 244507781
pct_req_rsp_latency_20:
  cxi0: 30767420
  cxi1: 29443645
  cxi2: 30967600
  cxi3: 29724855
  cxi4: 29619578
  cxi5: 30181219
  cxi6: 29538883
  cxi7: 30934335
  total: 241177535
pct_req_rsp_latency_21:
  cxi0: 30464696
  cxi1: 28495454
  cxi2: 30464373
  cxi3: 28779845
  cxi4: 28622948
  cxi5: 29374801
  cxi6: 28578946
  cxi7: 30241505
  total: 235022568
pct_req_rsp_latency_22:
  cxi0: 28033850
  cxi1: 27343136
  cxi2: 28329775
  cxi3: 27640817
  cxi4: 27523627
  cxi5: 27994673
  cxi6: 27423128
  cxi7: 28136209
  total: 222425215
pct_req_rsp_latency_23:
  cxi0: 26427988
  cxi1: 26097801
  cxi2: 26747446
  cxi3: 26411566
  cxi4: 26315836
  cxi5: 26722060
  cxi6: 26187357
  cxi7: 26566028
  total: 211476082
pct_req_rsp_latency_24:
  cxi0: 25115891
  cxi1: 24794081
  cxi2: 25422848
  cxi3: 25097529
  cxi4: 25011206
  cxi5: 25454275
  cxi6: 24870813
  cxi7: 25259204
  total: 201025847
pct_req_rsp_latency_25:
  cxi0: 23773090
  cxi1: 23439404
  cxi2: 24065072
  cxi3: 23764423
  cxi4: 23648063
  cxi5: 24129773
  cxi6: 23530467
  cxi7: 23885885
  total: 190236177
pct_req_rsp_latency_26:
  cxi0: 22316978
  cxi1: 21974004
  cxi2: 22604709
  cxi3: 22318470
  cxi4: 22181183
  cxi5: 22623325
  cxi6: 22057118
  cxi7: 22382627
  total: 178458414
pct_req_rsp_latency_27:
  cxi0: 20867463
  cxi1: 20490994
  cxi2: 21113128
  cxi3: 20841150
  cxi4: 20676045
  cxi5: 21058414
  cxi6: 20578246
  cxi7: 20814461
  total: 166439901
pct_req_rsp_latency_28:
  cxi0: 19373849
  cxi1: 18976456
  cxi2: 19603588
  cxi3: 19310108
  cxi4: 19159230
  cxi5: 19451136
  cxi6: 19053940
  cxi7: 19233240
  total: 154161547
pct_req_rsp_latency_29:
  cxi0: 17967153
  cxi1: 17506466
  cxi2: 18133857
  cxi3: 17833000
  cxi4: 17710504
  cxi5: 17903093
  cxi6: 17565430
  cxi7: 17734547
  total: 142354050
pct_req_rsp_latency_30:
  cxi0: 16484193
  cxi1: 16140813
  cxi2: 16703923
  cxi3: 16461184
  cxi4: 16326766
  cxi5: 16478914
  cxi6: 16190571
  cxi7: 16321319
  total: 131107683
pct_req_rsp_latency_31:
  cxi0: 151077106
  cxi1: 148301311
  cxi2: 156062498
  cxi3: 154084981
  cxi4: 150491799
  cxi5: 153380782
  cxi6: 149591370
  cxi7: 150094595
  total: 1213084442
