=== x1921c1s1b0n0 === (8 NICs)
atu_cache_hit_base_page_size_0:
  cxi0: 8327445625
  cxi1: 5804197887
  cxi2: 8117695338
  cxi3: 5764500605
  cxi4: 5850280486
  cxi5: 8086710119
  cxi6: 5761003721
  cxi7: 8312824564
  total: 56024658345
atu_cache_miss_0:
  cxi0: 253518440
  cxi1: 295459842
  cxi2: 379653335
  cxi3: 175586658
  cxi4: 311020218
  cxi5: 367756301
  cxi6: 191365268
  cxi7: 264718318
  total: 2239078380
ixe_disp_amo_events:
  cxi0: 28000
  cxi1: 3888
  cxi2: 3888
  cxi3: 3744
  cxi4: 24888
  cxi5: 4032
  cxi6: 3744
  cxi7: 3888
  total: 76072
ixe_disp_lpe_amos:
  cxi0: 28000
  cxi1: 3888
  cxi2: 3888
  cxi3: 3744
  cxi4: 24888
  cxi5: 4032
  cxi6: 3744
  cxi7: 3888
  total: 76072
ixe_disp_lpe_amos_ok:
  cxi0: 28000
  cxi1: 3888
  cxi2: 3888
  cxi3: 3744
  cxi4: 24888
  cxi5: 4032
  cxi6: 3744
  cxi7: 3888
  total: 76072
pct_retry_trs_put:
  cxi0: 0
  cxi1: 0
  cxi2: 0
  cxi3: 0
  cxi4: 0
  cxi5: 0
  cxi6: 0
  cxi7: 0
  total: 0
mst_stalled_waiting_put_crdts:
  cxi0: 2429761
  cxi1: 22403
  cxi2: 2433445
  cxi3: 17071
  cxi4: 79758
  cxi5: 2448407
  cxi6: 16038
  cxi7: 2419681
  total: 9866564
hni_sts_tx_ok_octets:
  cxi0: 17205641291099
  cxi1: 16411818867805
  cxi2: 11466718171699
  cxi3: 10602116123687
  cxi4: 9984508740779
  cxi5: 10740971302135
  cxi6: 15747022370822
  cxi7: 16613187554629
  total: 108771984422655
hni_sts_rx_ok_octets:
  cxi0: 16560416689216
  cxi1: 15652231847821
  cxi2: 10666715970929
  cxi3: 9901004439123
  cxi4: 9868545790327
  cxi5: 10609193540306
  cxi6: 15689380883431
  cxi7: 16557419482534
  total: 105504908643687
hni_tx_ok_64:
  cxi0: 1614289709
  cxi1: 1155757712
  cxi2: 1558038233
  cxi3: 1170787828
  cxi4: 1170284954
  cxi5: 1545199229
  cxi6: 1179586888
  cxi7: 1617989294
  total: 11011933847
hni_tx_ok_65_to_127:
  cxi0: 4009373
  cxi1: 119983
  cxi2: 3623264
  cxi3: 141776
  cxi4: 144607
  cxi5: 3643711
  cxi6: 327599
  cxi7: 4144026
  total: 16154339
hni_tx_ok_128_to_255:
  cxi0: 761868
  cxi1: 27915
  cxi2: 743155
  cxi3: 36447
  cxi4: 27706
  cxi5: 739266
  cxi6: 63494
  cxi7: 798519
  total: 3198370
hni_tx_ok_256_to_511:
  cxi0: 1809015
  cxi1: 760027
  cxi2: 1902554
  cxi3: 837853
  cxi4: 765262
  cxi5: 1788685
  cxi6: 881535
  cxi7: 1957307
  total: 10702238
hni_tx_ok_512_to_1023:
  cxi0: 3229876
  cxi1: 1211861
  cxi2: 2981845
  cxi3: 1456456
  cxi4: 1420317
  cxi5: 2786604
  cxi6: 1671493
  cxi7: 3441598
  total: 18200050
hni_tx_ok_1024_to_2047:
  cxi0: 3203265
  cxi1: 14969
  cxi2: 3084824
  cxi3: 15007
  cxi4: 16933
  cxi5: 3025462
  cxi6: 19614
  cxi7: 3285377
  total: 12665451
hni_tx_ok_4096_to_8191:
  cxi0: 3
  cxi1: 0
  cxi2: 0
  cxi3: 0
  cxi4: 0
  cxi5: 0
  cxi6: 0
  cxi7: 345
  total: 348
hni_tx_ok_8192_to_max:
  cxi0: 0
  cxi1: 0
  cxi2: 0
  cxi3: 0
  cxi4: 0
  cxi5: 0
  cxi6: 0
  cxi7: 730
  total: 730
hni_rx_ok_64:
  cxi0: 1627669409
  cxi1: 1220289123
  cxi2: 1621441202
  cxi3: 1184754207
  cxi4: 1229856919
  cxi5: 1612440665
  cxi6: 1187079653
  cxi7: 1624788847
  total: 11308320025
hni_rx_ok_65_to_127:
  cxi0: 4999828
  cxi1: 1715017
  cxi2: 5273325
  cxi3: 1142104
  cxi4: 1852147
  cxi5: 5104715
  cxi6: 1148327
  cxi7: 4997747
  total: 26233210
hni_rx_ok_128_to_255:
  cxi0: 1085035
  cxi1: 421301
  cxi2: 1132145
  cxi3: 421380
  cxi4: 428469
  cxi5: 1085565
  cxi6: 610092
  cxi7: 1296831
  total: 6480818
hni_rx_ok_256_to_511:
  cxi0: 2819565
  cxi1: 1521112
  cxi2: 2727539
  cxi3: 1823740
  cxi4: 1727833
  cxi5: 2439219
  cxi6: 1990630
  cxi7: 3087719
  total: 18137357
hni_rx_ok_512_to_1023:
  cxi0: 1655617
  cxi1: 1437
  cxi2: 1640621
  cxi3: 51085
  cxi4: 1396
  cxi5: 1590080
  cxi6: 142774
  cxi7: 1793865
  total: 6876875
hni_rx_ok_1024_to_2047:
  cxi0: 3266599
  cxi1: 2548
  cxi2: 2992647
  cxi3: 4387
  cxi4: 4277
  cxi5: 3040312
  cxi6: 11303
  cxi7: 3176338
  total: 12498411
hni_rx_ok_4096_to_8191:
  cxi0: 244
  cxi1: 0
  cxi2: 0
  cxi3: 0
  cxi4: 0
  cxi5: 0
  cxi6: 0
  cxi7: 2
  total: 246
hni_rx_ok_8192_to_max:
  cxi0: 527
  cxi1: 0
  cxi2: 0
  cxi3: 0
  cxi4: 0
  cxi5: 0
  cxi6: 0
  cxi7: 0
  total: 527
hni_llr_tx_replay_event:
  cxi0: 0
  cxi1: 0
  cxi2: 0
  cxi3: 0
  cxi4: 0
  cxi5: 0
  cxi6: 0
  cxi7: 0
  total: 0
hni_llr_rx_replay_event:
  cxi0: 0
  cxi1: 0
  cxi2: 0
  cxi3: 0
  cxi4: 0
  cxi5: 0
  cxi6: 0
  cxi7: 0
  total: 0
hni_llr_tx_nack_ctl_os:
  cxi0: 0
  cxi1: 0
  cxi2: 0
  cxi3: 0
  cxi4: 0
  cxi5: 0
  cxi6: 0
  cxi7: 0
  total: 0
hni_llr_rx_nack_ctl_os:
  cxi0: 0
  cxi1: 0
  cxi2: 0
  cxi3: 0
  cxi4: 0
  cxi5: 0
  cxi6: 0
  cxi7: 0
  total: 0
hni_llr_tx_discard:
  cxi0: 0
  cxi1: 0
  cxi2: 0
  cxi3: 0
  cxi4: 0
  cxi5: 0
  cxi6: 0
  cxi7: 0
  total: 0
pct_rsp_err_rcvd:
  cxi0: 0
  cxi1: 18
  cxi2: 49
  cxi3: 31
  cxi4: 0
  cxi5: 0
  cxi6: 36
  cxi7: 0
  total: 134
pct_rsp_dropped_timeout:
  cxi0: 0
  cxi1: 0
  cxi2: 0
  cxi3: 0
  cxi4: 0
  cxi5: 0
  cxi6: 0
  cxi7: 0
  total: 0
pct_rsp_dropped_try:
  cxi0: 0
  cxi1: 0
  cxi2: 0
  cxi3: 0
  cxi4: 0
  cxi5: 0
  cxi6: 0
  cxi7: 0
  total: 0
pct_bad_seq_nacks:
  cxi0: 237881
  cxi1: 6888
  cxi2: 253389
  cxi3: 7337
  cxi4: 7402
  cxi5: 244672
  cxi6: 6866
  cxi7: 247917
  total: 1012352
pct_no_trs_nacks:
  cxi0: 53705
  cxi1: 1579
  cxi2: 56161
  cxi3: 1556
  cxi4: 1693
  cxi5: 55135
  cxi6: 1641
  cxi7: 54731
  total: 226201
ixe_rx_pkt_drop_pct:
  cxi0: 383221
  cxi1: 8467
  cxi2: 312300
  cxi3: 8948
  cxi4: 100080
  cxi5: 301070
  cxi6: 8507
  cxi7: 304811
  total: 1427404
ixe_rx_pkt_drop_ixe_parser:
  cxi0: 0
  cxi1: 0
  cxi2: 0
  cxi3: 0
  cxi4: 0
  cxi5: 0
  cxi6: 0
  cxi7: 0
  total: 0
pct_req_rsp_latency_0:
  cxi0: 7432929
  cxi1: 1346478
  cxi2: 6976112
  cxi3: 2290923
  cxi4: 979099
  cxi5: 5496671
  cxi6: 4803625
  cxi7: 9637520
  total: 38963357
pct_req_rsp_latency_1:
  cxi0: 15508832
  cxi1: 4334277
  cxi2: 16177249
  cxi3: 5772743
  cxi4: 3707609
  cxi5: 14040821
  cxi6: 6300881
  cxi7: 16917294
  total: 82759706
pct_req_rsp_latency_2:
  cxi0: 32353079
  cxi1: 11347344
  cxi2: 31755050
  cxi3: 12374879
  cxi4: 10608345
  cxi5: 29118281
  cxi6: 11304306
  cxi7: 30132001
  total: 168993285
pct_req_rsp_latency_3:
  cxi0: 58629983
  cxi1: 28667616
  cxi2: 54680289
  cxi3: 29650041
  cxi4: 27790584
  cxi5: 52702786
  cxi6: 27993861
  cxi7: 57625935
  total: 337741095
pct_req_rsp_latency_4:
  cxi0: 142292070
  cxi1: 39024068
  cxi2: 118601845
  cxi3: 39687566
  cxi4: 38773810
  cxi5: 115032500
  cxi6: 38693228
  cxi7: 140720627
  total: 672825714
pct_req_rsp_latency_5:
  cxi0: 121601333
  cxi1: 35653843
  cxi2: 117052680
  cxi3: 36035459
  cxi4: 35607852
  cxi5: 119581634
  cxi6: 35533346
  cxi7: 123727870
  total: 624794017
pct_req_rsp_latency_6:
  cxi0: 78086481
  cxi1: 32901978
  cxi2: 80665396
  cxi3: 33291988
  cxi4: 32719161
  cxi5: 79949194
  cxi6: 33236138
  cxi7: 78633369
  total: 449483705
pct_req_rsp_latency_7:
  cxi0: 71588936
  cxi1: 31687247
  cxi2: 67669201
  cxi3: 32209221
  cxi4: 31439967
  cxi5: 68084785
  cxi6: 33457694
  cxi7: 71940984
  total: 408078035
pct_req_rsp_latency_8:
  cxi0: 55370925
  cxi1: 31723324
  cxi2: 54359832
  cxi3: 32285139
  cxi4: 31609264
  cxi5: 55187037
  cxi6: 33801910
  cxi7: 58285371
  total: 352622802
pct_req_rsp_latency_9:
  cxi0: 43535948
  cxi1: 32350499
  cxi2: 44302970
  cxi3: 32740484
  cxi4: 32335633
  cxi5: 44272604
  cxi6: 33524344
  cxi7: 46091942
  total: 309154424
pct_req_rsp_latency_10:
  cxi0: 38037727
  cxi1: 33476012
  cxi2: 38745832
  cxi3: 33644676
  cxi4: 33467738
  cxi5: 38503986
  cxi6: 33966533
  cxi7: 39857889
  total: 289700393
pct_req_rsp_latency_11:
  cxi0: 37261839
  cxi1: 34638166
  cxi2: 37657368
  cxi3: 34717504
  cxi4: 34630541
  cxi5: 37190334
  cxi6: 34874799
  cxi7: 38293390
  total: 289263941
pct_req_rsp_latency_12:
  cxi0: 38416530
  cxi1: 35801123
  cxi2: 38444272
  cxi3: 35828586
  cxi4: 35817428
  cxi5: 37672494
  cxi6: 35905207
  cxi7: 38482181
  total: 296367821
pct_req_rsp_latency_13:
  cxi0: 38902263
  cxi1: 36840202
  cxi2: 38956361
  cxi3: 36882380
  cxi4: 36879573
  cxi5: 38457764
  cxi6: 36882906
  cxi7: 38968976
  total: 302770425
pct_req_rsp_latency_14:
  cxi0: 38995052
  cxi1: 37665266
  cxi2: 39206124
  cxi3: 37702272
  cxi4: 37719960
  cxi5: 39107280
  cxi6: 37653533
  cxi7: 39375688
  total: 307425175
pct_req_rsp_latency_15:
  cxi0: 39395020
  cxi1: 38299165
  cxi2: 39573658
  cxi3: 38329087
  cxi4: 38384272
  cxi5: 39618754
  cxi6: 38244929
  cxi7: 39716812
  total: 311561697
pct_req_rsp_latency_16:
  cxi0: 39621893
  cxi1: 38675179
  cxi2: 39763662
  cxi3: 38693358
  cxi4: 38779229
  cxi5: 39847869
  cxi6: 38584400
  cxi7: 39837647
  total: 313803237
pct_req_rsp_latency_17:
  cxi0: 39657440
  cxi1: 38852011
  cxi2: 39762338
  cxi3: 38862741
  cxi4: 38941768
  cxi5: 39918240
  cxi6: 38749441
  cxi7: 39781037
  total: 314525016
pct_req_rsp_latency_18:
  cxi0: 39227292
  cxi1: 38635790
  cxi2: 39285083
  cxi3: 38625479
  cxi4: 38671580
  cxi5: 39480234
  cxi6: 38500052
  cxi7: 39240402
  total: 311665912
pct_req_rsp_latency_19:
  cxi0: 38607093
  cxi1: 38049463
  cxi2: 38633697
  cxi3: 38007365
  cxi4: 38069293
  cxi5: 38703182
  cxi6: 37822805
  cxi7: 38518103
  total: 306411001
pct_req_rsp_latency_20:
  cxi0: 38412714
  cxi1: 37107128
  cxi2: 38422167
  cxi3: 37059444
  cxi4: 37079170
  cxi5: 37895330
  cxi6: 36870203
  cxi7: 38277379
  total: 301123535
pct_req_rsp_latency_21:
  cxi0: 38382318
  cxi1: 35793026
  cxi2: 38161877
  cxi3: 35714780
  cxi4: 35829865
  cxi5: 36863794
  cxi6: 35544811
  cxi7: 37728378
  total: 294018849
pct_req_rsp_latency_22:
  cxi0: 35218301
  cxi1: 34360098
  cxi2: 35134371
  cxi3: 34256299
  cxi4: 34422259
  cxi5: 35045346
  cxi6: 34137827
  cxi7: 34964929
  total: 277539430
pct_req_rsp_latency_23:
  cxi0: 33097528
  cxi1: 32747348
  cxi2: 33025243
  cxi3: 32634886
  cxi4: 32861717
  cxi5: 33348622
  cxi6: 32561232
  cxi7: 32968514
  total: 263245090
pct_req_rsp_latency_24:
  cxi0: 31256715
  cxi1: 31081618
  cxi2: 31149620
  cxi3: 30924373
  cxi4: 31156484
  cxi5: 31701690
  cxi6: 30888592
  cxi7: 31182384
  total: 249341476
pct_req_rsp_latency_25:
  cxi0: 29359013
  cxi1: 29216259
  cxi2: 29203075
  cxi3: 29033736
  cxi4: 29301400
  cxi5: 29860783
  cxi6: 29067299
  cxi7: 29320922
  total: 234362487
pct_req_rsp_latency_26:
  cxi0: 27388287
  cxi1: 27269994
  cxi2: 27208818
  cxi3: 27076168
  cxi4: 27353529
  cxi5: 27876452
  cxi6: 27141514
  cxi7: 27360144
  total: 218674906
pct_req_rsp_latency_27:
  cxi0: 25404934
  cxi1: 25261402
  cxi2: 25179053
  cxi3: 25059080
  cxi4: 25353885
  cxi5: 25787344
  cxi6: 25172202
  cxi7: 25316701
  total: 202534601
pct_req_rsp_latency_28:
  cxi0: 23541165
  cxi1: 23279614
  cxi2: 23255291
  cxi3: 23062205
  cxi4: 23430048
  cxi5: 23729287
  cxi6: 23219153
  cxi7: 23343941
  total: 186860704
pct_req_rsp_latency_29:
  cxi0: 21767294
  cxi1: 21397752
  cxi2: 21397153
  cxi3: 21179462
  cxi4: 21570615
  cxi5: 21777896
  cxi6: 21354044
  cxi7: 21442376
  total: 171886592
pct_req_rsp_latency_30:
  cxi0: 19939982
  cxi1: 19613539
  cxi2: 19628634
  cxi3: 19402032
  cxi4: 19815459
  cxi5: 19968182
  cxi6: 19605339
  cxi7: 19676721
  total: 157649888
pct_req_rsp_latency_31:
  cxi0: 168839534
  cxi1: 166339041
  cxi2: 164576367
  cxi3: 161860801
  cxi4: 168745616
  cxi5: 172067439
  cxi6: 167463979
  cxi7: 168388535
  total: 1338281312
