=== x1922c5s7b0n0 === (8 NICs)
atu_cache_hit_base_page_size_0:
  cxi0: 935016596
  cxi1: 928191461
  cxi2: 928769318
  cxi3: 926018683
  cxi4: 926078321
  cxi5: 929282875
  cxi6: 927890372
  cxi7: 929705851
  total: 7430953477
atu_cache_miss_0:
  cxi0: 14970758
  cxi1: 7858876
  cxi2: 8138721
  cxi3: 4250731
  cxi4: 3609846
  cxi5: 9346480
  cxi6: 7050517
  cxi7: 11605318
  total: 66831247
ixe_disp_amo_events:
  cxi0: 14598
  cxi1: 13130
  cxi2: 14140
  cxi3: 13635
  cxi4: 13985
  cxi5: 13635
  cxi6: 13635
  cxi7: 14140
  total: 110898
ixe_disp_lpe_amos:
  cxi0: 14598
  cxi1: 13130
  cxi2: 14140
  cxi3: 13635
  cxi4: 13985
  cxi5: 13635
  cxi6: 13635
  cxi7: 14140
  total: 110898
ixe_disp_lpe_amos_ok:
  cxi0: 14598
  cxi1: 13130
  cxi2: 14140
  cxi3: 13635
  cxi4: 13985
  cxi5: 13635
  cxi6: 13635
  cxi7: 14140
  total: 110898
pct_retry_trs_put:
  cxi0: 0
  cxi1: 0
  cxi2: 0
  cxi3: 0
  cxi4: 0
  cxi5: 0
  cxi6: 0
  cxi7: 0
  total: 0
mst_stalled_waiting_put_crdts:
  cxi0: 0
  cxi1: 0
  cxi2: 0
  cxi3: 0
  cxi4: 0
  cxi5: 0
  cxi6: 0
  cxi7: 0
  total: 0
hni_sts_tx_ok_octets:
  cxi0: 42921041725458
  cxi1: 44309883506336
  cxi2: 24613196098134
  cxi3: 23880250546204
  cxi4: 23950984114053
  cxi5: 24547836662093
  cxi6: 42743493397352
  cxi7: 44381674060734
  total: 271348360110364
hni_sts_rx_ok_octets:
  cxi0: 43726950817369
  cxi1: 45152602182859
  cxi2: 25368222290279
  cxi3: 24660900918664
  cxi4: 24110413387914
  cxi5: 24716325265940
  cxi6: 42883420722633
  cxi7: 44525832683390
  total: 275144668269048
hni_tx_ok_64:
  cxi0: 189064378
  cxi1: 186836793
  cxi2: 187130003
  cxi3: 185985141
  cxi4: 185776708
  cxi5: 187264790
  cxi6: 186688767
  cxi7: 187699313
  total: 1496445893
hni_tx_ok_65_to_127:
  cxi0: 2190
  cxi1: 777
  cxi2: 809
  cxi3: 714
  cxi4: 1789
  cxi5: 687
  cxi6: 1131
  cxi7: 1265
  total: 9362
hni_tx_ok_128_to_255:
  cxi0: 289
  cxi1: 106
  cxi2: 2248
  cxi3: 2213
  cxi4: 44
  cxi5: 69
  cxi6: 1262
  cxi7: 1296
  total: 7527
hni_tx_ok_256_to_511:
  cxi0: 822
  cxi1: 806
  cxi2: 42802
  cxi3: 42975
  cxi4: 374
  cxi5: 670
  cxi6: 1000
  cxi7: 1302
  total: 90751
hni_tx_ok_512_to_1023:
  cxi0: 1313
  cxi1: 645
  cxi2: 1824
  cxi3: 1439
  cxi4: 502
  cxi5: 1066
  cxi6: 1816
  cxi7: 2338
  total: 10943
hni_tx_ok_1024_to_2047:
  cxi0: 10518
  cxi1: 6054
  cxi2: 3004
  cxi3: 976
  cxi4: 2417
  cxi5: 6333
  cxi6: 2829
  cxi7: 3846
  total: 35977
hni_tx_ok_4096_to_8191:
  cxi0: 0
  cxi1: 0
  cxi2: 0
  cxi3: 0
  cxi4: 0
  cxi5: 0
  cxi6: 0
  cxi7: 0
  total: 0
hni_tx_ok_8192_to_max:
  cxi0: 0
  cxi1: 0
  cxi2: 0
  cxi3: 0
  cxi4: 0
  cxi5: 0
  cxi6: 0
  cxi7: 0
  total: 0
hni_rx_ok_64:
  cxi0: 188946557
  cxi1: 186685151
  cxi2: 186980452
  cxi3: 185952172
  cxi4: 185708761
  cxi5: 187163159
  cxi6: 186548954
  cxi7: 187597385
  total: 1495582591
hni_rx_ok_65_to_127:
  cxi0: 72639
  cxi1: 70409
  cxi2: 72425
  cxi3: 70548
  cxi4: 68997
  cxi5: 67787
  cxi6: 67105
  cxi7: 67355
  total: 557265
hni_rx_ok_128_to_255:
  cxi0: 104
  cxi1: 57
  cxi2: 2192
  cxi3: 2173
  cxi4: 80
  cxi5: 117
  cxi6: 1309
  cxi7: 1335
  total: 7367
hni_rx_ok_256_to_511:
  cxi0: 841
  cxi1: 769
  cxi2: 42726
  cxi3: 42909
  cxi4: 415
  cxi5: 714
  cxi6: 1010
  cxi7: 1299
  total: 90683
hni_rx_ok_512_to_1023:
  cxi0: 1011
  cxi1: 591
  cxi2: 1561
  cxi3: 1070
  cxi4: 414
  cxi5: 1029
  cxi6: 1902
  cxi7: 1985
  total: 9563
hni_rx_ok_1024_to_2047:
  cxi0: 10877
  cxi1: 6532
  cxi2: 3678
  cxi3: 1537
  cxi4: 2739
  cxi5: 6408
  cxi6: 3217
  cxi7: 4591
  total: 39579
hni_rx_ok_4096_to_8191:
  cxi0: 6
  cxi1: 0
  cxi2: 0
  cxi3: 0
  cxi4: 0
  cxi5: 0
  cxi6: 0
  cxi7: 0
  total: 6
hni_rx_ok_8192_to_max:
  cxi0: 36
  cxi1: 0
  cxi2: 0
  cxi3: 0
  cxi4: 0
  cxi5: 0
  cxi6: 0
  cxi7: 0
  total: 36
hni_llr_tx_replay_event:
  cxi0: 0
  cxi1: 0
  cxi2: 0
  cxi3: 0
  cxi4: 0
  cxi5: 0
  cxi6: 0
  cxi7: 0
  total: 0
hni_llr_rx_replay_event:
  cxi0: 0
  cxi1: 0
  cxi2: 0
  cxi3: 0
  cxi4: 0
  cxi5: 0
  cxi6: 0
  cxi7: 0
  total: 0
hni_llr_tx_nack_ctl_os:
  cxi0: 0
  cxi1: 0
  cxi2: 0
  cxi3: 0
  cxi4: 0
  cxi5: 0
  cxi6: 0
  cxi7: 0
  total: 0
hni_llr_rx_nack_ctl_os:
  cxi0: 0
  cxi1: 0
  cxi2: 0
  cxi3: 0
  cxi4: 0
  cxi5: 0
  cxi6: 0
  cxi7: 0
  total: 0
hni_llr_tx_discard:
  cxi0: 0
  cxi1: 0
  cxi2: 0
  cxi3: 0
  cxi4: 0
  cxi5: 0
  cxi6: 0
  cxi7: 0
  total: 0
pct_rsp_err_rcvd:
  cxi0: 0
  cxi1: 0
  cxi2: 11
  cxi3: 13
  cxi4: 0
  cxi5: 0
  cxi6: 14
  cxi7: 14
  total: 52
pct_rsp_dropped_timeout:
  cxi0: 0
  cxi1: 0
  cxi2: 0
  cxi3: 0
  cxi4: 0
  cxi5: 0
  cxi6: 0
  cxi7: 0
  total: 0
pct_rsp_dropped_try:
  cxi0: 0
  cxi1: 0
  cxi2: 0
  cxi3: 0
  cxi4: 0
  cxi5: 0
  cxi6: 0
  cxi7: 0
  total: 0
pct_bad_seq_nacks:
  cxi0: 0
  cxi1: 0
  cxi2: 4
  cxi3: 7
  cxi4: 0
  cxi5: 0
  cxi6: 6
  cxi7: 6
  total: 23
pct_no_trs_nacks:
  cxi0: 0
  cxi1: 0
  cxi2: 0
  cxi3: 0
  cxi4: 0
  cxi5: 0
  cxi6: 0
  cxi7: 0
  total: 0
ixe_rx_pkt_drop_pct:
  cxi0: 0
  cxi1: 0
  cxi2: 0
  cxi3: 0
  cxi4: 0
  cxi5: 0
  cxi6: 0
  cxi7: 0
  total: 0
ixe_rx_pkt_drop_ixe_parser:
  cxi0: 0
  cxi1: 0
  cxi2: 0
  cxi3: 0
  cxi4: 0
  cxi5: 0
  cxi6: 0
  cxi7: 0
  total: 0
pct_req_rsp_latency_0:
  cxi0: 936417
  cxi1: 919287
  cxi2: 185432
  cxi3: 183453
  cxi4: 46730
  cxi5: 54204
  cxi6: 184254
  cxi7: 191612
  total: 2701389
pct_req_rsp_latency_1:
  cxi0: 945140
  cxi1: 979197
  cxi2: 492704
  cxi3: 490235
  cxi4: 281876
  cxi5: 310380
  cxi6: 562417
  cxi7: 573719
  total: 4635668
pct_req_rsp_latency_2:
  cxi0: 1630389
  cxi1: 1679037
  cxi2: 1310239
  cxi3: 1314787
  cxi4: 1133100
  cxi5: 1205388
  cxi6: 1332188
  cxi7: 1350712
  total: 10955840
pct_req_rsp_latency_3:
  cxi0: 4241249
  cxi1: 4222581
  cxi2: 4251635
  cxi3: 4252043
  cxi4: 4150715
  cxi5: 4135356
  cxi6: 4182652
  cxi7: 4179171
  total: 33615402
pct_req_rsp_latency_4:
  cxi0: 5604835
  cxi1: 5566493
  cxi2: 5717357
  cxi3: 5701421
  cxi4: 5693363
  cxi5: 5602265
  cxi6: 5699265
  cxi7: 5672335
  total: 45257334
pct_req_rsp_latency_5:
  cxi0: 5131348
  cxi1: 5076911
  cxi2: 5154658
  cxi3: 5140965
  cxi4: 5117993
  cxi5: 5078422
  cxi6: 5164206
  cxi7: 5121839
  total: 40986342
pct_req_rsp_latency_6:
  cxi0: 5049948
  cxi1: 4960366
  cxi2: 5009964
  cxi3: 4984979
  cxi4: 4965913
  cxi5: 4973084
  cxi6: 5038906
  cxi7: 4997058
  total: 39980218
pct_req_rsp_latency_7:
  cxi0: 5403535
  cxi1: 5139119
  cxi2: 5276734
  cxi3: 5126765
  cxi4: 5073671
  cxi5: 5201340
  cxi6: 5224878
  cxi7: 5249811
  total: 41695853
pct_req_rsp_latency_8:
  cxi0: 5416268
  cxi1: 5288727
  cxi2: 5393383
  cxi3: 5280350
  cxi4: 5256470
  cxi5: 5365155
  cxi6: 5395601
  cxi7: 5395528
  total: 42791482
pct_req_rsp_latency_9:
  cxi0: 5506127
  cxi1: 5439831
  cxi2: 5526329
  cxi3: 5451827
  cxi4: 5442050
  cxi5: 5489596
  cxi6: 5531329
  cxi7: 5554192
  total: 43941281
pct_req_rsp_latency_10:
  cxi0: 5701289
  cxi1: 5632118
  cxi2: 5708378
  cxi3: 5660960
  cxi4: 5650778
  cxi5: 5688182
  cxi6: 5718459
  cxi7: 5730606
  total: 45490770
pct_req_rsp_latency_11:
  cxi0: 5918035
  cxi1: 5847223
  cxi2: 5907402
  cxi3: 5866174
  cxi4: 5874435
  cxi5: 5899970
  cxi6: 5924884
  cxi7: 5928195
  total: 47166318
pct_req_rsp_latency_12:
  cxi0: 6123890
  cxi1: 6048254
  cxi2: 6115702
  cxi3: 6069741
  cxi4: 6098579
  cxi5: 6116029
  cxi6: 6127986
  cxi7: 6166865
  total: 48867046
pct_req_rsp_latency_13:
  cxi0: 6309442
  cxi1: 6231574
  cxi2: 6296068
  cxi3: 6260187
  cxi4: 6289715
  cxi5: 6307616
  cxi6: 6318668
  cxi7: 6316277
  total: 50329547
pct_req_rsp_latency_14:
  cxi0: 6462487
  cxi1: 6372556
  cxi2: 6446601
  cxi3: 6406544
  cxi4: 6443592
  cxi5: 6457985
  cxi6: 6467194
  cxi7: 6444772
  total: 51501731
pct_req_rsp_latency_15:
  cxi0: 6554443
  cxi1: 6480418
  cxi2: 6559939
  cxi3: 6528584
  cxi4: 6562388
  cxi5: 6579715
  cxi6: 6583031
  cxi7: 6558746
  total: 52407264
pct_req_rsp_latency_16:
  cxi0: 6615147
  cxi1: 6537848
  cxi2: 6634612
  cxi3: 6612934
  cxi4: 6620345
  cxi5: 6644153
  cxi6: 6654410
  cxi7: 6645179
  total: 52964628
pct_req_rsp_latency_17:
  cxi0: 6676982
  cxi1: 6588663
  cxi2: 6679549
  cxi3: 6675819
  cxi4: 6651171
  cxi5: 6678812
  cxi6: 6695459
  cxi7: 6712597
  total: 53359052
pct_req_rsp_latency_18:
  cxi0: 6661718
  cxi1: 6544323
  cxi2: 6659664
  cxi3: 6651164
  cxi4: 6620261
  cxi5: 6643976
  cxi6: 6646305
  cxi7: 6694760
  total: 53122171
pct_req_rsp_latency_19:
  cxi0: 6505477
  cxi1: 6404496
  cxi2: 6537706
  cxi3: 6527135
  cxi4: 6518036
  cxi5: 6532894
  cxi6: 6523366
  cxi7: 6563243
  total: 52112353
pct_req_rsp_latency_20:
  cxi0: 6313247
  cxi1: 6222283
  cxi2: 6371753
  cxi3: 6345104
  cxi4: 6369488
  cxi5: 6366512
  cxi6: 6345772
  cxi7: 6402344
  total: 50736503
pct_req_rsp_latency_21:
  cxi0: 6084451
  cxi1: 6001015
  cxi2: 6143060
  cxi3: 6113945
  cxi4: 6145186
  cxi5: 6151304
  cxi6: 6116216
  cxi7: 6174260
  total: 48929437
pct_req_rsp_latency_22:
  cxi0: 5839126
  cxi1: 5771802
  cxi2: 5904881
  cxi3: 5869198
  cxi4: 5908915
  cxi5: 5917875
  cxi6: 5869516
  cxi7: 5913233
  total: 46994546
pct_req_rsp_latency_23:
  cxi0: 5580911
  cxi1: 5522509
  cxi2: 5642797
  cxi3: 5602719
  cxi4: 5644830
  cxi5: 5659396
  cxi6: 5602464
  cxi7: 5635545
  total: 44891171
pct_req_rsp_latency_24:
  cxi0: 5301105
  cxi1: 5249520
  cxi2: 5358092
  cxi3: 5321661
  cxi4: 5363027
  cxi5: 5380725
  cxi6: 5316296
  cxi7: 5344770
  total: 42635196
pct_req_rsp_latency_25:
  cxi0: 4996813
  cxi1: 4955352
  cxi2: 5048642
  cxi3: 5008893
  cxi4: 5050697
  cxi5: 5070806
  cxi6: 5010438
  cxi7: 5033460
  total: 40175101
pct_req_rsp_latency_26:
  cxi0: 4678380
  cxi1: 4639329
  cxi2: 4725701
  cxi3: 4688487
  cxi4: 4729812
  cxi5: 4749711
  cxi6: 4680375
  cxi7: 4711410
  total: 37603205
pct_req_rsp_latency_27:
  cxi0: 4349371
  cxi1: 4310874
  cxi2: 4393604
  cxi3: 4356270
  cxi4: 4401656
  cxi5: 4419256
  cxi6: 4342039
  cxi7: 4388741
  total: 34961811
pct_req_rsp_latency_28:
  cxi0: 4019123
  cxi1: 3989422
  cxi2: 4052659
  cxi3: 4036584
  cxi4: 4069230
  cxi5: 4097480
  cxi6: 4020953
  cxi7: 4051579
  total: 32337030
pct_req_rsp_latency_29:
  cxi0: 3710443
  cxi1: 3688623
  cxi2: 3734738
  cxi3: 3722196
  cxi4: 3747788
  cxi5: 3788307
  cxi6: 3705569
  cxi7: 3740506
  total: 29838170
pct_req_rsp_latency_30:
  cxi0: 3418026
  cxi1: 3406702
  cxi2: 3432856
  cxi3: 3429918
  cxi4: 3444377
  cxi5: 3482454
  cxi6: 3412665
  cxi7: 3457841
  total: 27484839
pct_req_rsp_latency_31:
  cxi0: 31341323
  cxi1: 31089893
  cxi2: 30341196
  cxi3: 30189528
  cxi4: 30379308
  cxi5: 31184441
  cxi6: 30251085
  cxi7: 30755859
  total: 245532633
