=== x1922c5s6b0n0 === (8 NICs)
atu_cache_hit_base_page_size_0:
  cxi0: 931690890
  cxi1: 928293840
  cxi2: 932094503
  cxi3: 926871921
  cxi4: 928976769
  cxi5: 928004475
  cxi6: 927147986
  cxi7: 928702248
  total: 7431782632
atu_cache_miss_0:
  cxi0: 12412971
  cxi1: 7375110
  cxi2: 11686176
  cxi3: 5060115
  cxi4: 6167594
  cxi5: 6717405
  cxi6: 6522933
  cxi7: 10374090
  total: 66316394
ixe_disp_amo_events:
  cxi0: 1223
  cxi1: 135
  cxi2: 135
  cxi3: 130
  cxi4: 1080
  cxi5: 140
  cxi6: 130
  cxi7: 135
  total: 3108
ixe_disp_lpe_amos:
  cxi0: 1223
  cxi1: 135
  cxi2: 135
  cxi3: 130
  cxi4: 1080
  cxi5: 140
  cxi6: 130
  cxi7: 135
  total: 3108
ixe_disp_lpe_amos_ok:
  cxi0: 1223
  cxi1: 135
  cxi2: 135
  cxi3: 130
  cxi4: 1080
  cxi5: 140
  cxi6: 130
  cxi7: 135
  total: 3108
pct_retry_trs_put:
  cxi0: 0
  cxi1: 0
  cxi2: 0
  cxi3: 0
  cxi4: 0
  cxi5: 0
  cxi6: 0
  cxi7: 0
  total: 0
mst_stalled_waiting_put_crdts:
  cxi0: 0
  cxi1: 0
  cxi2: 0
  cxi3: 0
  cxi4: 0
  cxi5: 0
  cxi6: 0
  cxi7: 0
  total: 0
hni_sts_tx_ok_octets:
  cxi0: 58898371560615
  cxi1: 58303905145793
  cxi2: 34538100458127
  cxi3: 32042227390454
  cxi4: 32015381981280
  cxi5: 34075931850469
  cxi6: 57554658521793
  cxi7: 59836245317416
  total: 367264822225947
hni_sts_rx_ok_octets:
  cxi0: 59730799015067
  cxi1: 59098416638329
  cxi2: 35307939486752
  cxi3: 32731139707334
  cxi4: 32158115914217
  cxi5: 34238350538485
  cxi6: 57649732906493
  cxi7: 59874492716506
  total: 370788986923183
hni_tx_ok_64:
  cxi0: 188065606
  cxi1: 186769000
  cxi2: 188072263
  cxi3: 186117449
  cxi4: 186618700
  cxi5: 186608864
  cxi6: 186515526
  cxi7: 187429722
  total: 1496197130
hni_tx_ok_65_to_127:
  cxi0: 30326
  cxi1: 27812
  cxi2: 28255
  cxi3: 27159
  cxi4: 28937
  cxi5: 28701
  cxi6: 26702
  cxi7: 27806
  total: 225698
hni_tx_ok_128_to_255:
  cxi0: 272
  cxi1: 104
  cxi2: 2728
  cxi3: 2698
  cxi4: 47
  cxi5: 69
  cxi6: 786
  cxi7: 824
  total: 7528
hni_tx_ok_256_to_511:
  cxi0: 884
  cxi1: 890
  cxi2: 2359
  cxi3: 2417
  cxi4: 385
  cxi5: 792
  cxi6: 41788
  cxi7: 42131
  total: 91646
hni_tx_ok_512_to_1023:
  cxi0: 934
  cxi1: 491
  cxi2: 1879
  cxi3: 1345
  cxi4: 608
  cxi5: 912
  cxi6: 2447
  cxi7: 3113
  total: 11729
hni_tx_ok_1024_to_2047:
  cxi0: 10550
  cxi1: 6150
  cxi2: 8099
  cxi3: 3633
  cxi4: 2962
  cxi5: 2983
  cxi6: 3750
  cxi7: 5737
  total: 43864
hni_tx_ok_4096_to_8191:
  cxi0: 0
  cxi1: 0
  cxi2: 0
  cxi3: 0
  cxi4: 0
  cxi5: 0
  cxi6: 0
  cxi7: 2
  total: 2
hni_tx_ok_8192_to_max:
  cxi0: 0
  cxi1: 0
  cxi2: 0
  cxi3: 0
  cxi4: 0
  cxi5: 0
  cxi6: 0
  cxi7: 12
  total: 12
hni_rx_ok_64:
  cxi0: 188005508
  cxi1: 186675126
  cxi2: 188028288
  cxi3: 186146092
  cxi4: 186618924
  cxi5: 186519519
  cxi6: 186474096
  cxi7: 187322020
  total: 1495789573
hni_rx_ok_65_to_127:
  cxi0: 45745
  cxi1: 44467
  cxi2: 44951
  cxi3: 44792
  cxi4: 44961
  cxi5: 42314
  cxi6: 41215
  cxi7: 40220
  total: 348665
hni_rx_ok_128_to_255:
  cxi0: 101
  cxi1: 64
  cxi2: 2680
  cxi3: 2656
  cxi4: 83
  cxi5: 116
  cxi6: 828
  cxi7: 851
  total: 7379
hni_rx_ok_256_to_511:
  cxi0: 918
  cxi1: 869
  cxi2: 2302
  cxi3: 2348
  cxi4: 418
  cxi5: 830
  cxi6: 41783
  cxi7: 42141
  total: 91609
hni_rx_ok_512_to_1023:
  cxi0: 697
  cxi1: 721
  cxi2: 1865
  cxi3: 1225
  cxi4: 470
  cxi5: 759
  cxi6: 2424
  cxi7: 2816
  total: 10977
hni_rx_ok_1024_to_2047:
  cxi0: 10845
  cxi1: 6291
  cxi2: 8299
  cxi3: 4086
  cxi4: 3469
  cxi5: 3591
  cxi6: 4026
  cxi7: 6313
  total: 46920
hni_rx_ok_4096_to_8191:
  cxi0: 2
  cxi1: 0
  cxi2: 0
  cxi3: 0
  cxi4: 0
  cxi5: 0
  cxi6: 0
  cxi7: 0
  total: 2
hni_rx_ok_8192_to_max:
  cxi0: 26
  cxi1: 0
  cxi2: 0
  cxi3: 0
  cxi4: 0
  cxi5: 0
  cxi6: 0
  cxi7: 0
  total: 26
hni_llr_tx_replay_event:
  cxi0: 0
  cxi1: 0
  cxi2: 0
  cxi3: 0
  cxi4: 0
  cxi5: 0
  cxi6: 0
  cxi7: 0
  total: 0
hni_llr_rx_replay_event:
  cxi0: 0
  cxi1: 0
  cxi2: 0
  cxi3: 0
  cxi4: 0
  cxi5: 0
  cxi6: 0
  cxi7: 0
  total: 0
hni_llr_tx_nack_ctl_os:
  cxi0: 0
  cxi1: 0
  cxi2: 0
  cxi3: 0
  cxi4: 0
  cxi5: 0
  cxi6: 0
  cxi7: 0
  total: 0
hni_llr_rx_nack_ctl_os:
  cxi0: 0
  cxi1: 0
  cxi2: 0
  cxi3: 0
  cxi4: 0
  cxi5: 0
  cxi6: 0
  cxi7: 0
  total: 0
hni_llr_tx_discard:
  cxi0: 0
  cxi1: 0
  cxi2: 0
  cxi3: 0
  cxi4: 0
  cxi5: 0
  cxi6: 0
  cxi7: 0
  total: 0
pct_rsp_err_rcvd:
  cxi0: 0
  cxi1: 0
  cxi2: 6
  cxi3: 9
  cxi4: 0
  cxi5: 0
  cxi6: 19
  cxi7: 15
  total: 49
pct_rsp_dropped_timeout:
  cxi0: 0
  cxi1: 0
  cxi2: 0
  cxi3: 0
  cxi4: 0
  cxi5: 0
  cxi6: 0
  cxi7: 0
  total: 0
pct_rsp_dropped_try:
  cxi0: 0
  cxi1: 0
  cxi2: 0
  cxi3: 0
  cxi4: 0
  cxi5: 0
  cxi6: 0
  cxi7: 0
  total: 0
pct_bad_seq_nacks:
  cxi0: 0
  cxi1: 0
  cxi2: 1
  cxi3: 5
  cxi4: 0
  cxi5: 0
  cxi6: 8
  cxi7: 7
  total: 21
pct_no_trs_nacks:
  cxi0: 0
  cxi1: 0
  cxi2: 0
  cxi3: 0
  cxi4: 0
  cxi5: 0
  cxi6: 0
  cxi7: 0
  total: 0
ixe_rx_pkt_drop_pct:
  cxi0: 0
  cxi1: 0
  cxi2: 0
  cxi3: 0
  cxi4: 0
  cxi5: 0
  cxi6: 0
  cxi7: 0
  total: 0
ixe_rx_pkt_drop_ixe_parser:
  cxi0: 0
  cxi1: 0
  cxi2: 0
  cxi3: 0
  cxi4: 0
  cxi5: 0
  cxi6: 0
  cxi7: 0
  total: 0
pct_req_rsp_latency_0:
  cxi0: 213945
  cxi1: 210123
  cxi2: 456692
  cxi3: 434348
  cxi4: 81150
  cxi5: 79991
  cxi6: 377801
  cxi7: 393622
  total: 2247672
pct_req_rsp_latency_1:
  cxi0: 710692
  cxi1: 702593
  cxi2: 1081070
  cxi3: 1080212
  cxi4: 347408
  cxi5: 344350
  cxi6: 672377
  cxi7: 664605
  total: 5603307
pct_req_rsp_latency_2:
  cxi0: 1805133
  cxi1: 1781683
  cxi2: 2035677
  cxi3: 2032753
  cxi4: 1271440
  cxi5: 1306331
  cxi6: 1498389
  cxi7: 1504107
  total: 13235513
pct_req_rsp_latency_3:
  cxi0: 4782773
  cxi1: 4721627
  cxi2: 4994875
  cxi3: 4995710
  cxi4: 4315656
  cxi5: 4355456
  cxi6: 4477738
  cxi7: 4471965
  total: 37115800
pct_req_rsp_latency_4:
  cxi0: 6090666
  cxi1: 6018403
  cxi2: 6160804
  cxi3: 6204613
  cxi4: 5839086
  cxi5: 5903147
  cxi6: 6063475
  cxi7: 6030323
  total: 48310517
pct_req_rsp_latency_5:
  cxi0: 5376296
  cxi1: 5316850
  cxi2: 5394509
  cxi3: 5410408
  cxi4: 5214339
  cxi5: 5265822
  cxi6: 5380317
  cxi7: 5356197
  total: 42714738
pct_req_rsp_latency_6:
  cxi0: 5205806
  cxi1: 5126767
  cxi2: 5201396
  cxi3: 5180530
  cxi4: 5042868
  cxi5: 5102130
  cxi6: 5171589
  cxi7: 5185288
  total: 41216374
pct_req_rsp_latency_7:
  cxi0: 5448157
  cxi1: 5258600
  cxi2: 5467445
  cxi3: 5267334
  cxi4: 5181271
  cxi5: 5307920
  cxi6: 5294692
  cxi7: 5459682
  total: 42685101
pct_req_rsp_latency_8:
  cxi0: 5472354
  cxi1: 5410383
  cxi2: 5542402
  cxi3: 5427869
  cxi4: 5312943
  cxi5: 5431862
  cxi6: 5404525
  cxi7: 5525912
  total: 43528250
pct_req_rsp_latency_9:
  cxi0: 5586025
  cxi1: 5570805
  cxi2: 5639854
  cxi3: 5577784
  cxi4: 5506519
  cxi5: 5555498
  cxi6: 5584934
  cxi7: 5610287
  total: 44631706
pct_req_rsp_latency_10:
  cxi0: 5782838
  cxi1: 5770627
  cxi2: 5818589
  cxi3: 5774850
  cxi4: 5692137
  cxi5: 5735390
  cxi6: 5789196
  cxi7: 5785932
  total: 46149559
pct_req_rsp_latency_11:
  cxi0: 5996458
  cxi1: 5958691
  cxi2: 6009756
  cxi3: 5965737
  cxi4: 5902640
  cxi5: 5939183
  cxi6: 5984532
  cxi7: 5985293
  total: 47742290
pct_req_rsp_latency_12:
  cxi0: 6209048
  cxi1: 6162096
  cxi2: 6196094
  cxi3: 6155666
  cxi4: 6107882
  cxi5: 6139116
  cxi6: 6183931
  cxi7: 6198077
  total: 49351910
pct_req_rsp_latency_13:
  cxi0: 6415209
  cxi1: 6349090
  cxi2: 6365390
  cxi3: 6326277
  cxi4: 6307286
  cxi5: 6320101
  cxi6: 6364457
  cxi7: 6384034
  total: 50831844
pct_req_rsp_latency_14:
  cxi0: 6595553
  cxi1: 6484028
  cxi2: 6492978
  cxi3: 6459042
  cxi4: 6470036
  cxi5: 6461277
  cxi6: 6502466
  cxi7: 6523610
  total: 51988990
pct_req_rsp_latency_15:
  cxi0: 6690355
  cxi1: 6596893
  cxi2: 6600371
  cxi3: 6579194
  cxi4: 6605370
  cxi5: 6584992
  cxi6: 6607749
  cxi7: 6634315
  total: 52899239
pct_req_rsp_latency_16:
  cxi0: 6744063
  cxi1: 6663109
  cxi2: 6661446
  cxi3: 6638049
  cxi4: 6675956
  cxi5: 6661957
  cxi6: 6676928
  cxi7: 6703956
  total: 53425464
pct_req_rsp_latency_17:
  cxi0: 6808082
  cxi1: 6696593
  cxi2: 6707018
  cxi3: 6667446
  cxi4: 6708765
  cxi5: 6697798
  cxi6: 6712554
  cxi7: 6749569
  total: 53747825
pct_req_rsp_latency_18:
  cxi0: 6773622
  cxi1: 6642532
  cxi2: 6677892
  cxi3: 6609121
  cxi4: 6674086
  cxi5: 6658650
  cxi6: 6668719
  cxi7: 6714343
  total: 53418965
pct_req_rsp_latency_19:
  cxi0: 6620606
  cxi1: 6513579
  cxi2: 6548747
  cxi3: 6491142
  cxi4: 6570222
  cxi5: 6546111
  cxi6: 6542459
  cxi7: 6579897
  total: 52412763
pct_req_rsp_latency_20:
  cxi0: 6425023
  cxi1: 6332948
  cxi2: 6362968
  cxi3: 6313887
  cxi4: 6399947
  cxi5: 6372147
  cxi6: 6361113
  cxi7: 6401826
  total: 50969859
pct_req_rsp_latency_21:
  cxi0: 6180545
  cxi1: 6108909
  cxi2: 6122175
  cxi3: 6085314
  cxi4: 6171751
  cxi5: 6152027
  cxi6: 6139367
  cxi7: 6171983
  total: 49132071
pct_req_rsp_latency_22:
  cxi0: 5917654
  cxi1: 5858002
  cxi2: 5863236
  cxi3: 5832227
  cxi4: 5930309
  cxi5: 5904119
  cxi6: 5891348
  cxi7: 5919240
  total: 47116135
pct_req_rsp_latency_23:
  cxi0: 5626074
  cxi1: 5593400
  cxi2: 5577645
  cxi3: 5558902
  cxi4: 5652211
  cxi5: 5634142
  cxi6: 5622516
  cxi7: 5631528
  total: 44896418
pct_req_rsp_latency_24:
  cxi0: 5323779
  cxi1: 5295337
  cxi2: 5276950
  cxi3: 5255058
  cxi4: 5362000
  cxi5: 5338795
  cxi6: 5321609
  cxi7: 5341949
  total: 42515477
pct_req_rsp_latency_25:
  cxi0: 5004822
  cxi1: 4976667
  cxi2: 4954710
  cxi3: 4928871
  cxi4: 5038763
  cxi5: 5020299
  cxi6: 5000558
  cxi7: 5021688
  total: 39946378
pct_req_rsp_latency_26:
  cxi0: 4668373
  cxi1: 4641721
  cxi2: 4614352
  cxi3: 4593257
  cxi4: 4712387
  cxi5: 4688696
  cxi6: 4661931
  cxi7: 4684099
  total: 37264816
pct_req_rsp_latency_27:
  cxi0: 4326186
  cxi1: 4297872
  cxi2: 4268085
  cxi3: 4247266
  cxi4: 4383127
  cxi5: 4349886
  cxi6: 4315501
  cxi7: 4336812
  total: 34524735
pct_req_rsp_latency_28:
  cxi0: 3981007
  cxi1: 3968509
  cxi2: 3927464
  cxi3: 3910842
  cxi4: 4051900
  cxi5: 4026841
  cxi6: 3979137
  cxi7: 3993815
  total: 31839515
pct_req_rsp_latency_29:
  cxi0: 3652996
  cxi1: 3654821
  cxi2: 3601614
  cxi3: 3588851
  cxi4: 3727112
  cxi5: 3712215
  cxi6: 3652326
  cxi7: 3668228
  total: 29258163
pct_req_rsp_latency_30:
  cxi0: 3339651
  cxi1: 3356600
  cxi2: 3302966
  cxi3: 3284096
  cxi4: 3424762
  cxi5: 3409519
  cxi6: 3344477
  cxi7: 3358878
  total: 26820949
pct_req_rsp_latency_31:
  cxi0: 28297065
  cxi1: 28740813
  cxi2: 28145054
  cxi3: 27238175
  cxi4: 29947870
  cxi5: 29614243
  cxi6: 28196759
  cxi7: 28368013
  total: 228547992
