=== x1921c1s1b0n0 === (8 NICs)
atu_cache_hit_base_page_size_0:
  cxi0: 8360524408
  cxi1: 5835914883
  cxi2: 8148972657
  cxi3: 5796468845
  cxi4: 5880403782
  cxi5: 8118139470
  cxi6: 5792133546
  cxi7: 8343178686
  total: 56275736277
atu_cache_miss_0:
  cxi0: 274024011
  cxi1: 314816202
  cxi2: 399453667
  cxi3: 193445989
  cxi4: 331971058
  cxi5: 389867613
  cxi6: 210040342
  cxi7: 285423530
  total: 2399042412
ixe_disp_amo_events:
  cxi0: 56421
  cxi1: 8228
  cxi2: 8358
  cxi3: 7945
  cxi4: 50218
  cxi5: 8562
  cxi6: 7978
  cxi7: 8136
  total: 155846
ixe_disp_lpe_amos:
  cxi0: 56421
  cxi1: 8228
  cxi2: 8358
  cxi3: 7945
  cxi4: 50218
  cxi5: 8562
  cxi6: 7978
  cxi7: 8136
  total: 155846
ixe_disp_lpe_amos_ok:
  cxi0: 56421
  cxi1: 8228
  cxi2: 8358
  cxi3: 7945
  cxi4: 50218
  cxi5: 8562
  cxi6: 7978
  cxi7: 8136
  total: 155846
pct_retry_trs_put:
  cxi0: 0
  cxi1: 0
  cxi2: 0
  cxi3: 0
  cxi4: 0
  cxi5: 0
  cxi6: 0
  cxi7: 0
  total: 0
mst_stalled_waiting_put_crdts:
  cxi0: 2429761
  cxi1: 22403
  cxi2: 2433445
  cxi3: 17071
  cxi4: 79758
  cxi5: 2448407
  cxi6: 16038
  cxi7: 2419681
  total: 9866564
hni_sts_tx_ok_octets:
  cxi0: 17233409340836
  cxi1: 16438290752737
  cxi2: 11493192318627
  cxi3: 10627943253747
  cxi4: 10010977661358
  cxi5: 10768725166159
  cxi6: 15772840769373
  cxi7: 16639654254403
  total: 108985033517240
hni_sts_rx_ok_octets:
  cxi0: 16561335127619
  cxi1: 15653101993014
  cxi2: 10667589212105
  cxi3: 9901855668791
  cxi4: 9869430901106
  cxi5: 10610115478278
  cxi6: 15690240074510
  cxi7: 16558301893847
  total: 105511970349270
hni_tx_ok_64:
  cxi0: 1614503740
  cxi1: 1155905558
  cxi2: 1558188499
  cxi3: 1170936182
  cxi4: 1170484866
  cxi5: 1545354897
  cxi6: 1179733886
  cxi7: 1618141406
  total: 11013249034
hni_tx_ok_65_to_127:
  cxi0: 4203036
  cxi1: 278088
  cxi2: 3781639
  cxi3: 294999
  cxi4: 334033
  cxi5: 3814687
  cxi6: 486575
  cxi7: 4308355
  total: 17501412
hni_tx_ok_128_to_255:
  cxi0: 804952
  cxi1: 68999
  cxi2: 784281
  cxi3: 76578
  cxi4: 68706
  cxi5: 782266
  cxi6: 103520
  cxi7: 839537
  total: 3528839
hni_tx_ok_256_to_511:
  cxi0: 1823210
  cxi1: 774001
  cxi2: 1916380
  cxi3: 851448
  cxi4: 778843
  cxi5: 1803171
  cxi6: 894909
  cxi7: 1971620
  total: 10813582
hni_tx_ok_512_to_1023:
  cxi0: 3251643
  cxi1: 1232604
  cxi2: 3002958
  cxi3: 1477053
  cxi4: 1441033
  cxi5: 2808320
  cxi6: 1692054
  cxi7: 3462712
  total: 18368377
hni_tx_ok_1024_to_2047:
  cxi0: 3224779
  cxi1: 35469
  cxi2: 3105337
  cxi3: 35027
  cxi4: 37433
  cxi5: 3046962
  cxi6: 39615
  cxi7: 3305891
  total: 12830513
hni_tx_ok_4096_to_8191:
  cxi0: 3
  cxi1: 0
  cxi2: 0
  cxi3: 0
  cxi4: 0
  cxi5: 0
  cxi6: 0
  cxi7: 359
  total: 362
hni_tx_ok_8192_to_max:
  cxi0: 0
  cxi1: 0
  cxi2: 0
  cxi3: 0
  cxi4: 0
  cxi5: 0
  cxi6: 0
  cxi7: 798
  total: 798
hni_rx_ok_64:
  cxi0: 1641466681
  cxi1: 1233381283
  cxi2: 1634539887
  cxi3: 1197528338
  cxi4: 1243026816
  cxi5: 1626194982
  cxi6: 1199875081
  cxi7: 1637909498
  total: 11413922566
hni_rx_ok_65_to_127:
  cxi0: 5048656
  cxi1: 1737439
  cxi2: 5295746
  cxi3: 1163730
  cxi4: 1891051
  cxi5: 5121895
  cxi6: 1164356
  cxi7: 5014387
  total: 26437260
hni_rx_ok_128_to_255:
  cxi0: 1085035
  cxi1: 421301
  cxi2: 1132165
  cxi3: 421402
  cxi4: 428553
  cxi5: 1085649
  cxi6: 610176
  cxi7: 1296967
  total: 6481248
hni_rx_ok_256_to_511:
  cxi0: 2819673
  cxi1: 1521481
  cxi2: 2727705
  cxi3: 1824185
  cxi4: 1728019
  cxi5: 2439810
  cxi6: 1991080
  cxi7: 3088596
  total: 18140549
hni_rx_ok_512_to_1023:
  cxi0: 1655844
  cxi1: 1653
  cxi2: 1641176
  cxi3: 51631
  cxi4: 1639
  cxi5: 1590323
  cxi6: 143299
  cxi7: 1794420
  total: 6879985
hni_rx_ok_1024_to_2047:
  cxi0: 3266602
  cxi1: 2548
  cxi2: 2992747
  cxi3: 4476
  cxi4: 4277
  cxi5: 3040318
  cxi6: 11406
  cxi7: 3176449
  total: 12498823
hni_rx_ok_4096_to_8191:
  cxi0: 244
  cxi1: 0
  cxi2: 0
  cxi3: 0
  cxi4: 0
  cxi5: 0
  cxi6: 0
  cxi7: 2
  total: 246
hni_rx_ok_8192_to_max:
  cxi0: 527
  cxi1: 0
  cxi2: 0
  cxi3: 0
  cxi4: 0
  cxi5: 0
  cxi6: 0
  cxi7: 0
  total: 527
hni_llr_tx_replay_event:
  cxi0: 0
  cxi1: 0
  cxi2: 0
  cxi3: 0
  cxi4: 0
  cxi5: 0
  cxi6: 0
  cxi7: 0
  total: 0
hni_llr_rx_replay_event:
  cxi0: 0
  cxi1: 0
  cxi2: 0
  cxi3: 0
  cxi4: 0
  cxi5: 0
  cxi6: 0
  cxi7: 0
  total: 0
hni_llr_tx_nack_ctl_os:
  cxi0: 0
  cxi1: 0
  cxi2: 0
  cxi3: 0
  cxi4: 0
  cxi5: 0
  cxi6: 0
  cxi7: 0
  total: 0
hni_llr_rx_nack_ctl_os:
  cxi0: 0
  cxi1: 0
  cxi2: 0
  cxi3: 0
  cxi4: 0
  cxi5: 0
  cxi6: 0
  cxi7: 0
  total: 0
hni_llr_tx_discard:
  cxi0: 0
  cxi1: 0
  cxi2: 0
  cxi3: 0
  cxi4: 0
  cxi5: 0
  cxi6: 0
  cxi7: 0
  total: 0
pct_rsp_err_rcvd:
  cxi0: 0
  cxi1: 18
  cxi2: 49
  cxi3: 31
  cxi4: 0
  cxi5: 0
  cxi6: 36
  cxi7: 0
  total: 134
pct_rsp_dropped_timeout:
  cxi0: 0
  cxi1: 0
  cxi2: 0
  cxi3: 0
  cxi4: 0
  cxi5: 0
  cxi6: 0
  cxi7: 0
  total: 0
pct_rsp_dropped_try:
  cxi0: 0
  cxi1: 0
  cxi2: 0
  cxi3: 0
  cxi4: 0
  cxi5: 0
  cxi6: 0
  cxi7: 0
  total: 0
pct_bad_seq_nacks:
  cxi0: 237881
  cxi1: 6888
  cxi2: 253389
  cxi3: 7337
  cxi4: 7402
  cxi5: 244672
  cxi6: 6866
  cxi7: 247917
  total: 1012352
pct_no_trs_nacks:
  cxi0: 53705
  cxi1: 1579
  cxi2: 56161
  cxi3: 1556
  cxi4: 1693
  cxi5: 55135
  cxi6: 1641
  cxi7: 54731
  total: 226201
ixe_rx_pkt_drop_pct:
  cxi0: 383221
  cxi1: 8467
  cxi2: 312300
  cxi3: 8948
  cxi4: 100080
  cxi5: 301070
  cxi6: 8507
  cxi7: 304811
  total: 1427404
ixe_rx_pkt_drop_ixe_parser:
  cxi0: 0
  cxi1: 0
  cxi2: 0
  cxi3: 0
  cxi4: 0
  cxi5: 0
  cxi6: 0
  cxi7: 0
  total: 0
pct_req_rsp_latency_0:
  cxi0: 7845820
  cxi1: 1725177
  cxi2: 7349412
  cxi3: 2664122
  cxi4: 1382722
  cxi5: 5902264
  cxi6: 5186541
  cxi7: 10005545
  total: 42061603
pct_req_rsp_latency_1:
  cxi0: 16209200
  cxi1: 4885131
  cxi2: 16640869
  cxi3: 6266137
  cxi4: 4299390
  cxi5: 14774864
  cxi6: 6841853
  cxi7: 17422494
  total: 87339938
pct_req_rsp_latency_2:
  cxi0: 37777523
  cxi1: 16680618
  cxi2: 36989994
  cxi3: 17587854
  cxi4: 15916736
  cxi5: 34686209
  cxi6: 16574749
  cxi7: 35415291
  total: 211628974
pct_req_rsp_latency_3:
  cxi0: 59630435
  cxi1: 29679714
  cxi2: 55873293
  cxi3: 30693531
  cxi4: 29033003
  cxi5: 53891910
  cxi6: 29115584
  cxi7: 58954295
  total: 346871765
pct_req_rsp_latency_4:
  cxi0: 143131516
  cxi1: 39841875
  cxi2: 119485586
  cxi3: 40479874
  cxi4: 39755475
  cxi5: 116038921
  cxi6: 39528378
  cxi7: 141726809
  total: 679988434
pct_req_rsp_latency_5:
  cxi0: 122835506
  cxi1: 36749645
  cxi2: 118199595
  cxi3: 37099141
  cxi4: 36703771
  cxi5: 120762192
  cxi6: 36591817
  cxi7: 124840396
  total: 633782063
pct_req_rsp_latency_6:
  cxi0: 79471050
  cxi1: 34155879
  cxi2: 81935383
  cxi3: 34528942
  cxi4: 33865587
  cxi5: 81192902
  cxi6: 34418102
  cxi7: 79801367
  total: 459369212
pct_req_rsp_latency_7:
  cxi0: 72876965
  cxi1: 32904394
  cxi2: 68869537
  cxi3: 33405823
  cxi4: 32524259
  cxi5: 69208917
  cxi6: 34589720
  cxi7: 73034273
  total: 417413888
pct_req_rsp_latency_8:
  cxi0: 56146589
  cxi1: 32478549
  cxi2: 55057072
  cxi3: 33006753
  cxi4: 32271021
  cxi5: 55851529
  cxi6: 34456658
  cxi7: 58922132
  total: 358190303
pct_req_rsp_latency_9:
  cxi0: 43823232
  cxi1: 32630604
  cxi2: 44551928
  cxi3: 33003133
  cxi4: 32570887
  cxi5: 44511933
  cxi6: 33758898
  cxi7: 46321424
  total: 311172039
pct_req_rsp_latency_10:
  cxi0: 38178923
  cxi1: 33609366
  cxi2: 38871895
  cxi3: 33770886
  cxi4: 33585723
  cxi5: 38623419
  cxi6: 34082449
  cxi7: 39972226
  total: 290694887
pct_req_rsp_latency_11:
  cxi0: 37310842
  cxi1: 34687204
  cxi2: 37700475
  cxi3: 34760996
  cxi4: 34673852
  cxi5: 37235575
  cxi6: 34918597
  cxi7: 38336143
  total: 289623684
pct_req_rsp_latency_12:
  cxi0: 38442530
  cxi1: 35826766
  cxi2: 38468022
  cxi3: 35852022
  cxi4: 35841671
  cxi5: 37696389
  cxi6: 35929326
  cxi7: 38505452
  total: 296562178
pct_req_rsp_latency_13:
  cxi0: 38921191
  cxi1: 36858703
  cxi2: 38974852
  cxi3: 36899644
  cxi4: 36897721
  cxi5: 38475646
  cxi6: 36900744
  cxi7: 38987064
  total: 302915565
pct_req_rsp_latency_14:
  cxi0: 39007239
  cxi1: 37677490
  cxi2: 39218468
  cxi3: 37714021
  cxi4: 37733331
  cxi5: 39120479
  cxi6: 37666004
  cxi7: 39389143
  total: 307526175
pct_req_rsp_latency_15:
  cxi0: 39403935
  cxi1: 38307695
  cxi2: 39582179
  cxi3: 38337620
  cxi4: 38393580
  cxi5: 39628099
  cxi6: 38253654
  cxi7: 39726472
  total: 311633234
pct_req_rsp_latency_16:
  cxi0: 39629218
  cxi1: 38682473
  cxi2: 39770725
  cxi3: 38700098
  cxi4: 38786415
  cxi5: 39854728
  cxi6: 38590941
  cxi7: 39844816
  total: 313859414
pct_req_rsp_latency_17:
  cxi0: 39663231
  cxi1: 38858273
  cxi2: 39767776
  cxi3: 38868305
  cxi4: 38946947
  cxi5: 39923518
  cxi6: 38754457
  cxi7: 39786655
  total: 314569162
pct_req_rsp_latency_18:
  cxi0: 39231495
  cxi1: 38640140
  cxi2: 39289048
  cxi3: 38629637
  cxi4: 38675148
  cxi5: 39484165
  cxi6: 38503752
  cxi7: 39244228
  total: 311697613
pct_req_rsp_latency_19:
  cxi0: 38609474
  cxi1: 38052095
  cxi2: 38636096
  cxi3: 38010044
  cxi4: 38071553
  cxi5: 38705850
  cxi6: 37825357
  cxi7: 38520822
  total: 306431291
pct_req_rsp_latency_20:
  cxi0: 38414074
  cxi1: 37108548
  cxi2: 38423708
  cxi3: 37060995
  cxi4: 37080525
  cxi5: 37896875
  cxi6: 36871550
  cxi7: 38278934
  total: 301135209
pct_req_rsp_latency_21:
  cxi0: 38383003
  cxi1: 35793797
  cxi2: 38162680
  cxi3: 35715559
  cxi4: 35830753
  cxi5: 36864701
  cxi6: 35545649
  cxi7: 37729482
  total: 294025624
pct_req_rsp_latency_22:
  cxi0: 35218744
  cxi1: 34360557
  cxi2: 35134827
  cxi3: 34256692
  cxi4: 34422923
  cxi5: 35045926
  cxi6: 34138422
  cxi7: 34965508
  total: 277543599
pct_req_rsp_latency_23:
  cxi0: 33097795
  cxi1: 32747594
  cxi2: 33025524
  cxi3: 32635147
  cxi4: 32862224
  cxi5: 33349153
  cxi6: 32561665
  cxi7: 32968880
  total: 263247982
pct_req_rsp_latency_24:
  cxi0: 31256862
  cxi1: 31081771
  cxi2: 31149815
  cxi3: 30924530
  cxi4: 31156891
  cxi5: 31701993
  cxi6: 30888953
  cxi7: 31182719
  total: 249343534
pct_req_rsp_latency_25:
  cxi0: 29359142
  cxi1: 29216356
  cxi2: 29203354
  cxi3: 29033872
  cxi4: 29301620
  cxi5: 29860957
  cxi6: 29067553
  cxi7: 29321248
  total: 234364102
pct_req_rsp_latency_26:
  cxi0: 27388476
  cxi1: 27270039
  cxi2: 27208963
  cxi3: 27076338
  cxi4: 27353697
  cxi5: 27876600
  cxi6: 27141694
  cxi7: 27360395
  total: 218676202
pct_req_rsp_latency_27:
  cxi0: 25405032
  cxi1: 25261435
  cxi2: 25179286
  cxi3: 25059167
  cxi4: 25353955
  cxi5: 25787430
  cxi6: 25172404
  cxi7: 25316917
  total: 202535626
pct_req_rsp_latency_28:
  cxi0: 23541197
  cxi1: 23279661
  cxi2: 23255447
  cxi3: 23062270
  cxi4: 23430178
  cxi5: 23729409
  cxi6: 23219384
  cxi7: 23344136
  total: 186861682
pct_req_rsp_latency_29:
  cxi0: 21767356
  cxi1: 21397835
  cxi2: 21397281
  cxi3: 21179560
  cxi4: 21570750
  cxi5: 21777966
  cxi6: 21354251
  cxi7: 21442496
  total: 171887495
pct_req_rsp_latency_30:
  cxi0: 19940031
  cxi1: 19613669
  cxi2: 19628800
  cxi3: 19402101
  cxi4: 19815564
  cxi5: 19968315
  cxi6: 19605462
  cxi7: 19676789
  total: 157650731
pct_req_rsp_latency_31:
  cxi0: 168840677
  cxi1: 166340387
  cxi2: 164577929
  cxi3: 161862548
  cxi4: 168747081
  cxi5: 172069132
  cxi6: 167466234
  cxi7: 168390473
  total: 1338294461
