=== x1921c1s2b0n0 === (8 NICs)
atu_cache_hit_base_page_size_0:
  cxi0: 7254021307
  cxi1: 4792237148
  cxi2: 7053558499
  cxi3: 4744761517
  cxi4: 4787112687
  cxi5: 7035583766
  cxi6: 4722219388
  cxi7: 7271182337
  total: 47660676649
atu_cache_miss_0:
  cxi0: 225378826
  cxi1: 308293597
  cxi2: 360982553
  cxi3: 183589399
  cxi4: 296261925
  cxi5: 372554303
  cxi6: 191441217
  cxi7: 274761042
  total: 2213262862
ixe_disp_amo_events:
  cxi0: 91798
  cxi1: 47302
  cxi2: 49985
  cxi3: 48095
  cxi4: 85292
  cxi5: 49182
  cxi6: 48128
  cxi7: 49740
  total: 469522
ixe_disp_lpe_amos:
  cxi0: 91798
  cxi1: 47302
  cxi2: 49985
  cxi3: 48095
  cxi4: 85292
  cxi5: 49182
  cxi6: 48128
  cxi7: 49740
  total: 469522
ixe_disp_lpe_amos_ok:
  cxi0: 91798
  cxi1: 47302
  cxi2: 49985
  cxi3: 48095
  cxi4: 85292
  cxi5: 49182
  cxi6: 48128
  cxi7: 49740
  total: 469522
pct_retry_trs_put:
  cxi0: 0
  cxi1: 0
  cxi2: 0
  cxi3: 0
  cxi4: 0
  cxi5: 0
  cxi6: 0
  cxi7: 0
  total: 0
mst_stalled_waiting_put_crdts:
  cxi0: 2407363
  cxi1: 345986
  cxi2: 2584112
  cxi3: 623275
  cxi4: 286258
  cxi5: 2434426
  cxi6: 17019
  cxi7: 2409951
  total: 11108390
hni_sts_tx_ok_octets:
  cxi0: 82456023409801
  cxi1: 81203920971682
  cxi2: 53512027381940
  cxi3: 52159325032984
  cxi4: 51844590654942
  cxi5: 51788535102999
  cxi6: 81553923237661
  cxi7: 82253979708011
  total: 536772325500020
hni_sts_rx_ok_octets:
  cxi0: 81959803127977
  cxi1: 80585868734062
  cxi2: 52711779048997
  cxi3: 51429606593263
  cxi4: 51821524642285
  cxi5: 51835812788640
  cxi6: 80626601131773
  cxi7: 82265798992793
  total: 533236795059790
hni_tx_ok_64:
  cxi0: 1415111693
  cxi1: 978726899
  cxi2: 1363344569
  cxi3: 992654114
  cxi4: 973838437
  cxi5: 1360168990
  cxi6: 995955689
  cxi7: 1434063020
  total: 9513863411
hni_tx_ok_65_to_127:
  cxi0: 3934509
  cxi1: 26513
  cxi2: 3553159
  cxi3: 75279
  cxi4: 77450
  cxi5: 3554686
  cxi6: 310528
  cxi7: 4123590
  total: 15655714
hni_tx_ok_128_to_255:
  cxi0: 734767
  cxi1: 965
  cxi2: 715795
  cxi3: 11552
  cxi4: 678
  cxi5: 714102
  cxi6: 45750
  cxi7: 781670
  total: 3005279
hni_tx_ok_256_to_511:
  cxi0: 1791615
  cxi1: 752196
  cxi2: 1904547
  cxi3: 845288
  cxi4: 748353
  cxi5: 1783156
  cxi6: 896418
  cxi7: 1971465
  total: 10693038
hni_tx_ok_512_to_1023:
  cxi0: 3056774
  cxi1: 1361832
  cxi2: 2871008
  cxi3: 1588684
  cxi4: 1291071
  cxi5: 2795553
  cxi6: 1751819
  cxi7: 3482826
  total: 18199567
hni_tx_ok_1024_to_2047:
  cxi0: 3185825
  cxi1: 5128
  cxi2: 3063660
  cxi3: 5708
  cxi4: 6157
  cxi5: 3011717
  cxi6: 7521
  cxi7: 3293887
  total: 12579603
hni_tx_ok_4096_to_8191:
  cxi0: 1
  cxi1: 0
  cxi2: 0
  cxi3: 0
  cxi4: 0
  cxi5: 0
  cxi6: 0
  cxi7: 300
  total: 301
hni_tx_ok_8192_to_max:
  cxi0: 0
  cxi1: 0
  cxi2: 0
  cxi3: 0
  cxi4: 0
  cxi5: 0
  cxi6: 0
  cxi7: 718
  total: 718
hni_rx_ok_64:
  cxi0: 1404053760
  cxi1: 1012049337
  cxi2: 1399868858
  cxi3: 974891483
  cxi4: 1009745164
  cxi5: 1397547038
  cxi6: 973282040
  cxi7: 1410112879
  total: 9581550559
hni_rx_ok_65_to_127:
  cxi0: 5184030
  cxi1: 2068270
  cxi2: 5466737
  cxi3: 1480238
  cxi4: 2053072
  cxi5: 5393869
  cxi6: 1433862
  cxi7: 5290351
  total: 28370429
hni_rx_ok_128_to_255:
  cxi0: 1128856
  cxi1: 486403
  cxi2: 1186293
  cxi3: 507213
  cxi4: 487471
  cxi5: 1134185
  cxi6: 743150
  cxi7: 1424307
  total: 7097878
hni_rx_ok_256_to_511:
  cxi0: 2741832
  cxi1: 1710810
  cxi2: 2631166
  cxi3: 1998337
  cxi4: 1634987
  cxi5: 2539735
  cxi6: 2139947
  cxi7: 3246488
  total: 18643302
hni_rx_ok_512_to_1023:
  cxi0: 1696398
  cxi1: 32290
  cxi2: 1681751
  cxi3: 96353
  cxi4: 32110
  cxi5: 1607675
  cxi6: 171999
  cxi7: 1808002
  total: 7126578
hni_rx_ok_1024_to_2047:
  cxi0: 3290517
  cxi1: 35843
  cxi2: 3030408
  cxi3: 39367
  cxi4: 36247
  cxi5: 3070655
  cxi6: 41854
  cxi7: 3216552
  total: 12761443
hni_rx_ok_4096_to_8191:
  cxi0: 266
  cxi1: 0
  cxi2: 0
  cxi3: 0
  cxi4: 0
  cxi5: 0
  cxi6: 0
  cxi7: 0
  total: 266
hni_rx_ok_8192_to_max:
  cxi0: 628
  cxi1: 0
  cxi2: 0
  cxi3: 0
  cxi4: 0
  cxi5: 0
  cxi6: 0
  cxi7: 0
  total: 628
hni_llr_tx_replay_event:
  cxi0: 0
  cxi1: 0
  cxi2: 0
  cxi3: 0
  cxi4: 0
  cxi5: 0
  cxi6: 0
  cxi7: 0
  total: 0
hni_llr_rx_replay_event:
  cxi0: 0
  cxi1: 0
  cxi2: 0
  cxi3: 0
  cxi4: 0
  cxi5: 0
  cxi6: 0
  cxi7: 0
  total: 0
hni_llr_tx_nack_ctl_os:
  cxi0: 0
  cxi1: 0
  cxi2: 0
  cxi3: 0
  cxi4: 0
  cxi5: 0
  cxi6: 0
  cxi7: 0
  total: 0
hni_llr_rx_nack_ctl_os:
  cxi0: 0
  cxi1: 0
  cxi2: 0
  cxi3: 0
  cxi4: 0
  cxi5: 0
  cxi6: 0
  cxi7: 0
  total: 0
hni_llr_tx_discard:
  cxi0: 0
  cxi1: 0
  cxi2: 0
  cxi3: 0
  cxi4: 0
  cxi5: 0
  cxi6: 0
  cxi7: 0
  total: 0
pct_rsp_err_rcvd:
  cxi0: 27
  cxi1: 0
  cxi2: 26
  cxi3: 19
  cxi4: 18
  cxi5: 0
  cxi6: 27
  cxi7: 32
  total: 149
pct_rsp_dropped_timeout:
  cxi0: 0
  cxi1: 0
  cxi2: 0
  cxi3: 0
  cxi4: 0
  cxi5: 0
  cxi6: 0
  cxi7: 0
  total: 0
pct_rsp_dropped_try:
  cxi0: 0
  cxi1: 0
  cxi2: 0
  cxi3: 0
  cxi4: 0
  cxi5: 0
  cxi6: 0
  cxi7: 0
  total: 0
pct_bad_seq_nacks:
  cxi0: 229350
  cxi1: 7830
  cxi2: 224648
  cxi3: 7993
  cxi4: 7597
  cxi5: 228288
  cxi6: 7862
  cxi7: 224054
  total: 937622
pct_no_trs_nacks:
  cxi0: 50994
  cxi1: 1833
  cxi2: 46815
  cxi3: 1855
  cxi4: 1825
  cxi5: 50710
  cxi6: 1894
  cxi7: 48506
  total: 204432
ixe_rx_pkt_drop_pct:
  cxi0: 282727
  cxi1: 70202
  cxi2: 272381
  cxi3: 101953
  cxi4: 9422
  cxi5: 280085
  cxi6: 9747
  cxi7: 275489
  total: 1302006
ixe_rx_pkt_drop_ixe_parser:
  cxi0: 0
  cxi1: 0
  cxi2: 0
  cxi3: 0
  cxi4: 0
  cxi5: 0
  cxi6: 0
  cxi7: 0
  total: 0
pct_req_rsp_latency_0:
  cxi0: 8494714
  cxi1: 2620427
  cxi2: 4882137
  cxi3: 272191
  cxi4: 1560277
  cxi5: 6112362
  cxi6: 1462518
  cxi7: 6384867
  total: 31789493
pct_req_rsp_latency_1:
  cxi0: 19005778
  cxi1: 4053386
  cxi2: 14465994
  cxi3: 1292075
  cxi4: 2619694
  cxi5: 15210836
  cxi6: 2909328
  cxi7: 16104577
  total: 75661668
pct_req_rsp_latency_2:
  cxi0: 53991497
  cxi1: 7104208
  cxi2: 49648118
  cxi3: 5503950
  cxi4: 6328515
  cxi5: 47992325
  cxi6: 6844684
  cxi7: 51213514
  total: 228626811
pct_req_rsp_latency_3:
  cxi0: 64083250
  cxi1: 21090375
  cxi2: 60735222
  cxi3: 20031906
  cxi4: 20219407
  cxi5: 63115584
  cxi6: 20961783
  cxi7: 64405023
  total: 334642550
pct_req_rsp_latency_4:
  cxi0: 130700261
  cxi1: 29458653
  cxi2: 108281335
  cxi3: 28567691
  cxi4: 28931915
  cxi5: 107741876
  cxi6: 29276727
  cxi7: 129464826
  total: 592423284
pct_req_rsp_latency_5:
  cxi0: 115858167
  cxi1: 27460985
  cxi2: 110381616
  cxi3: 26947971
  cxi4: 27292130
  cxi5: 112076332
  cxi6: 27485990
  cxi7: 118256029
  total: 565759220
pct_req_rsp_latency_6:
  cxi0: 68899517
  cxi1: 25134629
  cxi2: 68972680
  cxi3: 24911794
  cxi4: 25009617
  cxi5: 69161626
  cxi6: 25731612
  cxi7: 68651400
  total: 376472875
pct_req_rsp_latency_7:
  cxi0: 48414915
  cxi1: 24088535
  cxi2: 44193476
  cxi3: 24328551
  cxi4: 24107890
  cxi5: 44457936
  cxi6: 26404785
  cxi7: 50027108
  total: 286023196
pct_req_rsp_latency_8:
  cxi0: 33304283
  cxi1: 24543187
  cxi2: 32535574
  cxi3: 24912117
  cxi4: 24522037
  cxi5: 33149022
  cxi6: 27225122
  cxi7: 37770484
  total: 237961826
pct_req_rsp_latency_9:
  cxi0: 28882313
  cxi1: 25430369
  cxi2: 29374238
  cxi3: 25625376
  cxi4: 25384251
  cxi5: 29577743
  cxi6: 27010673
  cxi7: 31996160
  total: 223281123
pct_req_rsp_latency_10:
  cxi0: 28682442
  cxi1: 26409185
  cxi2: 29108376
  cxi3: 26518315
  cxi4: 26424027
  cxi5: 29122163
  cxi6: 27265577
  cxi7: 30721629
  total: 224251714
pct_req_rsp_latency_11:
  cxi0: 29442663
  cxi1: 27410678
  cxi2: 29781614
  cxi3: 27504708
  cxi4: 27497185
  cxi5: 29571583
  cxi6: 27999370
  cxi7: 30817746
  total: 230025547
pct_req_rsp_latency_12:
  cxi0: 30558548
  cxi1: 28398245
  cxi2: 30769052
  cxi3: 28522050
  cxi4: 28479978
  cxi5: 30210372
  cxi6: 28871615
  cxi7: 31154185
  total: 236964045
pct_req_rsp_latency_13:
  cxi0: 31061458
  cxi1: 29257157
  cxi2: 31317079
  cxi3: 29398379
  cxi4: 29345514
  cxi5: 30816225
  cxi6: 29650684
  cxi7: 31535116
  total: 242381612
pct_req_rsp_latency_14:
  cxi0: 31029190
  cxi1: 29950575
  cxi2: 31497180
  cxi3: 30118944
  cxi4: 30049424
  cxi5: 31348467
  cxi6: 30297654
  cxi7: 31848267
  total: 246139701
pct_req_rsp_latency_15:
  cxi0: 31302970
  cxi1: 30401854
  cxi2: 31717142
  cxi3: 30605162
  cxi4: 30531503
  cxi5: 31667041
  cxi6: 30715595
  cxi7: 32045717
  total: 248986984
pct_req_rsp_latency_16:
  cxi0: 31420117
  cxi1: 30654682
  cxi2: 31817934
  cxi3: 30890863
  cxi4: 30813678
  cxi5: 31785386
  cxi6: 30945205
  cxi7: 32072445
  total: 250400310
pct_req_rsp_latency_17:
  cxi0: 31388886
  cxi1: 30713439
  cxi2: 31742806
  cxi3: 30978143
  cxi4: 30907901
  cxi5: 31669600
  cxi6: 30996696
  cxi7: 31951041
  total: 250348512
pct_req_rsp_latency_18:
  cxi0: 31090386
  cxi1: 30579840
  cxi2: 31432370
  cxi3: 30842379
  cxi4: 30765273
  cxi5: 31319675
  cxi6: 30792861
  cxi7: 31560544
  total: 248383328
pct_req_rsp_latency_19:
  cxi0: 30657750
  cxi1: 30132206
  cxi2: 30973451
  cxi3: 30402277
  cxi4: 30321397
  cxi5: 30757189
  cxi6: 30271327
  cxi7: 30995148
  total: 244510745
pct_req_rsp_latency_20:
  cxi0: 30767681
  cxi1: 29443940
  cxi2: 30967835
  cxi3: 29725079
  cxi4: 29619976
  cxi5: 30181563
  cxi6: 29539260
  cxi7: 30934595
  total: 241179929
pct_req_rsp_latency_21:
  cxi0: 30465020
  cxi1: 28495711
  cxi2: 30464609
  cxi3: 28780065
  cxi4: 28623264
  cxi5: 29374982
  cxi6: 28579188
  cxi7: 30241883
  total: 235024722
pct_req_rsp_latency_22:
  cxi0: 28034093
  cxi1: 27343374
  cxi2: 28329892
  cxi3: 27641003
  cxi4: 27523888
  cxi5: 27994825
  cxi6: 27423341
  cxi7: 28136448
  total: 222426864
pct_req_rsp_latency_23:
  cxi0: 26428153
  cxi1: 26098006
  cxi2: 26747593
  cxi3: 26411667
  cxi4: 26316055
  cxi5: 26722143
  cxi6: 26187563
  cxi7: 26566327
  total: 211477507
pct_req_rsp_latency_24:
  cxi0: 25116003
  cxi1: 24794183
  cxi2: 25423008
  cxi3: 25097621
  cxi4: 25011446
  cxi5: 25454427
  cxi6: 24870919
  cxi7: 25259443
  total: 201027050
pct_req_rsp_latency_25:
  cxi0: 23773175
  cxi1: 23439506
  cxi2: 24065242
  cxi3: 23764636
  cxi4: 23648283
  cxi5: 24129916
  cxi6: 23530572
  cxi7: 23886148
  total: 190237478
pct_req_rsp_latency_26:
  cxi0: 22317108
  cxi1: 21974203
  cxi2: 22604849
  cxi3: 22318629
  cxi4: 22181373
  cxi5: 22623457
  cxi6: 22057211
  cxi7: 22382858
  total: 178459688
pct_req_rsp_latency_27:
  cxi0: 20867531
  cxi1: 20491142
  cxi2: 21113242
  cxi3: 20841256
  cxi4: 20676240
  cxi5: 21058508
  cxi6: 20578357
  cxi7: 20814593
  total: 166440869
pct_req_rsp_latency_28:
  cxi0: 19373912
  cxi1: 18976562
  cxi2: 19603669
  cxi3: 19310191
  cxi4: 19159358
  cxi5: 19451192
  cxi6: 19054030
  cxi7: 19233331
  total: 154162245
pct_req_rsp_latency_29:
  cxi0: 17967217
  cxi1: 17506609
  cxi2: 18133927
  cxi3: 17833088
  cxi4: 17710623
  cxi5: 17903205
  cxi6: 17565576
  cxi7: 17734685
  total: 142354930
pct_req_rsp_latency_30:
  cxi0: 16484253
  cxi1: 16140982
  cxi2: 16703986
  cxi3: 16461256
  cxi4: 16326848
  cxi5: 16479031
  cxi6: 16190674
  cxi7: 16321449
  total: 131108479
pct_req_rsp_latency_31:
  cxi0: 151078080
  cxi1: 148302230
  cxi2: 156063293
  cxi3: 154086173
  cxi4: 150492452
  cxi5: 153381441
  cxi6: 149592316
  cxi7: 150095294
  total: 1213091279
