=== x1922c5s7b0n0 === (8 NICs)
atu_cache_hit_base_page_size_0:
  cxi0: 937160294
  cxi1: 930311990
  cxi2: 930888877
  cxi3: 928136811
  cxi4: 928224334
  cxi5: 931410086
  cxi6: 930017145
  cxi7: 931827034
  total: 7447976571
atu_cache_miss_0:
  cxi0: 15412587
  cxi1: 8307514
  cxi2: 8589978
  cxi3: 4701482
  cxi4: 4041824
  cxi5: 9784972
  cxi6: 7487341
  cxi7: 12050568
  total: 70376266
ixe_disp_amo_events:
  cxi0: 32873
  cxi1: 16258
  cxi2: 17492
  cxi3: 16875
  cxi4: 30513
  cxi5: 16875
  cxi6: 16875
  cxi7: 17492
  total: 165253
ixe_disp_lpe_amos:
  cxi0: 32873
  cxi1: 16258
  cxi2: 17492
  cxi3: 16875
  cxi4: 30513
  cxi5: 16875
  cxi6: 16875
  cxi7: 17492
  total: 165253
ixe_disp_lpe_amos_ok:
  cxi0: 32873
  cxi1: 16258
  cxi2: 17492
  cxi3: 16875
  cxi4: 30513
  cxi5: 16875
  cxi6: 16875
  cxi7: 17492
  total: 165253
pct_retry_trs_put:
  cxi0: 0
  cxi1: 0
  cxi2: 0
  cxi3: 0
  cxi4: 0
  cxi5: 0
  cxi6: 0
  cxi7: 0
  total: 0
mst_stalled_waiting_put_crdts:
  cxi0: 164
  cxi1: 145
  cxi2: 140
  cxi3: 139
  cxi4: 151
  cxi5: 158
  cxi6: 143
  cxi7: 154
  total: 1194
hni_sts_tx_ok_octets:
  cxi0: 42921224267086
  cxi1: 44310062219787
  cxi2: 24613375723302
  cxi3: 23880429439271
  cxi4: 23951163060141
  cxi5: 24548012949342
  cxi6: 42743669329218
  cxi7: 44381850838799
  total: 271349787826946
hni_sts_rx_ok_octets:
  cxi0: 43732127840515
  cxi1: 45157775278194
  cxi2: 25373396472963
  cxi3: 24666074348836
  cxi4: 24115592303571
  cxi5: 24721501568966
  cxi6: 42888596761094
  cxi7: 44531009561273
  total: 275186074135412
hni_tx_ok_64:
  cxi0: 191634545
  cxi1: 189373811
  cxi2: 189668925
  cxi3: 188523642
  cxi4: 188344041
  cxi5: 189803441
  cxi6: 189228138
  cxi7: 190239920
  total: 1516816463
hni_tx_ok_65_to_127:
  cxi0: 26468
  cxi1: 8152
  cxi2: 8653
  cxi3: 8322
  cxi4: 24057
  cxi5: 8294
  cxi6: 8736
  cxi7: 9108
  total: 101790
hni_tx_ok_128_to_255:
  cxi0: 333
  cxi1: 138
  cxi2: 2288
  cxi3: 2253
  cxi4: 44
  cxi5: 69
  cxi6: 1264
  cxi7: 1300
  total: 7689
hni_tx_ok_256_to_511:
  cxi0: 900
  cxi1: 1011
  cxi2: 42940
  cxi3: 43230
  cxi4: 470
  cxi5: 808
  cxi6: 1250
  cxi7: 1603
  total: 92212
hni_tx_ok_512_to_1023:
  cxi0: 1424
  cxi1: 750
  cxi2: 2159
  cxi3: 1763
  cxi4: 598
  cxi5: 1162
  cxi6: 2073
  cxi7: 2601
  total: 12530
hni_tx_ok_1024_to_2047:
  cxi0: 10522
  cxi1: 6054
  cxi2: 3004
  cxi3: 976
  cxi4: 2417
  cxi5: 6333
  cxi6: 2829
  cxi7: 3846
  total: 35981
hni_tx_ok_4096_to_8191:
  cxi0: 0
  cxi1: 0
  cxi2: 0
  cxi3: 0
  cxi4: 0
  cxi5: 0
  cxi6: 0
  cxi7: 0
  total: 0
hni_tx_ok_8192_to_max:
  cxi0: 0
  cxi1: 0
  cxi2: 0
  cxi3: 0
  cxi4: 0
  cxi5: 0
  cxi6: 0
  cxi7: 0
  total: 0
hni_rx_ok_64:
  cxi0: 189016480
  cxi1: 186721741
  cxi2: 187019162
  cxi3: 185990189
  cxi4: 185773378
  cxi5: 187198750
  cxi6: 186585444
  cxi7: 187634974
  total: 1495940118
hni_rx_ok_65_to_127:
  cxi0: 120115
  cxi1: 102063
  cxi2: 104563
  cxi3: 102445
  cxi4: 114579
  cxi5: 99686
  cxi6: 98998
  cxi7: 99489
  total: 841938
hni_rx_ok_128_to_255:
  cxi0: 8104
  cxi1: 8057
  cxi2: 10197
  cxi3: 10180
  cxi4: 8112
  cxi5: 8149
  cxi6: 9341
  cxi7: 9367
  total: 71507
hni_rx_ok_256_to_511:
  cxi0: 4876
  cxi1: 4931
  cxi2: 46812
  cxi3: 47111
  cxi4: 4554
  cxi5: 4895
  cxi6: 5293
  cxi7: 5636
  total: 124108
hni_rx_ok_512_to_1023:
  cxi0: 5118
  cxi1: 4687
  cxi2: 5789
  cxi3: 5282
  cxi4: 4519
  cxi5: 5134
  cxi6: 6098
  cxi7: 6180
  total: 42807
hni_rx_ok_1024_to_2047:
  cxi0: 14882
  cxi1: 10532
  cxi2: 7785
  cxi3: 5650
  cxi4: 6739
  cxi5: 10410
  cxi6: 7297
  cxi7: 8675
  total: 71970
hni_rx_ok_4096_to_8191:
  cxi0: 9
  cxi1: 0
  cxi2: 0
  cxi3: 0
  cxi4: 0
  cxi5: 0
  cxi6: 0
  cxi7: 0
  total: 9
hni_rx_ok_8192_to_max:
  cxi0: 52
  cxi1: 0
  cxi2: 0
  cxi3: 0
  cxi4: 0
  cxi5: 0
  cxi6: 0
  cxi7: 0
  total: 52
hni_llr_tx_replay_event:
  cxi0: 0
  cxi1: 0
  cxi2: 0
  cxi3: 0
  cxi4: 0
  cxi5: 0
  cxi6: 0
  cxi7: 0
  total: 0
hni_llr_rx_replay_event:
  cxi0: 0
  cxi1: 0
  cxi2: 0
  cxi3: 0
  cxi4: 0
  cxi5: 0
  cxi6: 0
  cxi7: 0
  total: 0
hni_llr_tx_nack_ctl_os:
  cxi0: 0
  cxi1: 0
  cxi2: 0
  cxi3: 0
  cxi4: 0
  cxi5: 0
  cxi6: 0
  cxi7: 0
  total: 0
hni_llr_rx_nack_ctl_os:
  cxi0: 0
  cxi1: 0
  cxi2: 0
  cxi3: 0
  cxi4: 0
  cxi5: 0
  cxi6: 0
  cxi7: 0
  total: 0
hni_llr_tx_discard:
  cxi0: 0
  cxi1: 0
  cxi2: 0
  cxi3: 0
  cxi4: 0
  cxi5: 0
  cxi6: 0
  cxi7: 0
  total: 0
pct_rsp_err_rcvd:
  cxi0: 0
  cxi1: 0
  cxi2: 11
  cxi3: 13
  cxi4: 0
  cxi5: 0
  cxi6: 14
  cxi7: 14
  total: 52
pct_rsp_dropped_timeout:
  cxi0: 0
  cxi1: 0
  cxi2: 0
  cxi3: 0
  cxi4: 0
  cxi5: 0
  cxi6: 0
  cxi7: 0
  total: 0
pct_rsp_dropped_try:
  cxi0: 0
  cxi1: 0
  cxi2: 0
  cxi3: 0
  cxi4: 0
  cxi5: 0
  cxi6: 0
  cxi7: 0
  total: 0
pct_bad_seq_nacks:
  cxi0: 0
  cxi1: 0
  cxi2: 4
  cxi3: 7
  cxi4: 0
  cxi5: 0
  cxi6: 6
  cxi7: 6
  total: 23
pct_no_trs_nacks:
  cxi0: 0
  cxi1: 0
  cxi2: 0
  cxi3: 0
  cxi4: 0
  cxi5: 0
  cxi6: 0
  cxi7: 0
  total: 0
ixe_rx_pkt_drop_pct:
  cxi0: 0
  cxi1: 0
  cxi2: 0
  cxi3: 0
  cxi4: 0
  cxi5: 0
  cxi6: 0
  cxi7: 0
  total: 0
ixe_rx_pkt_drop_ixe_parser:
  cxi0: 0
  cxi1: 0
  cxi2: 0
  cxi3: 0
  cxi4: 0
  cxi5: 0
  cxi6: 0
  cxi7: 0
  total: 0
pct_req_rsp_latency_0:
  cxi0: 949751
  cxi1: 925153
  cxi2: 189395
  cxi3: 187410
  cxi4: 59197
  cxi5: 59601
  cxi6: 188109
  cxi7: 195635
  total: 2754251
pct_req_rsp_latency_1:
  cxi0: 950570
  cxi1: 979565
  cxi2: 492988
  cxi3: 490980
  cxi4: 286580
  cxi5: 311023
  cxi6: 562860
  cxi7: 574160
  total: 4648726
pct_req_rsp_latency_2:
  cxi0: 1634454
  cxi1: 1679473
  cxi2: 1310780
  cxi3: 1315725
  cxi4: 1136821
  cxi5: 1205959
  cxi6: 1332800
  cxi7: 1351359
  total: 10967371
pct_req_rsp_latency_3:
  cxi0: 4242199
  cxi1: 4223200
  cxi2: 4252337
  cxi3: 4253709
  cxi4: 4151663
  cxi5: 4136003
  cxi6: 4183602
  cxi7: 4180522
  total: 33623235
pct_req_rsp_latency_4:
  cxi0: 5605420
  cxi1: 5566856
  cxi2: 5718828
  cxi3: 5702078
  cxi4: 5693990
  cxi5: 5602937
  cxi6: 5700541
  cxi7: 5673316
  total: 45263966
pct_req_rsp_latency_5:
  cxi0: 5131900
  cxi1: 5077250
  cxi2: 5155821
  cxi3: 5141607
  cxi4: 5118740
  cxi5: 5079117
  cxi6: 5165380
  cxi7: 5122863
  total: 40992678
pct_req_rsp_latency_6:
  cxi0: 5050387
  cxi1: 4960731
  cxi2: 5010649
  cxi3: 4985570
  cxi4: 4966585
  cxi5: 4973772
  cxi6: 5039674
  cxi7: 4997799
  total: 39985167
pct_req_rsp_latency_7:
  cxi0: 5404031
  cxi1: 5139796
  cxi2: 5277580
  cxi3: 5127507
  cxi4: 5074192
  cxi5: 5201876
  cxi6: 5225647
  cxi7: 5250447
  total: 41701076
pct_req_rsp_latency_8:
  cxi0: 5416662
  cxi1: 5289167
  cxi2: 5394056
  cxi3: 5280905
  cxi4: 5256886
  cxi5: 5365523
  cxi6: 5396249
  cxi7: 5396004
  total: 42795452
pct_req_rsp_latency_9:
  cxi0: 5506381
  cxi1: 5440248
  cxi2: 5526792
  cxi3: 5452236
  cxi4: 5442329
  cxi5: 5489935
  cxi6: 5531693
  cxi7: 5554745
  total: 43944359
pct_req_rsp_latency_10:
  cxi0: 5701551
  cxi1: 5632418
  cxi2: 5708639
  cxi3: 5661169
  cxi4: 5651036
  cxi5: 5688520
  cxi6: 5718807
  cxi7: 5731102
  total: 45493242
pct_req_rsp_latency_11:
  cxi0: 5918248
  cxi1: 5847571
  cxi2: 5907679
  cxi3: 5866423
  cxi4: 5874874
  cxi5: 5900302
  cxi6: 5925249
  cxi7: 5928814
  total: 47169160
pct_req_rsp_latency_12:
  cxi0: 6124116
  cxi1: 6048528
  cxi2: 6115903
  cxi3: 6070018
  cxi4: 6099076
  cxi5: 6116547
  cxi6: 6128357
  cxi7: 6167322
  total: 48869867
pct_req_rsp_latency_13:
  cxi0: 6309706
  cxi1: 6231693
  cxi2: 6296287
  cxi3: 6260382
  cxi4: 6290274
  cxi5: 6307963
  cxi6: 6318953
  cxi7: 6316682
  total: 50331940
pct_req_rsp_latency_14:
  cxi0: 6462781
  cxi1: 6372691
  cxi2: 6446777
  cxi3: 6406661
  cxi4: 6444065
  cxi5: 6458275
  cxi6: 6467530
  cxi7: 6445030
  total: 51503810
pct_req_rsp_latency_15:
  cxi0: 6554671
  cxi1: 6480605
  cxi2: 6560140
  cxi3: 6528685
  cxi4: 6562686
  cxi5: 6579982
  cxi6: 6583239
  cxi7: 6559009
  total: 52409017
pct_req_rsp_latency_16:
  cxi0: 6615252
  cxi1: 6538061
  cxi2: 6634823
  cxi3: 6613049
  cxi4: 6620635
  cxi5: 6644452
  cxi6: 6654584
  cxi7: 6645367
  total: 52966223
pct_req_rsp_latency_17:
  cxi0: 6677098
  cxi1: 6588838
  cxi2: 6679774
  cxi3: 6675895
  cxi4: 6651362
  cxi5: 6679048
  cxi6: 6695671
  cxi7: 6712750
  total: 53360436
pct_req_rsp_latency_18:
  cxi0: 6661907
  cxi1: 6544518
  cxi2: 6659788
  cxi3: 6651273
  cxi4: 6620404
  cxi5: 6644261
  cxi6: 6646515
  cxi7: 6694936
  total: 53123602
pct_req_rsp_latency_19:
  cxi0: 6505559
  cxi1: 6404640
  cxi2: 6537873
  cxi3: 6527255
  cxi4: 6518191
  cxi5: 6533115
  cxi6: 6523557
  cxi7: 6563349
  total: 52113539
pct_req_rsp_latency_20:
  cxi0: 6313392
  cxi1: 6222394
  cxi2: 6371890
  cxi3: 6345182
  cxi4: 6369611
  cxi5: 6366658
  cxi6: 6345961
  cxi7: 6402481
  total: 50737569
pct_req_rsp_latency_21:
  cxi0: 6084550
  cxi1: 6001132
  cxi2: 6143238
  cxi3: 6114055
  cxi4: 6145301
  cxi5: 6151409
  cxi6: 6116396
  cxi7: 6174431
  total: 48930512
pct_req_rsp_latency_22:
  cxi0: 5839226
  cxi1: 5771908
  cxi2: 5904983
  cxi3: 5869275
  cxi4: 5909033
  cxi5: 5917949
  cxi6: 5869638
  cxi7: 5913356
  total: 46995368
pct_req_rsp_latency_23:
  cxi0: 5581036
  cxi1: 5522559
  cxi2: 5642925
  cxi3: 5602777
  cxi4: 5644894
  cxi5: 5659485
  cxi6: 5602556
  cxi7: 5635654
  total: 44891886
pct_req_rsp_latency_24:
  cxi0: 5301195
  cxi1: 5249547
  cxi2: 5358175
  cxi3: 5321737
  cxi4: 5363153
  cxi5: 5380790
  cxi6: 5316396
  cxi7: 5344907
  total: 42635900
pct_req_rsp_latency_25:
  cxi0: 4996919
  cxi1: 4955388
  cxi2: 5048702
  cxi3: 5008970
  cxi4: 5050799
  cxi5: 5070877
  cxi6: 5010510
  cxi7: 5033629
  total: 40175794
pct_req_rsp_latency_26:
  cxi0: 4678488
  cxi1: 4639344
  cxi2: 4725821
  cxi3: 4688537
  cxi4: 4729891
  cxi5: 4749822
  cxi6: 4680493
  cxi7: 4711524
  total: 37603920
pct_req_rsp_latency_27:
  cxi0: 4349450
  cxi1: 4310907
  cxi2: 4393665
  cxi3: 4356313
  cxi4: 4401757
  cxi5: 4419373
  cxi6: 4342174
  cxi7: 4388796
  total: 34962435
pct_req_rsp_latency_28:
  cxi0: 4019185
  cxi1: 3989446
  cxi2: 4052706
  cxi3: 4036636
  cxi4: 4069342
  cxi5: 4097629
  cxi6: 4021075
  cxi7: 4051646
  total: 32337665
pct_req_rsp_latency_29:
  cxi0: 3710513
  cxi1: 3688643
  cxi2: 3734793
  cxi3: 3722225
  cxi4: 3747835
  cxi5: 3788429
  cxi6: 3705664
  cxi7: 3740586
  total: 29838688
pct_req_rsp_latency_30:
  cxi0: 3418047
  cxi1: 3406757
  cxi2: 3432883
  cxi3: 3429935
  cxi4: 3444419
  cxi5: 3482511
  cxi6: 3412761
  cxi7: 3457965
  total: 27485278
pct_req_rsp_latency_31:
  cxi0: 31342643
  cxi1: 31091214
  cxi2: 30342169
  cxi3: 30190768
  cxi4: 30379773
  cxi5: 31185094
  cxi6: 30251688
  cxi7: 30756707
  total: 245540056
