=== x1922c5s6b0n0 === (8 NICs)
atu_cache_hit_base_page_size_0:
  cxi0: 931671764
  cxi1: 928274846
  cxi2: 932076186
  cxi3: 926854006
  cxi4: 928958612
  cxi5: 927985885
  cxi6: 927131542
  cxi7: 928684338
  total: 7431637179
atu_cache_miss_0:
  cxi0: 12392589
  cxi1: 7354969
  cxi2: 11664386
  cxi3: 5041053
  cxi4: 6150172
  cxi5: 6700581
  cxi6: 6506577
  cxi7: 10355524
  total: 66165851
ixe_disp_amo_events:
  cxi0: 650
  cxi1: 70
  cxi2: 70
  cxi3: 70
  cxi4: 556
  cxi5: 75
  cxi6: 70
  cxi7: 70
  total: 1631
ixe_disp_lpe_amos:
  cxi0: 650
  cxi1: 70
  cxi2: 70
  cxi3: 70
  cxi4: 556
  cxi5: 75
  cxi6: 70
  cxi7: 70
  total: 1631
ixe_disp_lpe_amos_ok:
  cxi0: 650
  cxi1: 70
  cxi2: 70
  cxi3: 70
  cxi4: 556
  cxi5: 75
  cxi6: 70
  cxi7: 70
  total: 1631
pct_retry_trs_put:
  cxi0: 0
  cxi1: 0
  cxi2: 0
  cxi3: 0
  cxi4: 0
  cxi5: 0
  cxi6: 0
  cxi7: 0
  total: 0
mst_stalled_waiting_put_crdts:
  cxi0: 0
  cxi1: 0
  cxi2: 0
  cxi3: 0
  cxi4: 0
  cxi5: 0
  cxi6: 0
  cxi7: 0
  total: 0
hni_sts_tx_ok_octets:
  cxi0: 58898361164312
  cxi1: 58303894917377
  cxi2: 34538089796562
  cxi3: 32042217557873
  cxi4: 32015373897591
  cxi5: 34075923875333
  cxi6: 57554651044586
  cxi7: 59836236920004
  total: 367264749173638
hni_sts_rx_ok_octets:
  cxi0: 59730791509687
  cxi1: 59098409256347
  cxi2: 35307931742926
  cxi3: 32731132767794
  cxi4: 32158106137167
  cxi5: 34238340856149
  cxi6: 57649723654292
  cxi7: 59874482602475
  total: 370788918526837
hni_tx_ok_64:
  cxi0: 188055687
  cxi1: 186760959
  cxi2: 188063764
  cxi3: 186109214
  cxi4: 186607957
  cxi5: 186599331
  cxi6: 186506374
  cxi7: 187419940
  total: 1496123226
hni_tx_ok_65_to_127:
  cxi0: 16395
  cxi1: 14550
  cxi2: 14995
  cxi3: 14919
  cxi4: 15056
  cxi5: 15433
  cxi6: 14453
  cxi7: 14534
  total: 120335
hni_tx_ok_128_to_255:
  cxi0: 260
  cxi1: 92
  cxi2: 2715
  cxi3: 2685
  cxi4: 47
  cxi5: 69
  cxi6: 783
  cxi7: 823
  total: 7474
hni_tx_ok_256_to_511:
  cxi0: 860
  cxi1: 830
  cxi2: 2319
  cxi3: 2339
  cxi4: 385
  cxi5: 738
  cxi6: 41779
  cxi7: 42077
  total: 91327
hni_tx_ok_512_to_1023:
  cxi0: 877
  cxi1: 434
  cxi2: 1791
  cxi3: 1265
  cxi4: 560
  cxi5: 864
  cxi6: 2369
  cxi7: 3025
  total: 11185
hni_tx_ok_1024_to_2047:
  cxi0: 10548
  cxi1: 6150
  cxi2: 8099
  cxi3: 3633
  cxi4: 2962
  cxi5: 2983
  cxi6: 3750
  cxi7: 5736
  total: 43861
hni_tx_ok_4096_to_8191:
  cxi0: 0
  cxi1: 0
  cxi2: 0
  cxi3: 0
  cxi4: 0
  cxi5: 0
  cxi6: 0
  cxi7: 1
  total: 1
hni_tx_ok_8192_to_max:
  cxi0: 0
  cxi1: 0
  cxi2: 0
  cxi3: 0
  cxi4: 0
  cxi5: 0
  cxi6: 0
  cxi7: 8
  total: 8
hni_rx_ok_64:
  cxi0: 187985730
  cxi1: 186656720
  cxi2: 188009722
  cxi3: 186128791
  cxi4: 186600364
  cxi5: 186502129
  cxi6: 186458125
  cxi7: 187304322
  total: 1495645903
hni_rx_ok_65_to_127:
  cxi0: 44897
  cxi1: 44172
  cxi2: 44655
  cxi3: 44518
  cxi4: 44160
  cxi5: 42024
  cxi6: 40947
  cxi7: 39928
  total: 345301
hni_rx_ok_128_to_255:
  cxi0: 101
  cxi1: 64
  cxi2: 2680
  cxi3: 2656
  cxi4: 71
  cxi5: 104
  cxi6: 815
  cxi7: 836
  total: 7327
hni_rx_ok_256_to_511:
  cxi0: 918
  cxi1: 833
  cxi2: 2289
  cxi3: 2297
  cxi4: 394
  cxi5: 752
  cxi6: 41754
  cxi7: 42065
  total: 91302
hni_rx_ok_512_to_1023:
  cxi0: 649
  cxi1: 673
  cxi2: 1784
  cxi3: 1152
  cxi4: 413
  cxi5: 702
  cxi6: 2332
  cxi7: 2719
  total: 10424
hni_rx_ok_1024_to_2047:
  cxi0: 10844
  cxi1: 6291
  cxi2: 8298
  cxi3: 4085
  cxi4: 3469
  cxi5: 3590
  cxi6: 4025
  cxi7: 6309
  total: 46911
hni_rx_ok_4096_to_8191:
  cxi0: 2
  cxi1: 0
  cxi2: 0
  cxi3: 0
  cxi4: 0
  cxi5: 0
  cxi6: 0
  cxi7: 0
  total: 2
hni_rx_ok_8192_to_max:
  cxi0: 26
  cxi1: 0
  cxi2: 0
  cxi3: 0
  cxi4: 0
  cxi5: 0
  cxi6: 0
  cxi7: 0
  total: 26
hni_llr_tx_replay_event:
  cxi0: 0
  cxi1: 0
  cxi2: 0
  cxi3: 0
  cxi4: 0
  cxi5: 0
  cxi6: 0
  cxi7: 0
  total: 0
hni_llr_rx_replay_event:
  cxi0: 0
  cxi1: 0
  cxi2: 0
  cxi3: 0
  cxi4: 0
  cxi5: 0
  cxi6: 0
  cxi7: 0
  total: 0
hni_llr_tx_nack_ctl_os:
  cxi0: 0
  cxi1: 0
  cxi2: 0
  cxi3: 0
  cxi4: 0
  cxi5: 0
  cxi6: 0
  cxi7: 0
  total: 0
hni_llr_rx_nack_ctl_os:
  cxi0: 0
  cxi1: 0
  cxi2: 0
  cxi3: 0
  cxi4: 0
  cxi5: 0
  cxi6: 0
  cxi7: 0
  total: 0
hni_llr_tx_discard:
  cxi0: 0
  cxi1: 0
  cxi2: 0
  cxi3: 0
  cxi4: 0
  cxi5: 0
  cxi6: 0
  cxi7: 0
  total: 0
pct_rsp_err_rcvd:
  cxi0: 0
  cxi1: 0
  cxi2: 6
  cxi3: 9
  cxi4: 0
  cxi5: 0
  cxi6: 19
  cxi7: 15
  total: 49
pct_rsp_dropped_timeout:
  cxi0: 0
  cxi1: 0
  cxi2: 0
  cxi3: 0
  cxi4: 0
  cxi5: 0
  cxi6: 0
  cxi7: 0
  total: 0
pct_rsp_dropped_try:
  cxi0: 0
  cxi1: 0
  cxi2: 0
  cxi3: 0
  cxi4: 0
  cxi5: 0
  cxi6: 0
  cxi7: 0
  total: 0
pct_bad_seq_nacks:
  cxi0: 0
  cxi1: 0
  cxi2: 1
  cxi3: 5
  cxi4: 0
  cxi5: 0
  cxi6: 8
  cxi7: 7
  total: 21
pct_no_trs_nacks:
  cxi0: 0
  cxi1: 0
  cxi2: 0
  cxi3: 0
  cxi4: 0
  cxi5: 0
  cxi6: 0
  cxi7: 0
  total: 0
ixe_rx_pkt_drop_pct:
  cxi0: 0
  cxi1: 0
  cxi2: 0
  cxi3: 0
  cxi4: 0
  cxi5: 0
  cxi6: 0
  cxi7: 0
  total: 0
ixe_rx_pkt_drop_ixe_parser:
  cxi0: 0
  cxi1: 0
  cxi2: 0
  cxi3: 0
  cxi4: 0
  cxi5: 0
  cxi6: 0
  cxi7: 0
  total: 0
pct_req_rsp_latency_0:
  cxi0: 206699
  cxi1: 203337
  cxi2: 450059
  cxi3: 428205
  cxi4: 74058
  cxi5: 73258
  cxi6: 371821
  cxi7: 386978
  total: 2194415
pct_req_rsp_latency_1:
  cxi0: 704772
  cxi1: 696490
  cxi2: 1074640
  cxi3: 1074361
  cxi4: 341012
  cxi5: 338071
  cxi6: 666687
  cxi7: 658285
  total: 5554318
pct_req_rsp_latency_2:
  cxi0: 1804296
  cxi1: 1781180
  cxi2: 2035413
  cxi3: 2032404
  cxi4: 1271035
  cxi5: 1305990
  cxi6: 1497797
  cxi7: 1503718
  total: 13231833
pct_req_rsp_latency_3:
  cxi0: 4782656
  cxi1: 4721540
  cxi2: 4994763
  cxi3: 4995605
  cxi4: 4315465
  cxi5: 4355230
  cxi6: 4477547
  cxi7: 4471718
  total: 37114524
pct_req_rsp_latency_4:
  cxi0: 6090580
  cxi1: 6018326
  cxi2: 6160687
  cxi3: 6204549
  cxi4: 5838938
  cxi5: 5902909
  cxi6: 6063239
  cxi7: 6030120
  total: 48309348
pct_req_rsp_latency_5:
  cxi0: 5376191
  cxi1: 5316760
  cxi2: 5394363
  cxi3: 5410272
  cxi4: 5214151
  cxi5: 5265515
  cxi6: 5380118
  cxi7: 5355938
  total: 42713308
pct_req_rsp_latency_6:
  cxi0: 5205660
  cxi1: 5126613
  cxi2: 5201125
  cxi3: 5180395
  cxi4: 5042707
  cxi5: 5101921
  cxi6: 5171353
  cxi7: 5184930
  total: 41214704
pct_req_rsp_latency_7:
  cxi0: 5447799
  cxi1: 5258307
  cxi2: 5466972
  cxi3: 5266896
  cxi4: 5180913
  cxi5: 5307666
  cxi6: 5294350
  cxi7: 5459427
  total: 42682330
pct_req_rsp_latency_8:
  cxi0: 5472058
  cxi1: 5410118
  cxi2: 5542243
  cxi3: 5427718
  cxi4: 5312671
  cxi5: 5431614
  cxi6: 5404303
  cxi7: 5525674
  total: 43526399
pct_req_rsp_latency_9:
  cxi0: 5585744
  cxi1: 5570568
  cxi2: 5639657
  cxi3: 5577679
  cxi4: 5506291
  cxi5: 5555300
  cxi6: 5584740
  cxi7: 5610131
  total: 44630110
pct_req_rsp_latency_10:
  cxi0: 5782614
  cxi1: 5770348
  cxi2: 5818393
  cxi3: 5774666
  cxi4: 5691929
  cxi5: 5735133
  cxi6: 5789018
  cxi7: 5785775
  total: 46147876
pct_req_rsp_latency_11:
  cxi0: 5996240
  cxi1: 5958546
  cxi2: 6009536
  cxi3: 5965552
  cxi4: 5902378
  cxi5: 5938916
  cxi6: 5984296
  cxi7: 5985013
  total: 47740477
pct_req_rsp_latency_12:
  cxi0: 6208810
  cxi1: 6161947
  cxi2: 6195910
  cxi3: 6155576
  cxi4: 6107605
  cxi5: 6138816
  cxi6: 6183666
  cxi7: 6197705
  total: 49350035
pct_req_rsp_latency_13:
  cxi0: 6415062
  cxi1: 6348940
  cxi2: 6365212
  cxi3: 6326147
  cxi4: 6306989
  cxi5: 6319899
  cxi6: 6364215
  cxi7: 6383666
  total: 50830130
pct_req_rsp_latency_14:
  cxi0: 6595333
  cxi1: 6483844
  cxi2: 6492911
  cxi3: 6458946
  cxi4: 6469851
  cxi5: 6461080
  cxi6: 6502181
  cxi7: 6523395
  total: 51987541
pct_req_rsp_latency_15:
  cxi0: 6690298
  cxi1: 6596811
  cxi2: 6600297
  cxi3: 6578957
  cxi4: 6605276
  cxi5: 6584822
  cxi6: 6607577
  cxi7: 6634122
  total: 52898160
pct_req_rsp_latency_16:
  cxi0: 6744013
  cxi1: 6663064
  cxi2: 6661375
  cxi3: 6637905
  cxi4: 6675780
  cxi5: 6661749
  cxi6: 6676761
  cxi7: 6703824
  total: 53424471
pct_req_rsp_latency_17:
  cxi0: 6808024
  cxi1: 6696535
  cxi2: 6706968
  cxi3: 6667398
  cxi4: 6708592
  cxi5: 6697668
  cxi6: 6712435
  cxi7: 6749509
  total: 53747129
pct_req_rsp_latency_18:
  cxi0: 6773559
  cxi1: 6642390
  cxi2: 6677820
  cxi3: 6609088
  cxi4: 6673964
  cxi5: 6658542
  cxi6: 6668545
  cxi7: 6714269
  total: 53418177
pct_req_rsp_latency_19:
  cxi0: 6620565
  cxi1: 6513518
  cxi2: 6548718
  cxi3: 6491062
  cxi4: 6570132
  cxi5: 6546021
  cxi6: 6542380
  cxi7: 6579849
  total: 52412245
pct_req_rsp_latency_20:
  cxi0: 6424985
  cxi1: 6332912
  cxi2: 6362928
  cxi3: 6313817
  cxi4: 6399876
  cxi5: 6372067
  cxi6: 6361062
  cxi7: 6401741
  total: 50969388
pct_req_rsp_latency_21:
  cxi0: 6180530
  cxi1: 6108842
  cxi2: 6122141
  cxi3: 6085264
  cxi4: 6171705
  cxi5: 6151942
  cxi6: 6139332
  cxi7: 6171869
  total: 49131625
pct_req_rsp_latency_22:
  cxi0: 5917640
  cxi1: 5857932
  cxi2: 5863200
  cxi3: 5832208
  cxi4: 5930264
  cxi5: 5904035
  cxi6: 5891280
  cxi7: 5919134
  total: 47115693
pct_req_rsp_latency_23:
  cxi0: 5626070
  cxi1: 5593353
  cxi2: 5577609
  cxi3: 5558897
  cxi4: 5652167
  cxi5: 5634125
  cxi6: 5622490
  cxi7: 5631474
  total: 44896185
pct_req_rsp_latency_24:
  cxi0: 5323775
  cxi1: 5295290
  cxi2: 5276931
  cxi3: 5255030
  cxi4: 5361983
  cxi5: 5338770
  cxi6: 5321583
  cxi7: 5341933
  total: 42515295
pct_req_rsp_latency_25:
  cxi0: 5004821
  cxi1: 4976632
  cxi2: 4954704
  cxi3: 4928857
  cxi4: 5038745
  cxi5: 5020273
  cxi6: 5000535
  cxi7: 5021686
  total: 39946253
pct_req_rsp_latency_26:
  cxi0: 4668371
  cxi1: 4641717
  cxi2: 4614343
  cxi3: 4593237
  cxi4: 4712364
  cxi5: 4688684
  cxi6: 4661897
  cxi7: 4684093
  total: 37264706
pct_req_rsp_latency_27:
  cxi0: 4326173
  cxi1: 4297868
  cxi2: 4268081
  cxi3: 4247240
  cxi4: 4383081
  cxi5: 4349860
  cxi6: 4315479
  cxi7: 4336780
  total: 34524562
pct_req_rsp_latency_28:
  cxi0: 3981007
  cxi1: 3968505
  cxi2: 3927463
  cxi3: 3910826
  cxi4: 4051875
  cxi5: 4026813
  cxi6: 3979128
  cxi7: 3993781
  total: 31839398
pct_req_rsp_latency_29:
  cxi0: 3652987
  cxi1: 3654810
  cxi2: 3601614
  cxi3: 3588834
  cxi4: 3727095
  cxi5: 3712206
  cxi6: 3652318
  cxi7: 3668196
  total: 29258060
pct_req_rsp_latency_30:
  cxi0: 3339637
  cxi1: 3356575
  cxi2: 3302958
  cxi3: 3284091
  cxi4: 3424742
  cxi5: 3409517
  cxi6: 3344459
  cxi7: 3358859
  total: 26820838
pct_req_rsp_latency_31:
  cxi0: 28296896
  cxi1: 28740689
  cxi2: 28144678
  cxi3: 27237960
  cxi4: 29947612
  cxi5: 29614184
  cxi6: 28196677
  cxi7: 28367835
  total: 228546531
