=== x1922c5s7b0n0 === (8 NICs)
atu_cache_hit_base_page_size_0:
  cxi0: 934996990
  cxi1: 928173743
  cxi2: 928750474
  cxi3: 926000177
  cxi4: 926060684
  cxi5: 929264793
  cxi6: 927872781
  cxi7: 929686929
  total: 7430806571
atu_cache_miss_0:
  cxi0: 14950876
  cxi1: 7838406
  cxi2: 8117437
  cxi3: 4231209
  cxi4: 3592917
  cxi5: 9329254
  cxi6: 7034242
  cxi7: 11587803
  total: 66682144
ixe_disp_amo_events:
  cxi0: 7574
  cxi1: 7070
  cxi2: 7575
  cxi3: 7070
  cxi4: 7529
  cxi5: 7070
  cxi6: 7070
  cxi7: 7575
  total: 58533
ixe_disp_lpe_amos:
  cxi0: 7574
  cxi1: 7070
  cxi2: 7575
  cxi3: 7070
  cxi4: 7529
  cxi5: 7070
  cxi6: 7070
  cxi7: 7575
  total: 58533
ixe_disp_lpe_amos_ok:
  cxi0: 7574
  cxi1: 7070
  cxi2: 7575
  cxi3: 7070
  cxi4: 7529
  cxi5: 7070
  cxi6: 7070
  cxi7: 7575
  total: 58533
pct_retry_trs_put:
  cxi0: 0
  cxi1: 0
  cxi2: 0
  cxi3: 0
  cxi4: 0
  cxi5: 0
  cxi6: 0
  cxi7: 0
  total: 0
mst_stalled_waiting_put_crdts:
  cxi0: 0
  cxi1: 0
  cxi2: 0
  cxi3: 0
  cxi4: 0
  cxi5: 0
  cxi6: 0
  cxi7: 0
  total: 0
hni_sts_tx_ok_octets:
  cxi0: 42921031938257
  cxi1: 44309873906101
  cxi2: 24613185990435
  cxi3: 23880241172753
  cxi4: 23950976699524
  cxi5: 24547829283532
  cxi6: 42743486358488
  cxi7: 44381666241044
  total: 271348291590134
hni_sts_rx_ok_octets:
  cxi0: 43726942691306
  cxi1: 45152594305104
  cxi2: 25368213915726
  cxi3: 24660893286743
  cxi4: 24110403132397
  cxi5: 24716315018244
  cxi6: 42883410749081
  cxi7: 44525821936427
  total: 275144595035028
hni_tx_ok_64:
  cxi0: 189045875
  cxi1: 186820511
  cxi2: 187112465
  cxi3: 185967765
  cxi4: 185758265
  cxi5: 187246427
  cxi6: 186670298
  cxi7: 187680312
  total: 1496301918
hni_tx_ok_65_to_127:
  cxi0: 1310
  cxi1: 533
  cxi2: 549
  cxi3: 456
  cxi4: 1007
  cxi5: 419
  cxi6: 864
  cxi7: 996
  total: 6134
hni_tx_ok_128_to_255:
  cxi0: 274
  cxi1: 94
  cxi2: 2236
  cxi3: 2201
  cxi4: 44
  cxi5: 69
  cxi6: 1260
  cxi7: 1295
  total: 7473
hni_tx_ok_256_to_511:
  cxi0: 796
  cxi1: 737
  cxi2: 42762
  cxi3: 42897
  cxi4: 365
  cxi5: 631
  cxi6: 947
  cxi7: 1207
  total: 90342
hni_tx_ok_512_to_1023:
  cxi0: 1256
  cxi1: 588
  cxi2: 1705
  cxi3: 1326
  cxi4: 454
  cxi5: 1018
  cxi6: 1722
  cxi7: 2235
  total: 10304
hni_tx_ok_1024_to_2047:
  cxi0: 10515
  cxi1: 6054
  cxi2: 3004
  cxi3: 976
  cxi4: 2417
  cxi5: 6333
  cxi6: 2829
  cxi7: 3846
  total: 35974
hni_tx_ok_4096_to_8191:
  cxi0: 0
  cxi1: 0
  cxi2: 0
  cxi3: 0
  cxi4: 0
  cxi5: 0
  cxi6: 0
  cxi7: 0
  total: 0
hni_tx_ok_8192_to_max:
  cxi0: 0
  cxi1: 0
  cxi2: 0
  cxi3: 0
  cxi4: 0
  cxi5: 0
  cxi6: 0
  cxi7: 0
  total: 0
hni_rx_ok_64:
  cxi0: 188935786
  cxi1: 186675706
  cxi2: 186970495
  cxi3: 185942918
  cxi4: 185699346
  cxi5: 187154940
  cxi6: 186540450
  cxi7: 187588480
  total: 1495508121
hni_rx_ok_65_to_127:
  cxi0: 58829
  cxi1: 58134
  cxi2: 59129
  cxi3: 57254
  cxi4: 56283
  cxi5: 54497
  cxi6: 53819
  cxi7: 54067
  total: 452012
hni_rx_ok_128_to_255:
  cxi0: 104
  cxi1: 57
  cxi2: 2192
  cxi3: 2173
  cxi4: 68
  cxi5: 105
  cxi6: 1297
  cxi7: 1323
  total: 7319
hni_rx_ok_256_to_511:
  cxi0: 839
  cxi1: 724
  cxi2: 42714
  cxi3: 42860
  cxi4: 382
  cxi5: 651
  cxi6: 936
  cxi7: 1183
  total: 90289
hni_rx_ok_512_to_1023:
  cxi0: 961
  cxi1: 543
  cxi2: 1451
  cxi3: 1007
  cxi4: 357
  cxi5: 972
  cxi6: 1820
  cxi7: 1895
  total: 9006
hni_rx_ok_1024_to_2047:
  cxi0: 10875
  cxi1: 6532
  cxi2: 3674
  cxi3: 1491
  cxi4: 2739
  cxi5: 6407
  cxi6: 3193
  cxi7: 4566
  total: 39477
hni_rx_ok_4096_to_8191:
  cxi0: 5
  cxi1: 0
  cxi2: 0
  cxi3: 0
  cxi4: 0
  cxi5: 0
  cxi6: 0
  cxi7: 0
  total: 5
hni_rx_ok_8192_to_max:
  cxi0: 32
  cxi1: 0
  cxi2: 0
  cxi3: 0
  cxi4: 0
  cxi5: 0
  cxi6: 0
  cxi7: 0
  total: 32
hni_llr_tx_replay_event:
  cxi0: 0
  cxi1: 0
  cxi2: 0
  cxi3: 0
  cxi4: 0
  cxi5: 0
  cxi6: 0
  cxi7: 0
  total: 0
hni_llr_rx_replay_event:
  cxi0: 0
  cxi1: 0
  cxi2: 0
  cxi3: 0
  cxi4: 0
  cxi5: 0
  cxi6: 0
  cxi7: 0
  total: 0
hni_llr_tx_nack_ctl_os:
  cxi0: 0
  cxi1: 0
  cxi2: 0
  cxi3: 0
  cxi4: 0
  cxi5: 0
  cxi6: 0
  cxi7: 0
  total: 0
hni_llr_rx_nack_ctl_os:
  cxi0: 0
  cxi1: 0
  cxi2: 0
  cxi3: 0
  cxi4: 0
  cxi5: 0
  cxi6: 0
  cxi7: 0
  total: 0
hni_llr_tx_discard:
  cxi0: 0
  cxi1: 0
  cxi2: 0
  cxi3: 0
  cxi4: 0
  cxi5: 0
  cxi6: 0
  cxi7: 0
  total: 0
pct_rsp_err_rcvd:
  cxi0: 0
  cxi1: 0
  cxi2: 11
  cxi3: 13
  cxi4: 0
  cxi5: 0
  cxi6: 14
  cxi7: 14
  total: 52
pct_rsp_dropped_timeout:
  cxi0: 0
  cxi1: 0
  cxi2: 0
  cxi3: 0
  cxi4: 0
  cxi5: 0
  cxi6: 0
  cxi7: 0
  total: 0
pct_rsp_dropped_try:
  cxi0: 0
  cxi1: 0
  cxi2: 0
  cxi3: 0
  cxi4: 0
  cxi5: 0
  cxi6: 0
  cxi7: 0
  total: 0
pct_bad_seq_nacks:
  cxi0: 0
  cxi1: 0
  cxi2: 4
  cxi3: 7
  cxi4: 0
  cxi5: 0
  cxi6: 6
  cxi7: 6
  total: 23
pct_no_trs_nacks:
  cxi0: 0
  cxi1: 0
  cxi2: 0
  cxi3: 0
  cxi4: 0
  cxi5: 0
  cxi6: 0
  cxi7: 0
  total: 0
ixe_rx_pkt_drop_pct:
  cxi0: 0
  cxi1: 0
  cxi2: 0
  cxi3: 0
  cxi4: 0
  cxi5: 0
  cxi6: 0
  cxi7: 0
  total: 0
ixe_rx_pkt_drop_ixe_parser:
  cxi0: 0
  cxi1: 0
  cxi2: 0
  cxi3: 0
  cxi4: 0
  cxi5: 0
  cxi6: 0
  cxi7: 0
  total: 0
pct_req_rsp_latency_0:
  cxi0: 935761
  cxi1: 919000
  cxi2: 185242
  cxi3: 183259
  cxi4: 46200
  cxi5: 53937
  cxi6: 184110
  cxi7: 191418
  total: 2698927
pct_req_rsp_latency_1:
  cxi0: 945015
  cxi1: 979169
  cxi2: 492636
  cxi3: 490164
  cxi4: 281770
  cxi5: 310357
  cxi6: 562359
  cxi7: 573651
  total: 4635121
pct_req_rsp_latency_2:
  cxi0: 1630261
  cxi1: 1678948
  cxi2: 1310171
  cxi3: 1314670
  cxi4: 1132956
  cxi5: 1205316
  cxi6: 1332105
  cxi7: 1350619
  total: 10955046
pct_req_rsp_latency_3:
  cxi0: 4241136
  cxi1: 4222482
  cxi2: 4251477
  cxi3: 4251936
  cxi4: 4150508
  cxi5: 4135175
  cxi6: 4182423
  cxi7: 4178958
  total: 33614095
pct_req_rsp_latency_4:
  cxi0: 5604783
  cxi1: 5566430
  cxi2: 5717207
  cxi3: 5701329
  cxi4: 5693135
  cxi5: 5602096
  cxi6: 5699019
  cxi7: 5672141
  total: 45256140
pct_req_rsp_latency_5:
  cxi0: 5131263
  cxi1: 5076810
  cxi2: 5154414
  cxi3: 5140807
  cxi4: 5117688
  cxi5: 5078253
  cxi6: 5163972
  cxi7: 5121612
  total: 40984819
pct_req_rsp_latency_6:
  cxi0: 5049838
  cxi1: 4960105
  cxi2: 5009728
  cxi3: 4984793
  cxi4: 4965645
  cxi5: 4972929
  cxi6: 5038663
  cxi7: 4996883
  total: 39978584
pct_req_rsp_latency_7:
  cxi0: 5403203
  cxi1: 5138783
  cxi2: 5276122
  cxi3: 5126389
  cxi4: 5073456
  cxi5: 5201110
  cxi6: 5224696
  cxi7: 5249641
  total: 41693400
pct_req_rsp_latency_8:
  cxi0: 5416062
  cxi1: 5288214
  cxi2: 5393038
  cxi3: 5280131
  cxi4: 5256256
  cxi5: 5364941
  cxi6: 5395363
  cxi7: 5395263
  total: 42789268
pct_req_rsp_latency_9:
  cxi0: 5505885
  cxi1: 5439559
  cxi2: 5526159
  cxi3: 5451581
  cxi4: 5441829
  cxi5: 5489428
  cxi6: 5531135
  cxi7: 5553924
  total: 43939500
pct_req_rsp_latency_10:
  cxi0: 5701085
  cxi1: 5631972
  cxi2: 5708096
  cxi3: 5660760
  cxi4: 5650571
  cxi5: 5687988
  cxi6: 5718302
  cxi7: 5730336
  total: 45489110
pct_req_rsp_latency_11:
  cxi0: 5917900
  cxi1: 5847088
  cxi2: 5907212
  cxi3: 5865959
  cxi4: 5874146
  cxi5: 5899679
  cxi6: 5924718
  cxi7: 5927822
  total: 47164524
pct_req_rsp_latency_12:
  cxi0: 6123823
  cxi1: 6048150
  cxi2: 6115608
  cxi3: 6069619
  cxi4: 6098321
  cxi5: 6115733
  cxi6: 6127786
  cxi7: 6166529
  total: 48865569
pct_req_rsp_latency_13:
  cxi0: 6309327
  cxi1: 6231450
  cxi2: 6295971
  cxi3: 6260114
  cxi4: 6289424
  cxi5: 6307389
  cxi6: 6318418
  cxi7: 6316045
  total: 50328138
pct_req_rsp_latency_14:
  cxi0: 6462385
  cxi1: 6372411
  cxi2: 6446471
  cxi3: 6406497
  cxi4: 6443319
  cxi5: 6457715
  cxi6: 6466955
  cxi7: 6444533
  total: 51500286
pct_req_rsp_latency_15:
  cxi0: 6554364
  cxi1: 6480287
  cxi2: 6559851
  cxi3: 6528512
  cxi4: 6562172
  cxi5: 6579556
  cxi6: 6582848
  cxi7: 6558508
  total: 52406098
pct_req_rsp_latency_16:
  cxi0: 6615063
  cxi1: 6537792
  cxi2: 6634583
  cxi3: 6612881
  cxi4: 6620229
  cxi5: 6643948
  cxi6: 6654248
  cxi7: 6645046
  total: 52963790
pct_req_rsp_latency_17:
  cxi0: 6676953
  cxi1: 6588638
  cxi2: 6679486
  cxi3: 6675775
  cxi4: 6651102
  cxi5: 6678668
  cxi6: 6695356
  cxi7: 6712407
  total: 53358385
pct_req_rsp_latency_18:
  cxi0: 6661660
  cxi1: 6544290
  cxi2: 6659619
  cxi3: 6651114
  cxi4: 6620153
  cxi5: 6643867
  cxi6: 6646217
  cxi7: 6694662
  total: 53121582
pct_req_rsp_latency_19:
  cxi0: 6505398
  cxi1: 6404469
  cxi2: 6537652
  cxi3: 6527107
  cxi4: 6517939
  cxi5: 6532828
  cxi6: 6523280
  cxi7: 6563181
  total: 52111854
pct_req_rsp_latency_20:
  cxi0: 6313136
  cxi1: 6222268
  cxi2: 6371747
  cxi3: 6345086
  cxi4: 6369457
  cxi5: 6366413
  cxi6: 6345686
  cxi7: 6402260
  total: 50736053
pct_req_rsp_latency_21:
  cxi0: 6084399
  cxi1: 6001003
  cxi2: 6143037
  cxi3: 6113922
  cxi4: 6145145
  cxi5: 6151180
  cxi6: 6116177
  cxi7: 6174203
  total: 48929066
pct_req_rsp_latency_22:
  cxi0: 5839107
  cxi1: 5771766
  cxi2: 5904852
  cxi3: 5869137
  cxi4: 5908869
  cxi5: 5917831
  cxi6: 5869476
  cxi7: 5913220
  total: 46994258
pct_req_rsp_latency_23:
  cxi0: 5580896
  cxi1: 5522497
  cxi2: 5642782
  cxi3: 5602670
  cxi4: 5644828
  cxi5: 5659327
  cxi6: 5602392
  cxi7: 5635517
  total: 44890909
pct_req_rsp_latency_24:
  cxi0: 5301066
  cxi1: 5249517
  cxi2: 5358082
  cxi3: 5321648
  cxi4: 5363016
  cxi5: 5380668
  cxi6: 5316241
  cxi7: 5344754
  total: 42634992
pct_req_rsp_latency_25:
  cxi0: 4996785
  cxi1: 4955325
  cxi2: 5048623
  cxi3: 5008873
  cxi4: 5050642
  cxi5: 5070799
  cxi6: 5010380
  cxi7: 5033424
  total: 40174851
pct_req_rsp_latency_26:
  cxi0: 4678315
  cxi1: 4639310
  cxi2: 4725688
  cxi3: 4688449
  cxi4: 4729787
  cxi5: 4749696
  cxi6: 4680318
  cxi7: 4711403
  total: 37602966
pct_req_rsp_latency_27:
  cxi0: 4349339
  cxi1: 4310862
  cxi2: 4393591
  cxi3: 4356259
  cxi4: 4401639
  cxi5: 4419240
  cxi6: 4342001
  cxi7: 4388728
  total: 34961659
pct_req_rsp_latency_28:
  cxi0: 4019109
  cxi1: 3989406
  cxi2: 4052628
  cxi3: 4036565
  cxi4: 4069198
  cxi5: 4097452
  cxi6: 4020936
  cxi7: 4051563
  total: 32336857
pct_req_rsp_latency_29:
  cxi0: 3710426
  cxi1: 3688613
  cxi2: 3734718
  cxi3: 3722184
  cxi4: 3747775
  cxi5: 3788276
  cxi6: 3705535
  cxi7: 3740460
  total: 29837987
pct_req_rsp_latency_30:
  cxi0: 3418019
  cxi1: 3406698
  cxi2: 3432841
  cxi3: 3429902
  cxi4: 3444370
  cxi5: 3482446
  cxi6: 3412649
  cxi7: 3457822
  total: 27484747
pct_req_rsp_latency_31:
  cxi0: 31340789
  cxi1: 31089671
  cxi2: 30341160
  cxi3: 30189232
  cxi4: 30379083
  cxi5: 31184166
  cxi6: 30250798
  cxi7: 30755547
  total: 245530446
