=== x1921c1s1b0n0 === (8 NICs)
atu_cache_hit_base_page_size_0:
  cxi0: 8327491989
  cxi1: 5804238572
  cxi2: 8117736138
  cxi3: 5764540626
  cxi4: 5850323695
  cxi5: 8086751231
  cxi6: 5761041512
  cxi7: 8312864596
  total: 56024988359
atu_cache_miss_0:
  cxi0: 253557713
  cxi1: 295498175
  cxi2: 379692660
  cxi3: 175624721
  cxi4: 311055264
  cxi5: 367791935
  cxi6: 191399360
  cxi7: 264754739
  total: 2239374567
ixe_disp_amo_events:
  cxi0: 34019
  cxi1: 4919
  cxi2: 4919
  cxi3: 4770
  cxi4: 30404
  cxi5: 5068
  cxi6: 4770
  cxi7: 4919
  total: 93788
ixe_disp_lpe_amos:
  cxi0: 34019
  cxi1: 4919
  cxi2: 4919
  cxi3: 4770
  cxi4: 30404
  cxi5: 5068
  cxi6: 4770
  cxi7: 4919
  total: 93788
ixe_disp_lpe_amos_ok:
  cxi0: 34019
  cxi1: 4919
  cxi2: 4919
  cxi3: 4770
  cxi4: 30404
  cxi5: 5068
  cxi6: 4770
  cxi7: 4919
  total: 93788
pct_retry_trs_put:
  cxi0: 0
  cxi1: 0
  cxi2: 0
  cxi3: 0
  cxi4: 0
  cxi5: 0
  cxi6: 0
  cxi7: 0
  total: 0
mst_stalled_waiting_put_crdts:
  cxi0: 2429761
  cxi1: 22403
  cxi2: 2433445
  cxi3: 17071
  cxi4: 79758
  cxi5: 2448407
  cxi6: 16038
  cxi7: 2419681
  total: 9866564
hni_sts_tx_ok_octets:
  cxi0: 17205662824799
  cxi1: 16411838795234
  cxi2: 11466738840218
  cxi3: 10602136068394
  cxi4: 9984526818417
  cxi5: 10740988961675
  cxi6: 15747039433638
  cxi7: 16613205804667
  total: 108772137547042
hni_sts_rx_ok_octets:
  cxi0: 16560433920508
  cxi1: 15652247590183
  cxi2: 10666732689588
  cxi3: 9901021643221
  cxi4: 9868565293337
  cxi5: 10609212560142
  cxi6: 15689399487760
  cxi7: 16557439032545
  total: 105505052217284
hni_tx_ok_64:
  cxi0: 1614325885
  cxi1: 1155782237
  cxi2: 1558063568
  cxi3: 1170813423
  cxi4: 1170320194
  cxi5: 1545226431
  cxi6: 1179613702
  cxi7: 1618017397
  total: 11012162837
hni_tx_ok_65_to_127:
  cxi0: 4045304
  cxi1: 149428
  cxi2: 3652710
  cxi3: 170202
  cxi4: 178987
  cxi5: 3674170
  cxi6: 356020
  cxi7: 4173479
  total: 16400300
hni_tx_ok_128_to_255:
  cxi0: 761900
  cxi1: 27947
  cxi2: 743191
  cxi3: 36493
  cxi4: 27706
  cxi5: 739266
  cxi6: 63501
  cxi7: 798523
  total: 3198527
hni_tx_ok_256_to_511:
  cxi0: 1809085
  cxi1: 760232
  cxi2: 1902670
  cxi3: 838081
  cxi4: 765292
  cxi5: 1788886
  cxi6: 881754
  cxi7: 1957720
  total: 10703720
hni_tx_ok_512_to_1023:
  cxi0: 3229984
  cxi1: 1211966
  cxi2: 2982147
  cxi3: 1456750
  cxi4: 1420413
  cxi5: 2786700
  cxi6: 1671798
  cxi7: 3441913
  total: 18201671
hni_tx_ok_1024_to_2047:
  cxi0: 3203268
  cxi1: 14969
  cxi2: 3084824
  cxi3: 15012
  cxi4: 16933
  cxi5: 3025462
  cxi6: 19614
  cxi7: 3285382
  total: 12665464
hni_tx_ok_4096_to_8191:
  cxi0: 3
  cxi1: 0
  cxi2: 0
  cxi3: 0
  cxi4: 0
  cxi5: 0
  cxi6: 0
  cxi7: 348
  total: 351
hni_tx_ok_8192_to_max:
  cxi0: 0
  cxi1: 0
  cxi2: 0
  cxi3: 0
  cxi4: 0
  cxi5: 0
  cxi6: 0
  cxi7: 746
  total: 746
hni_rx_ok_64:
  cxi0: 1627722960
  cxi1: 1220330976
  cxi2: 1621483679
  cxi3: 1184795770
  cxi4: 1229906931
  cxi5: 1612482570
  cxi6: 1187119916
  cxi7: 1624831391
  total: 11308674193
hni_rx_ok_65_to_127:
  cxi0: 5007481
  cxi1: 1717537
  cxi2: 5275847
  cxi3: 1144608
  cxi4: 1859313
  cxi5: 5107262
  cxi6: 1150828
  cxi7: 5000286
  total: 26263162
hni_rx_ok_128_to_255:
  cxi0: 1085035
  cxi1: 421301
  cxi2: 1132151
  cxi3: 421387
  cxi4: 428501
  cxi5: 1085597
  cxi6: 610124
  cxi7: 1296876
  total: 6480972
hni_rx_ok_256_to_511:
  cxi0: 2819592
  cxi1: 1521274
  cxi2: 2727599
  cxi3: 1823907
  cxi4: 1727906
  cxi5: 2439463
  cxi6: 1990879
  cxi7: 3088164
  total: 18138784
hni_rx_ok_512_to_1023:
  cxi0: 1655716
  cxi1: 1533
  cxi2: 1640841
  cxi3: 51320
  cxi4: 1501
  cxi5: 1590185
  cxi6: 143009
  cxi7: 1794102
  total: 6878207
hni_rx_ok_1024_to_2047:
  cxi0: 3266600
  cxi1: 2548
  cxi2: 2992734
  cxi3: 4460
  cxi4: 4277
  cxi5: 3040314
  cxi6: 11395
  cxi7: 3176432
  total: 12498760
hni_rx_ok_4096_to_8191:
  cxi0: 244
  cxi1: 0
  cxi2: 0
  cxi3: 0
  cxi4: 0
  cxi5: 0
  cxi6: 0
  cxi7: 2
  total: 246
hni_rx_ok_8192_to_max:
  cxi0: 527
  cxi1: 0
  cxi2: 0
  cxi3: 0
  cxi4: 0
  cxi5: 0
  cxi6: 0
  cxi7: 0
  total: 527
hni_llr_tx_replay_event:
  cxi0: 0
  cxi1: 0
  cxi2: 0
  cxi3: 0
  cxi4: 0
  cxi5: 0
  cxi6: 0
  cxi7: 0
  total: 0
hni_llr_rx_replay_event:
  cxi0: 0
  cxi1: 0
  cxi2: 0
  cxi3: 0
  cxi4: 0
  cxi5: 0
  cxi6: 0
  cxi7: 0
  total: 0
hni_llr_tx_nack_ctl_os:
  cxi0: 0
  cxi1: 0
  cxi2: 0
  cxi3: 0
  cxi4: 0
  cxi5: 0
  cxi6: 0
  cxi7: 0
  total: 0
hni_llr_rx_nack_ctl_os:
  cxi0: 0
  cxi1: 0
  cxi2: 0
  cxi3: 0
  cxi4: 0
  cxi5: 0
  cxi6: 0
  cxi7: 0
  total: 0
hni_llr_tx_discard:
  cxi0: 0
  cxi1: 0
  cxi2: 0
  cxi3: 0
  cxi4: 0
  cxi5: 0
  cxi6: 0
  cxi7: 0
  total: 0
pct_rsp_err_rcvd:
  cxi0: 0
  cxi1: 18
  cxi2: 49
  cxi3: 31
  cxi4: 0
  cxi5: 0
  cxi6: 36
  cxi7: 0
  total: 134
pct_rsp_dropped_timeout:
  cxi0: 0
  cxi1: 0
  cxi2: 0
  cxi3: 0
  cxi4: 0
  cxi5: 0
  cxi6: 0
  cxi7: 0
  total: 0
pct_rsp_dropped_try:
  cxi0: 0
  cxi1: 0
  cxi2: 0
  cxi3: 0
  cxi4: 0
  cxi5: 0
  cxi6: 0
  cxi7: 0
  total: 0
pct_bad_seq_nacks:
  cxi0: 237881
  cxi1: 6888
  cxi2: 253389
  cxi3: 7337
  cxi4: 7402
  cxi5: 244672
  cxi6: 6866
  cxi7: 247917
  total: 1012352
pct_no_trs_nacks:
  cxi0: 53705
  cxi1: 1579
  cxi2: 56161
  cxi3: 1556
  cxi4: 1693
  cxi5: 55135
  cxi6: 1641
  cxi7: 54731
  total: 226201
ixe_rx_pkt_drop_pct:
  cxi0: 383221
  cxi1: 8467
  cxi2: 312300
  cxi3: 8948
  cxi4: 100080
  cxi5: 301070
  cxi6: 8507
  cxi7: 304811
  total: 1427404
ixe_rx_pkt_drop_ixe_parser:
  cxi0: 0
  cxi1: 0
  cxi2: 0
  cxi3: 0
  cxi4: 0
  cxi5: 0
  cxi6: 0
  cxi7: 0
  total: 0
pct_req_rsp_latency_0:
  cxi0: 7455882
  cxi1: 1365897
  cxi2: 6994884
  cxi3: 2309207
  cxi4: 1001038
  cxi5: 5516655
  cxi6: 4821801
  cxi7: 9656403
  total: 39121767
pct_req_rsp_latency_1:
  cxi0: 15520271
  cxi1: 4343471
  cxi2: 16186648
  cxi3: 5781755
  cxi4: 3718496
  cxi5: 14050530
  cxi6: 6309474
  cxi7: 16926639
  total: 82837284
pct_req_rsp_latency_2:
  cxi0: 32354696
  cxi1: 11348248
  cxi2: 31755638
  cxi3: 12375797
  cxi4: 10609768
  cxi5: 29119061
  cxi6: 11305384
  cxi7: 30132714
  total: 169001306
pct_req_rsp_latency_3:
  cxi0: 58630273
  cxi1: 28668063
  cxi2: 54680700
  cxi3: 29650706
  cxi4: 27790984
  cxi5: 52703205
  cxi6: 27994464
  cxi7: 57626570
  total: 337744965
pct_req_rsp_latency_4:
  cxi0: 142292312
  cxi1: 39024333
  cxi2: 118602498
  cxi3: 39687839
  cxi4: 38774099
  cxi5: 115032853
  cxi6: 38693937
  cxi7: 140721262
  total: 672829133
pct_req_rsp_latency_5:
  cxi0: 121601641
  cxi1: 35654133
  cxi2: 117053356
  cxi3: 36035778
  cxi4: 35608291
  cxi5: 119582072
  cxi6: 35534006
  cxi7: 123728407
  total: 624797684
pct_req_rsp_latency_6:
  cxi0: 78086769
  cxi1: 32902361
  cxi2: 80665947
  cxi3: 33292223
  cxi4: 32719552
  cxi5: 79949758
  cxi6: 33236777
  cxi7: 78633861
  total: 449487248
pct_req_rsp_latency_7:
  cxi0: 71589575
  cxi1: 31687741
  cxi2: 67669911
  cxi3: 32209782
  cxi4: 31440320
  cxi5: 68085398
  cxi6: 33458429
  cxi7: 71941471
  total: 408082627
pct_req_rsp_latency_8:
  cxi0: 55371330
  cxi1: 31723758
  cxi2: 54360315
  cxi3: 32285772
  cxi4: 31609581
  cxi5: 55187495
  cxi6: 33802370
  cxi7: 58285812
  total: 352626433
pct_req_rsp_latency_9:
  cxi0: 43536396
  cxi1: 32350835
  cxi2: 44303359
  cxi3: 32740908
  cxi4: 32336114
  cxi5: 44273014
  cxi6: 33524742
  cxi7: 46092327
  total: 309157695
pct_req_rsp_latency_10:
  cxi0: 38038246
  cxi1: 33476242
  cxi2: 38746152
  cxi3: 33644976
  cxi4: 33468067
  cxi5: 38504454
  cxi6: 33967013
  cxi7: 39858188
  total: 289703338
pct_req_rsp_latency_11:
  cxi0: 37262266
  cxi1: 34638399
  cxi2: 37657711
  cxi3: 34717849
  cxi4: 34630962
  cxi5: 37190648
  cxi6: 34875112
  cxi7: 38293665
  total: 289266612
pct_req_rsp_latency_12:
  cxi0: 38416841
  cxi1: 35801302
  cxi2: 38444555
  cxi3: 35829057
  cxi4: 35818049
  cxi5: 37672808
  cxi6: 35905531
  cxi7: 38482529
  total: 296370672
pct_req_rsp_latency_13:
  cxi0: 38902433
  cxi1: 36840409
  cxi2: 38956759
  cxi3: 36882679
  cxi4: 36880004
  cxi5: 38458084
  cxi6: 36883260
  cxi7: 38969378
  total: 302773006
pct_req_rsp_latency_14:
  cxi0: 38995276
  cxi1: 37665557
  cxi2: 39206382
  cxi3: 37702578
  cxi4: 37720259
  cxi5: 39107609
  cxi6: 37653756
  cxi7: 39375956
  total: 307427373
pct_req_rsp_latency_15:
  cxi0: 39395240
  cxi1: 38299374
  cxi2: 39573807
  cxi3: 38329346
  cxi4: 38384559
  cxi5: 39618950
  cxi6: 38245128
  cxi7: 39717177
  total: 311563581
pct_req_rsp_latency_16:
  cxi0: 39621978
  cxi1: 38675407
  cxi2: 39763843
  cxi3: 38693490
  cxi4: 38779441
  cxi5: 39848014
  cxi6: 38584557
  cxi7: 39837863
  total: 313804593
pct_req_rsp_latency_17:
  cxi0: 39657643
  cxi1: 38852299
  cxi2: 39762450
  cxi3: 38862928
  cxi4: 38942002
  cxi5: 39918426
  cxi6: 38749553
  cxi7: 39781308
  total: 314526609
pct_req_rsp_latency_18:
  cxi0: 39227520
  cxi1: 38636018
  cxi2: 39285247
  cxi3: 38625740
  cxi4: 38671754
  cxi5: 39480394
  cxi6: 38500245
  cxi7: 39240775
  total: 311667693
pct_req_rsp_latency_19:
  cxi0: 38607240
  cxi1: 38049696
  cxi2: 38633828
  cxi3: 38007575
  cxi4: 38069450
  cxi5: 38703308
  cxi6: 37823026
  cxi7: 38518368
  total: 306412491
pct_req_rsp_latency_20:
  cxi0: 38412823
  cxi1: 37107338
  cxi2: 38422290
  cxi3: 37059647
  cxi4: 37079292
  cxi5: 37895426
  cxi6: 36870411
  cxi7: 38277533
  total: 301124760
pct_req_rsp_latency_21:
  cxi0: 38382457
  cxi1: 35793182
  cxi2: 38161989
  cxi3: 35714976
  cxi4: 35830068
  cxi5: 36863890
  cxi6: 35544935
  cxi7: 37728644
  total: 294020141
pct_req_rsp_latency_22:
  cxi0: 35218440
  cxi1: 34360207
  cxi2: 35134437
  cxi3: 34256452
  cxi4: 34422409
  cxi5: 35045443
  cxi6: 34137901
  cxi7: 34965090
  total: 277540379
pct_req_rsp_latency_23:
  cxi0: 33097626
  cxi1: 32747428
  cxi2: 33025319
  cxi3: 32635044
  cxi4: 32861887
  cxi5: 33348774
  cxi6: 32561278
  cxi7: 32968638
  total: 263245994
pct_req_rsp_latency_24:
  cxi0: 31256785
  cxi1: 31081687
  cxi2: 31149680
  cxi3: 30924471
  cxi4: 31156665
  cxi5: 31701785
  cxi6: 30888686
  cxi7: 31182510
  total: 249342269
pct_req_rsp_latency_25:
  cxi0: 29359072
  cxi1: 29216297
  cxi2: 29203269
  cxi3: 29033809
  cxi4: 29301483
  cxi5: 29860870
  cxi6: 29067399
  cxi7: 29321075
  total: 234363274
pct_req_rsp_latency_26:
  cxi0: 27388373
  cxi1: 27270004
  cxi2: 27208892
  cxi3: 27076229
  cxi4: 27353613
  cxi5: 27876546
  cxi6: 27141553
  cxi7: 27360263
  total: 218675473
pct_req_rsp_latency_27:
  cxi0: 25404958
  cxi1: 25261424
  cxi2: 25179122
  cxi3: 25059118
  cxi4: 25353924
  cxi5: 25787404
  cxi6: 25172250
  cxi7: 25316811
  total: 202535011
pct_req_rsp_latency_28:
  cxi0: 23541182
  cxi1: 23279639
  cxi2: 23255343
  cxi3: 23062244
  cxi4: 23430116
  cxi5: 23729367
  cxi6: 23219206
  cxi7: 23344062
  total: 186861159
pct_req_rsp_latency_29:
  cxi0: 21767347
  cxi1: 21397810
  cxi2: 21397198
  cxi3: 21179530
  cxi4: 21570669
  cxi5: 21777954
  cxi6: 21354095
  cxi7: 21442436
  total: 171887039
pct_req_rsp_latency_30:
  cxi0: 19940015
  cxi1: 19613616
  cxi2: 19628694
  cxi3: 19402061
  cxi4: 19815527
  cxi5: 19968295
  cxi6: 19605353
  cxi7: 19676754
  total: 157650315
pct_req_rsp_latency_31:
  cxi0: 168840023
  cxi1: 166339648
  cxi2: 164576863
  cxi3: 161861354
  cxi4: 168746253
  cxi5: 172068516
  cxi6: 167464808
  cxi7: 168389372
  total: 1338286837
