=== x1921c1s1b0n0 === (8 NICs)
atu_cache_hit_base_page_size_0:
  cxi0: 8343180594
  cxi1: 5818652225
  cxi2: 8132207328
  cxi3: 5778988731
  cxi4: 5864794776
  cxi5: 8102399233
  cxi6: 5775485564
  cxi7: 8327292325
  total: 56143000776
atu_cache_miss_0:
  cxi0: 256574040
  cxi1: 298529596
  cxi2: 382668228
  cxi3: 178621444
  cxi4: 314036615
  cxi5: 370828843
  cxi6: 194393752
  cxi7: 267769100
  total: 2263421618
ixe_disp_amo_events:
  cxi0: 51515
  cxi1: 7425
  cxi2: 7425
  cxi3: 7164
  cxi4: 45702
  cxi5: 7713
  cxi6: 7164
  cxi7: 7425
  total: 141533
ixe_disp_lpe_amos:
  cxi0: 51515
  cxi1: 7425
  cxi2: 7425
  cxi3: 7164
  cxi4: 45702
  cxi5: 7713
  cxi6: 7164
  cxi7: 7425
  total: 141533
ixe_disp_lpe_amos_ok:
  cxi0: 51515
  cxi1: 7425
  cxi2: 7425
  cxi3: 7164
  cxi4: 45702
  cxi5: 7713
  cxi6: 7164
  cxi7: 7425
  total: 141533
pct_retry_trs_put:
  cxi0: 0
  cxi1: 0
  cxi2: 0
  cxi3: 0
  cxi4: 0
  cxi5: 0
  cxi6: 0
  cxi7: 0
  total: 0
mst_stalled_waiting_put_crdts:
  cxi0: 2429761
  cxi1: 22403
  cxi2: 2433445
  cxi3: 17071
  cxi4: 79758
  cxi5: 2448407
  cxi6: 16038
  cxi7: 2419681
  total: 9866564
hni_sts_tx_ok_octets:
  cxi0: 17215355221658
  cxi1: 16420882015305
  cxi2: 11475782892560
  cxi3: 10611179410350
  cxi4: 9993569900401
  cxi5: 10750674474926
  cxi6: 15756079257705
  cxi7: 16622246717316
  total: 108845769890221
hni_sts_rx_ok_octets:
  cxi0: 16560756091185
  cxi1: 15652544651162
  cxi2: 10667030929833
  cxi3: 9901318964101
  cxi4: 9868870932491
  cxi5: 10609536502361
  cxi6: 15689701706355
  cxi7: 16557742438443
  total: 105507502215931
hni_tx_ok_64:
  cxi0: 1614403158
  cxi1: 1155821856
  cxi2: 1558103734
  cxi3: 1170853149
  cxi4: 1170392953
  cxi5: 1545270765
  cxi6: 1179654426
  cxi7: 1618059892
  total: 11012559933
hni_tx_ok_65_to_127:
  cxi0: 4114564
  cxi1: 198034
  cxi2: 3701311
  cxi3: 218565
  cxi4: 242604
  cxi5: 3726156
  cxi6: 404385
  cxi7: 4222094
  total: 16827713
hni_tx_ok_128_to_255:
  cxi0: 776940
  cxi1: 41987
  cxi2: 757239
  cxi3: 50543
  cxi4: 41706
  cxi5: 754266
  cxi6: 77506
  cxi7: 812526
  total: 3312713
hni_tx_ok_256_to_511:
  cxi0: 1816677
  cxi1: 767441
  cxi2: 1909775
  cxi3: 845301
  cxi4: 772343
  cxi5: 1796617
  cxi6: 888830
  cxi7: 1964980
  total: 10761964
hni_tx_ok_512_to_1023:
  cxi0: 3237568
  cxi1: 1219047
  cxi2: 2989327
  cxi3: 1463919
  cxi4: 1427485
  cxi5: 2794272
  cxi6: 1678946
  cxi7: 3449077
  total: 18259641
hni_tx_ok_1024_to_2047:
  cxi0: 3210772
  cxi1: 21969
  cxi2: 3091825
  cxi3: 22016
  cxi4: 23933
  cxi5: 3032962
  cxi6: 26614
  cxi7: 3292387
  total: 12722478
hni_tx_ok_4096_to_8191:
  cxi0: 3
  cxi1: 0
  cxi2: 0
  cxi3: 0
  cxi4: 0
  cxi5: 0
  cxi6: 0
  cxi7: 350
  total: 353
hni_tx_ok_8192_to_max:
  cxi0: 0
  cxi1: 0
  cxi2: 0
  cxi3: 0
  cxi4: 0
  cxi5: 0
  cxi6: 0
  cxi7: 762
  total: 762
hni_rx_ok_64:
  cxi0: 1632537951
  cxi1: 1224784641
  cxi2: 1625941513
  cxi3: 1189253450
  cxi4: 1234424199
  cxi5: 1617290615
  cxi6: 1191600257
  cxi7: 1629317480
  total: 11345150106
hni_rx_ok_65_to_127:
  cxi0: 5030332
  cxi1: 1724519
  cxi2: 5282833
  cxi3: 1151356
  cxi4: 1879850
  cxi5: 5114661
  cxi6: 1157570
  cxi7: 5007285
  total: 26348406
hni_rx_ok_128_to_255:
  cxi0: 1085035
  cxi1: 421301
  cxi2: 1132155
  cxi3: 421391
  cxi4: 428541
  cxi5: 1085637
  cxi6: 610164
  cxi7: 1296928
  total: 6481152
hni_rx_ok_256_to_511:
  cxi0: 2819646
  cxi1: 1521445
  cxi2: 2727654
  cxi3: 1824081
  cxi4: 1727995
  cxi5: 2439732
  cxi6: 1990986
  cxi7: 3088452
  total: 18139991
hni_rx_ok_512_to_1023:
  cxi0: 1655791
  cxi1: 1605
  cxi2: 1641020
  cxi3: 51489
  cxi4: 1582
  cxi5: 1590266
  cxi6: 143170
  cxi7: 1794277
  total: 6879200
hni_rx_ok_1024_to_2047:
  cxi0: 3266601
  cxi1: 2548
  cxi2: 2992739
  cxi3: 4463
  cxi4: 4277
  cxi5: 3040317
  cxi6: 11398
  cxi7: 3176437
  total: 12498780
hni_rx_ok_4096_to_8191:
  cxi0: 244
  cxi1: 0
  cxi2: 0
  cxi3: 0
  cxi4: 0
  cxi5: 0
  cxi6: 0
  cxi7: 2
  total: 246
hni_rx_ok_8192_to_max:
  cxi0: 527
  cxi1: 0
  cxi2: 0
  cxi3: 0
  cxi4: 0
  cxi5: 0
  cxi6: 0
  cxi7: 0
  total: 527
hni_llr_tx_replay_event:
  cxi0: 0
  cxi1: 0
  cxi2: 0
  cxi3: 0
  cxi4: 0
  cxi5: 0
  cxi6: 0
  cxi7: 0
  total: 0
hni_llr_rx_replay_event:
  cxi0: 0
  cxi1: 0
  cxi2: 0
  cxi3: 0
  cxi4: 0
  cxi5: 0
  cxi6: 0
  cxi7: 0
  total: 0
hni_llr_tx_nack_ctl_os:
  cxi0: 0
  cxi1: 0
  cxi2: 0
  cxi3: 0
  cxi4: 0
  cxi5: 0
  cxi6: 0
  cxi7: 0
  total: 0
hni_llr_rx_nack_ctl_os:
  cxi0: 0
  cxi1: 0
  cxi2: 0
  cxi3: 0
  cxi4: 0
  cxi5: 0
  cxi6: 0
  cxi7: 0
  total: 0
hni_llr_tx_discard:
  cxi0: 0
  cxi1: 0
  cxi2: 0
  cxi3: 0
  cxi4: 0
  cxi5: 0
  cxi6: 0
  cxi7: 0
  total: 0
pct_rsp_err_rcvd:
  cxi0: 0
  cxi1: 18
  cxi2: 49
  cxi3: 31
  cxi4: 0
  cxi5: 0
  cxi6: 36
  cxi7: 0
  total: 134
pct_rsp_dropped_timeout:
  cxi0: 0
  cxi1: 0
  cxi2: 0
  cxi3: 0
  cxi4: 0
  cxi5: 0
  cxi6: 0
  cxi7: 0
  total: 0
pct_rsp_dropped_try:
  cxi0: 0
  cxi1: 0
  cxi2: 0
  cxi3: 0
  cxi4: 0
  cxi5: 0
  cxi6: 0
  cxi7: 0
  total: 0
pct_bad_seq_nacks:
  cxi0: 237881
  cxi1: 6888
  cxi2: 253389
  cxi3: 7337
  cxi4: 7402
  cxi5: 244672
  cxi6: 6866
  cxi7: 247917
  total: 1012352
pct_no_trs_nacks:
  cxi0: 53705
  cxi1: 1579
  cxi2: 56161
  cxi3: 1556
  cxi4: 1693
  cxi5: 55135
  cxi6: 1641
  cxi7: 54731
  total: 226201
ixe_rx_pkt_drop_pct:
  cxi0: 383221
  cxi1: 8467
  cxi2: 312300
  cxi3: 8948
  cxi4: 100080
  cxi5: 301070
  cxi6: 8507
  cxi7: 304811
  total: 1427404
ixe_rx_pkt_drop_ixe_parser:
  cxi0: 0
  cxi1: 0
  cxi2: 0
  cxi3: 0
  cxi4: 0
  cxi5: 0
  cxi6: 0
  cxi7: 0
  total: 0
pct_req_rsp_latency_0:
  cxi0: 7595243
  cxi1: 1480348
  cxi2: 7120633
  cxi3: 2414232
  cxi4: 1127009
  cxi5: 5647734
  cxi6: 4940926
  cxi7: 9768717
  total: 40094842
pct_req_rsp_latency_1:
  cxi0: 15973881
  cxi1: 4799297
  cxi2: 16570138
  cxi3: 6195619
  cxi4: 4140489
  cxi5: 14487189
  cxi6: 6707972
  cxi7: 17292117
  total: 86166702
pct_req_rsp_latency_2:
  cxi0: 34073094
  cxi1: 13100787
  cxi2: 33494903
  cxi3: 14151998
  cxi4: 12288723
  cxi5: 30818822
  cxi6: 13023419
  cxi7: 31868305
  total: 182820051
pct_req_rsp_latency_3:
  cxi0: 58868601
  cxi1: 28875762
  cxi2: 54930507
  cxi3: 29875273
  cxi4: 28054405
  cxi5: 52948610
  cxi6: 28246915
  cxi7: 57895147
  total: 339695220
pct_req_rsp_latency_4:
  cxi0: 142501067
  cxi1: 39179923
  cxi2: 118776007
  cxi3: 39839547
  cxi4: 38968365
  cxi5: 115260312
  cxi6: 38885438
  cxi7: 140916526
  total: 674327185
pct_req_rsp_latency_5:
  cxi0: 122035804
  cxi1: 35990687
  cxi2: 117409365
  cxi3: 36377998
  cxi4: 35954047
  cxi5: 120014629
  cxi6: 35886806
  cxi7: 124081675
  total: 627751011
pct_req_rsp_latency_6:
  cxi0: 78640729
  cxi1: 33357937
  cxi2: 81132609
  cxi3: 33760680
  cxi4: 33172462
  cxi5: 80508421
  cxi6: 33698539
  cxi7: 79093196
  total: 453364573
pct_req_rsp_latency_7:
  cxi0: 72092962
  cxi1: 32139080
  cxi2: 68123925
  cxi3: 32672670
  cxi4: 31895548
  cxi5: 68583633
  cxi6: 33922976
  cxi7: 72397668
  total: 411828462
pct_req_rsp_latency_8:
  cxi0: 55663492
  cxi1: 32005331
  cxi2: 54630455
  cxi3: 32560366
  cxi4: 31895139
  cxi5: 55474719
  cxi6: 34067951
  cxi7: 58559488
  total: 354856941
pct_req_rsp_latency_9:
  cxi0: 43640923
  cxi1: 32456463
  cxi2: 44404432
  cxi3: 32841650
  cxi4: 32442107
  cxi5: 44385761
  cxi6: 33623053
  cxi7: 46192998
  total: 309987387
pct_req_rsp_latency_10:
  cxi0: 38090321
  cxi1: 33524551
  cxi2: 38793599
  cxi3: 33693466
  cxi4: 33517801
  cxi5: 38555452
  cxi6: 34012506
  cxi7: 39904301
  total: 290091997
pct_req_rsp_latency_11:
  cxi0: 37277481
  cxi1: 34655361
  cxi2: 37672969
  cxi3: 34732315
  cxi4: 34646969
  cxi5: 37207571
  cxi6: 34889654
  cxi7: 38309435
  total: 289391755
pct_req_rsp_latency_12:
  cxi0: 38424955
  cxi1: 35809658
  cxi2: 38452870
  cxi3: 35836432
  cxi4: 35826529
  cxi5: 37681151
  cxi6: 35912986
  cxi7: 38490705
  total: 296435286
pct_req_rsp_latency_13:
  cxi0: 38908159
  cxi1: 36846072
  cxi2: 38962453
  cxi3: 36888082
  cxi4: 36885881
  cxi5: 38463720
  cxi6: 36888777
  cxi7: 38974845
  total: 302817989
pct_req_rsp_latency_14:
  cxi0: 38998330
  cxi1: 37668635
  cxi2: 39209408
  cxi3: 37705614
  cxi4: 37724418
  cxi5: 39111607
  cxi6: 37657297
  cxi7: 39379734
  total: 307455043
pct_req_rsp_latency_15:
  cxi0: 39397700
  cxi1: 38301689
  cxi2: 39575995
  cxi3: 38331692
  cxi4: 38387353
  cxi5: 39621659
  cxi6: 38247823
  cxi7: 39720147
  total: 311584058
pct_req_rsp_latency_16:
  cxi0: 39623998
  cxi1: 38677469
  cxi2: 39765947
  cxi3: 38695434
  cxi4: 38781648
  cxi5: 39849998
  cxi6: 38586734
  cxi7: 39840287
  total: 313821515
pct_req_rsp_latency_17:
  cxi0: 39659338
  cxi1: 38854200
  cxi2: 39764224
  cxi3: 38864506
  cxi4: 38943881
  cxi5: 39919934
  cxi6: 38751301
  cxi7: 39783312
  total: 314540696
pct_req_rsp_latency_18:
  cxi0: 39228679
  cxi1: 38637329
  cxi2: 39286460
  cxi3: 38626939
  cxi4: 38673092
  cxi5: 39481512
  cxi6: 38501399
  cxi7: 39241923
  total: 311677333
pct_req_rsp_latency_19:
  cxi0: 38607875
  cxi1: 38050384
  cxi2: 38634416
  cxi3: 38008281
  cxi4: 38070155
  cxi5: 38703959
  cxi6: 37823883
  cxi7: 38518985
  total: 306417938
pct_req_rsp_latency_20:
  cxi0: 38413180
  cxi1: 37107571
  cxi2: 38422553
  cxi3: 37060024
  cxi4: 37079681
  cxi5: 37895737
  cxi6: 36870692
  cxi7: 38277891
  total: 301127329
pct_req_rsp_latency_21:
  cxi0: 38382662
  cxi1: 35793276
  cxi2: 38162042
  cxi3: 35715147
  cxi4: 35830205
  cxi5: 36864015
  cxi6: 35545113
  cxi7: 37728849
  total: 294021309
pct_req_rsp_latency_22:
  cxi0: 35218544
  cxi1: 34360260
  cxi2: 35134479
  cxi3: 34256526
  cxi4: 34422536
  cxi5: 35045508
  cxi6: 34138069
  cxi7: 34965126
  total: 277541048
pct_req_rsp_latency_23:
  cxi0: 33097698
  cxi1: 32747518
  cxi2: 33025347
  cxi3: 32635082
  cxi4: 32861952
  cxi5: 33348842
  cxi6: 32561347
  cxi7: 32968668
  total: 263246454
pct_req_rsp_latency_24:
  cxi0: 31256846
  cxi1: 31081752
  cxi2: 31149725
  cxi3: 30924485
  cxi4: 31156728
  cxi5: 31701850
  cxi6: 30888746
  cxi7: 31182540
  total: 249342672
pct_req_rsp_latency_25:
  cxi0: 29359141
  cxi1: 29216356
  cxi2: 29203302
  cxi3: 29033814
  cxi4: 29301545
  cxi5: 29860893
  cxi6: 29067421
  cxi7: 29321124
  total: 234363596
pct_req_rsp_latency_26:
  cxi0: 27388468
  cxi1: 27270039
  cxi2: 27208925
  cxi3: 27076256
  cxi4: 27353676
  cxi5: 27876578
  cxi6: 27141587
  cxi7: 27360343
  total: 218675872
pct_req_rsp_latency_27:
  cxi0: 25405028
  cxi1: 25261429
  cxi2: 25179224
  cxi3: 25059150
  cxi4: 25353951
  cxi5: 25787419
  cxi6: 25172324
  cxi7: 25316881
  total: 202535406
pct_req_rsp_latency_28:
  cxi0: 23541197
  cxi1: 23279658
  cxi2: 23255423
  cxi3: 23062252
  cxi4: 23430174
  cxi5: 23729405
  cxi6: 23219258
  cxi7: 23344100
  total: 186861467
pct_req_rsp_latency_29:
  cxi0: 21767356
  cxi1: 21397818
  cxi2: 21397265
  cxi3: 21179550
  cxi4: 21570745
  cxi5: 21777966
  cxi6: 21354150
  cxi7: 21442466
  total: 171887316
pct_req_rsp_latency_30:
  cxi0: 19940031
  cxi1: 19613654
  cxi2: 19628769
  cxi3: 19402085
  cxi4: 19815563
  cxi5: 19968303
  cxi6: 19605403
  cxi7: 19676776
  total: 157650584
pct_req_rsp_latency_31:
  cxi0: 168840479
  cxi1: 166339984
  cxi2: 164577538
  cxi3: 161862036
  cxi4: 168746669
  cxi5: 172068771
  cxi6: 167465579
  cxi7: 168390012
  total: 1338291068
