=== x1921c1s2b0n0 === (8 NICs)
atu_cache_hit_base_page_size_0:
  cxi0: 7248276511
  cxi1: 4786600386
  cxi2: 7047422679
  cxi3: 4738973929
  cxi4: 4781483878
  cxi5: 7029840579
  cxi6: 4716507508
  cxi7: 7265160363
  total: 47614265833
atu_cache_miss_0:
  cxi0: 222559403
  cxi1: 305689155
  cxi2: 358247111
  cxi3: 180823116
  cxi4: 293654618
  cxi5: 369749981
  cxi6: 188610094
  cxi7: 271922223
  total: 2191255701
ixe_disp_amo_events:
  cxi0: 71661
  cxi1: 33002
  cxi2: 35524
  cxi3: 34263
  cxi4: 66257
  cxi5: 34263
  cxi6: 34263
  cxi7: 35524
  total: 344757
ixe_disp_lpe_amos:
  cxi0: 71661
  cxi1: 33002
  cxi2: 35524
  cxi3: 34263
  cxi4: 66257
  cxi5: 34263
  cxi6: 34263
  cxi7: 35524
  total: 344757
ixe_disp_lpe_amos_ok:
  cxi0: 71661
  cxi1: 33002
  cxi2: 35524
  cxi3: 34263
  cxi4: 66257
  cxi5: 34263
  cxi6: 34263
  cxi7: 35524
  total: 344757
pct_retry_trs_put:
  cxi0: 0
  cxi1: 0
  cxi2: 0
  cxi3: 0
  cxi4: 0
  cxi5: 0
  cxi6: 0
  cxi7: 0
  total: 0
mst_stalled_waiting_put_crdts:
  cxi0: 2406973
  cxi1: 345638
  cxi2: 2583673
  cxi3: 622874
  cxi4: 285871
  cxi5: 2434092
  cxi6: 16602
  cxi7: 2409561
  total: 11105284
hni_sts_tx_ok_octets:
  cxi0: 82455463820388
  cxi1: 81203383804759
  cxi2: 53511449060161
  cxi3: 52158767657911
  cxi4: 51844054675946
  cxi5: 51787979962806
  cxi6: 81553368738650
  cxi7: 82253404164442
  total: 536767871885063
hni_sts_rx_ok_octets:
  cxi0: 81942387489040
  cxi1: 80569100391682
  cxi2: 52693720473962
  cxi3: 51412193115364
  cxi4: 51804752220064
  cxi5: 51818396583393
  cxi6: 80609185474797
  cxi7: 82247737655962
  total: 533097473404264
hni_tx_ok_64:
  cxi0: 1406554359
  cxi1: 970504163
  cxi2: 1354491969
  cxi3: 984117059
  cxi4: 965604071
  cxi5: 1351633190
  cxi6: 987422090
  cxi7: 1425213176
  total: 9445540077
hni_tx_ok_65_to_127:
  cxi0: 3919129
  cxi1: 19544
  cxi2: 3545655
  cxi3: 68168
  cxi4: 57788
  cxi5: 3541455
  cxi6: 297886
  cxi7: 4110336
  total: 15559961
hni_tx_ok_128_to_255:
  cxi0: 734716
  cxi1: 941
  cxi2: 715754
  cxi3: 11509
  cxi4: 678
  cxi5: 714102
  cxi6: 45746
  cxi7: 781658
  total: 3005104
hni_tx_ok_256_to_511:
  cxi0: 1791550
  cxi1: 752085
  cxi2: 1904403
  cxi3: 845072
  cxi4: 748299
  cxi5: 1783066
  cxi6: 896246
  cxi7: 1971229
  total: 10691950
hni_tx_ok_512_to_1023:
  cxi0: 3056715
  cxi1: 1361775
  cxi2: 2870816
  cxi3: 1588499
  cxi4: 1291023
  cxi5: 2795505
  cxi6: 1751660
  cxi7: 3482659
  total: 18198652
hni_tx_ok_1024_to_2047:
  cxi0: 3185821
  cxi1: 5128
  cxi2: 3063650
  cxi3: 5699
  cxi4: 6157
  cxi5: 3011717
  cxi6: 7521
  cxi7: 3293887
  total: 12579580
hni_tx_ok_4096_to_8191:
  cxi0: 1
  cxi1: 0
  cxi2: 0
  cxi3: 0
  cxi4: 0
  cxi5: 0
  cxi6: 0
  cxi7: 300
  total: 301
hni_tx_ok_8192_to_max:
  cxi0: 0
  cxi1: 0
  cxi2: 0
  cxi3: 0
  cxi4: 0
  cxi5: 0
  cxi6: 0
  cxi7: 718
  total: 718
hni_rx_ok_64:
  cxi0: 1403961610
  cxi1: 1011977013
  cxi2: 1399794321
  cxi3: 974819027
  cxi4: 1009654429
  cxi5: 1397470223
  cxi6: 973205715
  cxi7: 1410033769
  total: 9580916107
hni_rx_ok_65_to_127:
  cxi0: 5080743
  cxi1: 1975576
  cxi2: 5367735
  cxi3: 1385252
  cxi4: 1960589
  cxi5: 5302944
  cxi6: 1344241
  cxi7: 5196944
  total: 27614024
hni_rx_ok_128_to_255:
  cxi0: 1101854
  cxi1: 460403
  cxi2: 1158284
  cxi3: 480202
  cxi4: 461447
  cxi5: 1107161
  cxi6: 716126
  cxi7: 1396283
  total: 6881760
hni_rx_ok_256_to_511:
  cxi0: 2732287
  cxi1: 1701726
  cxi2: 2621081
  cxi3: 1988685
  cxi4: 1625906
  cxi5: 2530118
  cxi6: 2130264
  cxi7: 3236260
  total: 18566327
hni_rx_ok_512_to_1023:
  cxi0: 1682833
  cxi1: 19242
  cxi2: 1667582
  cxi3: 82675
  cxi4: 19053
  cxi5: 1594118
  cxi6: 158363
  cxi7: 1793845
  total: 7017711
hni_rx_ok_1024_to_2047:
  cxi0: 3277014
  cxi1: 22843
  cxi2: 3016352
  cxi3: 25823
  cxi4: 23247
  cxi5: 3057153
  cxi6: 28306
  cxi7: 3202498
  total: 12653236
hni_rx_ok_4096_to_8191:
  cxi0: 258
  cxi1: 0
  cxi2: 0
  cxi3: 0
  cxi4: 0
  cxi5: 0
  cxi6: 0
  cxi7: 0
  total: 258
hni_rx_ok_8192_to_max:
  cxi0: 592
  cxi1: 0
  cxi2: 0
  cxi3: 0
  cxi4: 0
  cxi5: 0
  cxi6: 0
  cxi7: 0
  total: 592
hni_llr_tx_replay_event:
  cxi0: 0
  cxi1: 0
  cxi2: 0
  cxi3: 0
  cxi4: 0
  cxi5: 0
  cxi6: 0
  cxi7: 0
  total: 0
hni_llr_rx_replay_event:
  cxi0: 0
  cxi1: 0
  cxi2: 0
  cxi3: 0
  cxi4: 0
  cxi5: 0
  cxi6: 0
  cxi7: 0
  total: 0
hni_llr_tx_nack_ctl_os:
  cxi0: 0
  cxi1: 0
  cxi2: 0
  cxi3: 0
  cxi4: 0
  cxi5: 0
  cxi6: 0
  cxi7: 0
  total: 0
hni_llr_rx_nack_ctl_os:
  cxi0: 0
  cxi1: 0
  cxi2: 0
  cxi3: 0
  cxi4: 0
  cxi5: 0
  cxi6: 0
  cxi7: 0
  total: 0
hni_llr_tx_discard:
  cxi0: 0
  cxi1: 0
  cxi2: 0
  cxi3: 0
  cxi4: 0
  cxi5: 0
  cxi6: 0
  cxi7: 0
  total: 0
pct_rsp_err_rcvd:
  cxi0: 27
  cxi1: 0
  cxi2: 26
  cxi3: 19
  cxi4: 18
  cxi5: 0
  cxi6: 27
  cxi7: 32
  total: 149
pct_rsp_dropped_timeout:
  cxi0: 0
  cxi1: 0
  cxi2: 0
  cxi3: 0
  cxi4: 0
  cxi5: 0
  cxi6: 0
  cxi7: 0
  total: 0
pct_rsp_dropped_try:
  cxi0: 0
  cxi1: 0
  cxi2: 0
  cxi3: 0
  cxi4: 0
  cxi5: 0
  cxi6: 0
  cxi7: 0
  total: 0
pct_bad_seq_nacks:
  cxi0: 229350
  cxi1: 7830
  cxi2: 224648
  cxi3: 7993
  cxi4: 7597
  cxi5: 228288
  cxi6: 7862
  cxi7: 224054
  total: 937622
pct_no_trs_nacks:
  cxi0: 50994
  cxi1: 1833
  cxi2: 46815
  cxi3: 1855
  cxi4: 1825
  cxi5: 50710
  cxi6: 1894
  cxi7: 48506
  total: 204432
ixe_rx_pkt_drop_pct:
  cxi0: 282727
  cxi1: 70202
  cxi2: 272381
  cxi3: 101953
  cxi4: 9422
  cxi5: 280085
  cxi6: 9747
  cxi7: 275489
  total: 1302006
ixe_rx_pkt_drop_ixe_parser:
  cxi0: 0
  cxi1: 0
  cxi2: 0
  cxi3: 0
  cxi4: 0
  cxi5: 0
  cxi6: 0
  cxi7: 0
  total: 0
pct_req_rsp_latency_0:
  cxi0: 8486989
  cxi1: 2617389
  cxi2: 4879789
  cxi3: 269914
  cxi4: 1553256
  cxi5: 6109206
  cxi6: 1460487
  cxi7: 6382457
  total: 31759487
pct_req_rsp_latency_1:
  cxi0: 19003689
  cxi1: 4052350
  cxi2: 14464637
  cxi3: 1290613
  cxi4: 2617503
  cxi5: 15209687
  cxi6: 2907808
  cxi7: 16103105
  total: 75649392
pct_req_rsp_latency_2:
  cxi0: 53987210
  cxi1: 7101210
  cxi2: 49644752
  cxi3: 5500735
  cxi4: 6319386
  cxi5: 47983766
  cxi6: 6836354
  cxi7: 51204914
  total: 228578327
pct_req_rsp_latency_3:
  cxi0: 64082259
  cxi1: 21089956
  cxi2: 60734639
  cxi3: 20031275
  cxi4: 20218197
  cxi5: 63114674
  cxi6: 20960861
  cxi7: 64403993
  total: 334635854
pct_req_rsp_latency_4:
  cxi0: 130699731
  cxi1: 29458428
  cxi2: 108280920
  cxi3: 28567306
  cxi4: 28931253
  cxi5: 107741383
  cxi6: 29276030
  cxi7: 129464185
  total: 592419236
pct_req_rsp_latency_5:
  cxi0: 115857657
  cxi1: 27460775
  cxi2: 110381286
  cxi3: 26947551
  cxi4: 27291488
  cxi5: 112075828
  cxi6: 27485260
  cxi7: 118255436
  total: 565755281
pct_req_rsp_latency_6:
  cxi0: 68899033
  cxi1: 25134362
  cxi2: 68972360
  cxi3: 24911444
  cxi4: 25009190
  cxi5: 69161228
  cxi6: 25731164
  cxi7: 68650891
  total: 376469672
pct_req_rsp_latency_7:
  cxi0: 48414497
  cxi1: 24087909
  cxi2: 44192972
  cxi3: 24327958
  cxi4: 24107467
  cxi5: 44457486
  cxi6: 26404453
  cxi7: 50026460
  total: 286019202
pct_req_rsp_latency_8:
  cxi0: 33303804
  cxi1: 24542794
  cxi2: 32535264
  cxi3: 24911766
  cxi4: 24521696
  cxi5: 33148696
  cxi6: 27224741
  cxi7: 37770066
  total: 237958827
pct_req_rsp_latency_9:
  cxi0: 28881961
  cxi1: 25430014
  cxi2: 29373901
  cxi3: 25625086
  cxi4: 25383995
  cxi5: 29577515
  cxi6: 27010325
  cxi7: 31995776
  total: 223278573
pct_req_rsp_latency_10:
  cxi0: 28682133
  cxi1: 26408882
  cxi2: 29108030
  cxi3: 26517980
  cxi4: 26423741
  cxi5: 29121841
  cxi6: 27265168
  cxi7: 30721409
  total: 224249184
pct_req_rsp_latency_11:
  cxi0: 29442475
  cxi1: 27410368
  cxi2: 29781243
  cxi3: 27504344
  cxi4: 27496846
  cxi5: 29571319
  cxi6: 27999126
  cxi7: 30817492
  total: 230023213
pct_req_rsp_latency_12:
  cxi0: 30558306
  cxi1: 28398134
  cxi2: 30768788
  cxi3: 28521899
  cxi4: 28479644
  cxi5: 30210105
  cxi6: 28871425
  cxi7: 31153797
  total: 236962098
pct_req_rsp_latency_13:
  cxi0: 31061240
  cxi1: 29257016
  cxi2: 31316855
  cxi3: 29398272
  cxi4: 29345225
  cxi5: 30815970
  cxi6: 29650496
  cxi7: 31534836
  total: 242379910
pct_req_rsp_latency_14:
  cxi0: 31029090
  cxi1: 29950422
  cxi2: 31496972
  cxi3: 30118816
  cxi4: 30049153
  cxi5: 31348219
  cxi6: 30297483
  cxi7: 31848065
  total: 246138220
pct_req_rsp_latency_15:
  cxi0: 31302852
  cxi1: 30401777
  cxi2: 31717025
  cxi3: 30605050
  cxi4: 30531334
  cxi5: 31666753
  cxi6: 30715345
  cxi7: 32045503
  total: 248985639
pct_req_rsp_latency_16:
  cxi0: 31420031
  cxi1: 30654642
  cxi2: 31817819
  cxi3: 30890773
  cxi4: 30813538
  cxi5: 31785222
  cxi6: 30945013
  cxi7: 32072162
  total: 250399200
pct_req_rsp_latency_17:
  cxi0: 31388811
  cxi1: 30713397
  cxi2: 31742743
  cxi3: 30978074
  cxi4: 30907757
  cxi5: 31669485
  cxi6: 30996531
  cxi7: 31950896
  total: 250347694
pct_req_rsp_latency_18:
  cxi0: 31090327
  cxi1: 30579795
  cxi2: 31432310
  cxi3: 30842318
  cxi4: 30765092
  cxi5: 31319593
  cxi6: 30792761
  cxi7: 31560452
  total: 248382648
pct_req_rsp_latency_19:
  cxi0: 30657695
  cxi1: 30132144
  cxi2: 30973380
  cxi3: 30402252
  cxi4: 30321292
  cxi5: 30757081
  cxi6: 30271287
  cxi7: 30995073
  total: 244510204
pct_req_rsp_latency_20:
  cxi0: 30767639
  cxi1: 29443901
  cxi2: 30967798
  cxi3: 29725060
  cxi4: 29619884
  cxi5: 30181472
  cxi6: 29539203
  cxi7: 30934549
  total: 241179506
pct_req_rsp_latency_21:
  cxi0: 30464950
  cxi1: 28495691
  cxi2: 30464585
  cxi3: 28780044
  cxi4: 28623213
  cxi5: 29374941
  cxi6: 28579132
  cxi7: 30241829
  total: 235024385
pct_req_rsp_latency_22:
  cxi0: 28033974
  cxi1: 27343359
  cxi2: 28329856
  cxi3: 27640980
  cxi4: 27523814
  cxi5: 27994780
  cxi6: 27423284
  cxi7: 28136426
  total: 222426473
pct_req_rsp_latency_23:
  cxi0: 26428120
  cxi1: 26097970
  cxi2: 26747533
  cxi3: 26411658
  cxi4: 26316009
  cxi5: 26722113
  cxi6: 26187494
  cxi7: 26566294
  total: 211477191
pct_req_rsp_latency_24:
  cxi0: 25115983
  cxi1: 24794145
  cxi2: 25422990
  cxi3: 25097609
  cxi4: 25011410
  cxi5: 25454396
  cxi6: 24870913
  cxi7: 25259403
  total: 201026849
pct_req_rsp_latency_25:
  cxi0: 23773154
  cxi1: 23439490
  cxi2: 24065204
  cxi3: 23764599
  cxi4: 23648268
  cxi5: 24129880
  cxi6: 23530542
  cxi7: 23886098
  total: 190237235
pct_req_rsp_latency_26:
  cxi0: 22317094
  cxi1: 21974166
  cxi2: 22604812
  cxi3: 22318607
  cxi4: 22181339
  cxi5: 22623436
  cxi6: 22057170
  cxi7: 22382855
  total: 178459479
pct_req_rsp_latency_27:
  cxi0: 20867524
  cxi1: 20491097
  cxi2: 21113202
  cxi3: 20841248
  cxi4: 20676185
  cxi5: 21058495
  cxi6: 20578304
  cxi7: 20814573
  total: 166440628
pct_req_rsp_latency_28:
  cxi0: 19373901
  cxi1: 18976543
  cxi2: 19603636
  cxi3: 19310188
  cxi4: 19159336
  cxi5: 19451171
  cxi6: 19054010
  cxi7: 19233326
  total: 154162111
pct_req_rsp_latency_29:
  cxi0: 17967210
  cxi1: 17506579
  cxi2: 18133908
  cxi3: 17833087
  cxi4: 17710585
  cxi5: 17903172
  cxi6: 17565526
  cxi7: 17734685
  total: 142354752
pct_req_rsp_latency_30:
  cxi0: 16484242
  cxi1: 16140941
  cxi2: 16703974
  cxi3: 16461256
  cxi4: 16326830
  cxi5: 16478989
  cxi6: 16190635
  cxi7: 16321443
  total: 131108310
pct_req_rsp_latency_31:
  cxi0: 151078023
  cxi1: 148302162
  cxi2: 156063145
  cxi3: 154085941
  cxi4: 150492374
  cxi5: 153381235
  cxi6: 149592224
  cxi7: 150095225
  total: 1213090329
