=== x1921c1s1b0n0 === (8 NICs)
atu_cache_hit_base_page_size_0:
  cxi0: 8336173364
  cxi1: 5812875425
  cxi2: 8126393767
  cxi3: 5773171826
  cxi4: 5858993239
  cxi5: 8095404858
  cxi6: 5769681571
  cxi7: 8321505420
  total: 56094199470
atu_cache_miss_0:
  cxi0: 254874913
  cxi1: 296846001
  cxi2: 381020953
  cxi3: 176977350
  cxi4: 312376692
  cxi5: 369119942
  cxi6: 192737795
  cxi7: 266095814
  total: 2250049460
ixe_disp_amo_events:
  cxi0: 49090
  cxi1: 7263
  cxi2: 7263
  cxi3: 7002
  cxi4: 43788
  cxi5: 7524
  cxi6: 7002
  cxi7: 7263
  total: 136195
ixe_disp_lpe_amos:
  cxi0: 49090
  cxi1: 7263
  cxi2: 7263
  cxi3: 7002
  cxi4: 43788
  cxi5: 7524
  cxi6: 7002
  cxi7: 7263
  total: 136195
ixe_disp_lpe_amos_ok:
  cxi0: 49090
  cxi1: 7263
  cxi2: 7263
  cxi3: 7002
  cxi4: 43788
  cxi5: 7524
  cxi6: 7002
  cxi7: 7263
  total: 136195
pct_retry_trs_put:
  cxi0: 0
  cxi1: 0
  cxi2: 0
  cxi3: 0
  cxi4: 0
  cxi5: 0
  cxi6: 0
  cxi7: 0
  total: 0
mst_stalled_waiting_put_crdts:
  cxi0: 2429761
  cxi1: 22403
  cxi2: 2433445
  cxi3: 17071
  cxi4: 79758
  cxi5: 2448407
  cxi6: 16038
  cxi7: 2419681
  total: 9866564
hni_sts_tx_ok_octets:
  cxi0: 17210838770393
  cxi1: 16417011437746
  cxi2: 11471912118136
  cxi3: 10607308618097
  cxi4: 9989699225670
  cxi5: 10746159257032
  cxi6: 15752209016929
  cxi7: 16618376410475
  total: 108813514854478
hni_sts_rx_ok_octets:
  cxi0: 16560610240426
  cxi1: 15652420460821
  cxi2: 10666906541668
  cxi3: 9901194492173
  cxi4: 9868745616266
  cxi5: 10609390824659
  cxi6: 15689576726513
  cxi7: 16557617489608
  total: 105506462392134
hni_tx_ok_64:
  cxi0: 1614382807
  cxi1: 1155810902
  cxi2: 1558092752
  cxi3: 1170842022
  cxi4: 1170375119
  cxi5: 1545257600
  cxi6: 1179643123
  cxi7: 1618048410
  total: 11012452735
hni_tx_ok_65_to_127:
  cxi0: 4089318
  cxi1: 179139
  cxi2: 3682418
  cxi3: 199672
  cxi4: 221133
  cxi5: 3704117
  cxi6: 385493
  cxi7: 4203199
  total: 16664489
hni_tx_ok_128_to_255:
  cxi0: 769928
  cxi1: 35975
  cxi2: 751226
  cxi3: 44528
  cxi4: 35706
  cxi5: 747266
  cxi6: 71505
  cxi7: 806525
  total: 3262659
hni_tx_ok_256_to_511:
  cxi0: 1813147
  cxi1: 764390
  cxi2: 1906744
  cxi3: 842242
  cxi4: 769319
  cxi5: 1793048
  cxi6: 885801
  cxi7: 1961909
  total: 10736600
hni_tx_ok_512_to_1023:
  cxi0: 3234067
  cxi1: 1216047
  cxi2: 2986312
  cxi3: 1460905
  cxi4: 1424485
  cxi5: 2790772
  cxi6: 1675928
  cxi7: 3446058
  total: 18234574
hni_tx_ok_1024_to_2047:
  cxi0: 3207271
  cxi1: 18969
  cxi2: 3088824
  cxi3: 19015
  cxi4: 20933
  cxi5: 3029462
  cxi6: 23614
  cxi7: 3289386
  total: 12697474
hni_tx_ok_4096_to_8191:
  cxi0: 3
  cxi1: 0
  cxi2: 0
  cxi3: 0
  cxi4: 0
  cxi5: 0
  cxi6: 0
  cxi7: 350
  total: 353
hni_tx_ok_8192_to_max:
  cxi0: 0
  cxi1: 0
  cxi2: 0
  cxi3: 0
  cxi4: 0
  cxi5: 0
  cxi6: 0
  cxi7: 758
  total: 758
hni_rx_ok_64:
  cxi0: 1630289475
  cxi1: 1222865797
  cxi2: 1624022298
  cxi3: 1187333037
  cxi4: 1232498590
  cxi5: 1615050298
  cxi6: 1189680327
  cxi7: 1627398258
  total: 11329138080
hni_rx_ok_65_to_127:
  cxi0: 5026665
  cxi1: 1723490
  cxi2: 5281802
  cxi3: 1150325
  cxi4: 1876789
  cxi5: 5113457
  cxi6: 1156538
  cxi7: 5006249
  total: 26335315
hni_rx_ok_128_to_255:
  cxi0: 1085035
  cxi1: 421301
  cxi2: 1132155
  cxi3: 421391
  cxi4: 428529
  cxi5: 1085625
  cxi6: 610152
  cxi7: 1296913
  total: 6481101
hni_rx_ok_256_to_511:
  cxi0: 2819619
  cxi1: 1521397
  cxi2: 2727629
  cxi3: 1824027
  cxi4: 1727968
  cxi5: 2439660
  cxi6: 1990955
  cxi7: 3088381
  total: 18139636
hni_rx_ok_512_to_1023:
  cxi0: 1655790
  cxi1: 1605
  cxi2: 1641003
  cxi3: 51472
  cxi4: 1582
  cxi5: 1590266
  cxi6: 143152
  cxi7: 1794257
  total: 6879127
hni_rx_ok_1024_to_2047:
  cxi0: 3266601
  cxi1: 2548
  cxi2: 2992737
  cxi3: 4463
  cxi4: 4277
  cxi5: 3040316
  cxi6: 11397
  cxi7: 3176436
  total: 12498775
hni_rx_ok_4096_to_8191:
  cxi0: 244
  cxi1: 0
  cxi2: 0
  cxi3: 0
  cxi4: 0
  cxi5: 0
  cxi6: 0
  cxi7: 2
  total: 246
hni_rx_ok_8192_to_max:
  cxi0: 527
  cxi1: 0
  cxi2: 0
  cxi3: 0
  cxi4: 0
  cxi5: 0
  cxi6: 0
  cxi7: 0
  total: 527
hni_llr_tx_replay_event:
  cxi0: 0
  cxi1: 0
  cxi2: 0
  cxi3: 0
  cxi4: 0
  cxi5: 0
  cxi6: 0
  cxi7: 0
  total: 0
hni_llr_rx_replay_event:
  cxi0: 0
  cxi1: 0
  cxi2: 0
  cxi3: 0
  cxi4: 0
  cxi5: 0
  cxi6: 0
  cxi7: 0
  total: 0
hni_llr_tx_nack_ctl_os:
  cxi0: 0
  cxi1: 0
  cxi2: 0
  cxi3: 0
  cxi4: 0
  cxi5: 0
  cxi6: 0
  cxi7: 0
  total: 0
hni_llr_rx_nack_ctl_os:
  cxi0: 0
  cxi1: 0
  cxi2: 0
  cxi3: 0
  cxi4: 0
  cxi5: 0
  cxi6: 0
  cxi7: 0
  total: 0
hni_llr_tx_discard:
  cxi0: 0
  cxi1: 0
  cxi2: 0
  cxi3: 0
  cxi4: 0
  cxi5: 0
  cxi6: 0
  cxi7: 0
  total: 0
pct_rsp_err_rcvd:
  cxi0: 0
  cxi1: 18
  cxi2: 49
  cxi3: 31
  cxi4: 0
  cxi5: 0
  cxi6: 36
  cxi7: 0
  total: 134
pct_rsp_dropped_timeout:
  cxi0: 0
  cxi1: 0
  cxi2: 0
  cxi3: 0
  cxi4: 0
  cxi5: 0
  cxi6: 0
  cxi7: 0
  total: 0
pct_rsp_dropped_try:
  cxi0: 0
  cxi1: 0
  cxi2: 0
  cxi3: 0
  cxi4: 0
  cxi5: 0
  cxi6: 0
  cxi7: 0
  total: 0
pct_bad_seq_nacks:
  cxi0: 237881
  cxi1: 6888
  cxi2: 253389
  cxi3: 7337
  cxi4: 7402
  cxi5: 244672
  cxi6: 6866
  cxi7: 247917
  total: 1012352
pct_no_trs_nacks:
  cxi0: 53705
  cxi1: 1579
  cxi2: 56161
  cxi3: 1556
  cxi4: 1693
  cxi5: 55135
  cxi6: 1641
  cxi7: 54731
  total: 226201
ixe_rx_pkt_drop_pct:
  cxi0: 383221
  cxi1: 8467
  cxi2: 312300
  cxi3: 8948
  cxi4: 100080
  cxi5: 301070
  cxi6: 8507
  cxi7: 304811
  total: 1427404
ixe_rx_pkt_drop_ixe_parser:
  cxi0: 0
  cxi1: 0
  cxi2: 0
  cxi3: 0
  cxi4: 0
  cxi5: 0
  cxi6: 0
  cxi7: 0
  total: 0
pct_req_rsp_latency_0:
  cxi0: 7570452
  cxi1: 1460689
  cxi2: 7101372
  cxi3: 2395106
  cxi4: 1105398
  cxi5: 5624695
  cxi6: 4921601
  cxi7: 9749419
  total: 39928732
pct_req_rsp_latency_1:
  cxi0: 15965306
  cxi1: 4793095
  cxi2: 16563861
  cxi3: 6189174
  cxi4: 4133465
  cxi5: 14479818
  cxi6: 6701279
  cxi7: 17285425
  total: 86111423
pct_req_rsp_latency_2:
  cxi0: 34049307
  cxi1: 13079917
  cxi2: 33476519
  cxi3: 14131885
  cxi4: 12266157
  cxi5: 30792826
  cxi6: 13004180
  cxi7: 31848127
  total: 182648918
pct_req_rsp_latency_3:
  cxi0: 58823350
  cxi1: 28844049
  cxi2: 54903212
  cxi3: 29848530
  cxi4: 28020018
  cxi5: 52902114
  cxi6: 28215112
  cxi7: 57864152
  total: 339420537
pct_req_rsp_latency_4:
  cxi0: 142334577
  cxi1: 39054403
  cxi2: 118649830
  cxi3: 39721224
  cxi4: 38844818
  cxi5: 115091133
  cxi6: 38750213
  cxi7: 140780381
  total: 673226579
pct_req_rsp_latency_5:
  cxi0: 121615408
  cxi1: 35663629
  cxi2: 117069702
  cxi3: 36046475
  cxi4: 35631772
  cxi5: 119602597
  cxi6: 35554549
  cxi7: 123750941
  total: 624935073
pct_req_rsp_latency_6:
  cxi0: 78093415
  cxi1: 32907646
  cxi2: 80672118
  cxi3: 33297669
  cxi4: 32727974
  cxi5: 79957862
  cxi6: 33244533
  cxi7: 78642527
  total: 449543744
pct_req_rsp_latency_7:
  cxi0: 71594715
  cxi1: 31692017
  cxi2: 67674393
  cxi3: 32213925
  cxi4: 31445052
  cxi5: 68089932
  cxi6: 33462897
  cxi7: 71946479
  total: 408119410
pct_req_rsp_latency_8:
  cxi0: 55375281
  cxi1: 31727412
  cxi2: 54363965
  cxi3: 32289286
  cxi4: 31613269
  cxi5: 55190862
  cxi6: 33805907
  cxi7: 58289635
  total: 352655617
pct_req_rsp_latency_9:
  cxi0: 43540005
  cxi1: 32354284
  cxi2: 44306648
  cxi3: 32744247
  cxi4: 32339496
  cxi5: 44276354
  cxi6: 33528013
  cxi7: 46095558
  total: 309184605
pct_req_rsp_latency_10:
  cxi0: 38041522
  cxi1: 33479517
  cxi2: 38749377
  cxi3: 33648285
  cxi4: 33471406
  cxi5: 38507698
  cxi6: 33970099
  cxi7: 39861287
  total: 289729191
pct_req_rsp_latency_11:
  cxi0: 37265329
  cxi1: 34641640
  cxi2: 37660968
  cxi3: 34720971
  cxi4: 34634189
  cxi5: 37193911
  cxi6: 34878212
  cxi7: 38296711
  total: 289291931
pct_req_rsp_latency_12:
  cxi0: 38419957
  cxi1: 35804490
  cxi2: 38447727
  cxi3: 35832343
  cxi4: 35821351
  cxi5: 37676074
  cxi6: 35908656
  cxi7: 38485782
  total: 296396380
pct_req_rsp_latency_13:
  cxi0: 38905204
  cxi1: 36843054
  cxi2: 38959530
  cxi3: 36885536
  cxi4: 36883078
  cxi5: 38461091
  cxi6: 36886292
  cxi7: 38972390
  total: 302796175
pct_req_rsp_latency_14:
  cxi0: 38996014
  cxi1: 37666380
  cxi2: 39207260
  cxi3: 37703463
  cxi4: 37722149
  cxi5: 39109563
  cxi6: 37655339
  cxi7: 39377722
  total: 307437890
pct_req_rsp_latency_15:
  cxi0: 39395410
  cxi1: 38299507
  cxi2: 39573935
  cxi3: 38329505
  cxi4: 38385266
  cxi5: 39619699
  cxi6: 38245911
  cxi7: 39718024
  total: 311567257
pct_req_rsp_latency_16:
  cxi0: 39622123
  cxi1: 38675556
  cxi2: 39763900
  cxi3: 38693539
  cxi4: 38779711
  cxi5: 39848196
  cxi6: 38584841
  cxi7: 39838236
  total: 313806102
pct_req_rsp_latency_17:
  cxi0: 39657837
  cxi1: 38852448
  cxi2: 39762510
  cxi3: 38863002
  cxi4: 38942226
  cxi5: 39918580
  cxi6: 38749680
  cxi7: 39781605
  total: 314527888
pct_req_rsp_latency_18:
  cxi0: 39227602
  cxi1: 38636146
  cxi2: 39285280
  cxi3: 38625791
  cxi4: 38671865
  cxi5: 39480471
  cxi6: 38500365
  cxi7: 39240976
  total: 311668496
pct_req_rsp_latency_19:
  cxi0: 38607313
  cxi1: 38049799
  cxi2: 38633884
  cxi3: 38007617
  cxi4: 38069530
  cxi5: 38703328
  cxi6: 37823151
  cxi7: 38518526
  total: 306413148
pct_req_rsp_latency_20:
  cxi0: 38412906
  cxi1: 37107440
  cxi2: 38422349
  cxi3: 37059740
  cxi4: 37079382
  cxi5: 37895434
  cxi6: 36870486
  cxi7: 38277636
  total: 301125373
pct_req_rsp_latency_21:
  cxi0: 38382536
  cxi1: 35793252
  cxi2: 38162030
  cxi3: 35715073
  cxi4: 35830145
  cxi5: 36863910
  cxi6: 35545070
  cxi7: 37728785
  total: 294020801
pct_req_rsp_latency_22:
  cxi0: 35218529
  cxi1: 34360253
  cxi2: 35134477
  cxi3: 34256494
  cxi4: 34422524
  cxi5: 35045481
  cxi6: 34138024
  cxi7: 34965126
  total: 277540908
pct_req_rsp_latency_23:
  cxi0: 33097698
  cxi1: 32747505
  cxi2: 33025347
  cxi3: 32635077
  cxi4: 32861946
  cxi5: 33348840
  cxi6: 32561333
  cxi7: 32968668
  total: 263246414
pct_req_rsp_latency_24:
  cxi0: 31256834
  cxi1: 31081750
  cxi2: 31149725
  cxi3: 30924485
  cxi4: 31156722
  cxi5: 31701850
  cxi6: 30888743
  cxi7: 31182540
  total: 249342649
pct_req_rsp_latency_25:
  cxi0: 29359139
  cxi1: 29216356
  cxi2: 29203302
  cxi3: 29033814
  cxi4: 29301544
  cxi5: 29860893
  cxi6: 29067421
  cxi7: 29321124
  total: 234363593
pct_req_rsp_latency_26:
  cxi0: 27388433
  cxi1: 27270039
  cxi2: 27208925
  cxi3: 27076256
  cxi4: 27353676
  cxi5: 27876578
  cxi6: 27141584
  cxi7: 27360343
  total: 218675834
pct_req_rsp_latency_27:
  cxi0: 25405015
  cxi1: 25261429
  cxi2: 25179221
  cxi3: 25059150
  cxi4: 25353951
  cxi5: 25787419
  cxi6: 25172301
  cxi7: 25316881
  total: 202535367
pct_req_rsp_latency_28:
  cxi0: 23541197
  cxi1: 23279658
  cxi2: 23255377
  cxi3: 23062252
  cxi4: 23430174
  cxi5: 23729405
  cxi6: 23219252
  cxi7: 23344100
  total: 186861415
pct_req_rsp_latency_29:
  cxi0: 21767356
  cxi1: 21397818
  cxi2: 21397264
  cxi3: 21179550
  cxi4: 21570745
  cxi5: 21777966
  cxi6: 21354149
  cxi7: 21442466
  total: 171887314
pct_req_rsp_latency_30:
  cxi0: 19940031
  cxi1: 19613654
  cxi2: 19628769
  cxi3: 19402085
  cxi4: 19815563
  cxi5: 19968303
  cxi6: 19605403
  cxi7: 19676776
  total: 157650584
pct_req_rsp_latency_31:
  cxi0: 168840369
  cxi1: 166339855
  cxi2: 164577476
  cxi3: 161861962
  cxi4: 168746536
  cxi5: 172068659
  cxi6: 167465572
  cxi7: 168390012
  total: 1338290441
