=== x1921c1s2b0n0 === (8 NICs)
atu_cache_hit_base_page_size_0:
  cxi0: 7246128881
  cxi1: 4784477210
  cxi2: 7045298937
  cxi3: 4736864522
  cxi4: 4779345004
  cxi5: 7027718926
  cxi6: 4714394485
  cxi7: 7263044320
  total: 47597272285
atu_cache_miss_0:
  cxi0: 222121515
  cxi1: 305243141
  cxi2: 357799952
  cxi3: 180363667
  cxi4: 293215510
  cxi5: 369305948
  cxi6: 188159520
  cxi7: 271471805
  total: 2187681058
ixe_disp_amo_events:
  cxi0: 53386
  cxi1: 29874
  cxi2: 32172
  cxi3: 31023
  cxi4: 49729
  cxi5: 31023
  cxi6: 31023
  cxi7: 32172
  total: 290402
ixe_disp_lpe_amos:
  cxi0: 53386
  cxi1: 29874
  cxi2: 32172
  cxi3: 31023
  cxi4: 49729
  cxi5: 31023
  cxi6: 31023
  cxi7: 32172
  total: 290402
ixe_disp_lpe_amos_ok:
  cxi0: 53386
  cxi1: 29874
  cxi2: 32172
  cxi3: 31023
  cxi4: 49729
  cxi5: 31023
  cxi6: 31023
  cxi7: 32172
  total: 290402
pct_retry_trs_put:
  cxi0: 0
  cxi1: 0
  cxi2: 0
  cxi3: 0
  cxi4: 0
  cxi5: 0
  cxi6: 0
  cxi7: 0
  total: 0
mst_stalled_waiting_put_crdts:
  cxi0: 2406826
  cxi1: 345468
  cxi2: 2583535
  cxi3: 622737
  cxi4: 285722
  cxi5: 2433938
  cxi6: 16437
  cxi7: 2409389
  total: 11104052
hni_sts_tx_ok_octets:
  cxi0: 82455281271207
  cxi1: 81203205085356
  cxi2: 53511269507845
  cxi3: 52158588814112
  cxi4: 51843875713922
  cxi5: 51787803658149
  cxi6: 81553192742486
  cxi7: 82253227328568
  total: 536766444121645
hni_sts_rx_ok_octets:
  cxi0: 81937210567838
  cxi1: 80563927388770
  cxi2: 52688546300351
  cxi3: 51407020029877
  cxi4: 51799573375326
  cxi5: 51813220375990
  cxi6: 80604009485093
  cxi7: 82242560817545
  total: 533056068340790
hni_tx_ok_64:
  cxi0: 1403984074
  cxi1: 967967052
  cxi2: 1351953506
  cxi3: 981578944
  cxi4: 963036489
  cxi5: 1349094267
  cxi6: 984882105
  cxi7: 1422672120
  total: 9425168557
hni_tx_ok_65_to_127:
  cxi0: 3894851
  cxi1: 12169
  cxi2: 3537809
  cxi3: 60562
  cxi4: 35520
  cxi5: 3533848
  cxi6: 290281
  cxi7: 4102493
  total: 15467533
hni_tx_ok_128_to_255:
  cxi0: 734672
  cxi1: 909
  cxi2: 715712
  cxi3: 11467
  cxi4: 678
  cxi5: 714102
  cxi6: 45743
  cxi7: 781657
  total: 3004940
hni_tx_ok_256_to_511:
  cxi0: 1791472
  cxi1: 751880
  cxi2: 1904304
  cxi3: 844859
  cxi4: 748203
  cxi5: 1782928
  cxi6: 895952
  cxi7: 1970897
  total: 10690495
hni_tx_ok_512_to_1023:
  cxi0: 3056604
  cxi1: 1361670
  cxi2: 2870521
  cxi3: 1588209
  cxi4: 1290927
  cxi5: 2795409
  cxi6: 1751398
  cxi7: 3482375
  total: 18197113
hni_tx_ok_1024_to_2047:
  cxi0: 3185817
  cxi1: 5128
  cxi2: 3063647
  cxi3: 5694
  cxi4: 6157
  cxi5: 3011717
  cxi6: 7521
  cxi7: 3293887
  total: 12579568
hni_tx_ok_4096_to_8191:
  cxi0: 1
  cxi1: 0
  cxi2: 0
  cxi3: 0
  cxi4: 0
  cxi5: 0
  cxi6: 0
  cxi7: 300
  total: 301
hni_tx_ok_8192_to_max:
  cxi0: 0
  cxi1: 0
  cxi2: 0
  cxi3: 0
  cxi4: 0
  cxi5: 0
  cxi6: 0
  cxi7: 718
  total: 718
hni_rx_ok_64:
  cxi0: 1403893257
  cxi1: 1011941844
  cxi2: 1399757927
  cxi3: 974782679
  cxi4: 1009590897
  cxi5: 1397436103
  cxi6: 973170333
  cxi7: 1409997286
  total: 9580570326
hni_rx_ok_65_to_127:
  cxi0: 5033287
  cxi1: 1943942
  cxi2: 5335618
  cxi3: 1353374
  cxi4: 1915027
  cxi5: 5271065
  cxi6: 1312367
  cxi7: 5164829
  total: 27329509
hni_rx_ok_128_to_255:
  cxi0: 1093854
  cxi1: 452403
  cxi2: 1150277
  cxi3: 472197
  cxi4: 453415
  cxi5: 1099129
  cxi6: 708094
  cxi7: 1388251
  total: 6817620
hni_rx_ok_256_to_511:
  cxi0: 2728252
  cxi1: 1697564
  cxi2: 2617041
  cxi3: 1984530
  cxi4: 1621767
  cxi5: 2525937
  cxi6: 2125937
  cxi7: 3231896
  total: 18532924
hni_rx_ok_512_to_1023:
  cxi0: 1678726
  cxi1: 15146
  cxi2: 1663392
  cxi3: 78440
  cxi4: 14948
  cxi5: 1590013
  cxi6: 154167
  cxi7: 1789635
  total: 6984467
hni_rx_ok_1024_to_2047:
  cxi0: 3273009
  cxi1: 18843
  cxi2: 3012237
  cxi3: 21757
  cxi4: 19247
  cxi5: 3053151
  cxi6: 24221
  cxi7: 3198404
  total: 12620869
hni_rx_ok_4096_to_8191:
  cxi0: 255
  cxi1: 0
  cxi2: 0
  cxi3: 0
  cxi4: 0
  cxi5: 0
  cxi6: 0
  cxi7: 0
  total: 255
hni_rx_ok_8192_to_max:
  cxi0: 576
  cxi1: 0
  cxi2: 0
  cxi3: 0
  cxi4: 0
  cxi5: 0
  cxi6: 0
  cxi7: 0
  total: 576
hni_llr_tx_replay_event:
  cxi0: 0
  cxi1: 0
  cxi2: 0
  cxi3: 0
  cxi4: 0
  cxi5: 0
  cxi6: 0
  cxi7: 0
  total: 0
hni_llr_rx_replay_event:
  cxi0: 0
  cxi1: 0
  cxi2: 0
  cxi3: 0
  cxi4: 0
  cxi5: 0
  cxi6: 0
  cxi7: 0
  total: 0
hni_llr_tx_nack_ctl_os:
  cxi0: 0
  cxi1: 0
  cxi2: 0
  cxi3: 0
  cxi4: 0
  cxi5: 0
  cxi6: 0
  cxi7: 0
  total: 0
hni_llr_rx_nack_ctl_os:
  cxi0: 0
  cxi1: 0
  cxi2: 0
  cxi3: 0
  cxi4: 0
  cxi5: 0
  cxi6: 0
  cxi7: 0
  total: 0
hni_llr_tx_discard:
  cxi0: 0
  cxi1: 0
  cxi2: 0
  cxi3: 0
  cxi4: 0
  cxi5: 0
  cxi6: 0
  cxi7: 0
  total: 0
pct_rsp_err_rcvd:
  cxi0: 27
  cxi1: 0
  cxi2: 26
  cxi3: 19
  cxi4: 18
  cxi5: 0
  cxi6: 27
  cxi7: 32
  total: 149
pct_rsp_dropped_timeout:
  cxi0: 0
  cxi1: 0
  cxi2: 0
  cxi3: 0
  cxi4: 0
  cxi5: 0
  cxi6: 0
  cxi7: 0
  total: 0
pct_rsp_dropped_try:
  cxi0: 0
  cxi1: 0
  cxi2: 0
  cxi3: 0
  cxi4: 0
  cxi5: 0
  cxi6: 0
  cxi7: 0
  total: 0
pct_bad_seq_nacks:
  cxi0: 229350
  cxi1: 7830
  cxi2: 224648
  cxi3: 7993
  cxi4: 7597
  cxi5: 228288
  cxi6: 7862
  cxi7: 224054
  total: 937622
pct_no_trs_nacks:
  cxi0: 50994
  cxi1: 1833
  cxi2: 46815
  cxi3: 1855
  cxi4: 1825
  cxi5: 50710
  cxi6: 1894
  cxi7: 48506
  total: 204432
ixe_rx_pkt_drop_pct:
  cxi0: 282727
  cxi1: 70202
  cxi2: 272381
  cxi3: 101953
  cxi4: 9422
  cxi5: 280085
  cxi6: 9747
  cxi7: 275489
  total: 1302006
ixe_rx_pkt_drop_ixe_parser:
  cxi0: 0
  cxi1: 0
  cxi2: 0
  cxi3: 0
  cxi4: 0
  cxi5: 0
  cxi6: 0
  cxi7: 0
  total: 0
pct_req_rsp_latency_0:
  cxi0: 8473569
  cxi1: 2611388
  cxi2: 4875759
  cxi3: 265965
  cxi4: 1540520
  cxi5: 6103520
  cxi6: 1456625
  cxi7: 6378391
  total: 31705737
pct_req_rsp_latency_1:
  cxi0: 18998741
  cxi1: 4051971
  cxi2: 14464293
  cxi3: 1290003
  cxi4: 2613010
  cxi5: 15209195
  cxi6: 2907389
  cxi7: 16102723
  total: 75637325
pct_req_rsp_latency_2:
  cxi0: 53982497
  cxi1: 7100817
  cxi2: 49644229
  cxi3: 5499669
  cxi4: 6315430
  cxi5: 47983268
  cxi6: 6835464
  cxi7: 51204236
  total: 228565610
pct_req_rsp_latency_3:
  cxi0: 64081309
  cxi1: 21089246
  cxi2: 60733938
  cxi3: 20029613
  cxi4: 20217291
  cxi5: 63113905
  cxi6: 20960066
  cxi7: 64402392
  total: 334627760
pct_req_rsp_latency_4:
  cxi0: 130699203
  cxi1: 29457966
  cxi2: 108279302
  cxi3: 28566613
  cxi4: 28930617
  cxi5: 107740740
  cxi6: 29274412
  cxi7: 129463054
  total: 592411907
pct_req_rsp_latency_5:
  cxi0: 115857067
  cxi1: 27460472
  cxi2: 110380055
  cxi3: 26946937
  cxi4: 27290844
  cxi5: 112075267
  cxi6: 27484078
  cxi7: 118254541
  total: 565749261
pct_req_rsp_latency_6:
  cxi0: 68898648
  cxi1: 25133995
  cxi2: 68971290
  cxi3: 24910862
  cxi4: 25008686
  cxi5: 69160565
  cxi6: 25730429
  cxi7: 68650038
  total: 376464513
pct_req_rsp_latency_7:
  cxi0: 48413774
  cxi1: 24087378
  cxi2: 44191963
  cxi3: 24327287
  cxi4: 24106920
  cxi5: 44456988
  cxi6: 26403880
  cxi7: 50025821
  total: 286014011
pct_req_rsp_latency_8:
  cxi0: 33303339
  cxi1: 24542362
  cxi2: 32534771
  cxi3: 24911322
  cxi4: 24521390
  cxi5: 33148088
  cxi6: 27224370
  cxi7: 37769562
  total: 237955204
pct_req_rsp_latency_9:
  cxi0: 28881649
  cxi1: 25429625
  cxi2: 29373485
  cxi3: 25624678
  cxi4: 25383596
  cxi5: 29576865
  cxi6: 27010043
  cxi7: 31995315
  total: 223275256
pct_req_rsp_latency_10:
  cxi0: 28681783
  cxi1: 26408580
  cxi2: 29107719
  cxi3: 26517723
  cxi4: 26423362
  cxi5: 29121374
  cxi6: 27264843
  cxi7: 30720896
  total: 224246280
pct_req_rsp_latency_11:
  cxi0: 29442157
  cxi1: 27410021
  cxi2: 29780973
  cxi3: 27504089
  cxi4: 27496360
  cxi5: 29570960
  cxi6: 27998724
  cxi7: 30817053
  total: 230020337
pct_req_rsp_latency_12:
  cxi0: 30558027
  cxi1: 28397743
  cxi2: 30768477
  cxi3: 28521528
  cxi4: 28479117
  cxi5: 30209612
  cxi6: 28870964
  cxi7: 31153270
  total: 236958738
pct_req_rsp_latency_13:
  cxi0: 31061012
  cxi1: 29256713
  cxi2: 31316650
  cxi3: 29398007
  cxi4: 29344732
  cxi5: 30815500
  cxi6: 29649995
  cxi7: 31534433
  total: 242377042
pct_req_rsp_latency_14:
  cxi0: 31028809
  cxi1: 29950160
  cxi2: 31496707
  cxi3: 30118502
  cxi4: 30048639
  cxi5: 31347705
  cxi6: 30297007
  cxi7: 31847656
  total: 246135185
pct_req_rsp_latency_15:
  cxi0: 31302600
  cxi1: 30401504
  cxi2: 31716823
  cxi3: 30604800
  cxi4: 30531041
  cxi5: 31666378
  cxi6: 30714962
  cxi7: 32045111
  total: 248983219
pct_req_rsp_latency_16:
  cxi0: 31419893
  cxi1: 30654434
  cxi2: 31817581
  cxi3: 30890627
  cxi4: 30813315
  cxi5: 31784911
  cxi6: 30944737
  cxi7: 32071957
  total: 250397455
pct_req_rsp_latency_17:
  cxi0: 31388668
  cxi1: 30713225
  cxi2: 31742546
  cxi3: 30977989
  cxi4: 30907645
  cxi5: 31669229
  cxi6: 30996253
  cxi7: 31950729
  total: 250346284
pct_req_rsp_latency_18:
  cxi0: 31090149
  cxi1: 30579646
  cxi2: 31432060
  cxi3: 30842138
  cxi4: 30764899
  cxi5: 31319434
  cxi6: 30792606
  cxi7: 31560264
  total: 248381196
pct_req_rsp_latency_19:
  cxi0: 30657543
  cxi1: 30132016
  cxi2: 30973266
  cxi3: 30402171
  cxi4: 30321125
  cxi5: 30756876
  cxi6: 30271069
  cxi7: 30994869
  total: 244508935
pct_req_rsp_latency_20:
  cxi0: 30767526
  cxi1: 29443760
  cxi2: 30967754
  cxi3: 29724939
  cxi4: 29619723
  cxi5: 30181362
  cxi6: 29539026
  cxi7: 30934427
  total: 241178517
pct_req_rsp_latency_21:
  cxi0: 30464760
  cxi1: 28495590
  cxi2: 30464420
  cxi3: 28779930
  cxi4: 28623073
  cxi5: 29374876
  cxi6: 28579017
  cxi7: 30241659
  total: 235023325
pct_req_rsp_latency_22:
  cxi0: 28033892
  cxi1: 27343250
  cxi2: 28329817
  cxi3: 27640888
  cxi4: 27523683
  cxi5: 27994736
  cxi6: 27423173
  cxi7: 28136342
  total: 222425781
pct_req_rsp_latency_23:
  cxi0: 26428039
  cxi1: 26097860
  cxi2: 26747485
  cxi3: 26411599
  cxi4: 26315923
  cxi5: 26722104
  cxi6: 26187414
  cxi7: 26566120
  total: 211476544
pct_req_rsp_latency_24:
  cxi0: 25115926
  cxi1: 24794112
  cxi2: 25422864
  cxi3: 25097558
  cxi4: 25011282
  cxi5: 25454337
  cxi6: 24870842
  cxi7: 25259297
  total: 201026218
pct_req_rsp_latency_25:
  cxi0: 23773115
  cxi1: 23439447
  cxi2: 24065139
  cxi3: 23764480
  cxi4: 23648190
  cxi5: 24129835
  cxi6: 23530477
  cxi7: 23885958
  total: 190236641
pct_req_rsp_latency_26:
  cxi0: 22317017
  cxi1: 21974045
  cxi2: 22604760
  cxi3: 22318549
  cxi4: 22181246
  cxi5: 22623417
  cxi6: 22057144
  cxi7: 22382709
  total: 178458887
pct_req_rsp_latency_27:
  cxi0: 20867491
  cxi1: 20491041
  cxi2: 21113159
  cxi3: 20841214
  cxi4: 20676090
  cxi5: 21058476
  cxi6: 20578247
  cxi7: 20814533
  total: 166440251
pct_req_rsp_latency_28:
  cxi0: 19373863
  cxi1: 18976493
  cxi2: 19603618
  cxi3: 19310154
  cxi4: 19159264
  cxi5: 19451158
  cxi6: 19053963
  cxi7: 19233290
  total: 154161803
pct_req_rsp_latency_29:
  cxi0: 17967171
  cxi1: 17506503
  cxi2: 18133893
  cxi3: 17833051
  cxi4: 17710533
  cxi5: 17903113
  cxi6: 17565465
  cxi7: 17734631
  total: 142354360
pct_req_rsp_latency_30:
  cxi0: 16484224
  cxi1: 16140847
  cxi2: 16703937
  cxi3: 16461226
  cxi4: 16326791
  cxi5: 16478936
  cxi6: 16190600
  cxi7: 16321374
  total: 131107935
pct_req_rsp_latency_31:
  cxi0: 151077340
  cxi1: 148301703
  cxi2: 156062761
  cxi3: 154085370
  cxi4: 150492064
  cxi5: 153380959
  cxi6: 149591738
  cxi7: 150094846
  total: 1213086781
