=== x1921c1s2b0n0 === (8 NICs)
atu_cache_hit_base_page_size_0:
  cxi0: 7246136345
  cxi1: 4784480735
  cxi2: 7045302471
  cxi3: 4736868128
  cxi4: 4779351740
  cxi5: 7027722020
  cxi6: 4714397900
  cxi7: 7263047665
  total: 47597307004
atu_cache_miss_0:
  cxi0: 222128702
  cxi1: 305250476
  cxi2: 357807200
  cxi3: 180370873
  cxi4: 293223142
  cxi5: 369313642
  cxi6: 188166891
  cxi7: 271479269
  total: 2187740195
ixe_disp_amo_events:
  cxi0: 58176
  cxi1: 30770
  cxi2: 33068
  cxi3: 31919
  cxi4: 54165
  cxi5: 31919
  cxi6: 31919
  cxi7: 33068
  total: 305004
ixe_disp_lpe_amos:
  cxi0: 58176
  cxi1: 30770
  cxi2: 33068
  cxi3: 31919
  cxi4: 54165
  cxi5: 31919
  cxi6: 31919
  cxi7: 33068
  total: 305004
ixe_disp_lpe_amos_ok:
  cxi0: 58176
  cxi1: 30770
  cxi2: 33068
  cxi3: 31919
  cxi4: 54165
  cxi5: 31919
  cxi6: 31919
  cxi7: 33068
  total: 305004
pct_retry_trs_put:
  cxi0: 0
  cxi1: 0
  cxi2: 0
  cxi3: 0
  cxi4: 0
  cxi5: 0
  cxi6: 0
  cxi7: 0
  total: 0
mst_stalled_waiting_put_crdts:
  cxi0: 2406826
  cxi1: 345468
  cxi2: 2583535
  cxi3: 622737
  cxi4: 285722
  cxi5: 2433938
  cxi6: 16437
  cxi7: 2409389
  total: 11104052
hni_sts_tx_ok_octets:
  cxi0: 82455285294851
  cxi1: 81203208290971
  cxi2: 53511272758567
  cxi3: 52158592062412
  cxi4: 51843879651385
  cxi5: 51787806849917
  cxi6: 81553195987299
  cxi7: 82253230576768
  total: 536766471472170
hni_sts_rx_ok_octets:
  cxi0: 81937214616792
  cxi1: 80563930592281
  cxi2: 52688549732284
  cxi3: 51407023297434
  cxi4: 51799577319770
  cxi5: 51813223572753
  cxi6: 80604012738091
  cxi7: 82242564074698
  total: 533056095944103
hni_tx_ok_64:
  cxi0: 1403997461
  cxi1: 967972718
  cxi2: 1351959364
  cxi3: 981584828
  cxi4: 963049004
  cxi5: 1349099846
  cxi6: 984887947
  cxi7: 1422677973
  total: 9425229141
hni_tx_ok_65_to_127:
  cxi0: 3900797
  cxi1: 14069
  cxi2: 3539710
  cxi3: 62463
  cxi4: 41094
  cxi5: 3535744
  cxi6: 292177
  cxi7: 4104389
  total: 15490443
hni_tx_ok_128_to_255:
  cxi0: 734679
  cxi1: 913
  cxi2: 715722
  cxi3: 11473
  cxi4: 678
  cxi5: 714102
  cxi6: 45743
  cxi7: 781657
  total: 3004967
hni_tx_ok_256_to_511:
  cxi0: 1791482
  cxi1: 751927
  cxi2: 1904316
  cxi3: 844899
  cxi4: 748224
  cxi5: 1782952
  cxi6: 896012
  cxi7: 1970953
  total: 10690765
hni_tx_ok_512_to_1023:
  cxi0: 3056630
  cxi1: 1361694
  cxi2: 2870584
  cxi3: 1588274
  cxi4: 1290951
  cxi5: 2795433
  cxi6: 1751447
  cxi7: 3482431
  total: 18197444
hni_tx_ok_1024_to_2047:
  cxi0: 3185817
  cxi1: 5128
  cxi2: 3063648
  cxi3: 5694
  cxi4: 6157
  cxi5: 3011717
  cxi6: 7521
  cxi7: 3293887
  total: 12579569
hni_tx_ok_4096_to_8191:
  cxi0: 1
  cxi1: 0
  cxi2: 0
  cxi3: 0
  cxi4: 0
  cxi5: 0
  cxi6: 0
  cxi7: 300
  total: 301
hni_tx_ok_8192_to_max:
  cxi0: 0
  cxi1: 0
  cxi2: 0
  cxi3: 0
  cxi4: 0
  cxi5: 0
  cxi6: 0
  cxi7: 718
  total: 718
hni_rx_ok_64:
  cxi0: 1403906531
  cxi1: 1011947511
  cxi2: 1399763697
  cxi3: 974788559
  cxi4: 1009603527
  cxi5: 1397441683
  cxi6: 973176176
  cxi7: 1410003142
  total: 9580630826
hni_rx_ok_65_to_127:
  cxi0: 5039153
  cxi1: 1945862
  cxi2: 5337539
  cxi3: 1355294
  cxi4: 1920538
  cxi5: 5272988
  cxi6: 1314292
  cxi7: 5166754
  total: 27352420
hni_rx_ok_128_to_255:
  cxi0: 1093854
  cxi1: 452403
  cxi2: 1150281
  cxi3: 472201
  cxi4: 453419
  cxi5: 1099133
  cxi6: 708098
  cxi7: 1388255
  total: 6817644
hni_rx_ok_256_to_511:
  cxi0: 2728254
  cxi1: 1697603
  cxi2: 2617042
  cxi3: 1984560
  cxi4: 1621796
  cxi5: 2525969
  cxi6: 2126002
  cxi7: 3231957
  total: 18533183
hni_rx_ok_512_to_1023:
  cxi0: 1678753
  cxi1: 15170
  cxi2: 1663448
  cxi3: 78483
  cxi4: 14972
  cxi5: 1590037
  cxi6: 154207
  cxi7: 1789682
  total: 6984752
hni_rx_ok_1024_to_2047:
  cxi0: 3273010
  cxi1: 18843
  cxi2: 3012248
  cxi3: 21781
  cxi4: 19247
  cxi5: 3053151
  cxi6: 24233
  cxi7: 3198416
  total: 12620929
hni_rx_ok_4096_to_8191:
  cxi0: 256
  cxi1: 0
  cxi2: 0
  cxi3: 0
  cxi4: 0
  cxi5: 0
  cxi6: 0
  cxi7: 0
  total: 256
hni_rx_ok_8192_to_max:
  cxi0: 580
  cxi1: 0
  cxi2: 0
  cxi3: 0
  cxi4: 0
  cxi5: 0
  cxi6: 0
  cxi7: 0
  total: 580
hni_llr_tx_replay_event:
  cxi0: 0
  cxi1: 0
  cxi2: 0
  cxi3: 0
  cxi4: 0
  cxi5: 0
  cxi6: 0
  cxi7: 0
  total: 0
hni_llr_rx_replay_event:
  cxi0: 0
  cxi1: 0
  cxi2: 0
  cxi3: 0
  cxi4: 0
  cxi5: 0
  cxi6: 0
  cxi7: 0
  total: 0
hni_llr_tx_nack_ctl_os:
  cxi0: 0
  cxi1: 0
  cxi2: 0
  cxi3: 0
  cxi4: 0
  cxi5: 0
  cxi6: 0
  cxi7: 0
  total: 0
hni_llr_rx_nack_ctl_os:
  cxi0: 0
  cxi1: 0
  cxi2: 0
  cxi3: 0
  cxi4: 0
  cxi5: 0
  cxi6: 0
  cxi7: 0
  total: 0
hni_llr_tx_discard:
  cxi0: 0
  cxi1: 0
  cxi2: 0
  cxi3: 0
  cxi4: 0
  cxi5: 0
  cxi6: 0
  cxi7: 0
  total: 0
pct_rsp_err_rcvd:
  cxi0: 27
  cxi1: 0
  cxi2: 26
  cxi3: 19
  cxi4: 18
  cxi5: 0
  cxi6: 27
  cxi7: 32
  total: 149
pct_rsp_dropped_timeout:
  cxi0: 0
  cxi1: 0
  cxi2: 0
  cxi3: 0
  cxi4: 0
  cxi5: 0
  cxi6: 0
  cxi7: 0
  total: 0
pct_rsp_dropped_try:
  cxi0: 0
  cxi1: 0
  cxi2: 0
  cxi3: 0
  cxi4: 0
  cxi5: 0
  cxi6: 0
  cxi7: 0
  total: 0
pct_bad_seq_nacks:
  cxi0: 229350
  cxi1: 7830
  cxi2: 224648
  cxi3: 7993
  cxi4: 7597
  cxi5: 228288
  cxi6: 7862
  cxi7: 224054
  total: 937622
pct_no_trs_nacks:
  cxi0: 50994
  cxi1: 1833
  cxi2: 46815
  cxi3: 1855
  cxi4: 1825
  cxi5: 50710
  cxi6: 1894
  cxi7: 48506
  total: 204432
ixe_rx_pkt_drop_pct:
  cxi0: 282727
  cxi1: 70202
  cxi2: 272381
  cxi3: 101953
  cxi4: 9422
  cxi5: 280085
  cxi6: 9747
  cxi7: 275489
  total: 1302006
ixe_rx_pkt_drop_ixe_parser:
  cxi0: 0
  cxi1: 0
  cxi2: 0
  cxi3: 0
  cxi4: 0
  cxi5: 0
  cxi6: 0
  cxi7: 0
  total: 0
pct_req_rsp_latency_0:
  cxi0: 8476944
  cxi1: 2613071
  cxi2: 4876721
  cxi3: 266936
  cxi4: 1543767
  cxi5: 6104969
  cxi6: 1457608
  cxi7: 6379377
  total: 31719393
pct_req_rsp_latency_1:
  cxi0: 19000196
  cxi1: 4052057
  cxi2: 14464361
  cxi3: 1290115
  cxi4: 2614302
  cxi5: 15209339
  cxi6: 2907434
  cxi7: 16102789
  total: 75640593
pct_req_rsp_latency_2:
  cxi0: 53983404
  cxi1: 7100910
  cxi2: 49644372
  cxi3: 5499845
  cxi4: 6316407
  cxi5: 47983385
  cxi6: 6835654
  cxi7: 51204359
  total: 228568336
pct_req_rsp_latency_3:
  cxi0: 64081514
  cxi1: 21089346
  cxi2: 60734132
  cxi3: 20030057
  cxi4: 20217397
  cxi5: 63114008
  cxi6: 20960159
  cxi7: 64402703
  total: 334629316
pct_req_rsp_latency_4:
  cxi0: 130699301
  cxi1: 29458023
  cxi2: 108279796
  cxi3: 28566811
  cxi4: 28930704
  cxi5: 107740826
  cxi6: 29274820
  cxi7: 129463299
  total: 592413580
pct_req_rsp_latency_5:
  cxi0: 115857160
  cxi1: 27460486
  cxi2: 110380253
  cxi3: 26947024
  cxi4: 27290907
  cxi5: 112075317
  cxi6: 27484328
  cxi7: 118254652
  total: 565750127
pct_req_rsp_latency_6:
  cxi0: 68898696
  cxi1: 25134008
  cxi2: 68971397
  cxi3: 24910922
  cxi4: 25008719
  cxi5: 69160651
  cxi6: 25730575
  cxi7: 68650139
  total: 376465107
pct_req_rsp_latency_7:
  cxi0: 48413802
  cxi1: 24087409
  cxi2: 44192069
  cxi3: 24327376
  cxi4: 24106968
  cxi5: 44457048
  cxi6: 26403947
  cxi7: 50025888
  total: 286014507
pct_req_rsp_latency_8:
  cxi0: 33303343
  cxi1: 24542409
  cxi2: 32534837
  cxi3: 24911351
  cxi4: 24521428
  cxi5: 33148112
  cxi6: 27224416
  cxi7: 37769625
  total: 237955521
pct_req_rsp_latency_9:
  cxi0: 28881702
  cxi1: 25429711
  cxi2: 29373531
  cxi3: 25624760
  cxi4: 25383603
  cxi5: 29576918
  cxi6: 27010107
  cxi7: 31995354
  total: 223275686
pct_req_rsp_latency_10:
  cxi0: 28681830
  cxi1: 26408625
  cxi2: 29107763
  cxi3: 26517772
  cxi4: 26423386
  cxi5: 29121405
  cxi6: 27264887
  cxi7: 30720917
  total: 224246585
pct_req_rsp_latency_11:
  cxi0: 29442238
  cxi1: 27410102
  cxi2: 29780988
  cxi3: 27504139
  cxi4: 27496416
  cxi5: 29570984
  cxi6: 27998747
  cxi7: 30817105
  total: 230020719
pct_req_rsp_latency_12:
  cxi0: 30558079
  cxi1: 28397768
  cxi2: 30768543
  cxi3: 28521537
  cxi4: 28479160
  cxi5: 30209659
  cxi6: 28871011
  cxi7: 31153302
  total: 236959059
pct_req_rsp_latency_13:
  cxi0: 31061047
  cxi1: 29256732
  cxi2: 31316682
  cxi3: 29398022
  cxi4: 29344748
  cxi5: 30815536
  cxi6: 29650039
  cxi7: 31534466
  total: 242377272
pct_req_rsp_latency_14:
  cxi0: 31028854
  cxi1: 29950211
  cxi2: 31496742
  cxi3: 30118589
  cxi4: 30048745
  cxi5: 31347794
  cxi6: 30297130
  cxi7: 31847684
  total: 246135749
pct_req_rsp_latency_15:
  cxi0: 31302681
  cxi1: 30401588
  cxi2: 31716871
  cxi3: 30604825
  cxi4: 30531083
  cxi5: 31666435
  cxi6: 30715042
  cxi7: 32045169
  total: 248983694
pct_req_rsp_latency_16:
  cxi0: 31419956
  cxi1: 30654484
  cxi2: 31817643
  cxi3: 30890658
  cxi4: 30813337
  cxi5: 31784963
  cxi6: 30944780
  cxi7: 32071998
  total: 250397819
pct_req_rsp_latency_17:
  cxi0: 31388721
  cxi1: 30713279
  cxi2: 31742560
  cxi3: 30978000
  cxi4: 30907666
  cxi5: 31669260
  cxi6: 30996335
  cxi7: 31950747
  total: 250346568
pct_req_rsp_latency_18:
  cxi0: 31090223
  cxi1: 30579689
  cxi2: 31432131
  cxi3: 30842173
  cxi4: 30764956
  cxi5: 31319449
  cxi6: 30792612
  cxi7: 31560305
  total: 248381538
pct_req_rsp_latency_19:
  cxi0: 30657578
  cxi1: 30132056
  cxi2: 30973307
  cxi3: 30402200
  cxi4: 30321167
  cxi5: 30756930
  cxi6: 30271082
  cxi7: 30994947
  total: 244509267
pct_req_rsp_latency_20:
  cxi0: 30767575
  cxi1: 29443819
  cxi2: 30967783
  cxi3: 29724995
  cxi4: 29619761
  cxi5: 30181414
  cxi6: 29539067
  cxi7: 30934496
  total: 241178910
pct_req_rsp_latency_21:
  cxi0: 30464853
  cxi1: 28495641
  cxi2: 30464520
  cxi3: 28779971
  cxi4: 28623123
  cxi5: 29374882
  cxi6: 28579017
  cxi7: 30241705
  total: 235023712
pct_req_rsp_latency_22:
  cxi0: 28033922
  cxi1: 27343305
  cxi2: 28329834
  cxi3: 27640940
  cxi4: 27523723
  cxi5: 27994768
  cxi6: 27423174
  cxi7: 28136362
  total: 222426028
pct_req_rsp_latency_23:
  cxi0: 26428089
  cxi1: 26097929
  cxi2: 26747512
  cxi3: 26411644
  cxi4: 26315941
  cxi5: 26722111
  cxi6: 26187419
  cxi7: 26566172
  total: 211476817
pct_req_rsp_latency_24:
  cxi0: 25115935
  cxi1: 24794117
  cxi2: 25422903
  cxi3: 25097582
  cxi4: 25011333
  cxi5: 25454374
  cxi6: 24870866
  cxi7: 25259326
  total: 201026436
pct_req_rsp_latency_25:
  cxi0: 23773123
  cxi1: 23439464
  cxi2: 24065158
  cxi3: 23764528
  cxi4: 23648225
  cxi5: 24129878
  cxi6: 23530490
  cxi7: 23886041
  total: 190236907
pct_req_rsp_latency_26:
  cxi0: 22317030
  cxi1: 21974066
  cxi2: 22604768
  cxi3: 22318568
  cxi4: 22181287
  cxi5: 22623436
  cxi6: 22057164
  cxi7: 22382767
  total: 178459086
pct_req_rsp_latency_27:
  cxi0: 20867497
  cxi1: 20491062
  cxi2: 21113163
  cxi3: 20841234
  cxi4: 20676127
  cxi5: 21058495
  cxi6: 20578303
  cxi7: 20814551
  total: 166440432
pct_req_rsp_latency_28:
  cxi0: 19373866
  cxi1: 18976521
  cxi2: 19603626
  cxi3: 19310175
  cxi4: 19159285
  cxi5: 19451171
  cxi6: 19053991
  cxi7: 19233314
  total: 154161949
pct_req_rsp_latency_29:
  cxi0: 17967171
  cxi1: 17506543
  cxi2: 18133904
  cxi3: 17833077
  cxi4: 17710568
  cxi5: 17903172
  cxi6: 17565480
  cxi7: 17734671
  total: 142354586
pct_req_rsp_latency_30:
  cxi0: 16484228
  cxi1: 16140863
  cxi2: 16703951
  cxi3: 16461253
  cxi4: 16326821
  cxi5: 16478989
  cxi6: 16190607
  cxi7: 16321417
  total: 131108129
pct_req_rsp_latency_31:
  cxi0: 151077504
  cxi1: 148301874
  cxi2: 156063031
  cxi3: 154085698
  cxi4: 150492240
  cxi5: 153381235
  cxi6: 149592016
  cxi7: 150095138
  total: 1213088736
