=== x1922c5s6b0n0 === (8 NICs)
atu_cache_hit_base_page_size_0:
  cxi0: 961352702
  cxi1: 956862191
  cxi2: 961306927
  cxi3: 955928439
  cxi4: 960857784
  cxi5: 961476862
  cxi6: 958470938
  cxi7: 961853060
  total: 7678108903
atu_cache_miss_0:
  cxi0: 36265626
  cxi1: 29812913
  cxi2: 33482795
  cxi3: 25764593
  cxi4: 25297908
  cxi5: 26720836
  cxi6: 24945207
  cxi7: 28218497
  total: 230508375
ixe_disp_amo_events:
  cxi0: 28421
  cxi1: 4340
  cxi2: 4470
  cxi3: 4201
  cxi4: 25330
  cxi5: 4530
  cxi6: 4234
  cxi7: 4248
  total: 79774
ixe_disp_lpe_amos:
  cxi0: 28421
  cxi1: 4340
  cxi2: 4470
  cxi3: 4201
  cxi4: 25330
  cxi5: 4530
  cxi6: 4234
  cxi7: 4248
  total: 79774
ixe_disp_lpe_amos_ok:
  cxi0: 28421
  cxi1: 4340
  cxi2: 4470
  cxi3: 4201
  cxi4: 25330
  cxi5: 4530
  cxi6: 4234
  cxi7: 4248
  total: 79774
pct_retry_trs_put:
  cxi0: 0
  cxi1: 0
  cxi2: 0
  cxi3: 0
  cxi4: 0
  cxi5: 0
  cxi6: 0
  cxi7: 0
  total: 0
mst_stalled_waiting_put_crdts:
  cxi0: 0
  cxi1: 0
  cxi2: 0
  cxi3: 0
  cxi4: 0
  cxi5: 0
  cxi6: 0
  cxi7: 0
  total: 0
hni_sts_tx_ok_octets:
  cxi0: 58926122422089
  cxi1: 58330360649519
  cxi2: 34564557530570
  cxi3: 32068038223721
  cxi4: 32041837050450
  cxi5: 34103671507992
  cxi6: 57580463889872
  cxi7: 59862697770485
  total: 367477749044698
hni_sts_rx_ok_octets:
  cxi0: 59731706729443
  cxi1: 59099276839182
  cxi2: 35308801804187
  cxi3: 32731979482500
  cxi4: 32158984854010
  cxi5: 34239256462557
  cxi6: 57650576609669
  cxi7: 59875358353228
  total: 370795941134776
hni_tx_ok_64:
  cxi0: 188261916
  cxi1: 186903309
  cxi2: 188208481
  cxi3: 186252485
  cxi4: 186800487
  cxi5: 186746918
  cxi6: 186647248
  cxi7: 187564755
  total: 1497385599
hni_tx_ok_65_to_127:
  cxi0: 194000
  cxi1: 158372
  cxi2: 159087
  cxi3: 153854
  cxi4: 189557
  cxi5: 171114
  cxi6: 159153
  cxi7: 164583
  total: 1349720
hni_tx_ok_128_to_255:
  cxi0: 43328
  cxi1: 41160
  cxi2: 43798
  cxi3: 42766
  cxi4: 41047
  cxi5: 43069
  cxi6: 40833
  cxi7: 41868
  total: 337869
hni_tx_ok_256_to_511:
  cxi0: 15017
  cxi1: 14706
  cxi2: 16201
  cxi3: 15933
  cxi4: 13939
  cxi5: 15116
  cxi6: 55103
  cxi7: 56263
  total: 202278
hni_tx_ok_512_to_1023:
  cxi0: 22618
  cxi1: 21153
  cxi2: 22905
  cxi3: 21871
  cxi4: 21252
  cxi5: 22556
  cxi6: 22978
  cxi7: 24153
  total: 179486
hni_tx_ok_1024_to_2047:
  cxi0: 32061
  cxi1: 26650
  cxi2: 28600
  cxi3: 23634
  cxi4: 23462
  cxi5: 24483
  cxi6: 23752
  cxi7: 26251
  total: 208893
hni_tx_ok_4096_to_8191:
  cxi0: 0
  cxi1: 0
  cxi2: 0
  cxi3: 0
  cxi4: 0
  cxi5: 0
  cxi6: 0
  cxi7: 14
  total: 14
hni_tx_ok_8192_to_max:
  cxi0: 0
  cxi1: 0
  cxi2: 0
  cxi3: 0
  cxi4: 0
  cxi5: 0
  cxi6: 0
  cxi7: 68
  total: 68
hni_rx_ok_64:
  cxi0: 201801570
  cxi1: 199771616
  cxi2: 201126911
  cxi3: 198917306
  cxi4: 199741936
  cxi5: 200234434
  cxi6: 199228794
  cxi7: 200394252
  total: 1601216819
hni_rx_ok_65_to_127:
  cxi0: 92797
  cxi1: 66309
  cxi2: 66778
  cxi3: 65840
  cxi4: 82229
  cxi5: 58889
  cxi6: 56698
  cxi7: 56284
  total: 545824
hni_rx_ok_128_to_255:
  cxi0: 101
  cxi1: 64
  cxi2: 2692
  cxi3: 2664
  cxi4: 139
  cxi5: 172
  cxi6: 890
  cxi7: 956
  total: 7678
hni_rx_ok_256_to_511:
  cxi0: 999
  cxi1: 1115
  cxi2: 2533
  cxi3: 2758
  cxi4: 542
  cxi5: 1224
  cxi6: 42130
  cxi7: 42803
  total: 94104
hni_rx_ok_512_to_1023:
  cxi0: 850
  cxi1: 865
  cxi2: 2284
  cxi3: 1619
  cxi4: 632
  cxi5: 921
  cxi6: 2862
  cxi7: 3245
  total: 13278
hni_rx_ok_1024_to_2047:
  cxi0: 10847
  cxi1: 6291
  cxi2: 8430
  cxi3: 4237
  cxi4: 3469
  cxi5: 3595
  cxi6: 4174
  cxi7: 6461
  total: 47504
hni_rx_ok_4096_to_8191:
  cxi0: 2
  cxi1: 0
  cxi2: 0
  cxi3: 0
  cxi4: 0
  cxi5: 0
  cxi6: 0
  cxi7: 0
  total: 2
hni_rx_ok_8192_to_max:
  cxi0: 26
  cxi1: 0
  cxi2: 0
  cxi3: 0
  cxi4: 0
  cxi5: 0
  cxi6: 0
  cxi7: 0
  total: 26
hni_llr_tx_replay_event:
  cxi0: 0
  cxi1: 0
  cxi2: 0
  cxi3: 0
  cxi4: 0
  cxi5: 0
  cxi6: 0
  cxi7: 0
  total: 0
hni_llr_rx_replay_event:
  cxi0: 0
  cxi1: 0
  cxi2: 0
  cxi3: 0
  cxi4: 0
  cxi5: 0
  cxi6: 0
  cxi7: 0
  total: 0
hni_llr_tx_nack_ctl_os:
  cxi0: 0
  cxi1: 0
  cxi2: 0
  cxi3: 0
  cxi4: 0
  cxi5: 0
  cxi6: 0
  cxi7: 0
  total: 0
hni_llr_rx_nack_ctl_os:
  cxi0: 0
  cxi1: 0
  cxi2: 0
  cxi3: 0
  cxi4: 0
  cxi5: 0
  cxi6: 0
  cxi7: 0
  total: 0
hni_llr_tx_discard:
  cxi0: 0
  cxi1: 0
  cxi2: 0
  cxi3: 0
  cxi4: 0
  cxi5: 0
  cxi6: 0
  cxi7: 0
  total: 0
pct_rsp_err_rcvd:
  cxi0: 0
  cxi1: 0
  cxi2: 6
  cxi3: 9
  cxi4: 0
  cxi5: 0
  cxi6: 19
  cxi7: 15
  total: 49
pct_rsp_dropped_timeout:
  cxi0: 0
  cxi1: 0
  cxi2: 0
  cxi3: 0
  cxi4: 0
  cxi5: 0
  cxi6: 0
  cxi7: 0
  total: 0
pct_rsp_dropped_try:
  cxi0: 0
  cxi1: 0
  cxi2: 0
  cxi3: 0
  cxi4: 0
  cxi5: 0
  cxi6: 0
  cxi7: 0
  total: 0
pct_bad_seq_nacks:
  cxi0: 0
  cxi1: 0
  cxi2: 1
  cxi3: 5
  cxi4: 0
  cxi5: 0
  cxi6: 8
  cxi7: 7
  total: 21
pct_no_trs_nacks:
  cxi0: 0
  cxi1: 0
  cxi2: 0
  cxi3: 0
  cxi4: 0
  cxi5: 0
  cxi6: 0
  cxi7: 0
  total: 0
ixe_rx_pkt_drop_pct:
  cxi0: 0
  cxi1: 0
  cxi2: 0
  cxi3: 0
  cxi4: 0
  cxi5: 0
  cxi6: 0
  cxi7: 0
  total: 0
ixe_rx_pkt_drop_ixe_parser:
  cxi0: 0
  cxi1: 0
  cxi2: 0
  cxi3: 0
  cxi4: 0
  cxi5: 0
  cxi6: 0
  cxi7: 0
  total: 0
pct_req_rsp_latency_0:
  cxi0: 702513
  cxi1: 669670
  cxi2: 919252
  cxi3: 864858
  cxi4: 469046
  cxi5: 432910
  cxi6: 746044
  cxi7: 753472
  total: 5557765
pct_req_rsp_latency_1:
  cxi0: 1704610
  cxi1: 1467908
  cxi2: 1793675
  cxi3: 1808514
  cxi4: 898575
  cxi5: 957117
  cxi6: 1159959
  cxi7: 1138944
  total: 10929302
pct_req_rsp_latency_2:
  cxi0: 7430734
  cxi1: 7217106
  cxi2: 7445140
  cxi3: 7417692
  cxi4: 6479095
  cxi5: 6827010
  cxi6: 6718348
  cxi7: 6721843
  total: 56256968
pct_req_rsp_latency_3:
  cxi0: 6037362
  cxi1: 6056778
  cxi2: 6307829
  cxi3: 6243224
  cxi4: 5251216
  cxi5: 5336001
  cxi6: 5477926
  cxi7: 5502090
  total: 46212426
pct_req_rsp_latency_4:
  cxi0: 7143623
  cxi1: 6966409
  cxi2: 7172322
  cxi3: 7045539
  cxi4: 6633895
  cxi5: 6668781
  cxi6: 6842878
  cxi7: 6753471
  total: 55226918
pct_req_rsp_latency_5:
  cxi0: 6427189
  cxi1: 6295546
  cxi2: 6422426
  cxi3: 6372850
  cxi4: 6389414
  cxi5: 6495936
  cxi6: 6475234
  cxi7: 6481382
  total: 51359977
pct_req_rsp_latency_6:
  cxi0: 6317668
  cxi1: 6164025
  cxi2: 6270712
  cxi3: 6222073
  cxi4: 6391863
  cxi5: 6541697
  cxi6: 6432306
  cxi7: 6540048
  total: 50880392
pct_req_rsp_latency_7:
  cxi0: 6459479
  cxi1: 6235112
  cxi2: 6441341
  cxi3: 6260519
  cxi4: 6455937
  cxi5: 6640532
  cxi6: 6492676
  cxi7: 6759071
  total: 51744667
pct_req_rsp_latency_8:
  cxi0: 6050176
  cxi1: 5983696
  cxi2: 6075934
  cxi3: 6000181
  cxi4: 6071801
  cxi5: 6227041
  cxi6: 6109389
  cxi7: 6310004
  total: 48828222
pct_req_rsp_latency_9:
  cxi0: 5789711
  cxi1: 5777032
  cxi2: 5838970
  cxi3: 5784184
  cxi4: 5763027
  cxi5: 5829596
  cxi6: 5832164
  cxi7: 5907212
  total: 46521896
pct_req_rsp_latency_10:
  cxi0: 5882443
  cxi1: 5870328
  cxi2: 5913998
  cxi3: 5873420
  cxi4: 5826012
  cxi5: 5869515
  cxi6: 5915325
  cxi7: 5922721
  total: 47073762
pct_req_rsp_latency_11:
  cxi0: 6034083
  cxi1: 5996200
  cxi2: 6047147
  cxi3: 6001601
  cxi4: 5947308
  cxi5: 5982905
  cxi6: 6025830
  cxi7: 6032358
  total: 48067432
pct_req_rsp_latency_12:
  cxi0: 6229935
  cxi1: 6184161
  cxi2: 6217228
  cxi3: 6176186
  cxi4: 6130779
  cxi5: 6161045
  cxi6: 6206130
  cxi7: 6221924
  total: 49527388
pct_req_rsp_latency_13:
  cxi0: 6431867
  cxi1: 6366156
  cxi2: 6382744
  cxi3: 6342154
  cxi4: 6324266
  cxi5: 6336764
  cxi6: 6381878
  cxi7: 6401193
  total: 50967022
pct_req_rsp_latency_14:
  cxi0: 6606493
  cxi1: 6495503
  cxi2: 6504769
  cxi3: 6469945
  cxi4: 6481641
  cxi5: 6472658
  cxi6: 6514464
  cxi7: 6535740
  total: 52081213
pct_req_rsp_latency_15:
  cxi0: 6697943
  cxi1: 6604214
  cxi2: 6608105
  cxi3: 6585976
  cxi4: 6613353
  cxi5: 6592706
  cxi6: 6615630
  cxi7: 6643437
  total: 52961364
pct_req_rsp_latency_16:
  cxi0: 6750128
  cxi1: 6668912
  cxi2: 6668469
  cxi3: 6643947
  cxi4: 6683317
  cxi5: 6668526
  cxi6: 6683845
  cxi7: 6711798
  total: 53478942
pct_req_rsp_latency_17:
  cxi0: 6812819
  cxi1: 6700956
  cxi2: 6712437
  cxi3: 6671535
  cxi4: 6714754
  cxi5: 6703238
  cxi6: 6718323
  cxi7: 6755284
  total: 53789346
pct_req_rsp_latency_18:
  cxi0: 6776956
  cxi1: 6645922
  cxi2: 6681477
  cxi3: 6612183
  cxi4: 6678252
  cxi5: 6663191
  cxi6: 6673158
  cxi7: 6718401
  total: 53449540
pct_req_rsp_latency_19:
  cxi0: 6622806
  cxi1: 6515616
  cxi2: 6551006
  cxi3: 6492715
  cxi4: 6573118
  cxi5: 6549292
  cxi6: 6545341
  cxi7: 6582492
  total: 52432386
pct_req_rsp_latency_20:
  cxi0: 6426230
  cxi1: 6333853
  cxi2: 6364264
  cxi3: 6314687
  cxi4: 6402119
  cxi5: 6373717
  cxi6: 6362953
  cxi7: 6403202
  total: 50981025
pct_req_rsp_latency_21:
  cxi0: 6181282
  cxi1: 6109393
  cxi2: 6123123
  cxi3: 6085820
  cxi4: 6173038
  cxi5: 6152974
  cxi6: 6140762
  cxi7: 6172937
  total: 49139329
pct_req_rsp_latency_22:
  cxi0: 5918154
  cxi1: 5858453
  cxi2: 5863939
  cxi3: 5832536
  cxi4: 5931209
  cxi5: 5904776
  cxi6: 5892314
  cxi7: 5920033
  total: 47121414
pct_req_rsp_latency_23:
  cxi0: 5626417
  cxi1: 5593667
  cxi2: 5578297
  cxi3: 5559256
  cxi4: 5653068
  cxi5: 5634676
  cxi6: 5623261
  cxi7: 5632149
  total: 44900791
pct_req_rsp_latency_24:
  cxi0: 5324118
  cxi1: 5295547
  cxi2: 5277535
  cxi3: 5255307
  cxi4: 5362682
  cxi5: 5339143
  cxi6: 5322223
  cxi7: 5342453
  total: 42519008
pct_req_rsp_latency_25:
  cxi0: 5005123
  cxi1: 4976876
  cxi2: 4955220
  cxi3: 4929043
  cxi4: 5039415
  cxi5: 5020574
  cxi6: 5001218
  cxi7: 5022213
  total: 39949682
pct_req_rsp_latency_26:
  cxi0: 4668602
  cxi1: 4641944
  cxi2: 4614744
  cxi3: 4593335
  cxi4: 4712889
  cxi5: 4689226
  cxi6: 4662617
  cxi7: 4684368
  total: 37267725
pct_req_rsp_latency_27:
  cxi0: 4326386
  cxi1: 4298057
  cxi2: 4268452
  cxi3: 4247452
  cxi4: 4383736
  cxi5: 4350294
  cxi6: 4316106
  cxi7: 4337151
  total: 34527634
pct_req_rsp_latency_28:
  cxi0: 3981330
  cxi1: 3968723
  cxi2: 3927776
  cxi3: 3911040
  cxi4: 4052384
  cxi5: 4027268
  cxi6: 3979586
  cxi7: 3994063
  total: 31842170
pct_req_rsp_latency_29:
  cxi0: 3653389
  cxi1: 3655093
  cxi2: 3601986
  cxi3: 3589152
  cxi4: 3727504
  cxi5: 3712514
  cxi6: 3652705
  cxi7: 3668551
  total: 29260894
pct_req_rsp_latency_30:
  cxi0: 3340037
  cxi1: 3356753
  cxi2: 3303370
  cxi3: 3284357
  cxi4: 3425117
  cxi5: 3409885
  cxi6: 3344797
  cxi7: 3359074
  total: 26823390
pct_req_rsp_latency_31:
  cxi0: 28303887
  cxi1: 28745934
  cxi2: 28152786
  cxi3: 27243614
  cxi4: 29956507
  cxi5: 29622702
  cxi6: 28208055
  cxi7: 28374810
  total: 228608295
