=== x1922c5s7b0n0 === (8 NICs)
atu_cache_hit_base_page_size_0:
  cxi0: 946001384
  cxi1: 938805835
  cxi2: 939788099
  cxi3: 936722144
  cxi4: 936579014
  cxi5: 940133181
  cxi6: 938487606
  cxi7: 940703676
  total: 7517220939
atu_cache_miss_0:
  cxi0: 21429195
  cxi1: 14033350
  cxi2: 14540541
  cxi3: 10333927
  cxi4: 9900852
  cxi5: 15901483
  cxi6: 13223318
  cxi7: 18012643
  total: 117375309
ixe_disp_amo_events:
  cxi0: 53516
  cxi1: 30972
  cxi2: 32344
  cxi3: 31144
  cxi4: 49916
  cxi5: 32116
  cxi6: 31200
  cxi7: 32260
  total: 293468
ixe_disp_lpe_amos:
  cxi0: 53516
  cxi1: 30972
  cxi2: 32344
  cxi3: 31144
  cxi4: 49916
  cxi5: 32116
  cxi6: 31200
  cxi7: 32260
  total: 293468
ixe_disp_lpe_amos_ok:
  cxi0: 53516
  cxi1: 30972
  cxi2: 32344
  cxi3: 31144
  cxi4: 49916
  cxi5: 32116
  cxi6: 31200
  cxi7: 32260
  total: 293468
pct_retry_trs_put:
  cxi0: 0
  cxi1: 0
  cxi2: 0
  cxi3: 0
  cxi4: 0
  cxi5: 0
  cxi6: 0
  cxi7: 0
  total: 0
mst_stalled_waiting_put_crdts:
  cxi0: 501
  cxi1: 501
  cxi2: 538
  cxi3: 498
  cxi4: 458
  cxi5: 568
  cxi6: 526
  cxi7: 517
  total: 4107
hni_sts_tx_ok_octets:
  cxi0: 42922186973422
  cxi1: 44310982320817
  cxi2: 24614337131337
  cxi3: 23881349720846
  cxi4: 23952082009452
  cxi5: 24548971169103
  cxi6: 42744586761930
  cxi7: 44382809447888
  total: 271357305534795
hni_sts_rx_ok_octets:
  cxi0: 43762422289733
  cxi1: 45186778369910
  cxi2: 25403690206776
  cxi3: 24695078652772
  cxi4: 24144599427806
  cxi5: 24751796332225
  cxi6: 42917603314896
  cxi7: 44561305708233
  total: 275423274302351
hni_tx_ok_64:
  cxi0: 206489121
  cxi1: 203578571
  cxi2: 204504651
  cxi3: 202728382
  cxi4: 202560078
  cxi5: 204634958
  cxi6: 203428999
  cxi7: 205071768
  total: 1632996528
hni_tx_ok_65_to_127:
  cxi0: 43016
  cxi1: 16202
  cxi2: 17294
  cxi3: 16491
  cxi4: 45584
  cxi5: 23525
  cxi6: 23253
  cxi7: 24159
  total: 209524
hni_tx_ok_128_to_255:
  cxi0: 390
  cxi1: 162
  cxi2: 2329
  cxi3: 2294
  cxi4: 44
  cxi5: 69
  cxi6: 1277
  cxi7: 1318
  total: 7883
hni_tx_ok_256_to_511:
  cxi0: 967
  cxi1: 1122
  cxi2: 43145
  cxi3: 43489
  cxi4: 524
  cxi5: 898
  cxi6: 1544
  cxi7: 1885
  total: 93574
hni_tx_ok_512_to_1023:
  cxi0: 1483
  cxi1: 807
  cxi2: 2426
  cxi3: 2023
  cxi4: 646
  cxi5: 1210
  cxi6: 2272
  cxi7: 2830
  total: 13697
hni_tx_ok_1024_to_2047:
  cxi0: 10526
  cxi1: 6054
  cxi2: 3004
  cxi3: 976
  cxi4: 2417
  cxi5: 6333
  cxi6: 2829
  cxi7: 3846
  total: 35985
hni_tx_ok_4096_to_8191:
  cxi0: 0
  cxi1: 0
  cxi2: 0
  cxi3: 0
  cxi4: 0
  cxi5: 0
  cxi6: 0
  cxi7: 0
  total: 0
hni_tx_ok_8192_to_max:
  cxi0: 0
  cxi1: 0
  cxi2: 0
  cxi3: 0
  cxi4: 0
  cxi5: 0
  cxi6: 0
  cxi7: 0
  total: 0
hni_rx_ok_64:
  cxi0: 189168563
  cxi1: 186850688
  cxi2: 187152382
  cxi3: 186117842
  cxi4: 185920975
  cxi5: 187334296
  cxi6: 186715554
  cxi7: 187771097
  total: 1497031397
hni_rx_ok_65_to_127:
  cxi0: 255546
  cxi1: 225099
  cxi2: 233884
  cxi3: 226243
  cxi4: 236574
  cxi5: 221633
  cxi6: 216786
  cxi7: 222600
  total: 1838365
hni_rx_ok_128_to_255:
  cxi0: 55107
  cxi1: 53057
  cxi2: 57202
  cxi3: 55187
  cxi4: 53136
  cxi5: 55173
  cxi6: 54373
  cxi7: 56397
  total: 439632
hni_rx_ok_256_to_511:
  cxi0: 14425
  cxi1: 14015
  cxi2: 56951
  cxi3: 56808
  cxi4: 13635
  cxi5: 14512
  cxi6: 15066
  cxi7: 15913
  total: 201325
hni_rx_ok_512_to_1023:
  cxi0: 28686
  cxi1: 27235
  cxi2: 29487
  cxi3: 27966
  cxi4: 27076
  cxi5: 28691
  cxi6: 28768
  cxi7: 29847
  total: 227756
hni_rx_ok_1024_to_2047:
  cxi0: 38385
  cxi1: 33032
  cxi2: 31384
  cxi3: 28252
  cxi4: 29239
  cxi5: 33912
  cxi6: 29883
  cxi7: 32278
  total: 256365
hni_rx_ok_4096_to_8191:
  cxi0: 19
  cxi1: 0
  cxi2: 0
  cxi3: 0
  cxi4: 0
  cxi5: 0
  cxi6: 0
  cxi7: 0
  total: 19
hni_rx_ok_8192_to_max:
  cxi0: 96
  cxi1: 0
  cxi2: 0
  cxi3: 0
  cxi4: 0
  cxi5: 0
  cxi6: 0
  cxi7: 0
  total: 96
hni_llr_tx_replay_event:
  cxi0: 0
  cxi1: 0
  cxi2: 0
  cxi3: 0
  cxi4: 0
  cxi5: 0
  cxi6: 0
  cxi7: 0
  total: 0
hni_llr_rx_replay_event:
  cxi0: 0
  cxi1: 0
  cxi2: 0
  cxi3: 0
  cxi4: 0
  cxi5: 0
  cxi6: 0
  cxi7: 0
  total: 0
hni_llr_tx_nack_ctl_os:
  cxi0: 0
  cxi1: 0
  cxi2: 0
  cxi3: 0
  cxi4: 0
  cxi5: 0
  cxi6: 0
  cxi7: 0
  total: 0
hni_llr_rx_nack_ctl_os:
  cxi0: 0
  cxi1: 0
  cxi2: 0
  cxi3: 0
  cxi4: 0
  cxi5: 0
  cxi6: 0
  cxi7: 0
  total: 0
hni_llr_tx_discard:
  cxi0: 0
  cxi1: 0
  cxi2: 0
  cxi3: 0
  cxi4: 0
  cxi5: 0
  cxi6: 0
  cxi7: 0
  total: 0
pct_rsp_err_rcvd:
  cxi0: 0
  cxi1: 0
  cxi2: 11
  cxi3: 13
  cxi4: 0
  cxi5: 0
  cxi6: 14
  cxi7: 14
  total: 52
pct_rsp_dropped_timeout:
  cxi0: 0
  cxi1: 0
  cxi2: 0
  cxi3: 0
  cxi4: 0
  cxi5: 0
  cxi6: 0
  cxi7: 0
  total: 0
pct_rsp_dropped_try:
  cxi0: 0
  cxi1: 0
  cxi2: 0
  cxi3: 0
  cxi4: 0
  cxi5: 0
  cxi6: 0
  cxi7: 0
  total: 0
pct_bad_seq_nacks:
  cxi0: 0
  cxi1: 0
  cxi2: 4
  cxi3: 7
  cxi4: 0
  cxi5: 0
  cxi6: 6
  cxi7: 6
  total: 23
pct_no_trs_nacks:
  cxi0: 0
  cxi1: 0
  cxi2: 0
  cxi3: 0
  cxi4: 0
  cxi5: 0
  cxi6: 0
  cxi7: 0
  total: 0
ixe_rx_pkt_drop_pct:
  cxi0: 0
  cxi1: 0
  cxi2: 0
  cxi3: 0
  cxi4: 0
  cxi5: 0
  cxi6: 0
  cxi7: 0
  total: 0
ixe_rx_pkt_drop_ixe_parser:
  cxi0: 0
  cxi1: 0
  cxi2: 0
  cxi3: 0
  cxi4: 0
  cxi5: 0
  cxi6: 0
  cxi7: 0
  total: 0
pct_req_rsp_latency_0:
  cxi0: 957892
  cxi1: 928963
  cxi2: 192144
  cxi3: 190324
  cxi4: 66675
  cxi5: 63204
  cxi6: 190792
  cxi7: 198984
  total: 2788978
pct_req_rsp_latency_1:
  cxi0: 952970
  cxi1: 980982
  cxi2: 494630
  cxi3: 492491
  cxi4: 289239
  cxi5: 312783
  cxi6: 564871
  cxi7: 576041
  total: 4664007
pct_req_rsp_latency_2:
  cxi0: 1639459
  cxi1: 1683120
  cxi2: 1315174
  cxi3: 1319593
  cxi4: 1146938
  cxi5: 1215613
  cxi6: 1342264
  cxi7: 1360846
  total: 11023007
pct_req_rsp_latency_3:
  cxi0: 4243196
  cxi1: 4223694
  cxi2: 4253144
  cxi3: 4254271
  cxi4: 4153119
  cxi5: 4136849
  cxi6: 4184844
  cxi7: 4181480
  total: 33630597
pct_req_rsp_latency_4:
  cxi0: 5605982
  cxi1: 5567095
  cxi2: 5719367
  cxi3: 5702496
  cxi4: 5694826
  cxi5: 5603466
  cxi6: 5701246
  cxi7: 5673987
  total: 45268465
pct_req_rsp_latency_5:
  cxi0: 5132385
  cxi1: 5077493
  cxi2: 5156315
  cxi3: 5141990
  cxi4: 5119690
  cxi5: 5079662
  cxi6: 5166141
  cxi7: 5123613
  total: 40997289
pct_req_rsp_latency_6:
  cxi0: 5050787
  cxi1: 4960927
  cxi2: 5011059
  cxi3: 4985848
  cxi4: 4967193
  cxi5: 4974256
  cxi6: 5040124
  cxi7: 4998297
  total: 39988491
pct_req_rsp_latency_7:
  cxi0: 5404646
  cxi1: 5140207
  cxi2: 5278147
  cxi3: 5127942
  cxi4: 5074757
  cxi5: 5202261
  cxi6: 5225979
  cxi7: 5250897
  total: 41704836
pct_req_rsp_latency_8:
  cxi0: 5417231
  cxi1: 5289463
  cxi2: 5394584
  cxi3: 5281402
  cxi4: 5257308
  cxi5: 5365832
  cxi6: 5396558
  cxi7: 5396488
  total: 42798866
pct_req_rsp_latency_9:
  cxi0: 5506831
  cxi1: 5440516
  cxi2: 5527129
  cxi3: 5452684
  cxi4: 5442629
  cxi5: 5490226
  cxi6: 5532013
  cxi7: 5555001
  total: 43947029
pct_req_rsp_latency_10:
  cxi0: 5701860
  cxi1: 5632666
  cxi2: 5708892
  cxi3: 5661429
  cxi4: 5651288
  cxi5: 5688901
  cxi6: 5719178
  cxi7: 5731389
  total: 45495603
pct_req_rsp_latency_11:
  cxi0: 5918465
  cxi1: 5847711
  cxi2: 5907938
  cxi3: 5866660
  cxi4: 5875239
  cxi5: 5900564
  cxi6: 5925628
  cxi7: 5929218
  total: 47171423
pct_req_rsp_latency_12:
  cxi0: 6124414
  cxi1: 6048723
  cxi2: 6116165
  cxi3: 6070273
  cxi4: 6099366
  cxi5: 6116878
  cxi6: 6128718
  cxi7: 6167755
  total: 48872292
pct_req_rsp_latency_13:
  cxi0: 6309885
  cxi1: 6231907
  cxi2: 6296497
  cxi3: 6260580
  cxi4: 6290572
  cxi5: 6308259
  cxi6: 6319190
  cxi7: 6317005
  total: 50333895
pct_req_rsp_latency_14:
  cxi0: 6463034
  cxi1: 6372869
  cxi2: 6447005
  cxi3: 6406860
  cxi4: 6444286
  cxi5: 6458535
  cxi6: 6467624
  cxi7: 6445298
  total: 51505511
pct_req_rsp_latency_15:
  cxi0: 6554767
  cxi1: 6480738
  cxi2: 6560272
  cxi3: 6528783
  cxi4: 6562890
  cxi5: 6580240
  cxi6: 6583442
  cxi7: 6559185
  total: 52410317
pct_req_rsp_latency_16:
  cxi0: 6615339
  cxi1: 6538211
  cxi2: 6634943
  cxi3: 6613198
  cxi4: 6620765
  cxi5: 6644787
  cxi6: 6654761
  cxi7: 6645610
  total: 52967614
pct_req_rsp_latency_17:
  cxi0: 6677144
  cxi1: 6588989
  cxi2: 6679886
  cxi3: 6676027
  cxi4: 6651474
  cxi5: 6679319
  cxi6: 6695820
  cxi7: 6712896
  total: 53361555
pct_req_rsp_latency_18:
  cxi0: 6661979
  cxi1: 6544659
  cxi2: 6659900
  cxi3: 6651394
  cxi4: 6620500
  cxi5: 6644383
  cxi6: 6646628
  cxi7: 6695043
  total: 53124486
pct_req_rsp_latency_19:
  cxi0: 6505605
  cxi1: 6404740
  cxi2: 6537943
  cxi3: 6527329
  cxi4: 6518268
  cxi5: 6533265
  cxi6: 6523698
  cxi7: 6563471
  total: 52114319
pct_req_rsp_latency_20:
  cxi0: 6313437
  cxi1: 6222449
  cxi2: 6371960
  cxi3: 6345218
  cxi4: 6369712
  cxi5: 6366766
  cxi6: 6346043
  cxi7: 6402530
  total: 50738115
pct_req_rsp_latency_21:
  cxi0: 6084663
  cxi1: 6001212
  cxi2: 6143268
  cxi3: 6114096
  cxi4: 6145336
  cxi5: 6151506
  cxi6: 6116489
  cxi7: 6174484
  total: 48931054
pct_req_rsp_latency_22:
  cxi0: 5839248
  cxi1: 5771967
  cxi2: 5905006
  cxi3: 5869324
  cxi4: 5909062
  cxi5: 5918042
  cxi6: 5869698
  cxi7: 5913404
  total: 46995751
pct_req_rsp_latency_23:
  cxi0: 5581053
  cxi1: 5522590
  cxi2: 5642943
  cxi3: 5602818
  cxi4: 5644918
  cxi5: 5659532
  cxi6: 5602634
  cxi7: 5635719
  total: 44892207
pct_req_rsp_latency_24:
  cxi0: 5301225
  cxi1: 5249554
  cxi2: 5358198
  cxi3: 5321781
  cxi4: 5363215
  cxi5: 5380844
  cxi6: 5316416
  cxi7: 5344974
  total: 42636207
pct_req_rsp_latency_25:
  cxi0: 4996941
  cxi1: 4955403
  cxi2: 5048733
  cxi3: 5009020
  cxi4: 5050812
  cxi5: 5070926
  cxi6: 5010541
  cxi7: 5033711
  total: 40176087
pct_req_rsp_latency_26:
  cxi0: 4678523
  cxi1: 4639386
  cxi2: 4725823
  cxi3: 4688556
  cxi4: 4729902
  cxi5: 4749848
  cxi6: 4680528
  cxi7: 4711566
  total: 37604132
pct_req_rsp_latency_27:
  cxi0: 4349495
  cxi1: 4310930
  cxi2: 4393667
  cxi3: 4356390
  cxi4: 4401787
  cxi5: 4419400
  cxi6: 4342191
  cxi7: 4388854
  total: 34962714
pct_req_rsp_latency_28:
  cxi0: 4019206
  cxi1: 3989470
  cxi2: 4052706
  cxi3: 4036658
  cxi4: 4069345
  cxi5: 4097647
  cxi6: 4021120
  cxi7: 4051693
  total: 32337845
pct_req_rsp_latency_29:
  cxi0: 3710547
  cxi1: 3688650
  cxi2: 3734795
  cxi3: 3722248
  cxi4: 3747842
  cxi5: 3788444
  cxi6: 3705671
  cxi7: 3740597
  total: 29838794
pct_req_rsp_latency_30:
  cxi0: 3418062
  cxi1: 3406757
  cxi2: 3432883
  cxi3: 3429946
  cxi4: 3444447
  cxi5: 3482531
  cxi6: 3412764
  cxi7: 3457997
  total: 27485387
pct_req_rsp_latency_31:
  cxi0: 31342824
  cxi1: 31091410
  cxi2: 30342177
  cxi3: 30191023
  cxi4: 30379852
  cxi5: 31185284
  cxi6: 30251728
  cxi7: 30756946
  total: 245541244
