=== x1921c1s1b0n0 === (8 NICs)
atu_cache_hit_base_page_size_0:
  cxi0: 8327465410
  cxi1: 5804215887
  cxi2: 8117713419
  cxi3: 5764519049
  cxi4: 5850298968
  cxi5: 8086729730
  cxi6: 5761021734
  cxi7: 8312843443
  total: 56024807640
atu_cache_miss_0:
  cxi0: 253530190
  cxi1: 295470878
  cxi2: 379664624
  cxi3: 175598375
  cxi4: 311030168
  cxi5: 367767196
  cxi6: 191375668
  cxi7: 264728362
  total: 2239165461
ixe_disp_amo_events:
  cxi0: 28650
  cxi1: 3958
  cxi2: 3958
  cxi3: 3814
  cxi4: 25444
  cxi5: 4107
  cxi6: 3814
  cxi7: 3958
  total: 77703
ixe_disp_lpe_amos:
  cxi0: 28650
  cxi1: 3958
  cxi2: 3958
  cxi3: 3814
  cxi4: 25444
  cxi5: 4107
  cxi6: 3814
  cxi7: 3958
  total: 77703
ixe_disp_lpe_amos_ok:
  cxi0: 28650
  cxi1: 3958
  cxi2: 3958
  cxi3: 3814
  cxi4: 25444
  cxi5: 4107
  cxi6: 3814
  cxi7: 3958
  total: 77703
pct_retry_trs_put:
  cxi0: 0
  cxi1: 0
  cxi2: 0
  cxi3: 0
  cxi4: 0
  cxi5: 0
  cxi6: 0
  cxi7: 0
  total: 0
mst_stalled_waiting_put_crdts:
  cxi0: 2429761
  cxi1: 22403
  cxi2: 2433445
  cxi3: 17071
  cxi4: 79758
  cxi5: 2448407
  cxi6: 16038
  cxi7: 2419681
  total: 9866564
hni_sts_tx_ok_octets:
  cxi0: 17205648409715
  cxi1: 16411825341683
  cxi2: 11466724902288
  cxi3: 10602122918068
  cxi4: 9984514811667
  cxi5: 10740977758716
  cxi6: 15747028645129
  cxi7: 16613193968010
  total: 108772036755276
hni_sts_rx_ok_octets:
  cxi0: 16560422417931
  cxi1: 15652237002679
  cxi2: 10666721642574
  cxi3: 9901011196569
  cxi4: 9868551579707
  cxi5: 10609199670578
  cxi6: 15689386907327
  cxi7: 16557425574090
  total: 105504955991455
hni_tx_ok_64:
  cxi0: 1614302615
  cxi1: 1155768225
  cxi2: 1558049126
  cxi3: 1170799467
  cxi4: 1170297073
  cxi5: 1545210829
  cxi6: 1179598308
  cxi7: 1618001119
  total: 11012026762
hni_tx_ok_65_to_127:
  cxi0: 4025431
  cxi1: 134266
  cxi2: 3637548
  cxi3: 156061
  cxi4: 159532
  cxi5: 3659006
  cxi6: 341875
  cxi7: 4158308
  total: 16272027
hni_tx_ok_128_to_255:
  cxi0: 761884
  cxi1: 27931
  cxi2: 743173
  cxi3: 36469
  cxi4: 27706
  cxi5: 739266
  cxi6: 63498
  cxi7: 798521
  total: 3198448
hni_tx_ok_256_to_511:
  cxi0: 1809053
  cxi1: 760125
  cxi2: 1902614
  cxi3: 837963
  cxi4: 765289
  cxi5: 1788793
  cxi6: 881655
  cxi7: 1957520
  total: 10703012
hni_tx_ok_512_to_1023:
  cxi0: 3229902
  cxi1: 1211885
  cxi2: 2981956
  cxi3: 1456566
  cxi4: 1420341
  cxi5: 2786628
  cxi6: 1671636
  cxi7: 3441747
  total: 18200661
hni_tx_ok_1024_to_2047:
  cxi0: 3203266
  cxi1: 14969
  cxi2: 3084824
  cxi3: 15007
  cxi4: 16933
  cxi5: 3025462
  cxi6: 19614
  cxi7: 3285379
  total: 12665454
hni_tx_ok_4096_to_8191:
  cxi0: 3
  cxi1: 0
  cxi2: 0
  cxi3: 0
  cxi4: 0
  cxi5: 0
  cxi6: 0
  cxi7: 346
  total: 349
hni_tx_ok_8192_to_max:
  cxi0: 0
  cxi1: 0
  cxi2: 0
  cxi3: 0
  cxi4: 0
  cxi5: 0
  cxi6: 0
  cxi7: 738
  total: 738
hni_rx_ok_64:
  cxi0: 1627690040
  cxi1: 1220306874
  cxi2: 1621459216
  cxi3: 1184772453
  cxi4: 1229875777
  cxi5: 1612459511
  cxi6: 1187097814
  cxi7: 1624807408
  total: 11308469093
hni_rx_ok_65_to_127:
  cxi0: 5000774
  cxi1: 1715320
  cxi2: 5273630
  cxi3: 1142408
  cxi4: 1853000
  cxi5: 5105048
  cxi6: 1148637
  cxi7: 4998065
  total: 26236882
hni_rx_ok_128_to_255:
  cxi0: 1085035
  cxi1: 421301
  cxi2: 1132149
  cxi3: 421385
  cxi4: 428485
  cxi5: 1085581
  cxi6: 610108
  cxi7: 1296853
  total: 6480897
hni_rx_ok_256_to_511:
  cxi0: 2819592
  cxi1: 1521199
  cxi2: 2727579
  cxi3: 1823831
  cxi4: 1727871
  cxi5: 2439338
  cxi6: 1990754
  cxi7: 3087936
  total: 18138100
hni_rx_ok_512_to_1023:
  cxi0: 1655643
  cxi1: 1461
  cxi2: 1640704
  cxi3: 51175
  cxi4: 1420
  cxi5: 1590104
  cxi6: 142880
  cxi7: 1793961
  total: 6877348
hni_rx_ok_1024_to_2047:
  cxi0: 3266599
  cxi1: 2548
  cxi2: 2992684
  cxi3: 4415
  cxi4: 4277
  cxi5: 3040313
  cxi6: 11347
  cxi7: 3176396
  total: 12498579
hni_rx_ok_4096_to_8191:
  cxi0: 244
  cxi1: 0
  cxi2: 0
  cxi3: 0
  cxi4: 0
  cxi5: 0
  cxi6: 0
  cxi7: 2
  total: 246
hni_rx_ok_8192_to_max:
  cxi0: 527
  cxi1: 0
  cxi2: 0
  cxi3: 0
  cxi4: 0
  cxi5: 0
  cxi6: 0
  cxi7: 0
  total: 527
hni_llr_tx_replay_event:
  cxi0: 0
  cxi1: 0
  cxi2: 0
  cxi3: 0
  cxi4: 0
  cxi5: 0
  cxi6: 0
  cxi7: 0
  total: 0
hni_llr_rx_replay_event:
  cxi0: 0
  cxi1: 0
  cxi2: 0
  cxi3: 0
  cxi4: 0
  cxi5: 0
  cxi6: 0
  cxi7: 0
  total: 0
hni_llr_tx_nack_ctl_os:
  cxi0: 0
  cxi1: 0
  cxi2: 0
  cxi3: 0
  cxi4: 0
  cxi5: 0
  cxi6: 0
  cxi7: 0
  total: 0
hni_llr_rx_nack_ctl_os:
  cxi0: 0
  cxi1: 0
  cxi2: 0
  cxi3: 0
  cxi4: 0
  cxi5: 0
  cxi6: 0
  cxi7: 0
  total: 0
hni_llr_tx_discard:
  cxi0: 0
  cxi1: 0
  cxi2: 0
  cxi3: 0
  cxi4: 0
  cxi5: 0
  cxi6: 0
  cxi7: 0
  total: 0
pct_rsp_err_rcvd:
  cxi0: 0
  cxi1: 18
  cxi2: 49
  cxi3: 31
  cxi4: 0
  cxi5: 0
  cxi6: 36
  cxi7: 0
  total: 134
pct_rsp_dropped_timeout:
  cxi0: 0
  cxi1: 0
  cxi2: 0
  cxi3: 0
  cxi4: 0
  cxi5: 0
  cxi6: 0
  cxi7: 0
  total: 0
pct_rsp_dropped_try:
  cxi0: 0
  cxi1: 0
  cxi2: 0
  cxi3: 0
  cxi4: 0
  cxi5: 0
  cxi6: 0
  cxi7: 0
  total: 0
pct_bad_seq_nacks:
  cxi0: 237881
  cxi1: 6888
  cxi2: 253389
  cxi3: 7337
  cxi4: 7402
  cxi5: 244672
  cxi6: 6866
  cxi7: 247917
  total: 1012352
pct_no_trs_nacks:
  cxi0: 53705
  cxi1: 1579
  cxi2: 56161
  cxi3: 1556
  cxi4: 1693
  cxi5: 55135
  cxi6: 1641
  cxi7: 54731
  total: 226201
ixe_rx_pkt_drop_pct:
  cxi0: 383221
  cxi1: 8467
  cxi2: 312300
  cxi3: 8948
  cxi4: 100080
  cxi5: 301070
  cxi6: 8507
  cxi7: 304811
  total: 1427404
ixe_rx_pkt_drop_ixe_parser:
  cxi0: 0
  cxi1: 0
  cxi2: 0
  cxi3: 0
  cxi4: 0
  cxi5: 0
  cxi6: 0
  cxi7: 0
  total: 0
pct_req_rsp_latency_0:
  cxi0: 7445238
  cxi1: 1357766
  cxi2: 6987270
  cxi3: 2302097
  cxi4: 990761
  cxi5: 5508442
  cxi6: 4814758
  cxi7: 9648741
  total: 39055073
pct_req_rsp_latency_1:
  cxi0: 15512313
  cxi1: 4337210
  cxi2: 16180227
  cxi3: 5775739
  cxi4: 3710647
  cxi5: 14044257
  cxi6: 6303891
  cxi7: 16920282
  total: 82784566
pct_req_rsp_latency_2:
  cxi0: 32353416
  cxi1: 11347573
  cxi2: 31755242
  cxi3: 12375098
  cxi4: 10608590
  cxi5: 29118505
  cxi6: 11304502
  cxi7: 30132202
  total: 168995128
pct_req_rsp_latency_3:
  cxi0: 58630086
  cxi1: 28667694
  cxi2: 54680443
  cxi3: 29650182
  cxi4: 27790705
  cxi5: 52702913
  cxi6: 27994027
  cxi7: 57626092
  total: 337742142
pct_req_rsp_latency_4:
  cxi0: 142292144
  cxi1: 39024145
  cxi2: 118602003
  cxi3: 39687669
  cxi4: 38773900
  cxi5: 115032602
  cxi6: 38693419
  cxi7: 140720793
  total: 672826675
pct_req_rsp_latency_5:
  cxi0: 121601464
  cxi1: 35653943
  cxi2: 117052871
  cxi3: 36035621
  cxi4: 35607993
  cxi5: 119581753
  cxi6: 35533559
  cxi7: 123728009
  total: 624795213
pct_req_rsp_latency_6:
  cxi0: 78086618
  cxi1: 32902082
  cxi2: 80665573
  cxi3: 33292121
  cxi4: 32719277
  cxi5: 79949429
  cxi6: 33236352
  cxi7: 78633498
  total: 449484950
pct_req_rsp_latency_7:
  cxi0: 71589188
  cxi1: 31687353
  cxi2: 67669423
  cxi3: 32209527
  cxi4: 31440067
  cxi5: 68085092
  cxi6: 33457997
  cxi7: 71941216
  total: 408079863
pct_req_rsp_latency_8:
  cxi0: 55371059
  cxi1: 31723474
  cxi2: 54359953
  cxi3: 32285424
  cxi4: 31609311
  cxi5: 55187167
  cxi6: 33802005
  cxi7: 58285556
  total: 352623949
pct_req_rsp_latency_9:
  cxi0: 43536188
  cxi1: 32350634
  cxi2: 44303071
  cxi3: 32740606
  cxi4: 32335793
  cxi5: 44272722
  cxi6: 33524438
  cxi7: 46092140
  total: 309155592
pct_req_rsp_latency_10:
  cxi0: 38037920
  cxi1: 33476106
  cxi2: 38745907
  cxi3: 33644762
  cxi4: 33467849
  cxi5: 38504130
  cxi6: 33966626
  cxi7: 39857977
  total: 289701277
pct_req_rsp_latency_11:
  cxi0: 37261955
  cxi1: 34638251
  cxi2: 37657417
  cxi3: 34717624
  cxi4: 34630717
  cxi5: 37190355
  cxi6: 34874820
  cxi7: 38293454
  total: 289264593
pct_req_rsp_latency_12:
  cxi0: 38416567
  cxi1: 35801174
  cxi2: 38444322
  cxi3: 35828701
  cxi4: 35817566
  cxi5: 37672519
  cxi6: 35905281
  cxi7: 38482246
  total: 296368376
pct_req_rsp_latency_13:
  cxi0: 38902289
  cxi1: 36840247
  cxi2: 38956462
  cxi3: 36882437
  cxi4: 36879662
  cxi5: 38457816
  cxi6: 36883010
  cxi7: 38969040
  total: 302770963
pct_req_rsp_latency_14:
  cxi0: 38995107
  cxi1: 37665289
  cxi2: 39206174
  cxi3: 37702368
  cxi4: 37719987
  cxi5: 39107335
  cxi6: 37653553
  cxi7: 39375740
  total: 307425553
pct_req_rsp_latency_15:
  cxi0: 39395081
  cxi1: 38299193
  cxi2: 39573688
  cxi3: 38329213
  cxi4: 38384316
  cxi5: 39618808
  cxi6: 38244984
  cxi7: 39716853
  total: 311562136
pct_req_rsp_latency_16:
  cxi0: 39621913
  cxi1: 38675209
  cxi2: 39763712
  cxi3: 38693444
  cxi4: 38779249
  cxi5: 39847911
  cxi6: 38584472
  cxi7: 39837681
  total: 313803591
pct_req_rsp_latency_17:
  cxi0: 39657469
  cxi1: 38852059
  cxi2: 39762381
  cxi3: 38862807
  cxi4: 38941809
  cxi5: 39918314
  cxi6: 38749473
  cxi7: 39781086
  total: 314525398
pct_req_rsp_latency_18:
  cxi0: 39227365
  cxi1: 38635909
  cxi2: 39285169
  cxi3: 38625529
  cxi4: 38671613
  cxi5: 39480247
  cxi6: 38500095
  cxi7: 39240449
  total: 311666376
pct_req_rsp_latency_19:
  cxi0: 38607152
  cxi1: 38049531
  cxi2: 38633738
  cxi3: 38007422
  cxi4: 38069355
  cxi5: 38703211
  cxi6: 37822822
  cxi7: 38518158
  total: 306411389
pct_req_rsp_latency_20:
  cxi0: 38412737
  cxi1: 37107164
  cxi2: 38422215
  cxi3: 37059497
  cxi4: 37079206
  cxi5: 37895354
  cxi6: 36870269
  cxi7: 38277383
  total: 301123825
pct_req_rsp_latency_21:
  cxi0: 38382352
  cxi1: 35793081
  cxi2: 38161890
  cxi3: 35714815
  cxi4: 35829895
  cxi5: 36863818
  cxi6: 35544851
  cxi7: 37728396
  total: 294019098
pct_req_rsp_latency_22:
  cxi0: 35218328
  cxi1: 34360139
  cxi2: 35134402
  cxi3: 34256348
  cxi4: 34422286
  cxi5: 35045358
  cxi6: 34137846
  cxi7: 34964959
  total: 277539666
pct_req_rsp_latency_23:
  cxi0: 33097534
  cxi1: 32747363
  cxi2: 33025279
  cxi3: 32634916
  cxi4: 32861778
  cxi5: 33348666
  cxi6: 32561232
  cxi7: 32968546
  total: 263245314
pct_req_rsp_latency_24:
  cxi0: 31256721
  cxi1: 31081647
  cxi2: 31149639
  cxi3: 30924415
  cxi4: 31156557
  cxi5: 31701716
  cxi6: 30888598
  cxi7: 31182411
  total: 249341704
pct_req_rsp_latency_25:
  cxi0: 29359025
  cxi1: 29216265
  cxi2: 29203115
  cxi3: 29033772
  cxi4: 29301410
  cxi5: 29860804
  cxi6: 29067300
  cxi7: 29320968
  total: 234362659
pct_req_rsp_latency_26:
  cxi0: 27388289
  cxi1: 27269995
  cxi2: 27208828
  cxi3: 27076218
  cxi4: 27353539
  cxi5: 27876463
  cxi6: 27141514
  cxi7: 27360165
  total: 218675011
pct_req_rsp_latency_27:
  cxi0: 25404936
  cxi1: 25261412
  cxi2: 25179067
  cxi3: 25059102
  cxi4: 25353889
  cxi5: 25787351
  cxi6: 25172202
  cxi7: 25316729
  total: 202534688
pct_req_rsp_latency_28:
  cxi0: 23541167
  cxi1: 23279623
  cxi2: 23255327
  cxi3: 23062228
  cxi4: 23430077
  cxi5: 23729303
  cxi6: 23219155
  cxi7: 23343956
  total: 186860836
pct_req_rsp_latency_29:
  cxi0: 21767332
  cxi1: 21397801
  cxi2: 21397174
  cxi3: 21179472
  cxi4: 21570629
  cxi5: 21777904
  cxi6: 21354047
  cxi7: 21442395
  total: 171886754
pct_req_rsp_latency_30:
  cxi0: 19939990
  cxi1: 19613590
  cxi2: 19628661
  cxi3: 19402044
  cxi4: 19815474
  cxi5: 19968205
  cxi6: 19605343
  cxi7: 19676736
  total: 157650043
pct_req_rsp_latency_31:
  cxi0: 168839732
  cxi1: 166339282
  cxi2: 164576620
  cxi3: 161861084
  cxi4: 168745955
  cxi5: 172067882
  cxi6: 167464451
  cxi7: 168388965
  total: 1338283971
