=== x1921c1s2b0n0 === (8 NICs)
atu_cache_hit_base_page_size_0:
  cxi0: 7246108767
  cxi1: 4784459068
  cxi2: 7045279856
  cxi3: 4736846132
  cxi4: 4779326636
  cxi5: 7027700497
  cxi6: 4714376831
  cxi7: 7263026132
  total: 47597123919
atu_cache_miss_0:
  cxi0: 222102172
  cxi1: 305223122
  cxi2: 357778923
  cxi3: 180344057
  cxi4: 293199345
  cxi5: 369289108
  cxi6: 188143343
  cxi7: 271453592
  total: 2187533662
ixe_disp_amo_events:
  cxi0: 46362
  cxi1: 23814
  cxi2: 25607
  cxi3: 24458
  cxi4: 43273
  cxi5: 24458
  cxi6: 24458
  cxi7: 25607
  total: 238037
ixe_disp_lpe_amos:
  cxi0: 46362
  cxi1: 23814
  cxi2: 25607
  cxi3: 24458
  cxi4: 43273
  cxi5: 24458
  cxi6: 24458
  cxi7: 25607
  total: 238037
ixe_disp_lpe_amos_ok:
  cxi0: 46362
  cxi1: 23814
  cxi2: 25607
  cxi3: 24458
  cxi4: 43273
  cxi5: 24458
  cxi6: 24458
  cxi7: 25607
  total: 238037
pct_retry_trs_put:
  cxi0: 0
  cxi1: 0
  cxi2: 0
  cxi3: 0
  cxi4: 0
  cxi5: 0
  cxi6: 0
  cxi7: 0
  total: 0
mst_stalled_waiting_put_crdts:
  cxi0: 2406826
  cxi1: 345468
  cxi2: 2583535
  cxi3: 622737
  cxi4: 285722
  cxi5: 2433938
  cxi6: 16437
  cxi7: 2409389
  total: 11104052
hni_sts_tx_ok_octets:
  cxi0: 82455271481702
  cxi1: 81203195483905
  cxi2: 53511259406440
  cxi3: 52158579446771
  cxi4: 51843868297153
  cxi5: 51787796279332
  cxi6: 81553185703150
  cxi7: 82253219508580
  total: 536766375607033
hni_sts_rx_ok_octets:
  cxi0: 81937202440354
  cxi1: 80563919534028
  cxi2: 52688537922122
  cxi3: 51407012392073
  cxi4: 51799563110198
  cxi5: 51813210115035
  cxi6: 80603999520778
  cxi7: 82242550050353
  total: 533055995084941
hni_tx_ok_64:
  cxi0: 1403965535
  cxi1: 967950751
  cxi2: 1351935998
  cxi3: 981561619
  cxi4: 963018011
  cxi5: 1349075900
  cxi6: 984863632
  cxi7: 1422653143
  total: 9425024589
hni_tx_ok_65_to_127:
  cxi0: 3893971
  cxi1: 11925
  cxi2: 3537549
  cxi3: 60304
  cxi4: 34738
  cxi5: 3533580
  cxi6: 290014
  cxi7: 4102224
  total: 15464305
hni_tx_ok_128_to_255:
  cxi0: 734657
  cxi1: 897
  cxi2: 715700
  cxi3: 11454
  cxi4: 678
  cxi5: 714102
  cxi6: 45742
  cxi7: 781657
  total: 3004887
hni_tx_ok_256_to_511:
  cxi0: 1791446
  cxi1: 751811
  cxi2: 1904266
  cxi3: 844785
  cxi4: 748194
  cxi5: 1782889
  cxi6: 895899
  cxi7: 1970800
  total: 10690090
hni_tx_ok_512_to_1023:
  cxi0: 3056547
  cxi1: 1361613
  cxi2: 2870406
  cxi3: 1588099
  cxi4: 1290879
  cxi5: 2795361
  cxi6: 1751303
  cxi7: 3482271
  total: 18196479
hni_tx_ok_1024_to_2047:
  cxi0: 3185814
  cxi1: 5128
  cxi2: 3063647
  cxi3: 5694
  cxi4: 6157
  cxi5: 3011717
  cxi6: 7521
  cxi7: 3293887
  total: 12579565
hni_tx_ok_4096_to_8191:
  cxi0: 1
  cxi1: 0
  cxi2: 0
  cxi3: 0
  cxi4: 0
  cxi5: 0
  cxi6: 0
  cxi7: 300
  total: 301
hni_tx_ok_8192_to_max:
  cxi0: 0
  cxi1: 0
  cxi2: 0
  cxi3: 0
  cxi4: 0
  cxi5: 0
  cxi6: 0
  cxi7: 718
  total: 718
hni_rx_ok_64:
  cxi0: 1403882465
  cxi1: 1011932761
  cxi2: 1399747934
  cxi3: 974773211
  cxi4: 1009581333
  cxi5: 1397427678
  cxi6: 973162012
  cxi7: 1409988048
  total: 9580495442
hni_rx_ok_65_to_127:
  cxi0: 5019476
  cxi1: 1931665
  cxi2: 5322321
  cxi3: 1340079
  cxi4: 1902312
  cxi5: 5257774
  cxi6: 1299081
  cxi7: 5151541
  total: 27224249
hni_rx_ok_128_to_255:
  cxi0: 1093854
  cxi1: 452403
  cxi2: 1150277
  cxi3: 472197
  cxi4: 453403
  cxi5: 1099117
  cxi6: 708082
  cxi7: 1388239
  total: 6817572
hni_rx_ok_256_to_511:
  cxi0: 2728250
  cxi1: 1697519
  cxi2: 2617030
  cxi3: 1984483
  cxi4: 1621734
  cxi5: 2525874
  cxi6: 2125862
  cxi7: 3231777
  total: 18532529
hni_rx_ok_512_to_1023:
  cxi0: 1678676
  cxi1: 15098
  cxi2: 1663296
  cxi3: 78374
  cxi4: 14891
  cxi5: 1589956
  cxi6: 154089
  cxi7: 1789541
  total: 6983921
hni_rx_ok_1024_to_2047:
  cxi0: 3273007
  cxi1: 18843
  cxi2: 3012224
  cxi3: 21719
  cxi4: 19247
  cxi5: 3053150
  cxi6: 24193
  cxi7: 3198383
  total: 12620766
hni_rx_ok_4096_to_8191:
  cxi0: 254
  cxi1: 0
  cxi2: 0
  cxi3: 0
  cxi4: 0
  cxi5: 0
  cxi6: 0
  cxi7: 0
  total: 254
hni_rx_ok_8192_to_max:
  cxi0: 572
  cxi1: 0
  cxi2: 0
  cxi3: 0
  cxi4: 0
  cxi5: 0
  cxi6: 0
  cxi7: 0
  total: 572
hni_llr_tx_replay_event:
  cxi0: 0
  cxi1: 0
  cxi2: 0
  cxi3: 0
  cxi4: 0
  cxi5: 0
  cxi6: 0
  cxi7: 0
  total: 0
hni_llr_rx_replay_event:
  cxi0: 0
  cxi1: 0
  cxi2: 0
  cxi3: 0
  cxi4: 0
  cxi5: 0
  cxi6: 0
  cxi7: 0
  total: 0
hni_llr_tx_nack_ctl_os:
  cxi0: 0
  cxi1: 0
  cxi2: 0
  cxi3: 0
  cxi4: 0
  cxi5: 0
  cxi6: 0
  cxi7: 0
  total: 0
hni_llr_rx_nack_ctl_os:
  cxi0: 0
  cxi1: 0
  cxi2: 0
  cxi3: 0
  cxi4: 0
  cxi5: 0
  cxi6: 0
  cxi7: 0
  total: 0
hni_llr_tx_discard:
  cxi0: 0
  cxi1: 0
  cxi2: 0
  cxi3: 0
  cxi4: 0
  cxi5: 0
  cxi6: 0
  cxi7: 0
  total: 0
pct_rsp_err_rcvd:
  cxi0: 27
  cxi1: 0
  cxi2: 26
  cxi3: 19
  cxi4: 18
  cxi5: 0
  cxi6: 27
  cxi7: 32
  total: 149
pct_rsp_dropped_timeout:
  cxi0: 0
  cxi1: 0
  cxi2: 0
  cxi3: 0
  cxi4: 0
  cxi5: 0
  cxi6: 0
  cxi7: 0
  total: 0
pct_rsp_dropped_try:
  cxi0: 0
  cxi1: 0
  cxi2: 0
  cxi3: 0
  cxi4: 0
  cxi5: 0
  cxi6: 0
  cxi7: 0
  total: 0
pct_bad_seq_nacks:
  cxi0: 229350
  cxi1: 7830
  cxi2: 224648
  cxi3: 7993
  cxi4: 7597
  cxi5: 228288
  cxi6: 7862
  cxi7: 224054
  total: 937622
pct_no_trs_nacks:
  cxi0: 50994
  cxi1: 1833
  cxi2: 46815
  cxi3: 1855
  cxi4: 1825
  cxi5: 50710
  cxi6: 1894
  cxi7: 48506
  total: 204432
ixe_rx_pkt_drop_pct:
  cxi0: 282727
  cxi1: 70202
  cxi2: 272381
  cxi3: 101953
  cxi4: 9422
  cxi5: 280085
  cxi6: 9747
  cxi7: 275489
  total: 1302006
ixe_rx_pkt_drop_ixe_parser:
  cxi0: 0
  cxi1: 0
  cxi2: 0
  cxi3: 0
  cxi4: 0
  cxi5: 0
  cxi6: 0
  cxi7: 0
  total: 0
pct_req_rsp_latency_0:
  cxi0: 8472917
  cxi1: 2611094
  cxi2: 4875575
  cxi3: 265766
  cxi4: 1539974
  cxi5: 6103254
  cxi6: 1456475
  cxi7: 6378202
  total: 31703257
pct_req_rsp_latency_1:
  cxi0: 18998623
  cxi1: 4051940
  cxi2: 14464227
  cxi3: 1289925
  cxi4: 2612940
  cxi5: 15209182
  cxi6: 2907335
  cxi7: 16102659
  total: 75636831
pct_req_rsp_latency_2:
  cxi0: 53982352
  cxi1: 7100734
  cxi2: 49644157
  cxi3: 5499575
  cxi4: 6315277
  cxi5: 47983198
  cxi6: 6835377
  cxi7: 51204135
  total: 228564805
pct_req_rsp_latency_3:
  cxi0: 64081123
  cxi1: 21089150
  cxi2: 60733799
  cxi3: 20029529
  cxi4: 20217086
  cxi5: 63113731
  cxi6: 20959810
  cxi7: 64402135
  total: 334626363
pct_req_rsp_latency_4:
  cxi0: 130699080
  cxi1: 29457888
  cxi2: 108279154
  cxi3: 28566523
  cxi4: 28930442
  cxi5: 107740575
  cxi6: 29274136
  cxi7: 129462869
  total: 592410667
pct_req_rsp_latency_5:
  cxi0: 115856949
  cxi1: 27460417
  cxi2: 110379812
  cxi3: 26946851
  cxi4: 27290564
  cxi5: 112075069
  cxi6: 27483718
  cxi7: 118254323
  total: 565747703
pct_req_rsp_latency_6:
  cxi0: 68898514
  cxi1: 25133875
  cxi2: 68971021
  cxi3: 24910753
  cxi4: 25008445
  cxi5: 69160357
  cxi6: 25730222
  cxi7: 68649820
  total: 376463007
pct_req_rsp_latency_7:
  cxi0: 48413376
  cxi1: 24087168
  cxi2: 44191636
  cxi3: 24326914
  cxi4: 24106724
  cxi5: 44456685
  cxi6: 26403652
  cxi7: 50025583
  total: 286011738
pct_req_rsp_latency_8:
  cxi0: 33302954
  cxi1: 24542207
  cxi2: 32534532
  cxi3: 24911040
  cxi4: 24521116
  cxi5: 33147880
  cxi6: 27224119
  cxi7: 37769319
  total: 237953167
pct_req_rsp_latency_9:
  cxi0: 28881381
  cxi1: 25429432
  cxi2: 29373325
  cxi3: 25624503
  cxi4: 25383315
  cxi5: 29576650
  cxi6: 27009836
  cxi7: 31995060
  total: 223273502
pct_req_rsp_latency_10:
  cxi0: 28681501
  cxi1: 26408279
  cxi2: 29107503
  cxi3: 26517508
  cxi4: 26423081
  cxi5: 29121108
  cxi6: 27264696
  cxi7: 30720634
  total: 224244310
pct_req_rsp_latency_11:
  cxi0: 29441937
  cxi1: 27409746
  cxi2: 29780850
  cxi3: 27503944
  cxi4: 27496075
  cxi5: 29570646
  cxi6: 27998536
  cxi7: 30816744
  total: 230018478
pct_req_rsp_latency_12:
  cxi0: 30557875
  cxi1: 28397574
  cxi2: 30768298
  cxi3: 28521411
  cxi4: 28478817
  cxi5: 30209291
  cxi6: 28870760
  cxi7: 31152957
  total: 236956983
pct_req_rsp_latency_13:
  cxi0: 31060905
  cxi1: 29256559
  cxi2: 31316428
  cxi3: 29397892
  cxi4: 29344515
  cxi5: 30815224
  cxi6: 29649728
  cxi7: 31534141
  total: 242375392
pct_req_rsp_latency_14:
  cxi0: 31028765
  cxi1: 29949943
  cxi2: 31496594
  cxi3: 30118386
  cxi4: 30048409
  cxi5: 31347555
  cxi6: 30296752
  cxi7: 31847388
  total: 246133792
pct_req_rsp_latency_15:
  cxi0: 31302576
  cxi1: 30401402
  cxi2: 31716682
  cxi3: 30604713
  cxi4: 30530905
  cxi5: 31666197
  cxi6: 30714779
  cxi7: 32044903
  total: 248982157
pct_req_rsp_latency_16:
  cxi0: 31419881
  cxi1: 30654366
  cxi2: 31817533
  cxi3: 30890522
  cxi4: 30813229
  cxi5: 31784739
  cxi6: 30944611
  cxi7: 32071878
  total: 250396759
pct_req_rsp_latency_17:
  cxi0: 31388632
  cxi1: 30713099
  cxi2: 31742446
  cxi3: 30977856
  cxi4: 30907558
  cxi5: 31669081
  cxi6: 30996107
  cxi7: 31950655
  total: 250345434
pct_req_rsp_latency_18:
  cxi0: 31090128
  cxi1: 30579541
  cxi2: 31431919
  cxi3: 30842038
  cxi4: 30764810
  cxi5: 31319274
  cxi6: 30792442
  cxi7: 31560158
  total: 248380310
pct_req_rsp_latency_19:
  cxi0: 30657476
  cxi1: 30131944
  cxi2: 30973191
  cxi3: 30402103
  cxi4: 30321004
  cxi5: 30756737
  cxi6: 30270867
  cxi7: 30994762
  total: 244508084
pct_req_rsp_latency_20:
  cxi0: 30767476
  cxi1: 29443658
  cxi2: 30967716
  cxi3: 29724872
  cxi4: 29619636
  cxi5: 30181251
  cxi6: 29538908
  cxi7: 30934351
  total: 241177868
pct_req_rsp_latency_21:
  cxi0: 30464737
  cxi1: 28495503
  cxi2: 30464387
  cxi3: 28779865
  cxi4: 28623009
  cxi5: 29374813
  cxi6: 28578965
  cxi7: 30241549
  total: 235022828
pct_req_rsp_latency_22:
  cxi0: 28033871
  cxi1: 27343184
  cxi2: 28329780
  cxi3: 27640840
  cxi4: 27523660
  cxi5: 27994704
  cxi6: 27423137
  cxi7: 28136238
  total: 222425414
pct_req_rsp_latency_23:
  cxi0: 26428017
  cxi1: 26097832
  cxi2: 26747448
  cxi3: 26411588
  cxi4: 26315852
  cxi5: 26722076
  cxi6: 26187372
  cxi7: 26566063
  total: 211476248
pct_req_rsp_latency_24:
  cxi0: 25115891
  cxi1: 24794097
  cxi2: 25422857
  cxi3: 25097550
  cxi4: 25011229
  cxi5: 25454310
  cxi6: 24870816
  cxi7: 25259241
  total: 201025991
pct_req_rsp_latency_25:
  cxi0: 23773090
  cxi1: 23439430
  cxi2: 24065131
  cxi3: 23764443
  cxi4: 23648125
  cxi5: 24129814
  cxi6: 23530471
  cxi7: 23885915
  total: 190236419
pct_req_rsp_latency_26:
  cxi0: 22316978
  cxi1: 21974039
  cxi2: 22604729
  cxi3: 22318507
  cxi4: 22181205
  cxi5: 22623402
  cxi6: 22057142
  cxi7: 22382681
  total: 178458683
pct_req_rsp_latency_27:
  cxi0: 20867463
  cxi1: 20491033
  cxi2: 21113144
  cxi3: 20841155
  cxi4: 20676066
  cxi5: 21058454
  cxi6: 20578246
  cxi7: 20814498
  total: 166440059
pct_req_rsp_latency_28:
  cxi0: 19373850
  cxi1: 18976488
  cxi2: 19603589
  cxi3: 19310120
  cxi4: 19159252
  cxi5: 19451142
  cxi6: 19053951
  cxi7: 19233247
  total: 154161639
pct_req_rsp_latency_29:
  cxi0: 17967153
  cxi1: 17506499
  cxi2: 18133863
  cxi3: 17833037
  cxi4: 17710521
  cxi5: 17903094
  cxi6: 17565452
  cxi7: 17734591
  total: 142354210
pct_req_rsp_latency_30:
  cxi0: 16484210
  cxi1: 16140830
  cxi2: 16703926
  cxi3: 16461218
  cxi4: 16326774
  cxi5: 16478918
  cxi6: 16190589
  cxi7: 16321340
  total: 131107805
pct_req_rsp_latency_31:
  cxi0: 151077186
  cxi1: 148301599
  cxi2: 156062705
  cxi3: 154085294
  cxi4: 150491919
  cxi5: 153380896
  cxi6: 149591731
  cxi7: 150094771
  total: 1213086101
