=== x1922c5s6b0n0 === (8 NICs)
atu_cache_hit_base_page_size_0:
  cxi0: 931705895
  cxi1: 928301031
  cxi2: 932101769
  cxi3: 926879390
  cxi4: 928989957
  cxi5: 928011776
  cxi6: 927155412
  cxi7: 928709677
  total: 7431854907
atu_cache_miss_0:
  cxi0: 12424676
  cxi1: 7386020
  cxi2: 11697317
  cxi3: 5071261
  cxi4: 6177823
  cxi5: 6728908
  cxi6: 6533142
  cxi7: 10384685
  total: 66403832
ixe_disp_amo_events:
  cxi0: 10349
  cxi1: 1703
  cxi2: 1703
  cxi3: 1698
  cxi4: 9020
  cxi5: 1820
  cxi6: 1698
  cxi7: 1703
  total: 29694
ixe_disp_lpe_amos:
  cxi0: 10349
  cxi1: 1703
  cxi2: 1703
  cxi3: 1698
  cxi4: 9020
  cxi5: 1820
  cxi6: 1698
  cxi7: 1703
  total: 29694
ixe_disp_lpe_amos_ok:
  cxi0: 10349
  cxi1: 1703
  cxi2: 1703
  cxi3: 1698
  cxi4: 9020
  cxi5: 1820
  cxi6: 1698
  cxi7: 1703
  total: 29694
pct_retry_trs_put:
  cxi0: 0
  cxi1: 0
  cxi2: 0
  cxi3: 0
  cxi4: 0
  cxi5: 0
  cxi6: 0
  cxi7: 0
  total: 0
mst_stalled_waiting_put_crdts:
  cxi0: 0
  cxi1: 0
  cxi2: 0
  cxi3: 0
  cxi4: 0
  cxi5: 0
  cxi6: 0
  cxi7: 0
  total: 0
hni_sts_tx_ok_octets:
  cxi0: 58898378948697
  cxi1: 58303910557243
  cxi2: 34538106072516
  cxi3: 32042233036409
  cxi4: 32015388191276
  cxi5: 34075937172140
  cxi6: 57554663672421
  cxi7: 59836250545582
  total: 367264868196284
hni_sts_rx_ok_octets:
  cxi0: 59730805852525
  cxi1: 59098421529986
  cxi2: 35307944761873
  cxi3: 32731144827384
  cxi4: 32158122637816
  cxi5: 34238356389779
  cxi6: 57649738516835
  cxi7: 59874498385365
  total: 370789032901563
hni_tx_ok_64:
  cxi0: 188090547
  cxi1: 186778614
  cxi2: 188081998
  cxi3: 186127386
  cxi4: 186640978
  cxi5: 186619554
  cxi6: 186525410
  cxi7: 187440030
  total: 1496304517
hni_tx_ok_65_to_127:
  cxi0: 41614
  cxi1: 31147
  cxi2: 31589
  cxi3: 30493
  cxi4: 38882
  cxi5: 32266
  cxi6: 30030
  cxi7: 31141
  total: 267162
hni_tx_ok_128_to_255:
  cxi0: 288
  cxi1: 120
  cxi2: 2746
  cxi3: 2716
  cxi4: 47
  cxi5: 69
  cxi6: 793
  cxi7: 829
  total: 7608
hni_tx_ok_256_to_511:
  cxi0: 922
  cxi1: 988
  cxi2: 2413
  cxi3: 2524
  cxi4: 412
  cxi5: 900
  cxi6: 41826
  cxi7: 42265
  total: 92250
hni_tx_ok_512_to_1023:
  cxi0: 960
  cxi1: 515
  cxi2: 1942
  cxi3: 1405
  cxi4: 632
  cxi5: 936
  cxi6: 2509
  cxi7: 3177
  total: 12076
hni_tx_ok_1024_to_2047:
  cxi0: 10551
  cxi1: 6150
  cxi2: 8099
  cxi3: 3634
  cxi4: 2962
  cxi5: 2983
  cxi6: 3751
  cxi7: 5740
  total: 43870
hni_tx_ok_4096_to_8191:
  cxi0: 0
  cxi1: 0
  cxi2: 0
  cxi3: 0
  cxi4: 0
  cxi5: 0
  cxi6: 0
  cxi7: 3
  total: 3
hni_tx_ok_8192_to_max:
  cxi0: 0
  cxi1: 0
  cxi2: 0
  cxi3: 0
  cxi4: 0
  cxi5: 0
  cxi6: 0
  cxi7: 20
  total: 20
hni_rx_ok_64:
  cxi0: 188030475
  cxi1: 186684983
  cxi2: 188038179
  cxi3: 186156273
  cxi4: 186640934
  cxi5: 186529957
  cxi6: 186483765
  cxi7: 187332069
  total: 1495896635
hni_rx_ok_65_to_127:
  cxi0: 56870
  cxi1: 47837
  cxi2: 48322
  cxi3: 48163
  cxi4: 54793
  cxi5: 45931
  cxi6: 44591
  cxi7: 43604
  total: 390111
hni_rx_ok_128_to_255:
  cxi0: 101
  cxi1: 64
  cxi2: 2682
  cxi3: 2658
  cxi4: 99
  cxi5: 132
  cxi6: 846
  cxi7: 875
  total: 7457
hni_rx_ok_256_to_511:
  cxi0: 945
  cxi1: 956
  cxi2: 2340
  cxi3: 2440
  cxi4: 456
  cxi5: 949
  cxi6: 41827
  cxi7: 42281
  total: 92194
hni_rx_ok_512_to_1023:
  cxi0: 723
  cxi1: 745
  cxi2: 1930
  cxi3: 1290
  cxi4: 494
  cxi5: 783
  cxi6: 2487
  cxi7: 2880
  total: 11332
hni_rx_ok_1024_to_2047:
  cxi0: 10845
  cxi1: 6291
  cxi2: 8302
  cxi3: 4086
  cxi4: 3469
  cxi5: 3592
  cxi6: 4028
  cxi7: 6315
  total: 46928
hni_rx_ok_4096_to_8191:
  cxi0: 2
  cxi1: 0
  cxi2: 0
  cxi3: 0
  cxi4: 0
  cxi5: 0
  cxi6: 0
  cxi7: 0
  total: 2
hni_rx_ok_8192_to_max:
  cxi0: 26
  cxi1: 0
  cxi2: 0
  cxi3: 0
  cxi4: 0
  cxi5: 0
  cxi6: 0
  cxi7: 0
  total: 26
hni_llr_tx_replay_event:
  cxi0: 0
  cxi1: 0
  cxi2: 0
  cxi3: 0
  cxi4: 0
  cxi5: 0
  cxi6: 0
  cxi7: 0
  total: 0
hni_llr_rx_replay_event:
  cxi0: 0
  cxi1: 0
  cxi2: 0
  cxi3: 0
  cxi4: 0
  cxi5: 0
  cxi6: 0
  cxi7: 0
  total: 0
hni_llr_tx_nack_ctl_os:
  cxi0: 0
  cxi1: 0
  cxi2: 0
  cxi3: 0
  cxi4: 0
  cxi5: 0
  cxi6: 0
  cxi7: 0
  total: 0
hni_llr_rx_nack_ctl_os:
  cxi0: 0
  cxi1: 0
  cxi2: 0
  cxi3: 0
  cxi4: 0
  cxi5: 0
  cxi6: 0
  cxi7: 0
  total: 0
hni_llr_tx_discard:
  cxi0: 0
  cxi1: 0
  cxi2: 0
  cxi3: 0
  cxi4: 0
  cxi5: 0
  cxi6: 0
  cxi7: 0
  total: 0
pct_rsp_err_rcvd:
  cxi0: 0
  cxi1: 0
  cxi2: 6
  cxi3: 9
  cxi4: 0
  cxi5: 0
  cxi6: 19
  cxi7: 15
  total: 49
pct_rsp_dropped_timeout:
  cxi0: 0
  cxi1: 0
  cxi2: 0
  cxi3: 0
  cxi4: 0
  cxi5: 0
  cxi6: 0
  cxi7: 0
  total: 0
pct_rsp_dropped_try:
  cxi0: 0
  cxi1: 0
  cxi2: 0
  cxi3: 0
  cxi4: 0
  cxi5: 0
  cxi6: 0
  cxi7: 0
  total: 0
pct_bad_seq_nacks:
  cxi0: 0
  cxi1: 0
  cxi2: 1
  cxi3: 5
  cxi4: 0
  cxi5: 0
  cxi6: 8
  cxi7: 7
  total: 21
pct_no_trs_nacks:
  cxi0: 0
  cxi1: 0
  cxi2: 0
  cxi3: 0
  cxi4: 0
  cxi5: 0
  cxi6: 0
  cxi7: 0
  total: 0
ixe_rx_pkt_drop_pct:
  cxi0: 0
  cxi1: 0
  cxi2: 0
  cxi3: 0
  cxi4: 0
  cxi5: 0
  cxi6: 0
  cxi7: 0
  total: 0
ixe_rx_pkt_drop_ixe_parser:
  cxi0: 0
  cxi1: 0
  cxi2: 0
  cxi3: 0
  cxi4: 0
  cxi5: 0
  cxi6: 0
  cxi7: 0
  total: 0
pct_req_rsp_latency_0:
  cxi0: 220281
  cxi1: 212678
  cxi2: 458400
  cxi3: 436078
  cxi4: 86445
  cxi5: 82552
  cxi6: 379497
  cxi7: 395381
  total: 2271312
pct_req_rsp_latency_1:
  cxi0: 714060
  cxi1: 702731
  cxi2: 1081149
  cxi3: 1080501
  cxi4: 350530
  cxi5: 344543
  cxi6: 672507
  cxi7: 664859
  total: 5610880
pct_req_rsp_latency_2:
  cxi0: 1806484
  cxi1: 1782025
  cxi2: 2035811
  cxi3: 2033343
  cxi4: 1272648
  cxi5: 1306628
  cxi6: 1498686
  cxi7: 1504363
  total: 13239988
pct_req_rsp_latency_3:
  cxi0: 4783042
  cxi1: 4722002
  cxi2: 4995137
  cxi3: 4996435
  cxi4: 4316004
  cxi5: 4355842
  cxi6: 4478094
  cxi7: 4472471
  total: 37119027
pct_req_rsp_latency_4:
  cxi0: 6090854
  cxi1: 6018581
  cxi2: 6161450
  cxi3: 6204769
  cxi4: 5839284
  cxi5: 5903447
  cxi6: 6063950
  cxi7: 6030673
  total: 48313008
pct_req_rsp_latency_5:
  cxi0: 5376468
  cxi1: 5316924
  cxi2: 5395129
  cxi3: 5410585
  cxi4: 5214500
  cxi5: 5266130
  cxi6: 5380759
  cxi7: 5356494
  total: 42716989
pct_req_rsp_latency_6:
  cxi0: 5205962
  cxi1: 5126841
  cxi2: 5201699
  cxi3: 5180679
  cxi4: 5042994
  cxi5: 5102397
  cxi6: 5171887
  cxi7: 5185495
  total: 41217954
pct_req_rsp_latency_7:
  cxi0: 5448300
  cxi1: 5258751
  cxi2: 5467580
  cxi3: 5267491
  cxi4: 5181400
  cxi5: 5308147
  cxi6: 5294844
  cxi7: 5459816
  total: 42686329
pct_req_rsp_latency_8:
  cxi0: 5472515
  cxi1: 5410578
  cxi2: 5542486
  cxi3: 5427958
  cxi4: 5313056
  cxi5: 5431982
  cxi6: 5404694
  cxi7: 5526026
  total: 43529295
pct_req_rsp_latency_9:
  cxi0: 5586151
  cxi1: 5570924
  cxi2: 5639952
  cxi3: 5577883
  cxi4: 5506550
  cxi5: 5555589
  cxi6: 5585192
  cxi7: 5610351
  total: 44632592
pct_req_rsp_latency_10:
  cxi0: 5782906
  cxi1: 5770741
  cxi2: 5818713
  cxi3: 5774904
  cxi4: 5692229
  cxi5: 5735493
  cxi6: 5789304
  cxi7: 5786002
  total: 46150292
pct_req_rsp_latency_11:
  cxi0: 5996494
  cxi1: 5958737
  cxi2: 6009799
  cxi3: 5965779
  cxi4: 5902833
  cxi5: 5939275
  cxi6: 5984623
  cxi7: 5985417
  total: 47742957
pct_req_rsp_latency_12:
  cxi0: 6209089
  cxi1: 6162127
  cxi2: 6196105
  cxi3: 6155759
  cxi4: 6107970
  cxi5: 6139200
  cxi6: 6183994
  cxi7: 6198156
  total: 49352400
pct_req_rsp_latency_13:
  cxi0: 6415251
  cxi1: 6349113
  cxi2: 6365424
  cxi3: 6326339
  cxi4: 6307365
  cxi5: 6320129
  cxi6: 6364496
  cxi7: 6384116
  total: 50832233
pct_req_rsp_latency_14:
  cxi0: 6595579
  cxi1: 6484045
  cxi2: 6493016
  cxi3: 6459151
  cxi4: 6470183
  cxi5: 6461303
  cxi6: 6502498
  cxi7: 6523707
  total: 51989482
pct_req_rsp_latency_15:
  cxi0: 6690415
  cxi1: 6596922
  cxi2: 6600425
  cxi3: 6579239
  cxi4: 6605444
  cxi5: 6585003
  cxi6: 6607805
  cxi7: 6634399
  total: 52899652
pct_req_rsp_latency_16:
  cxi0: 6744089
  cxi1: 6663146
  cxi2: 6661509
  cxi3: 6638097
  cxi4: 6676010
  cxi5: 6661972
  cxi6: 6676968
  cxi7: 6704063
  total: 53425854
pct_req_rsp_latency_17:
  cxi0: 6808123
  cxi1: 6696609
  cxi2: 6707154
  cxi3: 6667476
  cxi4: 6708825
  cxi5: 6697842
  cxi6: 6712589
  cxi7: 6749634
  total: 53748252
pct_req_rsp_latency_18:
  cxi0: 6773641
  cxi1: 6642565
  cxi2: 6677956
  cxi3: 6609175
  cxi4: 6674103
  cxi5: 6658676
  cxi6: 6668739
  cxi7: 6714380
  total: 53419235
pct_req_rsp_latency_19:
  cxi0: 6620653
  cxi1: 6513601
  cxi2: 6548842
  cxi3: 6491186
  cxi4: 6570249
  cxi5: 6546125
  cxi6: 6542508
  cxi7: 6579930
  total: 52413094
pct_req_rsp_latency_20:
  cxi0: 6425051
  cxi1: 6332996
  cxi2: 6363037
  cxi3: 6313986
  cxi4: 6399953
  cxi5: 6372192
  cxi6: 6361149
  cxi7: 6401876
  total: 50970240
pct_req_rsp_latency_21:
  cxi0: 6180555
  cxi1: 6108995
  cxi2: 6122204
  cxi3: 6085377
  cxi4: 6171757
  cxi5: 6152070
  cxi6: 6139393
  cxi7: 6172050
  total: 49132401
pct_req_rsp_latency_22:
  cxi0: 5917712
  cxi1: 5858029
  cxi2: 5863245
  cxi3: 5832253
  cxi4: 5930319
  cxi5: 5904161
  cxi6: 5891353
  cxi7: 5919313
  total: 47116385
pct_req_rsp_latency_23:
  cxi0: 5626111
  cxi1: 5593430
  cxi2: 5577679
  cxi3: 5558975
  cxi4: 5652215
  cxi5: 5634173
  cxi6: 5622524
  cxi7: 5631572
  total: 44896679
pct_req_rsp_latency_24:
  cxi0: 5323797
  cxi1: 5295357
  cxi2: 5276977
  cxi3: 5255106
  cxi4: 5362014
  cxi5: 5338814
  cxi6: 5321621
  cxi7: 5341963
  total: 42515649
pct_req_rsp_latency_25:
  cxi0: 5004825
  cxi1: 4976687
  cxi2: 4954751
  cxi3: 4928899
  cxi4: 5038771
  cxi5: 5020316
  cxi6: 5000589
  cxi7: 5021724
  total: 39946562
pct_req_rsp_latency_26:
  cxi0: 4668376
  cxi1: 4641736
  cxi2: 4614397
  cxi3: 4593258
  cxi4: 4712392
  cxi5: 4688705
  cxi6: 4661943
  cxi7: 4684140
  total: 37264947
pct_req_rsp_latency_27:
  cxi0: 4326187
  cxi1: 4297881
  cxi2: 4268117
  cxi3: 4247285
  cxi4: 4383153
  cxi5: 4349886
  cxi6: 4315511
  cxi7: 4336876
  total: 34524896
pct_req_rsp_latency_28:
  cxi0: 3981008
  cxi1: 3968522
  cxi2: 3927486
  cxi3: 3910859
  cxi4: 4051926
  cxi5: 4026855
  cxi6: 3979161
  cxi7: 3993855
  total: 31839672
pct_req_rsp_latency_29:
  cxi0: 3653004
  cxi1: 3654845
  cxi2: 3601659
  cxi3: 3588892
  cxi4: 3727163
  cxi5: 3712234
  cxi6: 3652328
  cxi7: 3668324
  total: 29258449
pct_req_rsp_latency_30:
  cxi0: 3339682
  cxi1: 3356647
  cxi2: 3302992
  cxi3: 3284115
  cxi4: 3424777
  cxi5: 3409575
  cxi6: 3344480
  cxi7: 3358914
  total: 26821182
pct_req_rsp_latency_31:
  cxi0: 28297646
  cxi1: 28741291
  cxi2: 28145485
  cxi3: 27238512
  cxi4: 29948266
  cxi5: 29614762
  cxi6: 28197430
  cxi7: 28368482
  total: 228551874
