=== x1922c5s6b0n0 === (8 NICs)
atu_cache_hit_base_page_size_0:
  cxi0: 954720384
  cxi1: 950514760
  cxi2: 954826439
  cxi3: 949342755
  cxi4: 953428943
  cxi5: 954059842
  cxi6: 951097797
  cxi7: 954355711
  total: 7622346631
atu_cache_miss_0:
  cxi0: 24286105
  cxi1: 18788574
  cxi2: 22591205
  cxi3: 14979784
  cxi4: 15361019
  cxi5: 15532618
  cxi6: 14953312
  cxi7: 18349691
  total: 144842308
ixe_disp_amo_events:
  cxi0: 28000
  cxi1: 3888
  cxi2: 3888
  cxi3: 3744
  cxi4: 24888
  cxi5: 4032
  cxi6: 3744
  cxi7: 3888
  total: 76072
ixe_disp_lpe_amos:
  cxi0: 28000
  cxi1: 3888
  cxi2: 3888
  cxi3: 3744
  cxi4: 24888
  cxi5: 4032
  cxi6: 3744
  cxi7: 3888
  total: 76072
ixe_disp_lpe_amos_ok:
  cxi0: 28000
  cxi1: 3888
  cxi2: 3888
  cxi3: 3744
  cxi4: 24888
  cxi5: 4032
  cxi6: 3744
  cxi7: 3888
  total: 76072
pct_retry_trs_put:
  cxi0: 0
  cxi1: 0
  cxi2: 0
  cxi3: 0
  cxi4: 0
  cxi5: 0
  cxi6: 0
  cxi7: 0
  total: 0
mst_stalled_waiting_put_crdts:
  cxi0: 0
  cxi1: 0
  cxi2: 0
  cxi3: 0
  cxi4: 0
  cxi5: 0
  cxi6: 0
  cxi7: 0
  total: 0
hni_sts_tx_ok_octets:
  cxi0: 58916459931740
  cxi1: 58321342258231
  cxi2: 34555538763200
  cxi3: 32059019582383
  cxi4: 32032818566825
  cxi5: 34094008935671
  cxi6: 57571444992952
  cxi7: 59853678367695
  total: 367404311398697
hni_sts_rx_ok_octets:
  cxi0: 59731400992610
  cxi1: 59098991479685
  cxi2: 35308515689671
  cxi3: 32731693720396
  cxi4: 32158699501720
  cxi5: 34238950904133
  cxi6: 57650290977325
  cxi7: 59875072576148
  total: 370793615841688
hni_tx_ok_64:
  cxi0: 188190903
  cxi1: 186836246
  cxi2: 188139447
  cxi3: 186184323
  cxi4: 186738866
  cxi5: 186681324
  cxi6: 186584222
  cxi7: 187500441
  total: 1496855772
hni_tx_ok_65_to_127:
  cxi0: 152429
  cxi1: 119244
  cxi2: 119681
  cxi3: 115199
  cxi4: 144554
  cxi5: 123515
  cxi6: 114748
  cxi7: 119258
  total: 1008628
hni_tx_ok_128_to_255:
  cxi0: 28328
  cxi1: 27160
  cxi2: 29788
  cxi3: 28760
  cxi4: 27047
  cxi5: 28069
  cxi6: 26806
  cxi7: 27841
  total: 223799
hni_tx_ok_256_to_511:
  cxi0: 15008
  cxi1: 14706
  cxi2: 16034
  cxi3: 15774
  cxi4: 13939
  cxi5: 15116
  cxi6: 54878
  cxi7: 56001
  total: 201456
hni_tx_ok_512_to_1023:
  cxi0: 15100
  cxi1: 14153
  cxi2: 15683
  cxi3: 14639
  cxi4: 14252
  cxi5: 15056
  cxi6: 15740
  cxi7: 16927
  total: 121550
hni_tx_ok_1024_to_2047:
  cxi0: 24556
  cxi1: 19650
  cxi2: 21599
  cxi3: 16634
  cxi4: 16462
  cxi5: 16983
  cxi6: 16751
  cxi7: 19245
  total: 151880
hni_tx_ok_4096_to_8191:
  cxi0: 0
  cxi1: 0
  cxi2: 0
  cxi3: 0
  cxi4: 0
  cxi5: 0
  cxi6: 0
  cxi7: 6
  total: 6
hni_tx_ok_8192_to_max:
  cxi0: 0
  cxi1: 0
  cxi2: 0
  cxi3: 0
  cxi4: 0
  cxi5: 0
  cxi6: 0
  cxi7: 36
  total: 36
hni_rx_ok_64:
  cxi0: 197038102
  cxi1: 195325454
  cxi2: 196679959
  cxi3: 194473479
  cxi4: 195288813
  cxi5: 195466012
  cxi6: 194776589
  cxi7: 195939956
  total: 1564988364
hni_rx_ok_65_to_127:
  cxi0: 81347
  cxi1: 55622
  cxi2: 56111
  cxi3: 55539
  cxi4: 77577
  cxi5: 53883
  cxi6: 51960
  cxi7: 51402
  total: 483441
hni_rx_ok_128_to_255:
  cxi0: 101
  cxi1: 64
  cxi2: 2684
  cxi3: 2660
  cxi4: 139
  cxi5: 172
  cxi6: 886
  cxi7: 928
  total: 7634
hni_rx_ok_256_to_511:
  cxi0: 972
  cxi1: 1115
  cxi2: 2390
  cxi3: 2621
  cxi4: 542
  cxi5: 1224
  cxi6: 41923
  cxi7: 42568
  total: 93355
hni_rx_ok_512_to_1023:
  cxi0: 845
  cxi1: 865
  cxi2: 2162
  cxi3: 1514
  cxi4: 632
  cxi5: 921
  cxi6: 2745
  cxi7: 3142
  total: 12826
hni_rx_ok_1024_to_2047:
  cxi0: 10847
  cxi1: 6291
  cxi2: 8305
  cxi3: 4088
  cxi4: 3469
  cxi5: 3595
  cxi6: 4034
  cxi7: 6326
  total: 46955
hni_rx_ok_4096_to_8191:
  cxi0: 2
  cxi1: 0
  cxi2: 0
  cxi3: 0
  cxi4: 0
  cxi5: 0
  cxi6: 0
  cxi7: 0
  total: 2
hni_rx_ok_8192_to_max:
  cxi0: 26
  cxi1: 0
  cxi2: 0
  cxi3: 0
  cxi4: 0
  cxi5: 0
  cxi6: 0
  cxi7: 0
  total: 26
hni_llr_tx_replay_event:
  cxi0: 0
  cxi1: 0
  cxi2: 0
  cxi3: 0
  cxi4: 0
  cxi5: 0
  cxi6: 0
  cxi7: 0
  total: 0
hni_llr_rx_replay_event:
  cxi0: 0
  cxi1: 0
  cxi2: 0
  cxi3: 0
  cxi4: 0
  cxi5: 0
  cxi6: 0
  cxi7: 0
  total: 0
hni_llr_tx_nack_ctl_os:
  cxi0: 0
  cxi1: 0
  cxi2: 0
  cxi3: 0
  cxi4: 0
  cxi5: 0
  cxi6: 0
  cxi7: 0
  total: 0
hni_llr_rx_nack_ctl_os:
  cxi0: 0
  cxi1: 0
  cxi2: 0
  cxi3: 0
  cxi4: 0
  cxi5: 0
  cxi6: 0
  cxi7: 0
  total: 0
hni_llr_tx_discard:
  cxi0: 0
  cxi1: 0
  cxi2: 0
  cxi3: 0
  cxi4: 0
  cxi5: 0
  cxi6: 0
  cxi7: 0
  total: 0
pct_rsp_err_rcvd:
  cxi0: 0
  cxi1: 0
  cxi2: 6
  cxi3: 9
  cxi4: 0
  cxi5: 0
  cxi6: 19
  cxi7: 15
  total: 49
pct_rsp_dropped_timeout:
  cxi0: 0
  cxi1: 0
  cxi2: 0
  cxi3: 0
  cxi4: 0
  cxi5: 0
  cxi6: 0
  cxi7: 0
  total: 0
pct_rsp_dropped_try:
  cxi0: 0
  cxi1: 0
  cxi2: 0
  cxi3: 0
  cxi4: 0
  cxi5: 0
  cxi6: 0
  cxi7: 0
  total: 0
pct_bad_seq_nacks:
  cxi0: 0
  cxi1: 0
  cxi2: 1
  cxi3: 5
  cxi4: 0
  cxi5: 0
  cxi6: 8
  cxi7: 7
  total: 21
pct_no_trs_nacks:
  cxi0: 0
  cxi1: 0
  cxi2: 0
  cxi3: 0
  cxi4: 0
  cxi5: 0
  cxi6: 0
  cxi7: 0
  total: 0
ixe_rx_pkt_drop_pct:
  cxi0: 0
  cxi1: 0
  cxi2: 0
  cxi3: 0
  cxi4: 0
  cxi5: 0
  cxi6: 0
  cxi7: 0
  total: 0
ixe_rx_pkt_drop_ixe_parser:
  cxi0: 0
  cxi1: 0
  cxi2: 0
  cxi3: 0
  cxi4: 0
  cxi5: 0
  cxi6: 0
  cxi7: 0
  total: 0
pct_req_rsp_latency_0:
  cxi0: 478584
  cxi1: 449814
  cxi2: 690598
  cxi3: 655959
  cxi4: 245433
  cxi5: 239609
  cxi6: 517922
  cxi7: 538267
  total: 3816186
pct_req_rsp_latency_1:
  cxi0: 1481404
  cxi1: 1409650
  cxi2: 1732526
  cxi3: 1764236
  cxi4: 842885
  cxi5: 813849
  cxi6: 1102960
  cxi7: 1091826
  total: 10239336
pct_req_rsp_latency_2:
  cxi0: 3728204
  cxi1: 3736686
  cxi2: 4003586
  cxi3: 3990580
  cxi4: 3037326
  cxi5: 3083713
  cxi6: 3299206
  cxi7: 3333541
  total: 28212842
pct_req_rsp_latency_3:
  cxi0: 5555482
  cxi1: 5515753
  cxi2: 5743896
  cxi3: 5629689
  cxi4: 4690387
  cxi5: 4776485
  cxi6: 4885801
  cxi7: 4881180
  total: 41678673
pct_req_rsp_latency_4:
  cxi0: 7094874
  cxi1: 6907828
  cxi2: 7110920
  cxi3: 6981892
  cxi4: 6560893
  cxi5: 6618478
  cxi6: 6779700
  cxi7: 6676201
  total: 54730786
pct_req_rsp_latency_5:
  cxi0: 6405427
  cxi1: 6268680
  cxi2: 6394629
  cxi3: 6345572
  cxi4: 6356470
  cxi5: 6477969
  cxi6: 6448424
  cxi7: 6446898
  total: 51144069
pct_req_rsp_latency_6:
  cxi0: 6306493
  cxi1: 6150914
  cxi2: 6256535
  cxi3: 6209127
  cxi4: 6377538
  cxi5: 6531559
  cxi6: 6419341
  cxi7: 6523816
  total: 50775323
pct_req_rsp_latency_7:
  cxi0: 6452395
  cxi1: 6228245
  cxi2: 6433793
  cxi3: 6253417
  cxi4: 6448293
  cxi5: 6633433
  cxi6: 6485390
  cxi7: 6750899
  total: 51685865
pct_req_rsp_latency_8:
  cxi0: 6045277
  cxi1: 5979198
  cxi2: 6071269
  cxi3: 5995692
  cxi4: 6066499
  cxi5: 6221658
  cxi6: 6104286
  cxi7: 6304557
  total: 48788436
pct_req_rsp_latency_9:
  cxi0: 5785921
  cxi1: 5773564
  cxi2: 5835468
  cxi3: 5780785
  cxi4: 5759459
  cxi5: 5825364
  cxi6: 5828115
  cxi7: 5903510
  total: 46492186
pct_req_rsp_latency_10:
  cxi0: 5878216
  cxi1: 5866299
  cxi2: 5909902
  cxi3: 5869490
  cxi4: 5822281
  cxi5: 5865510
  cxi6: 5911070
  cxi7: 5918383
  total: 47041151
pct_req_rsp_latency_11:
  cxi0: 6029308
  cxi1: 5991450
  cxi2: 6042460
  cxi3: 5996917
  cxi4: 5942900
  cxi5: 5978246
  cxi6: 6020901
  cxi7: 6027352
  total: 48029534
pct_req_rsp_latency_12:
  cxi0: 6224910
  cxi1: 6179009
  cxi2: 6212338
  cxi3: 6171077
  cxi4: 6125918
  cxi5: 6156094
  cxi6: 6200894
  cxi7: 6216668
  total: 49486908
pct_req_rsp_latency_13:
  cxi0: 6426437
  cxi1: 6360605
  cxi2: 6377350
  cxi3: 6336547
  cxi4: 6318884
  cxi5: 6331341
  cxi6: 6376109
  cxi7: 6395395
  total: 50922668
pct_req_rsp_latency_14:
  cxi0: 6603787
  cxi1: 6492489
  cxi2: 6501773
  cxi3: 6466812
  cxi4: 6478215
  cxi5: 6469294
  cxi6: 6510827
  cxi7: 6532219
  total: 52055416
pct_req_rsp_latency_15:
  cxi0: 6697497
  cxi1: 6603723
  cxi2: 6607654
  cxi3: 6585525
  cxi4: 6612454
  cxi5: 6591804
  cxi6: 6614627
  cxi7: 6642315
  total: 52955599
pct_req_rsp_latency_16:
  cxi0: 6749971
  cxi1: 6668854
  cxi2: 6668401
  cxi3: 6643904
  cxi4: 6683085
  cxi5: 6668385
  cxi6: 6683514
  cxi7: 6711432
  total: 53477546
pct_req_rsp_latency_17:
  cxi0: 6812714
  cxi1: 6700944
  cxi2: 6712431
  cxi3: 6671535
  cxi4: 6714677
  cxi5: 6703236
  cxi6: 6718285
  cxi7: 6755204
  total: 53789026
pct_req_rsp_latency_18:
  cxi0: 6776885
  cxi1: 6645918
  cxi2: 6681476
  cxi3: 6612183
  cxi4: 6678219
  cxi5: 6663179
  cxi6: 6673119
  cxi7: 6718401
  total: 53449380
pct_req_rsp_latency_19:
  cxi0: 6622782
  cxi1: 6515614
  cxi2: 6551002
  cxi3: 6492715
  cxi4: 6573063
  cxi5: 6549262
  cxi6: 6545273
  cxi7: 6582468
  total: 52432179
pct_req_rsp_latency_20:
  cxi0: 6426230
  cxi1: 6333853
  cxi2: 6364264
  cxi3: 6314687
  cxi4: 6402086
  cxi5: 6373682
  cxi6: 6362890
  cxi7: 6403161
  total: 50980853
pct_req_rsp_latency_21:
  cxi0: 6181282
  cxi1: 6109393
  cxi2: 6123123
  cxi3: 6085820
  cxi4: 6173003
  cxi5: 6152941
  cxi6: 6140728
  cxi7: 6172882
  total: 49139172
pct_req_rsp_latency_22:
  cxi0: 5918154
  cxi1: 5858453
  cxi2: 5863939
  cxi3: 5832536
  cxi4: 5931166
  cxi5: 5904741
  cxi6: 5892278
  cxi7: 5919971
  total: 47121238
pct_req_rsp_latency_23:
  cxi0: 5626417
  cxi1: 5593667
  cxi2: 5578297
  cxi3: 5559256
  cxi4: 5653043
  cxi5: 5634642
  cxi6: 5623247
  cxi7: 5632071
  total: 44900640
pct_req_rsp_latency_24:
  cxi0: 5324118
  cxi1: 5295547
  cxi2: 5277535
  cxi3: 5255307
  cxi4: 5362682
  cxi5: 5339143
  cxi6: 5322223
  cxi7: 5342445
  total: 42519000
pct_req_rsp_latency_25:
  cxi0: 5005123
  cxi1: 4976876
  cxi2: 4955220
  cxi3: 4929043
  cxi4: 5039415
  cxi5: 5020574
  cxi6: 5001218
  cxi7: 5022176
  total: 39949645
pct_req_rsp_latency_26:
  cxi0: 4668602
  cxi1: 4641944
  cxi2: 4614744
  cxi3: 4593335
  cxi4: 4712889
  cxi5: 4689226
  cxi6: 4662617
  cxi7: 4684364
  total: 37267721
pct_req_rsp_latency_27:
  cxi0: 4326386
  cxi1: 4298057
  cxi2: 4268452
  cxi3: 4247452
  cxi4: 4383736
  cxi5: 4350294
  cxi6: 4316106
  cxi7: 4337151
  total: 34527634
pct_req_rsp_latency_28:
  cxi0: 3981330
  cxi1: 3968723
  cxi2: 3927776
  cxi3: 3911040
  cxi4: 4052384
  cxi5: 4027268
  cxi6: 3979586
  cxi7: 3994063
  total: 31842170
pct_req_rsp_latency_29:
  cxi0: 3653389
  cxi1: 3655093
  cxi2: 3601986
  cxi3: 3589152
  cxi4: 3727504
  cxi5: 3712514
  cxi6: 3652705
  cxi7: 3668551
  total: 29260894
pct_req_rsp_latency_30:
  cxi0: 3340037
  cxi1: 3356753
  cxi2: 3303370
  cxi3: 3284357
  cxi4: 3425117
  cxi5: 3409885
  cxi6: 3344797
  cxi7: 3359074
  total: 26823390
pct_req_rsp_latency_31:
  cxi0: 28303777
  cxi1: 28745813
  cxi2: 28152754
  cxi3: 27243577
  cxi4: 29956424
  cxi5: 29622625
  cxi6: 28207900
  cxi7: 28374662
  total: 228607532
