=== x1922c5s6b0n0 === (8 NICs)
atu_cache_hit_base_page_size_0:
  cxi0: 946859859
  cxi1: 942166702
  cxi2: 946016951
  cxi3: 940801168
  cxi4: 943450898
  cxi5: 943659791
  cxi6: 941616091
  cxi7: 943205454
  total: 7547776914
atu_cache_miss_0:
  cxi0: 15964160
  cxi1: 10958646
  cxi2: 15221673
  cxi3: 8587025
  cxi4: 9160764
  cxi5: 9758416
  cxi6: 9504749
  cxi7: 13324588
  total: 92480021
ixe_disp_amo_events:
  cxi0: 23515
  cxi1: 3537
  cxi2: 3537
  cxi3: 3420
  cxi4: 20814
  cxi5: 3681
  cxi6: 3420
  cxi7: 3537
  total: 65461
ixe_disp_lpe_amos:
  cxi0: 23515
  cxi1: 3537
  cxi2: 3537
  cxi3: 3420
  cxi4: 20814
  cxi5: 3681
  cxi6: 3420
  cxi7: 3537
  total: 65461
ixe_disp_lpe_amos_ok:
  cxi0: 23515
  cxi1: 3537
  cxi2: 3537
  cxi3: 3420
  cxi4: 20814
  cxi5: 3681
  cxi6: 3420
  cxi7: 3537
  total: 65461
pct_retry_trs_put:
  cxi0: 0
  cxi1: 0
  cxi2: 0
  cxi3: 0
  cxi4: 0
  cxi5: 0
  cxi6: 0
  cxi7: 0
  total: 0
mst_stalled_waiting_put_crdts:
  cxi0: 0
  cxi1: 0
  cxi2: 0
  cxi3: 0
  cxi4: 0
  cxi5: 0
  cxi6: 0
  cxi7: 0
  total: 0
hni_sts_tx_ok_octets:
  cxi0: 58908068097407
  cxi1: 58312951727255
  cxi2: 34547147839633
  cxi3: 32051274066328
  cxi4: 32024429151637
  cxi5: 34085620736759
  cxi6: 57563701838597
  cxi7: 59845289735315
  total: 367338483192931
hni_sts_rx_ok_octets:
  cxi0: 59731125567067
  cxi1: 59098717080252
  cxi2: 35308240877632
  cxi3: 32731440177169
  cxi4: 32158423703837
  cxi5: 34238676051258
  cxi6: 57650036914215
  cxi7: 59874797294401
  total: 370791457665831
hni_tx_ok_64:
  cxi0: 188158123
  cxi1: 186816719
  cxi2: 188120134
  cxi3: 186165286
  cxi4: 186706420
  cxi5: 186661536
  cxi6: 186564403
  cxi7: 187480541
  total: 1496673162
hni_tx_ok_65_to_127:
  cxi0: 105528
  cxi1: 78318
  cxi2: 78757
  cxi3: 77423
  cxi4: 98128
  cxi5: 82583
  cxi6: 76963
  cxi7: 78321
  total: 676021
hni_tx_ok_128_to_255:
  cxi0: 15316
  cxi1: 14148
  cxi2: 16775
  cxi3: 16748
  cxi4: 14047
  cxi5: 15069
  cxi6: 14804
  cxi7: 14837
  total: 121744
hni_tx_ok_256_to_511:
  cxi0: 8484
  cxi1: 8146
  cxi2: 9494
  cxi3: 9693
  cxi4: 7439
  cxi5: 8562
  cxi6: 48872
  cxi7: 49449
  total: 150139
hni_tx_ok_512_to_1023:
  cxi0: 8543
  cxi1: 7596
  cxi2: 9093
  cxi3: 8551
  cxi4: 7704
  cxi5: 8508
  cxi6: 9661
  cxi7: 10340
  total: 69996
hni_tx_ok_1024_to_2047:
  cxi0: 18054
  cxi1: 13150
  cxi2: 15099
  cxi3: 10634
  cxi4: 9962
  cxi5: 10483
  cxi6: 10751
  cxi7: 12744
  total: 100877
hni_tx_ok_4096_to_8191:
  cxi0: 0
  cxi1: 0
  cxi2: 0
  cxi3: 0
  cxi4: 0
  cxi5: 0
  cxi6: 0
  cxi7: 5
  total: 5
hni_tx_ok_8192_to_max:
  cxi0: 0
  cxi1: 0
  cxi2: 0
  cxi3: 0
  cxi4: 0
  cxi5: 0
  cxi6: 0
  cxi7: 32
  total: 32
hni_rx_ok_64:
  cxi0: 192839621
  cxi1: 191137206
  cxi2: 192490779
  cxi3: 190605228
  cxi4: 191120856
  cxi5: 191307638
  cxi6: 190937570
  cxi7: 191781355
  total: 1532220253
hni_rx_ok_65_to_127:
  cxi0: 74474
  cxi1: 53390
  cxi2: 53877
  cxi3: 53477
  cxi4: 71029
  cxi5: 51656
  cxi6: 49905
  cxi7: 49171
  total: 456979
hni_rx_ok_128_to_255:
  cxi0: 101
  cxi1: 64
  cxi2: 2684
  cxi3: 2660
  cxi4: 127
  cxi5: 160
  cxi6: 874
  cxi7: 912
  total: 7582
hni_rx_ok_256_to_511:
  cxi0: 972
  cxi1: 1079
  cxi2: 2378
  cxi3: 2564
  cxi4: 518
  cxi5: 1146
  cxi6: 41897
  cxi7: 42493
  total: 93047
hni_rx_ok_512_to_1023:
  cxi0: 797
  cxi1: 817
  cxi2: 2077
  cxi3: 1436
  cxi4: 575
  cxi5: 864
  cxi6: 2655
  cxi7: 3049
  total: 12270
hni_rx_ok_1024_to_2047:
  cxi0: 10846
  cxi1: 6291
  cxi2: 8305
  cxi3: 4087
  cxi4: 3469
  cxi5: 3594
  cxi6: 4032
  cxi7: 6323
  total: 46947
hni_rx_ok_4096_to_8191:
  cxi0: 2
  cxi1: 0
  cxi2: 0
  cxi3: 0
  cxi4: 0
  cxi5: 0
  cxi6: 0
  cxi7: 0
  total: 2
hni_rx_ok_8192_to_max:
  cxi0: 26
  cxi1: 0
  cxi2: 0
  cxi3: 0
  cxi4: 0
  cxi5: 0
  cxi6: 0
  cxi7: 0
  total: 26
hni_llr_tx_replay_event:
  cxi0: 0
  cxi1: 0
  cxi2: 0
  cxi3: 0
  cxi4: 0
  cxi5: 0
  cxi6: 0
  cxi7: 0
  total: 0
hni_llr_rx_replay_event:
  cxi0: 0
  cxi1: 0
  cxi2: 0
  cxi3: 0
  cxi4: 0
  cxi5: 0
  cxi6: 0
  cxi7: 0
  total: 0
hni_llr_tx_nack_ctl_os:
  cxi0: 0
  cxi1: 0
  cxi2: 0
  cxi3: 0
  cxi4: 0
  cxi5: 0
  cxi6: 0
  cxi7: 0
  total: 0
hni_llr_rx_nack_ctl_os:
  cxi0: 0
  cxi1: 0
  cxi2: 0
  cxi3: 0
  cxi4: 0
  cxi5: 0
  cxi6: 0
  cxi7: 0
  total: 0
hni_llr_tx_discard:
  cxi0: 0
  cxi1: 0
  cxi2: 0
  cxi3: 0
  cxi4: 0
  cxi5: 0
  cxi6: 0
  cxi7: 0
  total: 0
pct_rsp_err_rcvd:
  cxi0: 0
  cxi1: 0
  cxi2: 6
  cxi3: 9
  cxi4: 0
  cxi5: 0
  cxi6: 19
  cxi7: 15
  total: 49
pct_rsp_dropped_timeout:
  cxi0: 0
  cxi1: 0
  cxi2: 0
  cxi3: 0
  cxi4: 0
  cxi5: 0
  cxi6: 0
  cxi7: 0
  total: 0
pct_rsp_dropped_try:
  cxi0: 0
  cxi1: 0
  cxi2: 0
  cxi3: 0
  cxi4: 0
  cxi5: 0
  cxi6: 0
  cxi7: 0
  total: 0
pct_bad_seq_nacks:
  cxi0: 0
  cxi1: 0
  cxi2: 1
  cxi3: 5
  cxi4: 0
  cxi5: 0
  cxi6: 8
  cxi7: 7
  total: 21
pct_no_trs_nacks:
  cxi0: 0
  cxi1: 0
  cxi2: 0
  cxi3: 0
  cxi4: 0
  cxi5: 0
  cxi6: 0
  cxi7: 0
  total: 0
ixe_rx_pkt_drop_pct:
  cxi0: 0
  cxi1: 0
  cxi2: 0
  cxi3: 0
  cxi4: 0
  cxi5: 0
  cxi6: 0
  cxi7: 0
  total: 0
ixe_rx_pkt_drop_ixe_parser:
  cxi0: 0
  cxi1: 0
  cxi2: 0
  cxi3: 0
  cxi4: 0
  cxi5: 0
  cxi6: 0
  cxi7: 0
  total: 0
pct_req_rsp_latency_0:
  cxi0: 428418
  cxi1: 407640
  cxi2: 652241
  cxi3: 613988
  cxi4: 215874
  cxi5: 217164
  cxi6: 499256
  cxi7: 511726
  total: 3546307
pct_req_rsp_latency_1:
  cxi0: 1244221
  cxi1: 1190542
  cxi2: 1536849
  cxi3: 1542093
  cxi4: 826519
  cxi5: 796081
  cxi6: 1084543
  cxi7: 1074997
  total: 9295845
pct_req_rsp_latency_2:
  cxi0: 3396786
  cxi1: 3414218
  cxi2: 3691674
  cxi3: 3714254
  cxi4: 2972198
  cxi5: 3007488
  cxi6: 3234742
  cxi7: 3269157
  total: 26700517
pct_req_rsp_latency_3:
  cxi0: 4996620
  cxi1: 4923533
  cxi2: 5210546
  cxi3: 5204678
  cxi4: 4525528
  cxi5: 4587997
  cxi6: 4712514
  cxi7: 4693793
  total: 38855209
pct_req_rsp_latency_4:
  cxi0: 6302172
  cxi1: 6168394
  cxi2: 6328650
  cxi3: 6348215
  cxi4: 5996978
  cxi5: 6117158
  cxi6: 6238156
  cxi7: 6179582
  total: 49679305
pct_req_rsp_latency_5:
  cxi0: 5801348
  cxi1: 5649483
  cxi2: 5750658
  cxi3: 5753133
  cxi4: 5554305
  cxi5: 5697751
  cxi6: 5734057
  cxi7: 5687273
  total: 45628008
pct_req_rsp_latency_6:
  cxi0: 5756445
  cxi1: 5582058
  cxi2: 5668012
  cxi3: 5651317
  cxi4: 5510234
  cxi5: 5663269
  cxi6: 5639517
  cxi7: 5645308
  total: 45116160
pct_req_rsp_latency_7:
  cxi0: 5950018
  cxi1: 5721280
  cxi2: 5917193
  cxi3: 5732124
  cxi4: 5645027
  cxi5: 5811533
  cxi6: 5751155
  cxi7: 5921288
  total: 46449618
pct_req_rsp_latency_8:
  cxi0: 5769443
  cxi1: 5697531
  cxi2: 5804454
  cxi3: 5699445
  cxi4: 5593049
  cxi5: 5727474
  cxi6: 5670872
  cxi7: 5812624
  total: 45774892
pct_req_rsp_latency_9:
  cxi0: 5695664
  cxi1: 5681943
  cxi2: 5736154
  cxi3: 5677300
  cxi4: 5605342
  cxi5: 5662649
  cxi6: 5679258
  cxi7: 5724639
  total: 45462949
pct_req_rsp_latency_10:
  cxi0: 5833442
  cxi1: 5820604
  cxi2: 5863947
  cxi3: 5821106
  cxi4: 5742262
  cxi5: 5784390
  cxi6: 5836549
  cxi7: 5833959
  total: 46536259
pct_req_rsp_latency_11:
  cxi0: 6012528
  cxi1: 5974659
  cxi2: 6025335
  cxi3: 5980774
  cxi4: 5918182
  cxi5: 5954558
  cxi6: 5999218
  cxi7: 6002652
  total: 47867906
pct_req_rsp_latency_12:
  cxi0: 6216647
  cxi1: 6170172
  cxi2: 6203748
  cxi3: 6162701
  cxi4: 6116378
  cxi5: 6147083
  cxi6: 6191812
  cxi7: 6206437
  total: 49414978
pct_req_rsp_latency_13:
  cxi0: 6420141
  cxi1: 6354064
  cxi2: 6370911
  cxi3: 6331111
  cxi4: 6313092
  cxi5: 6325458
  cxi6: 6370024
  cxi7: 6389628
  total: 50874429
pct_req_rsp_latency_14:
  cxi0: 6598648
  cxi1: 6486947
  cxi2: 6496479
  cxi3: 6461962
  cxi4: 6473651
  cxi5: 6464603
  cxi6: 6506085
  cxi7: 6526984
  total: 52015359
pct_req_rsp_latency_15:
  cxi0: 6692958
  cxi1: 6599001
  cxi2: 6603088
  cxi3: 6581273
  cxi4: 6607980
  cxi5: 6587396
  cxi6: 6610216
  cxi7: 6636800
  total: 52918712
pct_req_rsp_latency_16:
  cxi0: 6746601
  cxi1: 6665142
  cxi2: 6663939
  cxi3: 6640131
  cxi4: 6678458
  cxi5: 6664146
  cxi6: 6679290
  cxi7: 6706220
  total: 53443927
pct_req_rsp_latency_17:
  cxi0: 6810414
  cxi1: 6698437
  cxi2: 6709235
  cxi3: 6669080
  cxi4: 6710837
  cxi5: 6699735
  cxi6: 6714581
  cxi7: 6751277
  total: 53763596
pct_req_rsp_latency_18:
  cxi0: 6775507
  cxi1: 6644073
  cxi2: 6679410
  cxi3: 6610379
  cxi4: 6675654
  cxi5: 6660061
  cxi6: 6670268
  cxi7: 6715457
  total: 53430809
pct_req_rsp_latency_19:
  cxi0: 6621796
  cxi1: 6514557
  cxi2: 6549697
  cxi3: 6491848
  cxi4: 6571109
  cxi5: 6546804
  cxi6: 6543308
  cxi7: 6580506
  total: 52419625
pct_req_rsp_latency_20:
  cxi0: 6425694
  cxi1: 6333396
  cxi2: 6363428
  cxi3: 6314251
  cxi4: 6400586
  cxi5: 6372400
  cxi6: 6361568
  cxi7: 6402134
  total: 50973457
pct_req_rsp_latency_21:
  cxi0: 6180996
  cxi1: 6109122
  cxi2: 6122482
  cxi3: 6085581
  cxi4: 6172182
  cxi5: 6152247
  cxi6: 6139592
  cxi7: 6172300
  total: 49134502
pct_req_rsp_latency_22:
  cxi0: 5917953
  cxi1: 5858177
  cxi2: 5863409
  cxi3: 5832337
  cxi4: 5930614
  cxi5: 5904274
  cxi6: 5891463
  cxi7: 5919427
  total: 47117654
pct_req_rsp_latency_23:
  cxi0: 5626313
  cxi1: 5593487
  cxi2: 5577805
  cxi3: 5559057
  cxi4: 5652572
  cxi5: 5634205
  cxi6: 5622687
  cxi7: 5631677
  total: 44897803
pct_req_rsp_latency_24:
  cxi0: 5323977
  cxi1: 5295420
  cxi2: 5277035
  cxi3: 5255171
  cxi4: 5362366
  cxi5: 5338856
  cxi6: 5321836
  cxi7: 5342053
  total: 42516714
pct_req_rsp_latency_25:
  cxi0: 5004992
  cxi1: 4976764
  cxi2: 4954842
  cxi3: 4928974
  cxi4: 5039010
  cxi5: 5020342
  cxi6: 5000833
  cxi7: 5021773
  total: 39947530
pct_req_rsp_latency_26:
  cxi0: 4668493
  cxi1: 4641792
  cxi2: 4614452
  cxi3: 4593271
  cxi4: 4712566
  cxi5: 4688750
  cxi6: 4662302
  cxi7: 4684194
  total: 37265820
pct_req_rsp_latency_27:
  cxi0: 4326286
  cxi1: 4297897
  cxi2: 4268135
  cxi3: 4247299
  cxi4: 4383350
  cxi5: 4349941
  cxi6: 4315672
  cxi7: 4336942
  total: 34525522
pct_req_rsp_latency_28:
  cxi0: 3981118
  cxi1: 3968564
  cxi2: 3927496
  cxi3: 3910931
  cxi4: 4052123
  cxi5: 4026891
  cxi6: 3979302
  cxi7: 3993935
  total: 31840360
pct_req_rsp_latency_29:
  cxi0: 3653229
  cxi1: 3654874
  cxi2: 3601712
  cxi3: 3588946
  cxi4: 3727308
  cxi5: 3712275
  cxi6: 3652443
  cxi7: 3668379
  total: 29259166
pct_req_rsp_latency_30:
  cxi0: 3339841
  cxi1: 3356657
  cxi2: 3303026
  cxi3: 3284143
  cxi4: 3424928
  cxi5: 3409660
  cxi6: 3344637
  cxi7: 3358949
  total: 26821841
pct_req_rsp_latency_31:
  cxi0: 28299743
  cxi1: 28741953
  cxi2: 28146247
  cxi3: 27239608
  cxi4: 29950568
  cxi5: 29615285
  cxi6: 28200573
  cxi7: 28370726
  total: 228564703
